<html>
<body>
<pre>
<h1>µVision Build Log</h1>
<h2>Tool Versions:</h2>
IDE-Version: µVision V5.25.3.0
Copyright (C) 2018 ARM Ltd and ARM Germany GmbH. All rights reserved.
License Information: jaime pypte, pyp, LIC=IK1CX-HI8EN-UHP8H-W8T6Z-K3DT0-RYMN1
 
Tool Versions:
Toolchain:       MDK-ARM Plus  Version: 5.26.2.0
Toolchain Path:  C:\Keil_v5\ARM\ARMCC\Bin
C Compiler:      Armcc.exe V5.06 update 6 (build 750)
Assembler:       Armasm.exe V5.06 update 6 (build 750)
Linker/Locator:  ArmLink.exe V5.06 update 6 (build 750)
Library Manager: ArmAr.exe V5.06 update 6 (build 750)
Hex Converter:   FromElf.exe V5.06 update 6 (build 750)
CPU DLL:         SARMCM3.DLL V5.26.2.0
Dialog DLL:      DARMCM1.DLL V1.19.1.0
Target DLL:      CMSIS_AGDI.dll V1.30.6.0
Dialog DLL:      TARMCM1.DLL V1.14.0.0
 
<h2>Project:</h2>
D:\promate\parqueadero\wiznet7500\workspace\Projects\Peripheral_Examples\UART\Interrupt\MDK\W7500x_Uart_Interrupt.uvproj
Project File Date:  06/19/2021

<h2>Output:</h2>
*** Using Compiler 'V5.06 update 6 (build 750)', folder: 'C:\Keil_v5\ARM\ARMCC\Bin'
Rebuild target 'Target 1'
assembling startup_W7500x.s...
compiling system_W7500x.c...
compiling retarget.c...
compiling main.c...
compiling W7500x_it.c...
..\W7500x_it.c(123): warning:  #550-D: variable "ch"  was set but never used
      uint8_t ch;
..\W7500x_it.c(148): warning:  #550-D: variable "ch"  was set but never used
      uint8_t ch;
..\W7500x_it.c: 2 warnings, 0 errors
compiling W7500x_uart.c...
linking...
Program Size: Code=4524 RO-data=264 RW-data=28 ZI-data=2164  
After Build - User command #1: C:\Keil_v5\\ARM\ARMCC\BIN\fromelf.exe D:\promate\parqueadero\wiznet7500\workspace\Projects\Peripheral_Examples\UART\Interrupt\MDK\Obj\W7500x_Uart_Interrupt.axf --vhx --8x1 --output main.hex
After Build - User command #2: fromelf --bin -o "D:\promate\parqueadero\wiznet7500\workspace\Projects\Peripheral_Examples\UART\Interrupt\MDK\Obj\W7500x_Uart_Interrupt.bin" "D:\promate\parqueadero\wiznet7500\workspace\Projects\Peripheral_Examples\UART\Interrupt\MDK\Obj\W7500x_Uart_Interrupt.axf"
".\Obj\W7500x_Uart_Interrupt.axf" - 0 Error(s), 2 Warning(s).
Build Time Elapsed:  00:00:01
</pre>
</body>
</html>
