<html>
<body>
<pre>
<h1>µVision Build Log</h1>
<h2>Tool Versions:</h2>
IDE-Version: µVision V5.25.3.0
Copyright (C) 2018 ARM Ltd and ARM Germany GmbH. All rights reserved.
License Information: Jaime ingenie, HP Inc., LIC=FYKWF-6BAMU-UGF7Q-NB5Y3-K1DV9-V1PGD
 
Tool Versions:
Toolchain:       MDK-ARM Plus  Version: 5.15.0
Toolchain Path:  C:\Keil_v5\ARM\ARMCC\Bin
C Compiler:      Armcc.exe V5.05 update 2 (build 169)
Assembler:       Armasm.exe V5.05 update 2 (build 169)
Linker/Locator:  ArmLink.exe V5.05 update 2 (build 169)
Library Manager: ArmAr.exe V5.05 update 2 (build 169)
Hex Converter:   FromElf.exe V5.05 update 2 (build 169)
CPU DLL:         SARMCM3.DLL V5.15.0
Dialog DLL:      DARMCM1.DLL V1.12.0.0
Target DLL:      UL2CM3.DLL V1.155.8.0
Dialog DLL:      TARMCM1.DLL V1.9.0.0
 
<h2>Project:</h2>
C:\desarrollo\Acceso jp\rs232w7500\uartprint.uvprojx
Project File Date:  09/30/2021

<h2>Output:</h2>
*** Using Compiler 'V5.05 update 2 (build 169)', folder: 'C:\Keil_v5\ARM\ARMCC\Bin'
Rebuild target 'Target 1'
assembling startup_W7500x.s...
compiling IO_sensores.c...
compiling system_W7500x.c...
compiling W7500x_exti.c...
compiling W7500x_dualtimer.c...
compiling W7500x_uart.c...
compiling W7500x_gpio.c...
compiling retarget.c...
compiling main.c...
compiling debuger.c...
compiling W7500x_it.c...
compiling lintech.c...
compiling clock.c...
compiling eeprom.c...
compiling UART_CERO.c...
compiling wiegand.c...
compiling expedidor.c...
compiling prog.c...
linking...
Program Size: Code=13076 RO-data=264 RW-data=104 ZI-data=2376  
After Build - User command #1: fromelf --bin -o "C:\desarrollo\Acceso jp\rs232w7500\Objects\uartprint.bin" "C:\desarrollo\Acceso jp\rs232w7500\Objects\uartprint.axf"
".\Objects\uartprint.axf" - 0 Error(s), 0 Warning(s).

<h2>Software Packages used:</h2>

Package Vendor: ARM
                http://www.keil.com/pack/ARM.CMSIS.5.5.1.pack
                ARM.CMSIS.5.5.1
                CMSIS (Cortex Microcontroller Software Interface Standard)

<h2>Collection of Component include folders:</h2>
  .\RTE\_Target_1
  C:\Keil_v5\ARM\PACK\ARM\CMSIS\5.5.1\Device\ARM\ARMCM0\Include

<h2>Collection of Component Files used:</h2>
Build Time Elapsed:  00:00:03
</pre>
</body>
</html>
