<!doctype html public "-//w3c//dtd html 4.0 transitional//en">
<html><head>
<title>Static Call Graph - [.\Objects\uartprint.axf]</title></head>
<body><HR>
<H1>Static Call Graph for image .\Objects\uartprint.axf</H1><HR>
<BR><P>#&#060CALLGRAPH&#062# ARM Linker, 5050169: Last Updated: Mon Sep 20 10:09:19 2021
<BR><P>
<H3>Maximum Stack Usage =        248 bytes + Unknown(Cycles, Untraceable Function Pointers)</H3><H3>
Call chain for Maximum Stack Depth:</H3>
__rt_entry_main &rArr; main &rArr; SecuenciaExpedidorMF &rArr; Responde_Lectura_Tarjeta_Sector1_Bloque1 &rArr; DebugBufferMF &rArr; __2printf &rArr; _printf_char_file &rArr; _printf_char_common &rArr; __printf
<P>
<H3>
Mutually Recursive functions
</H3> <LI><a href="#[10]">I2C0_Handler</a>&nbsp;&nbsp;&nbsp;&rArr;&nbsp;&nbsp;&nbsp;<a href="#[10]">I2C0_Handler</a><BR>
</UL>
<P>
<H3>
Function Pointers
</H3><UL>
 <LI><a href="#[22]">ADC_Handler</a> from w7500x_it.o(i.ADC_Handler) referenced from startup_w7500x.o(RESET)
 <LI><a href="#[16]">DMA_Handler</a> from w7500x_it.o(i.DMA_Handler) referenced from startup_w7500x.o(RESET)
 <LI><a href="#[17]">DUALTIMER0_Handler</a> from w7500x_it.o(i.DUALTIMER0_Handler) referenced from startup_w7500x.o(RESET)
 <LI><a href="#[18]">DUALTIMER1_Handler</a> from w7500x_it.o(i.DUALTIMER1_Handler) referenced from startup_w7500x.o(RESET)
 <LI><a href="#[24]">EXTI_Handler</a> from w7500x_it.o(i.EXTI_Handler) referenced from startup_w7500x.o(RESET)
 <LI><a href="#[7]">HardFault_Handler</a> from w7500x_it.o(i.HardFault_Handler) referenced from startup_w7500x.o(RESET)
 <LI><a href="#[10]">I2C0_Handler</a> from startup_w7500x.o(.text) referenced from startup_w7500x.o(RESET)
 <LI><a href="#[11]">I2C1_Handler</a> from startup_w7500x.o(.text) referenced from startup_w7500x.o(RESET)
 <LI><a href="#[6]">NMI_Handler</a> from w7500x_it.o(i.NMI_Handler) referenced from startup_w7500x.o(RESET)
 <LI><a href="#[12]">PORT0_Handler</a> from w7500x_it.o(i.PORT0_Handler) referenced from startup_w7500x.o(RESET)
 <LI><a href="#[13]">PORT1_Handler</a> from w7500x_it.o(i.PORT1_Handler) referenced from startup_w7500x.o(RESET)
 <LI><a href="#[14]">PORT2_Handler</a> from w7500x_it.o(i.PORT2_Handler) referenced from startup_w7500x.o(RESET)
 <LI><a href="#[15]">PORT3_Handler</a> from w7500x_it.o(i.PORT3_Handler) referenced from startup_w7500x.o(RESET)
 <LI><a href="#[19]">PWM0_Handler</a> from w7500x_it.o(i.PWM0_Handler) referenced from startup_w7500x.o(RESET)
 <LI><a href="#[1a]">PWM1_Handler</a> from w7500x_it.o(i.PWM1_Handler) referenced from startup_w7500x.o(RESET)
 <LI><a href="#[1b]">PWM2_Handler</a> from w7500x_it.o(i.PWM2_Handler) referenced from startup_w7500x.o(RESET)
 <LI><a href="#[1c]">PWM3_Handler</a> from w7500x_it.o(i.PWM3_Handler) referenced from startup_w7500x.o(RESET)
 <LI><a href="#[1d]">PWM4_Handler</a> from w7500x_it.o(i.PWM4_Handler) referenced from startup_w7500x.o(RESET)
 <LI><a href="#[1e]">PWM5_Handler</a> from w7500x_it.o(i.PWM5_Handler) referenced from startup_w7500x.o(RESET)
 <LI><a href="#[1f]">PWM6_Handler</a> from w7500x_it.o(i.PWM6_Handler) referenced from startup_w7500x.o(RESET)
 <LI><a href="#[20]">PWM7_Handler</a> from w7500x_it.o(i.PWM7_Handler) referenced from startup_w7500x.o(RESET)
 <LI><a href="#[9]">PendSV_Handler</a> from w7500x_it.o(i.PendSV_Handler) referenced from startup_w7500x.o(RESET)
 <LI><a href="#[21]">RTC_Handler</a> from startup_w7500x.o(.text) referenced from startup_w7500x.o(RESET)
 <LI><a href="#[5]">Reset_Handler</a> from startup_w7500x.o(.text) referenced from startup_w7500x.o(RESET)
 <LI><a href="#[b]">SSP0_Handler</a> from w7500x_it.o(i.SSP0_Handler) referenced from startup_w7500x.o(RESET)
 <LI><a href="#[c]">SSP1_Handler</a> from w7500x_it.o(i.SSP1_Handler) referenced from startup_w7500x.o(RESET)
 <LI><a href="#[8]">SVC_Handler</a> from w7500x_it.o(i.SVC_Handler) referenced from startup_w7500x.o(RESET)
 <LI><a href="#[a]">SysTick_Handler</a> from w7500x_it.o(i.SysTick_Handler) referenced from startup_w7500x.o(RESET)
 <LI><a href="#[25]">SystemInit</a> from system_w7500x.o(i.SystemInit) referenced from startup_w7500x.o(.text)
 <LI><a href="#[d]">UART0_Handler</a> from w7500x_it.o(i.UART0_Handler) referenced from startup_w7500x.o(RESET)
 <LI><a href="#[e]">UART1_Handler</a> from w7500x_it.o(i.UART1_Handler) referenced from startup_w7500x.o(RESET)
 <LI><a href="#[f]">UART2_Handler</a> from w7500x_it.o(i.UART2_Handler) referenced from startup_w7500x.o(RESET)
 <LI><a href="#[23]">WZTOE_Handler</a> from w7500x_it.o(i.WZTOE_Handler) referenced from startup_w7500x.o(RESET)
 <LI><a href="#[29]">__main</a> from __main.o(!!!main) referenced from startup_w7500x.o(.text)
 <LI><a href="#[28]">_printf_input_char</a> from _printf_char_common.o(.text) referenced from _printf_char_common.o(.text)
 <LI><a href="#[27]">fputc</a> from retarget.o(i.fputc) referenced from _printf_char_file.o(.text)
</UL>
<P>
<H3>
Global Symbols
</H3>
<P><STRONG><a name="[29]"></a>__main</STRONG> (Thumb, 8 bytes, Stack size 0 bytes, __main.o(!!!main))
<BR><BR>[Calls]<UL><LI><a href="#[2b]">&gt;&gt;</a>&nbsp;&nbsp;&nbsp;__rt_entry
<LI><a href="#[2a]">&gt;&gt;</a>&nbsp;&nbsp;&nbsp;__scatterload
</UL>

<P><STRONG><a name="[2a]"></a>__scatterload</STRONG> (Thumb, 0 bytes, Stack size unknown bytes, __scatter.o(!!!scatter))
<BR><BR>[Called By]<UL><LI><a href="#[29]">&gt;&gt;</a>&nbsp;&nbsp;&nbsp;__main
</UL>

<P><STRONG><a name="[2c]"></a>__scatterload_rt2</STRONG> (Thumb, 52 bytes, Stack size unknown bytes, __scatter.o(!!!scatter), UNUSED)
<BR><BR>[Calls]<UL><LI><a href="#[2b]">&gt;&gt;</a>&nbsp;&nbsp;&nbsp;__rt_entry
</UL>

<P><STRONG><a name="[90]"></a>__scatterload_rt2_thumb_only</STRONG> (Thumb, 0 bytes, Stack size unknown bytes, __scatter.o(!!!scatter), UNUSED)

<P><STRONG><a name="[91]"></a>__scatterload_null</STRONG> (Thumb, 0 bytes, Stack size unknown bytes, __scatter.o(!!!scatter), UNUSED)

<P><STRONG><a name="[2d]"></a>__scatterload_copy</STRONG> (Thumb, 26 bytes, Stack size unknown bytes, __scatter_copy.o(!!handler_copy), UNUSED)
<BR><BR>[Calls]<UL><LI><a href="#[2d]">&gt;&gt;</a>&nbsp;&nbsp;&nbsp;__scatterload_copy
</UL>
<BR>[Called By]<UL><LI><a href="#[2d]">&gt;&gt;</a>&nbsp;&nbsp;&nbsp;__scatterload_copy
</UL>

<P><STRONG><a name="[92]"></a>__scatterload_zeroinit</STRONG> (Thumb, 28 bytes, Stack size unknown bytes, __scatter_zi.o(!!handler_zi), UNUSED)

<P><STRONG><a name="[3f]"></a>_printf_percent</STRONG> (Thumb, 0 bytes, Stack size unknown bytes, _printf_percent.o(.ARM.Collect$$_printf_percent$$00000000))
<BR><BR>[Called By]<UL><LI><a href="#[3e]">&gt;&gt;</a>&nbsp;&nbsp;&nbsp;__printf
</UL>

<P><STRONG><a name="[2e]"></a>_printf_d</STRONG> (Thumb, 0 bytes, Stack size unknown bytes, _printf_d.o(.ARM.Collect$$_printf_percent$$00000009))
<BR><BR>[Stack]<UL><LI>Max Depth = 72 + Unknown Stack Size
<LI>Call Chain = _printf_d &rArr; _printf_int_dec &rArr; _printf_int_common
</UL>
<BR>[Calls]<UL><LI><a href="#[2f]">&gt;&gt;</a>&nbsp;&nbsp;&nbsp;_printf_percent_end
<LI><a href="#[30]">&gt;&gt;</a>&nbsp;&nbsp;&nbsp;_printf_int_dec
</UL>

<P><STRONG><a name="[2f]"></a>_printf_percent_end</STRONG> (Thumb, 0 bytes, Stack size unknown bytes, _printf_percent_end.o(.ARM.Collect$$_printf_percent$$00000017))
<BR><BR>[Called By]<UL><LI><a href="#[2e]">&gt;&gt;</a>&nbsp;&nbsp;&nbsp;_printf_d
</UL>

<P><STRONG><a name="[34]"></a>__rt_lib_init</STRONG> (Thumb, 0 bytes, Stack size unknown bytes, libinit.o(.ARM.Collect$$libinit$$00000000))
<BR><BR>[Called By]<UL><LI><a href="#[33]">&gt;&gt;</a>&nbsp;&nbsp;&nbsp;__rt_entry_li
</UL>

<P><STRONG><a name="[93]"></a>__rt_lib_init_alloca_1</STRONG> (Thumb, 0 bytes, Stack size unknown bytes, libinit2.o(.ARM.Collect$$libinit$$0000002E))

<P><STRONG><a name="[94]"></a>__rt_lib_init_argv_1</STRONG> (Thumb, 0 bytes, Stack size unknown bytes, libinit2.o(.ARM.Collect$$libinit$$0000002C))

<P><STRONG><a name="[95]"></a>__rt_lib_init_atexit_1</STRONG> (Thumb, 0 bytes, Stack size unknown bytes, libinit2.o(.ARM.Collect$$libinit$$0000001B))

<P><STRONG><a name="[96]"></a>__rt_lib_init_clock_1</STRONG> (Thumb, 0 bytes, Stack size unknown bytes, libinit2.o(.ARM.Collect$$libinit$$00000021))

<P><STRONG><a name="[97]"></a>__rt_lib_init_cpp_1</STRONG> (Thumb, 0 bytes, Stack size unknown bytes, libinit2.o(.ARM.Collect$$libinit$$00000032))

<P><STRONG><a name="[98]"></a>__rt_lib_init_exceptions_1</STRONG> (Thumb, 0 bytes, Stack size unknown bytes, libinit2.o(.ARM.Collect$$libinit$$00000030))

<P><STRONG><a name="[99]"></a>__rt_lib_init_fp_1</STRONG> (Thumb, 0 bytes, Stack size unknown bytes, libinit2.o(.ARM.Collect$$libinit$$00000002))

<P><STRONG><a name="[9a]"></a>__rt_lib_init_fp_trap_1</STRONG> (Thumb, 0 bytes, Stack size unknown bytes, libinit2.o(.ARM.Collect$$libinit$$0000001F))

<P><STRONG><a name="[9b]"></a>__rt_lib_init_getenv_1</STRONG> (Thumb, 0 bytes, Stack size unknown bytes, libinit2.o(.ARM.Collect$$libinit$$00000023))

<P><STRONG><a name="[9c]"></a>__rt_lib_init_heap_1</STRONG> (Thumb, 0 bytes, Stack size unknown bytes, libinit2.o(.ARM.Collect$$libinit$$0000000A))

<P><STRONG><a name="[9d]"></a>__rt_lib_init_lc_collate_1</STRONG> (Thumb, 0 bytes, Stack size unknown bytes, libinit2.o(.ARM.Collect$$libinit$$00000011))

<P><STRONG><a name="[9e]"></a>__rt_lib_init_lc_ctype_1</STRONG> (Thumb, 0 bytes, Stack size unknown bytes, libinit2.o(.ARM.Collect$$libinit$$00000013))

<P><STRONG><a name="[9f]"></a>__rt_lib_init_lc_monetary_1</STRONG> (Thumb, 0 bytes, Stack size unknown bytes, libinit2.o(.ARM.Collect$$libinit$$00000015))

<P><STRONG><a name="[a0]"></a>__rt_lib_init_lc_numeric_1</STRONG> (Thumb, 0 bytes, Stack size unknown bytes, libinit2.o(.ARM.Collect$$libinit$$00000017))

<P><STRONG><a name="[a1]"></a>__rt_lib_init_lc_time_1</STRONG> (Thumb, 0 bytes, Stack size unknown bytes, libinit2.o(.ARM.Collect$$libinit$$00000019))

<P><STRONG><a name="[a2]"></a>__rt_lib_init_preinit_1</STRONG> (Thumb, 0 bytes, Stack size unknown bytes, libinit2.o(.ARM.Collect$$libinit$$00000004))

<P><STRONG><a name="[a3]"></a>__rt_lib_init_rand_1</STRONG> (Thumb, 0 bytes, Stack size unknown bytes, libinit2.o(.ARM.Collect$$libinit$$0000000E))

<P><STRONG><a name="[a4]"></a>__rt_lib_init_return</STRONG> (Thumb, 0 bytes, Stack size unknown bytes, libinit2.o(.ARM.Collect$$libinit$$00000033))

<P><STRONG><a name="[a5]"></a>__rt_lib_init_signal_1</STRONG> (Thumb, 0 bytes, Stack size unknown bytes, libinit2.o(.ARM.Collect$$libinit$$0000001D))

<P><STRONG><a name="[a6]"></a>__rt_lib_init_stdio_1</STRONG> (Thumb, 0 bytes, Stack size unknown bytes, libinit2.o(.ARM.Collect$$libinit$$00000025))

<P><STRONG><a name="[a7]"></a>__rt_lib_init_user_alloc_1</STRONG> (Thumb, 0 bytes, Stack size unknown bytes, libinit2.o(.ARM.Collect$$libinit$$0000000C))

<P><STRONG><a name="[39]"></a>__rt_lib_shutdown</STRONG> (Thumb, 0 bytes, Stack size unknown bytes, libshutdown.o(.ARM.Collect$$libshutdown$$00000000))
<BR><BR>[Called By]<UL><LI><a href="#[38]">&gt;&gt;</a>&nbsp;&nbsp;&nbsp;__rt_exit_ls
</UL>

<P><STRONG><a name="[a8]"></a>__rt_lib_shutdown_fp_trap_1</STRONG> (Thumb, 0 bytes, Stack size unknown bytes, libshutdown2.o(.ARM.Collect$$libshutdown$$00000006))

<P><STRONG><a name="[a9]"></a>__rt_lib_shutdown_heap_1</STRONG> (Thumb, 0 bytes, Stack size unknown bytes, libshutdown2.o(.ARM.Collect$$libshutdown$$0000000E))

<P><STRONG><a name="[aa]"></a>__rt_lib_shutdown_return</STRONG> (Thumb, 0 bytes, Stack size unknown bytes, libshutdown2.o(.ARM.Collect$$libshutdown$$0000000F))

<P><STRONG><a name="[ab]"></a>__rt_lib_shutdown_signal_1</STRONG> (Thumb, 0 bytes, Stack size unknown bytes, libshutdown2.o(.ARM.Collect$$libshutdown$$00000009))

<P><STRONG><a name="[ac]"></a>__rt_lib_shutdown_stdio_1</STRONG> (Thumb, 0 bytes, Stack size unknown bytes, libshutdown2.o(.ARM.Collect$$libshutdown$$00000003))

<P><STRONG><a name="[ad]"></a>__rt_lib_shutdown_user_alloc_1</STRONG> (Thumb, 0 bytes, Stack size unknown bytes, libshutdown2.o(.ARM.Collect$$libshutdown$$0000000B))

<P><STRONG><a name="[2b]"></a>__rt_entry</STRONG> (Thumb, 0 bytes, Stack size unknown bytes, __rtentry.o(.ARM.Collect$$rtentry$$00000000))
<BR><BR>[Called By]<UL><LI><a href="#[29]">&gt;&gt;</a>&nbsp;&nbsp;&nbsp;__main
<LI><a href="#[2c]">&gt;&gt;</a>&nbsp;&nbsp;&nbsp;__scatterload_rt2
</UL>

<P><STRONG><a name="[ae]"></a>__rt_entry_presh_1</STRONG> (Thumb, 0 bytes, Stack size unknown bytes, __rtentry2.o(.ARM.Collect$$rtentry$$00000002))

<P><STRONG><a name="[31]"></a>__rt_entry_sh</STRONG> (Thumb, 0 bytes, Stack size unknown bytes, __rtentry4.o(.ARM.Collect$$rtentry$$00000004))
<BR><BR>[Stack]<UL><LI>Max Depth = 8 + Unknown Stack Size
<LI>Call Chain = __rt_entry_sh &rArr; __user_setup_stackheap
</UL>
<BR>[Calls]<UL><LI><a href="#[32]">&gt;&gt;</a>&nbsp;&nbsp;&nbsp;__user_setup_stackheap
</UL>

<P><STRONG><a name="[33]"></a>__rt_entry_li</STRONG> (Thumb, 0 bytes, Stack size unknown bytes, __rtentry2.o(.ARM.Collect$$rtentry$$0000000A))
<BR><BR>[Calls]<UL><LI><a href="#[34]">&gt;&gt;</a>&nbsp;&nbsp;&nbsp;__rt_lib_init
</UL>

<P><STRONG><a name="[af]"></a>__rt_entry_postsh_1</STRONG> (Thumb, 0 bytes, Stack size unknown bytes, __rtentry2.o(.ARM.Collect$$rtentry$$00000009))

<P><STRONG><a name="[35]"></a>__rt_entry_main</STRONG> (Thumb, 0 bytes, Stack size unknown bytes, __rtentry2.o(.ARM.Collect$$rtentry$$0000000D))
<BR><BR>[Stack]<UL><LI>Max Depth = 248 + Unknown Stack Size
<LI>Call Chain = __rt_entry_main &rArr; main &rArr; SecuenciaExpedidorMF &rArr; Responde_Lectura_Tarjeta_Sector1_Bloque1 &rArr; DebugBufferMF &rArr; __2printf &rArr; _printf_char_file &rArr; _printf_char_common &rArr; __printf
</UL>
<BR>[Calls]<UL><LI><a href="#[36]">&gt;&gt;</a>&nbsp;&nbsp;&nbsp;main
<LI><a href="#[37]">&gt;&gt;</a>&nbsp;&nbsp;&nbsp;exit
</UL>

<P><STRONG><a name="[b0]"></a>__rt_entry_postli_1</STRONG> (Thumb, 0 bytes, Stack size unknown bytes, __rtentry2.o(.ARM.Collect$$rtentry$$0000000C))

<P><STRONG><a name="[55]"></a>__rt_exit</STRONG> (Thumb, 0 bytes, Stack size unknown bytes, rtexit.o(.ARM.Collect$$rtexit$$00000000))
<BR><BR>[Called By]<UL><LI><a href="#[37]">&gt;&gt;</a>&nbsp;&nbsp;&nbsp;exit
</UL>

<P><STRONG><a name="[38]"></a>__rt_exit_ls</STRONG> (Thumb, 0 bytes, Stack size unknown bytes, rtexit2.o(.ARM.Collect$$rtexit$$00000003))
<BR><BR>[Calls]<UL><LI><a href="#[39]">&gt;&gt;</a>&nbsp;&nbsp;&nbsp;__rt_lib_shutdown
</UL>

<P><STRONG><a name="[b1]"></a>__rt_exit_prels_1</STRONG> (Thumb, 0 bytes, Stack size unknown bytes, rtexit2.o(.ARM.Collect$$rtexit$$00000002))

<P><STRONG><a name="[3a]"></a>__rt_exit_exit</STRONG> (Thumb, 0 bytes, Stack size unknown bytes, rtexit2.o(.ARM.Collect$$rtexit$$00000004))
<BR><BR>[Calls]<UL><LI><a href="#[3b]">&gt;&gt;</a>&nbsp;&nbsp;&nbsp;_sys_exit
</UL>

<P><STRONG><a name="[5]"></a>Reset_Handler</STRONG> (Thumb, 8 bytes, Stack size 0 bytes, startup_w7500x.o(.text))
<BR>[Address Reference Count : 1]<UL><LI> startup_w7500x.o(RESET)
</UL>
<P><STRONG><a name="[10]"></a>I2C0_Handler</STRONG> (Thumb, 0 bytes, Stack size 0 bytes, startup_w7500x.o(.text))
<BR><BR>[Calls]<UL><LI><a href="#[10]">&gt;&gt;</a>&nbsp;&nbsp;&nbsp;I2C0_Handler
</UL>
<BR>[Called By]<UL><LI><a href="#[10]">&gt;&gt;</a>&nbsp;&nbsp;&nbsp;I2C0_Handler
</UL>
<BR>[Address Reference Count : 1]<UL><LI> startup_w7500x.o(RESET)
</UL>
<P><STRONG><a name="[11]"></a>I2C1_Handler</STRONG> (Thumb, 0 bytes, Stack size 0 bytes, startup_w7500x.o(.text))
<BR>[Address Reference Count : 1]<UL><LI> startup_w7500x.o(RESET)
</UL>
<P><STRONG><a name="[21]"></a>RTC_Handler</STRONG> (Thumb, 0 bytes, Stack size 0 bytes, startup_w7500x.o(.text))
<BR>[Address Reference Count : 1]<UL><LI> startup_w7500x.o(RESET)
</UL>
<P><STRONG><a name="[53]"></a>__user_initial_stackheap</STRONG> (Thumb, 10 bytes, Stack size 0 bytes, startup_w7500x.o(.text))
<BR><BR>[Called By]<UL><LI><a href="#[32]">&gt;&gt;</a>&nbsp;&nbsp;&nbsp;__user_setup_stackheap
</UL>

<P><STRONG><a name="[b2]"></a>__I$use$semihosting</STRONG> (Thumb, 0 bytes, Stack size 0 bytes, use_no_semi.o(.text), UNUSED)

<P><STRONG><a name="[b3]"></a>__use_no_semihosting_swi</STRONG> (Thumb, 2 bytes, Stack size 0 bytes, use_no_semi.o(.text), UNUSED)

<P><STRONG><a name="[3c]"></a>__2printf</STRONG> (Thumb, 22 bytes, Stack size 24 bytes, noretval__2printf.o(.text))
<BR><BR>[Stack]<UL><LI>Max Depth = 128 + Unknown Stack Size
<LI>Call Chain = __2printf &rArr; _printf_char_file &rArr; _printf_char_common &rArr; __printf
</UL>
<BR>[Calls]<UL><LI><a href="#[3d]">&gt;&gt;</a>&nbsp;&nbsp;&nbsp;_printf_char_file
</UL>
<BR>[Called By]<UL><LI><a href="#[6e]">&gt;&gt;</a>&nbsp;&nbsp;&nbsp;SecuenciaExpedidorMF
<LI><a href="#[71]">&gt;&gt;</a>&nbsp;&nbsp;&nbsp;rta_cmd_transporte
<LI><a href="#[82]">&gt;&gt;</a>&nbsp;&nbsp;&nbsp;error_rx_pto
<LI><a href="#[72]">&gt;&gt;</a>&nbsp;&nbsp;&nbsp;Trama_Validacion_P_N
<LI><a href="#[65]">&gt;&gt;</a>&nbsp;&nbsp;&nbsp;Responde_Tipo_Tarjeta
<LI><a href="#[64]">&gt;&gt;</a>&nbsp;&nbsp;&nbsp;Responde_Lectura_Tarjeta_Sector1_Bloque1
<LI><a href="#[63]">&gt;&gt;</a>&nbsp;&nbsp;&nbsp;Responde_Estado_Sensores_Transporte
<LI><a href="#[57]">&gt;&gt;</a>&nbsp;&nbsp;&nbsp;DebugBufferMF
<LI><a href="#[62]">&gt;&gt;</a>&nbsp;&nbsp;&nbsp;RD_MF
<LI><a href="#[61]">&gt;&gt;</a>&nbsp;&nbsp;&nbsp;Power_off
<LI><a href="#[60]">&gt;&gt;</a>&nbsp;&nbsp;&nbsp;Mov_Card
<LI><a href="#[5f]">&gt;&gt;</a>&nbsp;&nbsp;&nbsp;LoadVerify_EEprom
<LI><a href="#[5e]">&gt;&gt;</a>&nbsp;&nbsp;&nbsp;Inicializa
<LI><a href="#[5c]">&gt;&gt;</a>&nbsp;&nbsp;&nbsp;Dwload_EEprom
<LI><a href="#[59]">&gt;&gt;</a>&nbsp;&nbsp;&nbsp;Check_Status
<LI><a href="#[56]">&gt;&gt;</a>&nbsp;&nbsp;&nbsp;Aut_Card_check_Status
</UL>

<P><STRONG><a name="[3e]"></a>__printf</STRONG> (Thumb, 108 bytes, Stack size 24 bytes, __printf.o(.text))
<BR><BR>[Stack]<UL><LI>Max Depth = 24 + Unknown Stack Size
<LI>Call Chain = __printf
</UL>
<BR>[Calls]<UL><LI><a href="#[3f]">&gt;&gt;</a>&nbsp;&nbsp;&nbsp;_printf_percent
</UL>
<BR>[Called By]<UL><LI><a href="#[50]">&gt;&gt;</a>&nbsp;&nbsp;&nbsp;_printf_char_common
</UL>

<P><STRONG><a name="[30]"></a>_printf_int_dec</STRONG> (Thumb, 90 bytes, Stack size 32 bytes, _printf_dec.o(.text))
<BR><BR>[Stack]<UL><LI>Max Depth = 72<LI>Call Chain = _printf_int_dec &rArr; _printf_int_common
</UL>
<BR>[Calls]<UL><LI><a href="#[42]">&gt;&gt;</a>&nbsp;&nbsp;&nbsp;__rt_udiv10
<LI><a href="#[43]">&gt;&gt;</a>&nbsp;&nbsp;&nbsp;_printf_int_common
<LI><a href="#[41]">&gt;&gt;</a>&nbsp;&nbsp;&nbsp;_printf_truncate_unsigned (Weak Reference)
<LI><a href="#[40]">&gt;&gt;</a>&nbsp;&nbsp;&nbsp;_printf_truncate_signed (Weak Reference)
</UL>
<BR>[Called By]<UL><LI><a href="#[2e]">&gt;&gt;</a>&nbsp;&nbsp;&nbsp;_printf_d
</UL>

<P><STRONG><a name="[b4]"></a>__aeabi_uidiv</STRONG> (Thumb, 0 bytes, Stack size 0 bytes, aeabi_sdiv.o(.text), UNUSED)

<P><STRONG><a name="[69]"></a>__aeabi_uidivmod</STRONG> (Thumb, 20 bytes, Stack size 0 bytes, aeabi_sdiv.o(.text))
<BR><BR>[Called By]<UL><LI><a href="#[78]">&gt;&gt;</a>&nbsp;&nbsp;&nbsp;UART_Init
<LI><a href="#[67]">&gt;&gt;</a>&nbsp;&nbsp;&nbsp;S_UART_SetBaud
<LI><a href="#[25]">&gt;&gt;</a>&nbsp;&nbsp;&nbsp;SystemInit
</UL>

<P><STRONG><a name="[b5]"></a>__aeabi_idiv</STRONG> (Thumb, 0 bytes, Stack size 8 bytes, aeabi_sdiv.o(.text), UNUSED)

<P><STRONG><a name="[b6]"></a>__aeabi_idivmod</STRONG> (Thumb, 326 bytes, Stack size 8 bytes, aeabi_sdiv.o(.text), UNUSED)

<P><STRONG><a name="[b7]"></a>__use_two_region_memory</STRONG> (Thumb, 2 bytes, Stack size 0 bytes, heapauxi.o(.text), UNUSED)

<P><STRONG><a name="[b8]"></a>__rt_heap_escrow$2region</STRONG> (Thumb, 2 bytes, Stack size 0 bytes, heapauxi.o(.text), UNUSED)

<P><STRONG><a name="[b9]"></a>__rt_heap_expand$2region</STRONG> (Thumb, 2 bytes, Stack size 0 bytes, heapauxi.o(.text), UNUSED)

<P><STRONG><a name="[7e]"></a>__aeabi_dadd</STRONG> (Thumb, 0 bytes, Stack size 8 bytes, daddsub.o(.text))
<BR><BR>[Stack]<UL><LI>Max Depth = 8<LI>Call Chain = __aeabi_dadd
</UL>
<BR>[Called By]<UL><LI><a href="#[78]">&gt;&gt;</a>&nbsp;&nbsp;&nbsp;UART_Init
</UL>

<P><STRONG><a name="[44]"></a>_dadd</STRONG> (Thumb, 26 bytes, Stack size 8 bytes, daddsub.o(.text), UNUSED)
<BR><BR>[Calls]<UL><LI><a href="#[45]">&gt;&gt;</a>&nbsp;&nbsp;&nbsp;_dsub1
<LI><a href="#[46]">&gt;&gt;</a>&nbsp;&nbsp;&nbsp;_dadd1
</UL>

<P><STRONG><a name="[ba]"></a>__aeabi_dsub</STRONG> (Thumb, 0 bytes, Stack size 8 bytes, daddsub.o(.text), UNUSED)

<P><STRONG><a name="[47]"></a>_dsub</STRONG> (Thumb, 22 bytes, Stack size 8 bytes, daddsub.o(.text), UNUSED)
<BR><BR>[Calls]<UL><LI><a href="#[45]">&gt;&gt;</a>&nbsp;&nbsp;&nbsp;_dsub1
<LI><a href="#[46]">&gt;&gt;</a>&nbsp;&nbsp;&nbsp;_dadd1
</UL>

<P><STRONG><a name="[bb]"></a>__aeabi_drsub</STRONG> (Thumb, 0 bytes, Stack size 16 bytes, daddsub.o(.text), UNUSED)

<P><STRONG><a name="[48]"></a>_drsb</STRONG> (Thumb, 28 bytes, Stack size 16 bytes, daddsub.o(.text), UNUSED)
<BR><BR>[Calls]<UL><LI><a href="#[45]">&gt;&gt;</a>&nbsp;&nbsp;&nbsp;_dsub1
<LI><a href="#[46]">&gt;&gt;</a>&nbsp;&nbsp;&nbsp;_dadd1
</UL>

<P><STRONG><a name="[7f]"></a>__aeabi_d2uiz</STRONG> (Thumb, 0 bytes, Stack size 8 bytes, dfixui.o(.text))
<BR><BR>[Stack]<UL><LI>Max Depth = 8<LI>Call Chain = __aeabi_d2uiz
</UL>
<BR>[Called By]<UL><LI><a href="#[78]">&gt;&gt;</a>&nbsp;&nbsp;&nbsp;UART_Init
</UL>

<P><STRONG><a name="[bc]"></a>_dfixu</STRONG> (Thumb, 68 bytes, Stack size 8 bytes, dfixui.o(.text), UNUSED)

<P><STRONG><a name="[7d]"></a>__aeabi_f2d</STRONG> (Thumb, 0 bytes, Stack size 0 bytes, f2d.o(.text))
<BR><BR>[Called By]<UL><LI><a href="#[78]">&gt;&gt;</a>&nbsp;&nbsp;&nbsp;UART_Init
</UL>

<P><STRONG><a name="[bd]"></a>_f2d</STRONG> (Thumb, 80 bytes, Stack size 0 bytes, f2d.o(.text), UNUSED)

<P><STRONG><a name="[79]"></a>__aeabi_fdiv</STRONG> (Thumb, 0 bytes, Stack size 20 bytes, fdiv.o(.text))
<BR><BR>[Stack]<UL><LI>Max Depth = 20<LI>Call Chain = __aeabi_fdiv
</UL>
<BR>[Called By]<UL><LI><a href="#[78]">&gt;&gt;</a>&nbsp;&nbsp;&nbsp;UART_Init
</UL>

<P><STRONG><a name="[4a]"></a>_fdiv</STRONG> (Thumb, 334 bytes, Stack size 20 bytes, fdiv.o(.text), UNUSED)
<BR><BR>[Called By]<UL><LI><a href="#[49]">&gt;&gt;</a>&nbsp;&nbsp;&nbsp;_frdiv
</UL>

<P><STRONG><a name="[49]"></a>_frdiv</STRONG> (Thumb, 8 bytes, Stack size 0 bytes, fdiv.o(.text), UNUSED)
<BR><BR>[Calls]<UL><LI><a href="#[4a]">&gt;&gt;</a>&nbsp;&nbsp;&nbsp;_fdiv
</UL>

<P><STRONG><a name="[7a]"></a>__aeabi_f2uiz</STRONG> (Thumb, 0 bytes, Stack size 0 bytes, ffixui.o(.text))
<BR><BR>[Called By]<UL><LI><a href="#[78]">&gt;&gt;</a>&nbsp;&nbsp;&nbsp;UART_Init
</UL>

<P><STRONG><a name="[be]"></a>_ffixu</STRONG> (Thumb, 48 bytes, Stack size 0 bytes, ffixui.o(.text), UNUSED)

<P><STRONG><a name="[4c]"></a>__aeabi_i2f_normalise</STRONG> (Thumb, 72 bytes, Stack size 0 bytes, fflti.o(.text))
<BR><BR>[Called By]<UL><LI><a href="#[4d]">&gt;&gt;</a>&nbsp;&nbsp;&nbsp;__aeabi_ui2f
<LI><a href="#[4b]">&gt;&gt;</a>&nbsp;&nbsp;&nbsp;__aeabi_i2f
</UL>

<P><STRONG><a name="[4b]"></a>__aeabi_i2f</STRONG> (Thumb, 16 bytes, Stack size 0 bytes, fflti.o(.text), UNUSED)
<BR><BR>[Calls]<UL><LI><a href="#[4c]">&gt;&gt;</a>&nbsp;&nbsp;&nbsp;__aeabi_i2f_normalise
</UL>

<P><STRONG><a name="[bf]"></a>_fflt</STRONG> (Thumb, 0 bytes, Stack size 0 bytes, fflti.o(.text), UNUSED)

<P><STRONG><a name="[4d]"></a>__aeabi_ui2f</STRONG> (Thumb, 6 bytes, Stack size 0 bytes, fflti.o(.text))
<BR><BR>[Calls]<UL><LI><a href="#[4c]">&gt;&gt;</a>&nbsp;&nbsp;&nbsp;__aeabi_i2f_normalise
</UL>
<BR>[Called By]<UL><LI><a href="#[78]">&gt;&gt;</a>&nbsp;&nbsp;&nbsp;UART_Init
</UL>

<P><STRONG><a name="[c0]"></a>_ffltu</STRONG> (Thumb, 0 bytes, Stack size 0 bytes, fflti.o(.text), UNUSED)

<P><STRONG><a name="[43]"></a>_printf_int_common</STRONG> (Thumb, 176 bytes, Stack size 40 bytes, _printf_intcommon.o(.text))
<BR><BR>[Stack]<UL><LI>Max Depth = 40<LI>Call Chain = _printf_int_common
</UL>
<BR>[Calls]<UL><LI><a href="#[4e]">&gt;&gt;</a>&nbsp;&nbsp;&nbsp;_printf_pre_padding (Weak Reference)
<LI><a href="#[4f]">&gt;&gt;</a>&nbsp;&nbsp;&nbsp;_printf_post_padding (Weak Reference)
</UL>
<BR>[Called By]<UL><LI><a href="#[30]">&gt;&gt;</a>&nbsp;&nbsp;&nbsp;_printf_int_dec
</UL>

<P><STRONG><a name="[3d]"></a>_printf_char_file</STRONG> (Thumb, 34 bytes, Stack size 16 bytes, _printf_char_file.o(.text))
<BR><BR>[Stack]<UL><LI>Max Depth = 104 + Unknown Stack Size
<LI>Call Chain = _printf_char_file &rArr; _printf_char_common &rArr; __printf
</UL>
<BR>[Calls]<UL><LI><a href="#[51]">&gt;&gt;</a>&nbsp;&nbsp;&nbsp;ferror
<LI><a href="#[50]">&gt;&gt;</a>&nbsp;&nbsp;&nbsp;_printf_char_common
</UL>
<BR>[Called By]<UL><LI><a href="#[3c]">&gt;&gt;</a>&nbsp;&nbsp;&nbsp;__2printf
</UL>

<P><STRONG><a name="[42]"></a>__rt_udiv10</STRONG> (Thumb, 40 bytes, Stack size 0 bytes, rtudiv10.o(.text))
<BR><BR>[Called By]<UL><LI><a href="#[30]">&gt;&gt;</a>&nbsp;&nbsp;&nbsp;_printf_int_dec
</UL>

<P><STRONG><a name="[50]"></a>_printf_char_common</STRONG> (Thumb, 32 bytes, Stack size 64 bytes, _printf_char_common.o(.text))
<BR><BR>[Stack]<UL><LI>Max Depth = 88 + Unknown Stack Size
<LI>Call Chain = _printf_char_common &rArr; __printf
</UL>
<BR>[Calls]<UL><LI><a href="#[3e]">&gt;&gt;</a>&nbsp;&nbsp;&nbsp;__printf
</UL>
<BR>[Called By]<UL><LI><a href="#[3d]">&gt;&gt;</a>&nbsp;&nbsp;&nbsp;_printf_char_file
</UL>

<P><STRONG><a name="[32]"></a>__user_setup_stackheap</STRONG> (Thumb, 62 bytes, Stack size 8 bytes, sys_stackheap_outer.o(.text))
<BR><BR>[Stack]<UL><LI>Max Depth = 8<LI>Call Chain = __user_setup_stackheap
</UL>
<BR>[Calls]<UL><LI><a href="#[53]">&gt;&gt;</a>&nbsp;&nbsp;&nbsp;__user_initial_stackheap
<LI><a href="#[52]">&gt;&gt;</a>&nbsp;&nbsp;&nbsp;__user_perproc_libspace
</UL>
<BR>[Called By]<UL><LI><a href="#[31]">&gt;&gt;</a>&nbsp;&nbsp;&nbsp;__rt_entry_sh
</UL>

<P><STRONG><a name="[37]"></a>exit</STRONG> (Thumb, 12 bytes, Stack size 0 bytes, exit.o(.text))
<BR><BR>[Calls]<UL><LI><a href="#[55]">&gt;&gt;</a>&nbsp;&nbsp;&nbsp;__rt_exit
<LI><a href="#[54]">&gt;&gt;</a>&nbsp;&nbsp;&nbsp;_call_atexit_fns (Weak Reference)
</UL>
<BR>[Called By]<UL><LI><a href="#[35]">&gt;&gt;</a>&nbsp;&nbsp;&nbsp;__rt_entry_main
</UL>

<P><STRONG><a name="[c1]"></a>__user_libspace</STRONG> (Thumb, 8 bytes, Stack size 0 bytes, libspace.o(.text), UNUSED)

<P><STRONG><a name="[52]"></a>__user_perproc_libspace</STRONG> (Thumb, 0 bytes, Stack size 0 bytes, libspace.o(.text))
<BR><BR>[Called By]<UL><LI><a href="#[32]">&gt;&gt;</a>&nbsp;&nbsp;&nbsp;__user_setup_stackheap
</UL>

<P><STRONG><a name="[c2]"></a>__user_perthread_libspace</STRONG> (Thumb, 0 bytes, Stack size 0 bytes, libspace.o(.text), UNUSED)

<P><STRONG><a name="[22]"></a>ADC_Handler</STRONG> (Thumb, 2 bytes, Stack size 0 bytes, w7500x_it.o(i.ADC_Handler))
<BR>[Address Reference Count : 1]<UL><LI> startup_w7500x.o(RESET)
</UL>
<P><STRONG><a name="[56]"></a>Aut_Card_check_Status</STRONG> (Thumb, 94 bytes, Stack size 24 bytes, lintech.o(i.Aut_Card_check_Status))
<BR><BR>[Stack]<UL><LI>Max Depth = 176 + Unknown Stack Size
<LI>Call Chain = Aut_Card_check_Status &rArr; DebugBufferMF &rArr; __2printf &rArr; _printf_char_file &rArr; _printf_char_common &rArr; __printf
</UL>
<BR>[Calls]<UL><LI><a href="#[3c]">&gt;&gt;</a>&nbsp;&nbsp;&nbsp;__2printf
<LI><a href="#[58]">&gt;&gt;</a>&nbsp;&nbsp;&nbsp;EscribirCadenaSoft_buffer
<LI><a href="#[57]">&gt;&gt;</a>&nbsp;&nbsp;&nbsp;DebugBufferMF
</UL>
<BR>[Called By]<UL><LI><a href="#[6e]">&gt;&gt;</a>&nbsp;&nbsp;&nbsp;SecuenciaExpedidorMF
</UL>

<P><STRONG><a name="[59]"></a>Check_Status</STRONG> (Thumb, 106 bytes, Stack size 32 bytes, lintech.o(i.Check_Status))
<BR><BR>[Stack]<UL><LI>Max Depth = 184 + Unknown Stack Size
<LI>Call Chain = Check_Status &rArr; DebugBufferMF &rArr; __2printf &rArr; _printf_char_file &rArr; _printf_char_common &rArr; __printf
</UL>
<BR>[Calls]<UL><LI><a href="#[3c]">&gt;&gt;</a>&nbsp;&nbsp;&nbsp;__2printf
<LI><a href="#[58]">&gt;&gt;</a>&nbsp;&nbsp;&nbsp;EscribirCadenaSoft_buffer
<LI><a href="#[57]">&gt;&gt;</a>&nbsp;&nbsp;&nbsp;DebugBufferMF
</UL>
<BR>[Called By]<UL><LI><a href="#[6e]">&gt;&gt;</a>&nbsp;&nbsp;&nbsp;SecuenciaExpedidorMF
</UL>

<P><STRONG><a name="[16]"></a>DMA_Handler</STRONG> (Thumb, 2 bytes, Stack size 0 bytes, w7500x_it.o(i.DMA_Handler))
<BR>[Address Reference Count : 1]<UL><LI> startup_w7500x.o(RESET)
</UL>
<P><STRONG><a name="[17]"></a>DUALTIMER0_Handler</STRONG> (Thumb, 2 bytes, Stack size 0 bytes, w7500x_it.o(i.DUALTIMER0_Handler))
<BR>[Address Reference Count : 1]<UL><LI> startup_w7500x.o(RESET)
</UL>
<P><STRONG><a name="[18]"></a>DUALTIMER1_Handler</STRONG> (Thumb, 2 bytes, Stack size 0 bytes, w7500x_it.o(i.DUALTIMER1_Handler))
<BR>[Address Reference Count : 1]<UL><LI> startup_w7500x.o(RESET)
</UL>
<P><STRONG><a name="[57]"></a>DebugBufferMF</STRONG> (Thumb, 58 bytes, Stack size 24 bytes, debuger.o(i.DebugBufferMF))
<BR><BR>[Stack]<UL><LI>Max Depth = 152 + Unknown Stack Size
<LI>Call Chain = DebugBufferMF &rArr; __2printf &rArr; _printf_char_file &rArr; _printf_char_common &rArr; __printf
</UL>
<BR>[Calls]<UL><LI><a href="#[5b]">&gt;&gt;</a>&nbsp;&nbsp;&nbsp;S_UartPutc
<LI><a href="#[3c]">&gt;&gt;</a>&nbsp;&nbsp;&nbsp;__2printf
<LI><a href="#[5a]">&gt;&gt;</a>&nbsp;&nbsp;&nbsp;Debug_chr_UART2
</UL>
<BR>[Called By]<UL><LI><a href="#[71]">&gt;&gt;</a>&nbsp;&nbsp;&nbsp;rta_cmd_transporte
<LI><a href="#[64]">&gt;&gt;</a>&nbsp;&nbsp;&nbsp;Responde_Lectura_Tarjeta_Sector1_Bloque1
<LI><a href="#[62]">&gt;&gt;</a>&nbsp;&nbsp;&nbsp;RD_MF
<LI><a href="#[61]">&gt;&gt;</a>&nbsp;&nbsp;&nbsp;Power_off
<LI><a href="#[60]">&gt;&gt;</a>&nbsp;&nbsp;&nbsp;Mov_Card
<LI><a href="#[5f]">&gt;&gt;</a>&nbsp;&nbsp;&nbsp;LoadVerify_EEprom
<LI><a href="#[5e]">&gt;&gt;</a>&nbsp;&nbsp;&nbsp;Inicializa
<LI><a href="#[5c]">&gt;&gt;</a>&nbsp;&nbsp;&nbsp;Dwload_EEprom
<LI><a href="#[59]">&gt;&gt;</a>&nbsp;&nbsp;&nbsp;Check_Status
<LI><a href="#[56]">&gt;&gt;</a>&nbsp;&nbsp;&nbsp;Aut_Card_check_Status
</UL>

<P><STRONG><a name="[5a]"></a>Debug_chr_UART2</STRONG> (Thumb, 70 bytes, Stack size 16 bytes, debuger.o(i.Debug_chr_UART2))
<BR><BR>[Stack]<UL><LI>Max Depth = 20<LI>Call Chain = Debug_chr_UART2 &rArr; S_UartPutc
</UL>
<BR>[Calls]<UL><LI><a href="#[5b]">&gt;&gt;</a>&nbsp;&nbsp;&nbsp;S_UartPutc
</UL>
<BR>[Called By]<UL><LI><a href="#[82]">&gt;&gt;</a>&nbsp;&nbsp;&nbsp;error_rx_pto
<LI><a href="#[64]">&gt;&gt;</a>&nbsp;&nbsp;&nbsp;Responde_Lectura_Tarjeta_Sector1_Bloque1
<LI><a href="#[57]">&gt;&gt;</a>&nbsp;&nbsp;&nbsp;DebugBufferMF
<LI><a href="#[62]">&gt;&gt;</a>&nbsp;&nbsp;&nbsp;RD_MF
</UL>

<P><STRONG><a name="[5c]"></a>Dwload_EEprom</STRONG> (Thumb, 142 bytes, Stack size 40 bytes, lintech.o(i.Dwload_EEprom))
<BR><BR>[Stack]<UL><LI>Max Depth = 192 + Unknown Stack Size
<LI>Call Chain = Dwload_EEprom &rArr; DebugBufferMF &rArr; __2printf &rArr; _printf_char_file &rArr; _printf_char_common &rArr; __printf
</UL>
<BR>[Calls]<UL><LI><a href="#[3c]">&gt;&gt;</a>&nbsp;&nbsp;&nbsp;__2printf
<LI><a href="#[58]">&gt;&gt;</a>&nbsp;&nbsp;&nbsp;EscribirCadenaSoft_buffer
<LI><a href="#[57]">&gt;&gt;</a>&nbsp;&nbsp;&nbsp;DebugBufferMF
</UL>
<BR>[Called By]<UL><LI><a href="#[6e]">&gt;&gt;</a>&nbsp;&nbsp;&nbsp;SecuenciaExpedidorMF
</UL>

<P><STRONG><a name="[24]"></a>EXTI_Handler</STRONG> (Thumb, 2 bytes, Stack size 0 bytes, w7500x_it.o(i.EXTI_Handler))
<BR>[Address Reference Count : 1]<UL><LI> startup_w7500x.o(RESET)
</UL>
<P><STRONG><a name="[58]"></a>EscribirCadenaSoft_buffer</STRONG> (Thumb, 30 bytes, Stack size 16 bytes, uart_cero.o(i.EscribirCadenaSoft_buffer))
<BR><BR>[Stack]<UL><LI>Max Depth = 20<LI>Call Chain = EscribirCadenaSoft_buffer &rArr; UartPutc
</UL>
<BR>[Calls]<UL><LI><a href="#[5d]">&gt;&gt;</a>&nbsp;&nbsp;&nbsp;UartPutc
</UL>
<BR>[Called By]<UL><LI><a href="#[62]">&gt;&gt;</a>&nbsp;&nbsp;&nbsp;RD_MF
<LI><a href="#[61]">&gt;&gt;</a>&nbsp;&nbsp;&nbsp;Power_off
<LI><a href="#[60]">&gt;&gt;</a>&nbsp;&nbsp;&nbsp;Mov_Card
<LI><a href="#[5f]">&gt;&gt;</a>&nbsp;&nbsp;&nbsp;LoadVerify_EEprom
<LI><a href="#[5e]">&gt;&gt;</a>&nbsp;&nbsp;&nbsp;Inicializa
<LI><a href="#[5c]">&gt;&gt;</a>&nbsp;&nbsp;&nbsp;Dwload_EEprom
<LI><a href="#[59]">&gt;&gt;</a>&nbsp;&nbsp;&nbsp;Check_Status
<LI><a href="#[56]">&gt;&gt;</a>&nbsp;&nbsp;&nbsp;Aut_Card_check_Status
</UL>

<P><STRONG><a name="[83]"></a>GPIO_Init</STRONG> (Thumb, 272 bytes, Stack size 24 bytes, w7500x_gpio.o(i.GPIO_Init))
<BR><BR>[Stack]<UL><LI>Max Depth = 24<LI>Call Chain = GPIO_Init
</UL>
<BR>[Called By]<UL><LI><a href="#[36]">&gt;&gt;</a>&nbsp;&nbsp;&nbsp;main
</UL>

<P><STRONG><a name="[8a]"></a>GPIO_SetBits</STRONG> (Thumb, 26 bytes, Stack size 0 bytes, w7500x_gpio.o(i.GPIO_SetBits))
<BR><BR>[Called By]<UL><LI><a href="#[36]">&gt;&gt;</a>&nbsp;&nbsp;&nbsp;main
</UL>

<P><STRONG><a name="[68]"></a>GetSystemClock</STRONG> (Thumb, 6 bytes, Stack size 0 bytes, system_w7500x.o(i.GetSystemClock))
<BR><BR>[Called By]<UL><LI><a href="#[67]">&gt;&gt;</a>&nbsp;&nbsp;&nbsp;S_UART_SetBaud
</UL>

<P><STRONG><a name="[7]"></a>HardFault_Handler</STRONG> (Thumb, 2 bytes, Stack size 0 bytes, w7500x_it.o(i.HardFault_Handler))
<BR>[Address Reference Count : 1]<UL><LI> startup_w7500x.o(RESET)
</UL>
<P><STRONG><a name="[5e]"></a>Inicializa</STRONG> (Thumb, 138 bytes, Stack size 32 bytes, lintech.o(i.Inicializa))
<BR><BR>[Stack]<UL><LI>Max Depth = 184 + Unknown Stack Size
<LI>Call Chain = Inicializa &rArr; DebugBufferMF &rArr; __2printf &rArr; _printf_char_file &rArr; _printf_char_common &rArr; __printf
</UL>
<BR>[Calls]<UL><LI><a href="#[3c]">&gt;&gt;</a>&nbsp;&nbsp;&nbsp;__2printf
<LI><a href="#[58]">&gt;&gt;</a>&nbsp;&nbsp;&nbsp;EscribirCadenaSoft_buffer
<LI><a href="#[57]">&gt;&gt;</a>&nbsp;&nbsp;&nbsp;DebugBufferMF
</UL>
<BR>[Called By]<UL><LI><a href="#[6e]">&gt;&gt;</a>&nbsp;&nbsp;&nbsp;SecuenciaExpedidorMF
</UL>

<P><STRONG><a name="[5f]"></a>LoadVerify_EEprom</STRONG> (Thumb, 110 bytes, Stack size 32 bytes, lintech.o(i.LoadVerify_EEprom))
<BR><BR>[Stack]<UL><LI>Max Depth = 184 + Unknown Stack Size
<LI>Call Chain = LoadVerify_EEprom &rArr; DebugBufferMF &rArr; __2printf &rArr; _printf_char_file &rArr; _printf_char_common &rArr; __printf
</UL>
<BR>[Calls]<UL><LI><a href="#[3c]">&gt;&gt;</a>&nbsp;&nbsp;&nbsp;__2printf
<LI><a href="#[58]">&gt;&gt;</a>&nbsp;&nbsp;&nbsp;EscribirCadenaSoft_buffer
<LI><a href="#[57]">&gt;&gt;</a>&nbsp;&nbsp;&nbsp;DebugBufferMF
</UL>
<BR>[Called By]<UL><LI><a href="#[6e]">&gt;&gt;</a>&nbsp;&nbsp;&nbsp;SecuenciaExpedidorMF
</UL>

<P><STRONG><a name="[70]"></a>Load_Secuencia_Expedidor</STRONG> (Thumb, 14 bytes, Stack size 8 bytes, expedidor.o(i.Load_Secuencia_Expedidor))
<BR><BR>[Stack]<UL><LI>Max Depth = 8<LI>Call Chain = Load_Secuencia_Expedidor
</UL>
<BR>[Called By]<UL><LI><a href="#[6e]">&gt;&gt;</a>&nbsp;&nbsp;&nbsp;SecuenciaExpedidorMF
</UL>

<P><STRONG><a name="[60]"></a>Mov_Card</STRONG> (Thumb, 166 bytes, Stack size 32 bytes, lintech.o(i.Mov_Card))
<BR><BR>[Stack]<UL><LI>Max Depth = 184 + Unknown Stack Size
<LI>Call Chain = Mov_Card &rArr; DebugBufferMF &rArr; __2printf &rArr; _printf_char_file &rArr; _printf_char_common &rArr; __printf
</UL>
<BR>[Calls]<UL><LI><a href="#[3c]">&gt;&gt;</a>&nbsp;&nbsp;&nbsp;__2printf
<LI><a href="#[58]">&gt;&gt;</a>&nbsp;&nbsp;&nbsp;EscribirCadenaSoft_buffer
<LI><a href="#[57]">&gt;&gt;</a>&nbsp;&nbsp;&nbsp;DebugBufferMF
</UL>
<BR>[Called By]<UL><LI><a href="#[6e]">&gt;&gt;</a>&nbsp;&nbsp;&nbsp;SecuenciaExpedidorMF
</UL>

<P><STRONG><a name="[6]"></a>NMI_Handler</STRONG> (Thumb, 2 bytes, Stack size 0 bytes, w7500x_it.o(i.NMI_Handler))
<BR>[Address Reference Count : 1]<UL><LI> startup_w7500x.o(RESET)
</UL>
<P><STRONG><a name="[84]"></a>PAD_AFConfig</STRONG> (Thumb, 198 bytes, Stack size 20 bytes, w7500x_gpio.o(i.PAD_AFConfig))
<BR><BR>[Stack]<UL><LI>Max Depth = 20<LI>Call Chain = PAD_AFConfig
</UL>
<BR>[Called By]<UL><LI><a href="#[36]">&gt;&gt;</a>&nbsp;&nbsp;&nbsp;main
</UL>

<P><STRONG><a name="[12]"></a>PORT0_Handler</STRONG> (Thumb, 2 bytes, Stack size 0 bytes, w7500x_it.o(i.PORT0_Handler))
<BR>[Address Reference Count : 1]<UL><LI> startup_w7500x.o(RESET)
</UL>
<P><STRONG><a name="[13]"></a>PORT1_Handler</STRONG> (Thumb, 2 bytes, Stack size 0 bytes, w7500x_it.o(i.PORT1_Handler))
<BR>[Address Reference Count : 1]<UL><LI> startup_w7500x.o(RESET)
</UL>
<P><STRONG><a name="[14]"></a>PORT2_Handler</STRONG> (Thumb, 2 bytes, Stack size 0 bytes, w7500x_it.o(i.PORT2_Handler))
<BR>[Address Reference Count : 1]<UL><LI> startup_w7500x.o(RESET)
</UL>
<P><STRONG><a name="[15]"></a>PORT3_Handler</STRONG> (Thumb, 2 bytes, Stack size 0 bytes, w7500x_it.o(i.PORT3_Handler))
<BR>[Address Reference Count : 1]<UL><LI> startup_w7500x.o(RESET)
</UL>
<P><STRONG><a name="[19]"></a>PWM0_Handler</STRONG> (Thumb, 2 bytes, Stack size 0 bytes, w7500x_it.o(i.PWM0_Handler))
<BR>[Address Reference Count : 1]<UL><LI> startup_w7500x.o(RESET)
</UL>
<P><STRONG><a name="[1a]"></a>PWM1_Handler</STRONG> (Thumb, 2 bytes, Stack size 0 bytes, w7500x_it.o(i.PWM1_Handler))
<BR>[Address Reference Count : 1]<UL><LI> startup_w7500x.o(RESET)
</UL>
<P><STRONG><a name="[1b]"></a>PWM2_Handler</STRONG> (Thumb, 2 bytes, Stack size 0 bytes, w7500x_it.o(i.PWM2_Handler))
<BR>[Address Reference Count : 1]<UL><LI> startup_w7500x.o(RESET)
</UL>
<P><STRONG><a name="[1c]"></a>PWM3_Handler</STRONG> (Thumb, 2 bytes, Stack size 0 bytes, w7500x_it.o(i.PWM3_Handler))
<BR>[Address Reference Count : 1]<UL><LI> startup_w7500x.o(RESET)
</UL>
<P><STRONG><a name="[1d]"></a>PWM4_Handler</STRONG> (Thumb, 2 bytes, Stack size 0 bytes, w7500x_it.o(i.PWM4_Handler))
<BR>[Address Reference Count : 1]<UL><LI> startup_w7500x.o(RESET)
</UL>
<P><STRONG><a name="[1e]"></a>PWM5_Handler</STRONG> (Thumb, 2 bytes, Stack size 0 bytes, w7500x_it.o(i.PWM5_Handler))
<BR>[Address Reference Count : 1]<UL><LI> startup_w7500x.o(RESET)
</UL>
<P><STRONG><a name="[1f]"></a>PWM6_Handler</STRONG> (Thumb, 2 bytes, Stack size 0 bytes, w7500x_it.o(i.PWM6_Handler))
<BR>[Address Reference Count : 1]<UL><LI> startup_w7500x.o(RESET)
</UL>
<P><STRONG><a name="[20]"></a>PWM7_Handler</STRONG> (Thumb, 2 bytes, Stack size 0 bytes, w7500x_it.o(i.PWM7_Handler))
<BR>[Address Reference Count : 1]<UL><LI> startup_w7500x.o(RESET)
</UL>
<P><STRONG><a name="[9]"></a>PendSV_Handler</STRONG> (Thumb, 2 bytes, Stack size 0 bytes, w7500x_it.o(i.PendSV_Handler))
<BR>[Address Reference Count : 1]<UL><LI> startup_w7500x.o(RESET)
</UL>
<P><STRONG><a name="[61]"></a>Power_off</STRONG> (Thumb, 94 bytes, Stack size 24 bytes, lintech.o(i.Power_off))
<BR><BR>[Stack]<UL><LI>Max Depth = 176 + Unknown Stack Size
<LI>Call Chain = Power_off &rArr; DebugBufferMF &rArr; __2printf &rArr; _printf_char_file &rArr; _printf_char_common &rArr; __printf
</UL>
<BR>[Calls]<UL><LI><a href="#[3c]">&gt;&gt;</a>&nbsp;&nbsp;&nbsp;__2printf
<LI><a href="#[58]">&gt;&gt;</a>&nbsp;&nbsp;&nbsp;EscribirCadenaSoft_buffer
<LI><a href="#[57]">&gt;&gt;</a>&nbsp;&nbsp;&nbsp;DebugBufferMF
</UL>
<BR>[Called By]<UL><LI><a href="#[6e]">&gt;&gt;</a>&nbsp;&nbsp;&nbsp;SecuenciaExpedidorMF
</UL>

<P><STRONG><a name="[62]"></a>RD_MF</STRONG> (Thumb, 142 bytes, Stack size 40 bytes, lintech.o(i.RD_MF))
<BR><BR>[Stack]<UL><LI>Max Depth = 192 + Unknown Stack Size
<LI>Call Chain = RD_MF &rArr; DebugBufferMF &rArr; __2printf &rArr; _printf_char_file &rArr; _printf_char_common &rArr; __printf
</UL>
<BR>[Calls]<UL><LI><a href="#[3c]">&gt;&gt;</a>&nbsp;&nbsp;&nbsp;__2printf
<LI><a href="#[58]">&gt;&gt;</a>&nbsp;&nbsp;&nbsp;EscribirCadenaSoft_buffer
<LI><a href="#[5a]">&gt;&gt;</a>&nbsp;&nbsp;&nbsp;Debug_chr_UART2
<LI><a href="#[57]">&gt;&gt;</a>&nbsp;&nbsp;&nbsp;DebugBufferMF
</UL>
<BR>[Called By]<UL><LI><a href="#[6e]">&gt;&gt;</a>&nbsp;&nbsp;&nbsp;SecuenciaExpedidorMF
</UL>

<P><STRONG><a name="[63]"></a>Responde_Estado_Sensores_Transporte</STRONG> (Thumb, 102 bytes, Stack size 8 bytes, expedidor.o(i.Responde_Estado_Sensores_Transporte))
<BR><BR>[Stack]<UL><LI>Max Depth = 136 + Unknown Stack Size
<LI>Call Chain = Responde_Estado_Sensores_Transporte &rArr; __2printf &rArr; _printf_char_file &rArr; _printf_char_common &rArr; __printf
</UL>
<BR>[Calls]<UL><LI><a href="#[3c]">&gt;&gt;</a>&nbsp;&nbsp;&nbsp;__2printf
</UL>
<BR>[Called By]<UL><LI><a href="#[6e]">&gt;&gt;</a>&nbsp;&nbsp;&nbsp;SecuenciaExpedidorMF
</UL>

<P><STRONG><a name="[64]"></a>Responde_Lectura_Tarjeta_Sector1_Bloque1</STRONG> (Thumb, 310 bytes, Stack size 40 bytes, expedidor.o(i.Responde_Lectura_Tarjeta_Sector1_Bloque1))
<BR><BR>[Stack]<UL><LI>Max Depth = 192 + Unknown Stack Size
<LI>Call Chain = Responde_Lectura_Tarjeta_Sector1_Bloque1 &rArr; DebugBufferMF &rArr; __2printf &rArr; _printf_char_file &rArr; _printf_char_common &rArr; __printf
</UL>
<BR>[Calls]<UL><LI><a href="#[3c]">&gt;&gt;</a>&nbsp;&nbsp;&nbsp;__2printf
<LI><a href="#[5a]">&gt;&gt;</a>&nbsp;&nbsp;&nbsp;Debug_chr_UART2
<LI><a href="#[57]">&gt;&gt;</a>&nbsp;&nbsp;&nbsp;DebugBufferMF
</UL>
<BR>[Called By]<UL><LI><a href="#[6e]">&gt;&gt;</a>&nbsp;&nbsp;&nbsp;SecuenciaExpedidorMF
</UL>

<P><STRONG><a name="[65]"></a>Responde_Tipo_Tarjeta</STRONG> (Thumb, 88 bytes, Stack size 8 bytes, expedidor.o(i.Responde_Tipo_Tarjeta))
<BR><BR>[Stack]<UL><LI>Max Depth = 136 + Unknown Stack Size
<LI>Call Chain = Responde_Tipo_Tarjeta &rArr; __2printf &rArr; _printf_char_file &rArr; _printf_char_common &rArr; __printf
</UL>
<BR>[Calls]<UL><LI><a href="#[3c]">&gt;&gt;</a>&nbsp;&nbsp;&nbsp;__2printf
</UL>
<BR>[Called By]<UL><LI><a href="#[6e]">&gt;&gt;</a>&nbsp;&nbsp;&nbsp;SecuenciaExpedidorMF
</UL>

<P><STRONG><a name="[b]"></a>SSP0_Handler</STRONG> (Thumb, 2 bytes, Stack size 0 bytes, w7500x_it.o(i.SSP0_Handler))
<BR>[Address Reference Count : 1]<UL><LI> startup_w7500x.o(RESET)
</UL>
<P><STRONG><a name="[c]"></a>SSP1_Handler</STRONG> (Thumb, 2 bytes, Stack size 0 bytes, w7500x_it.o(i.SSP1_Handler))
<BR>[Address Reference Count : 1]<UL><LI> startup_w7500x.o(RESET)
</UL>
<P><STRONG><a name="[8]"></a>SVC_Handler</STRONG> (Thumb, 2 bytes, Stack size 0 bytes, w7500x_it.o(i.SVC_Handler))
<BR>[Address Reference Count : 1]<UL><LI> startup_w7500x.o(RESET)
</UL>
<P><STRONG><a name="[77]"></a>S_UART_ClearITPendingBit</STRONG> (Thumb, 12 bytes, Stack size 0 bytes, w7500x_uart.o(i.S_UART_ClearITPendingBit))
<BR><BR>[Called By]<UL><LI><a href="#[f]">&gt;&gt;</a>&nbsp;&nbsp;&nbsp;UART2_Handler
</UL>

<P><STRONG><a name="[89]"></a>S_UART_ITConfig</STRONG> (Thumb, 28 bytes, Stack size 0 bytes, w7500x_uart.o(i.S_UART_ITConfig))
<BR><BR>[Called By]<UL><LI><a href="#[36]">&gt;&gt;</a>&nbsp;&nbsp;&nbsp;main
</UL>

<P><STRONG><a name="[66]"></a>S_UART_Init</STRONG> (Thumb, 32 bytes, Stack size 16 bytes, w7500x_uart.o(i.S_UART_Init))
<BR><BR>[Stack]<UL><LI>Max Depth = 32<LI>Call Chain = S_UART_Init &rArr; S_UART_SetBaud
</UL>
<BR>[Calls]<UL><LI><a href="#[67]">&gt;&gt;</a>&nbsp;&nbsp;&nbsp;S_UART_SetBaud
</UL>
<BR>[Called By]<UL><LI><a href="#[36]">&gt;&gt;</a>&nbsp;&nbsp;&nbsp;main
</UL>

<P><STRONG><a name="[6b]"></a>S_UART_ReceiveData</STRONG> (Thumb, 8 bytes, Stack size 0 bytes, w7500x_uart.o(i.S_UART_ReceiveData))
<BR><BR>[Called By]<UL><LI><a href="#[6a]">&gt;&gt;</a>&nbsp;&nbsp;&nbsp;S_UartGetc
</UL>

<P><STRONG><a name="[6c]"></a>S_UART_SendData</STRONG> (Thumb, 20 bytes, Stack size 0 bytes, w7500x_uart.o(i.S_UART_SendData))
<BR><BR>[Called By]<UL><LI><a href="#[6d]">&gt;&gt;</a>&nbsp;&nbsp;&nbsp;S_UartPuts
<LI><a href="#[5b]">&gt;&gt;</a>&nbsp;&nbsp;&nbsp;S_UartPutc
</UL>

<P><STRONG><a name="[67]"></a>S_UART_SetBaud</STRONG> (Thumb, 54 bytes, Stack size 16 bytes, w7500x_uart.o(i.S_UART_SetBaud))
<BR><BR>[Stack]<UL><LI>Max Depth = 16<LI>Call Chain = S_UART_SetBaud
</UL>
<BR>[Calls]<UL><LI><a href="#[68]">&gt;&gt;</a>&nbsp;&nbsp;&nbsp;GetSystemClock
<LI><a href="#[69]">&gt;&gt;</a>&nbsp;&nbsp;&nbsp;__aeabi_uidivmod
</UL>
<BR>[Called By]<UL><LI><a href="#[66]">&gt;&gt;</a>&nbsp;&nbsp;&nbsp;S_UART_Init
</UL>

<P><STRONG><a name="[6a]"></a>S_UartGetc</STRONG> (Thumb, 24 bytes, Stack size 4 bytes, w7500x_uart.o(i.S_UartGetc))
<BR><BR>[Stack]<UL><LI>Max Depth = 4<LI>Call Chain = S_UartGetc
</UL>
<BR>[Calls]<UL><LI><a href="#[6b]">&gt;&gt;</a>&nbsp;&nbsp;&nbsp;S_UART_ReceiveData
</UL>
<BR>[Called By]<UL><LI><a href="#[f]">&gt;&gt;</a>&nbsp;&nbsp;&nbsp;UART2_Handler
</UL>

<P><STRONG><a name="[5b]"></a>S_UartPutc</STRONG> (Thumb, 14 bytes, Stack size 4 bytes, w7500x_uart.o(i.S_UartPutc))
<BR><BR>[Stack]<UL><LI>Max Depth = 4<LI>Call Chain = S_UartPutc
</UL>
<BR>[Calls]<UL><LI><a href="#[6c]">&gt;&gt;</a>&nbsp;&nbsp;&nbsp;S_UART_SendData
</UL>
<BR>[Called By]<UL><LI><a href="#[27]">&gt;&gt;</a>&nbsp;&nbsp;&nbsp;fputc
<LI><a href="#[5a]">&gt;&gt;</a>&nbsp;&nbsp;&nbsp;Debug_chr_UART2
<LI><a href="#[57]">&gt;&gt;</a>&nbsp;&nbsp;&nbsp;DebugBufferMF
</UL>

<P><STRONG><a name="[6d]"></a>S_UartPuts</STRONG> (Thumb, 26 bytes, Stack size 4 bytes, w7500x_uart.o(i.S_UartPuts))
<BR><BR>[Stack]<UL><LI>Max Depth = 4<LI>Call Chain = S_UartPuts
</UL>
<BR>[Calls]<UL><LI><a href="#[6c]">&gt;&gt;</a>&nbsp;&nbsp;&nbsp;S_UART_SendData
</UL>
<BR>[Called By]<UL><LI><a href="#[36]">&gt;&gt;</a>&nbsp;&nbsp;&nbsp;main
</UL>

<P><STRONG><a name="[6e]"></a>SecuenciaExpedidorMF</STRONG> (Thumb, 362 bytes, Stack size 32 bytes, expedidor.o(i.SecuenciaExpedidorMF))
<BR><BR>[Stack]<UL><LI>Max Depth = 224 + Unknown Stack Size
<LI>Call Chain = SecuenciaExpedidorMF &rArr; Responde_Lectura_Tarjeta_Sector1_Bloque1 &rArr; DebugBufferMF &rArr; __2printf &rArr; _printf_char_file &rArr; _printf_char_common &rArr; __printf
</UL>
<BR>[Calls]<UL><LI><a href="#[3c]">&gt;&gt;</a>&nbsp;&nbsp;&nbsp;__2printf
<LI><a href="#[71]">&gt;&gt;</a>&nbsp;&nbsp;&nbsp;rta_cmd_transporte
<LI><a href="#[6f]">&gt;&gt;</a>&nbsp;&nbsp;&nbsp;__ARM_common_switch8
<LI><a href="#[65]">&gt;&gt;</a>&nbsp;&nbsp;&nbsp;Responde_Tipo_Tarjeta
<LI><a href="#[64]">&gt;&gt;</a>&nbsp;&nbsp;&nbsp;Responde_Lectura_Tarjeta_Sector1_Bloque1
<LI><a href="#[63]">&gt;&gt;</a>&nbsp;&nbsp;&nbsp;Responde_Estado_Sensores_Transporte
<LI><a href="#[70]">&gt;&gt;</a>&nbsp;&nbsp;&nbsp;Load_Secuencia_Expedidor
<LI><a href="#[62]">&gt;&gt;</a>&nbsp;&nbsp;&nbsp;RD_MF
<LI><a href="#[61]">&gt;&gt;</a>&nbsp;&nbsp;&nbsp;Power_off
<LI><a href="#[60]">&gt;&gt;</a>&nbsp;&nbsp;&nbsp;Mov_Card
<LI><a href="#[5f]">&gt;&gt;</a>&nbsp;&nbsp;&nbsp;LoadVerify_EEprom
<LI><a href="#[5e]">&gt;&gt;</a>&nbsp;&nbsp;&nbsp;Inicializa
<LI><a href="#[5c]">&gt;&gt;</a>&nbsp;&nbsp;&nbsp;Dwload_EEprom
<LI><a href="#[59]">&gt;&gt;</a>&nbsp;&nbsp;&nbsp;Check_Status
<LI><a href="#[56]">&gt;&gt;</a>&nbsp;&nbsp;&nbsp;Aut_Card_check_Status
</UL>
<BR>[Called By]<UL><LI><a href="#[36]">&gt;&gt;</a>&nbsp;&nbsp;&nbsp;main
</UL>

<P><STRONG><a name="[a]"></a>SysTick_Handler</STRONG> (Thumb, 2 bytes, Stack size 0 bytes, w7500x_it.o(i.SysTick_Handler))
<BR>[Address Reference Count : 1]<UL><LI> startup_w7500x.o(RESET)
</UL>
<P><STRONG><a name="[25]"></a>SystemInit</STRONG> (Thumb, 94 bytes, Stack size 24 bytes, system_w7500x.o(i.SystemInit))
<BR><BR>[Stack]<UL><LI>Max Depth = 24<LI>Call Chain = SystemInit
</UL>
<BR>[Calls]<UL><LI><a href="#[69]">&gt;&gt;</a>&nbsp;&nbsp;&nbsp;__aeabi_uidivmod
</UL>
<BR>[Called By]<UL><LI><a href="#[36]">&gt;&gt;</a>&nbsp;&nbsp;&nbsp;main
</UL>
<BR>[Address Reference Count : 1]<UL><LI> startup_w7500x.o(.text)
</UL>
<P><STRONG><a name="[72]"></a>Trama_Validacion_P_N</STRONG> (Thumb, 58 bytes, Stack size 8 bytes, expedidor.o(i.Trama_Validacion_P_N))
<BR><BR>[Stack]<UL><LI>Max Depth = 136 + Unknown Stack Size
<LI>Call Chain = Trama_Validacion_P_N &rArr; __2printf &rArr; _printf_char_file &rArr; _printf_char_common &rArr; __printf
</UL>
<BR>[Calls]<UL><LI><a href="#[3c]">&gt;&gt;</a>&nbsp;&nbsp;&nbsp;__2printf
</UL>
<BR>[Called By]<UL><LI><a href="#[71]">&gt;&gt;</a>&nbsp;&nbsp;&nbsp;rta_cmd_transporte
</UL>

<P><STRONG><a name="[d]"></a>UART0_Handler</STRONG> (Thumb, 70 bytes, Stack size 8 bytes, w7500x_it.o(i.UART0_Handler))
<BR><BR>[Stack]<UL><LI>Max Depth = 20<LI>Call Chain = UART0_Handler &rArr; com_isr
</UL>
<BR>[Calls]<UL><LI><a href="#[76]">&gt;&gt;</a>&nbsp;&nbsp;&nbsp;com_isr
<LI><a href="#[75]">&gt;&gt;</a>&nbsp;&nbsp;&nbsp;UART_ReceiveData
<LI><a href="#[73]">&gt;&gt;</a>&nbsp;&nbsp;&nbsp;UART_GetITStatus
<LI><a href="#[74]">&gt;&gt;</a>&nbsp;&nbsp;&nbsp;UART_ClearITPendingBit
</UL>
<BR>[Address Reference Count : 1]<UL><LI> startup_w7500x.o(RESET)
</UL>
<P><STRONG><a name="[e]"></a>UART1_Handler</STRONG> (Thumb, 116 bytes, Stack size 8 bytes, w7500x_it.o(i.UART1_Handler))
<BR><BR>[Stack]<UL><LI>Max Depth = 8<LI>Call Chain = UART1_Handler
</UL>
<BR>[Calls]<UL><LI><a href="#[75]">&gt;&gt;</a>&nbsp;&nbsp;&nbsp;UART_ReceiveData
<LI><a href="#[73]">&gt;&gt;</a>&nbsp;&nbsp;&nbsp;UART_GetITStatus
<LI><a href="#[74]">&gt;&gt;</a>&nbsp;&nbsp;&nbsp;UART_ClearITPendingBit
</UL>
<BR>[Address Reference Count : 1]<UL><LI> startup_w7500x.o(RESET)
</UL>
<P><STRONG><a name="[f]"></a>UART2_Handler</STRONG> (Thumb, 68 bytes, Stack size 8 bytes, w7500x_it.o(i.UART2_Handler))
<BR><BR>[Stack]<UL><LI>Max Depth = 12<LI>Call Chain = UART2_Handler &rArr; S_UartGetc
</UL>
<BR>[Calls]<UL><LI><a href="#[6a]">&gt;&gt;</a>&nbsp;&nbsp;&nbsp;S_UartGetc
<LI><a href="#[77]">&gt;&gt;</a>&nbsp;&nbsp;&nbsp;S_UART_ClearITPendingBit
</UL>
<BR>[Address Reference Count : 1]<UL><LI> startup_w7500x.o(RESET)
</UL>
<P><STRONG><a name="[74]"></a>UART_ClearITPendingBit</STRONG> (Thumb, 8 bytes, Stack size 0 bytes, w7500x_uart.o(i.UART_ClearITPendingBit))
<BR><BR>[Called By]<UL><LI><a href="#[e]">&gt;&gt;</a>&nbsp;&nbsp;&nbsp;UART1_Handler
<LI><a href="#[d]">&gt;&gt;</a>&nbsp;&nbsp;&nbsp;UART0_Handler
</UL>

<P><STRONG><a name="[73]"></a>UART_GetITStatus</STRONG> (Thumb, 20 bytes, Stack size 0 bytes, w7500x_uart.o(i.UART_GetITStatus))
<BR><BR>[Called By]<UL><LI><a href="#[e]">&gt;&gt;</a>&nbsp;&nbsp;&nbsp;UART1_Handler
<LI><a href="#[d]">&gt;&gt;</a>&nbsp;&nbsp;&nbsp;UART0_Handler
</UL>

<P><STRONG><a name="[86]"></a>UART_ITConfig</STRONG> (Thumb, 20 bytes, Stack size 0 bytes, w7500x_uart.o(i.UART_ITConfig))
<BR><BR>[Called By]<UL><LI><a href="#[36]">&gt;&gt;</a>&nbsp;&nbsp;&nbsp;main
</UL>

<P><STRONG><a name="[78]"></a>UART_Init</STRONG> (Thumb, 198 bytes, Stack size 64 bytes, w7500x_uart.o(i.UART_Init))
<BR><BR>[Stack]<UL><LI>Max Depth = 84<LI>Call Chain = UART_Init &rArr; __aeabi_fdiv
</UL>
<BR>[Calls]<UL><LI><a href="#[7c]">&gt;&gt;</a>&nbsp;&nbsp;&nbsp;__aeabi_fmul
<LI><a href="#[4d]">&gt;&gt;</a>&nbsp;&nbsp;&nbsp;__aeabi_ui2f
<LI><a href="#[7a]">&gt;&gt;</a>&nbsp;&nbsp;&nbsp;__aeabi_f2uiz
<LI><a href="#[79]">&gt;&gt;</a>&nbsp;&nbsp;&nbsp;__aeabi_fdiv
<LI><a href="#[7b]">&gt;&gt;</a>&nbsp;&nbsp;&nbsp;__aeabi_frsub
<LI><a href="#[7d]">&gt;&gt;</a>&nbsp;&nbsp;&nbsp;__aeabi_f2d
<LI><a href="#[7f]">&gt;&gt;</a>&nbsp;&nbsp;&nbsp;__aeabi_d2uiz
<LI><a href="#[7e]">&gt;&gt;</a>&nbsp;&nbsp;&nbsp;__aeabi_dadd
<LI><a href="#[69]">&gt;&gt;</a>&nbsp;&nbsp;&nbsp;__aeabi_uidivmod
</UL>
<BR>[Called By]<UL><LI><a href="#[36]">&gt;&gt;</a>&nbsp;&nbsp;&nbsp;main
</UL>

<P><STRONG><a name="[75]"></a>UART_ReceiveData</STRONG> (Thumb, 8 bytes, Stack size 0 bytes, w7500x_uart.o(i.UART_ReceiveData))
<BR><BR>[Called By]<UL><LI><a href="#[e]">&gt;&gt;</a>&nbsp;&nbsp;&nbsp;UART1_Handler
<LI><a href="#[d]">&gt;&gt;</a>&nbsp;&nbsp;&nbsp;UART0_Handler
</UL>

<P><STRONG><a name="[80]"></a>UART_SendData</STRONG> (Thumb, 4 bytes, Stack size 0 bytes, w7500x_uart.o(i.UART_SendData))
<BR><BR>[Called By]<UL><LI><a href="#[5d]">&gt;&gt;</a>&nbsp;&nbsp;&nbsp;UartPutc
</UL>

<P><STRONG><a name="[85]"></a>UART_StructInit</STRONG> (Thumb, 28 bytes, Stack size 0 bytes, w7500x_uart.o(i.UART_StructInit))
<BR><BR>[Called By]<UL><LI><a href="#[36]">&gt;&gt;</a>&nbsp;&nbsp;&nbsp;main
</UL>

<P><STRONG><a name="[5d]"></a>UartPutc</STRONG> (Thumb, 30 bytes, Stack size 4 bytes, w7500x_uart.o(i.UartPutc))
<BR><BR>[Stack]<UL><LI>Max Depth = 4<LI>Call Chain = UartPutc
</UL>
<BR>[Calls]<UL><LI><a href="#[80]">&gt;&gt;</a>&nbsp;&nbsp;&nbsp;UART_SendData
</UL>
<BR>[Called By]<UL><LI><a href="#[81]">&gt;&gt;</a>&nbsp;&nbsp;&nbsp;UartPuts
<LI><a href="#[58]">&gt;&gt;</a>&nbsp;&nbsp;&nbsp;EscribirCadenaSoft_buffer
</UL>

<P><STRONG><a name="[81]"></a>UartPuts</STRONG> (Thumb, 30 bytes, Stack size 16 bytes, w7500x_uart.o(i.UartPuts))
<BR><BR>[Stack]<UL><LI>Max Depth = 20<LI>Call Chain = UartPuts &rArr; UartPutc
</UL>
<BR>[Calls]<UL><LI><a href="#[5d]">&gt;&gt;</a>&nbsp;&nbsp;&nbsp;UartPutc
</UL>
<BR>[Called By]<UL><LI><a href="#[36]">&gt;&gt;</a>&nbsp;&nbsp;&nbsp;main
</UL>

<P><STRONG><a name="[23]"></a>WZTOE_Handler</STRONG> (Thumb, 2 bytes, Stack size 0 bytes, w7500x_it.o(i.WZTOE_Handler))
<BR>[Address Reference Count : 1]<UL><LI> startup_w7500x.o(RESET)
</UL>
<P><STRONG><a name="[6f]"></a>__ARM_common_switch8</STRONG> (Thumb, 28 bytes, Stack size 8 bytes, expedidor.o(i.__ARM_common_switch8))
<BR><BR>[Stack]<UL><LI>Max Depth = 8<LI>Call Chain = __ARM_common_switch8
</UL>
<BR>[Called By]<UL><LI><a href="#[6e]">&gt;&gt;</a>&nbsp;&nbsp;&nbsp;SecuenciaExpedidorMF
</UL>

<P><STRONG><a name="[3b]"></a>_sys_exit</STRONG> (Thumb, 4 bytes, Stack size 0 bytes, retarget.o(i._sys_exit))
<BR><BR>[Called By]<UL><LI><a href="#[3a]">&gt;&gt;</a>&nbsp;&nbsp;&nbsp;__rt_exit_exit
</UL>

<P><STRONG><a name="[76]"></a>com_isr</STRONG> (Thumb, 282 bytes, Stack size 12 bytes, uart_cero.o(i.com_isr))
<BR><BR>[Stack]<UL><LI>Max Depth = 12<LI>Call Chain = com_isr
</UL>
<BR>[Called By]<UL><LI><a href="#[d]">&gt;&gt;</a>&nbsp;&nbsp;&nbsp;UART0_Handler
</UL>

<P><STRONG><a name="[82]"></a>error_rx_pto</STRONG> (Thumb, 62 bytes, Stack size 8 bytes, expedidor.o(i.error_rx_pto))
<BR><BR>[Stack]<UL><LI>Max Depth = 136 + Unknown Stack Size
<LI>Call Chain = error_rx_pto &rArr; __2printf &rArr; _printf_char_file &rArr; _printf_char_common &rArr; __printf
</UL>
<BR>[Calls]<UL><LI><a href="#[3c]">&gt;&gt;</a>&nbsp;&nbsp;&nbsp;__2printf
<LI><a href="#[5a]">&gt;&gt;</a>&nbsp;&nbsp;&nbsp;Debug_chr_UART2
</UL>
<BR>[Called By]<UL><LI><a href="#[71]">&gt;&gt;</a>&nbsp;&nbsp;&nbsp;rta_cmd_transporte
</UL>

<P><STRONG><a name="[51]"></a>ferror</STRONG> (Thumb, 8 bytes, Stack size 0 bytes, retarget.o(i.ferror))
<BR><BR>[Called By]<UL><LI><a href="#[3d]">&gt;&gt;</a>&nbsp;&nbsp;&nbsp;_printf_char_file
</UL>

<P><STRONG><a name="[27]"></a>fputc</STRONG> (Thumb, 14 bytes, Stack size 16 bytes, retarget.o(i.fputc))
<BR><BR>[Stack]<UL><LI>Max Depth = 20<LI>Call Chain = fputc &rArr; S_UartPutc
</UL>
<BR>[Calls]<UL><LI><a href="#[5b]">&gt;&gt;</a>&nbsp;&nbsp;&nbsp;S_UartPutc
</UL>
<BR>[Address Reference Count : 1]<UL><LI> _printf_char_file.o(.text)
</UL>
<P><STRONG><a name="[36]"></a>main</STRONG> (Thumb, 266 bytes, Stack size 24 bytes, main.o(i.main))
<BR><BR>[Stack]<UL><LI>Max Depth = 248 + Unknown Stack Size
<LI>Call Chain = main &rArr; SecuenciaExpedidorMF &rArr; Responde_Lectura_Tarjeta_Sector1_Bloque1 &rArr; DebugBufferMF &rArr; __2printf &rArr; _printf_char_file &rArr; _printf_char_common &rArr; __printf
</UL>
<BR>[Calls]<UL><LI><a href="#[6e]">&gt;&gt;</a>&nbsp;&nbsp;&nbsp;SecuenciaExpedidorMF
<LI><a href="#[88]">&gt;&gt;</a>&nbsp;&nbsp;&nbsp;NVIC_EnableIRQ
<LI><a href="#[87]">&gt;&gt;</a>&nbsp;&nbsp;&nbsp;NVIC_ClearPendingIRQ
<LI><a href="#[81]">&gt;&gt;</a>&nbsp;&nbsp;&nbsp;UartPuts
<LI><a href="#[85]">&gt;&gt;</a>&nbsp;&nbsp;&nbsp;UART_StructInit
<LI><a href="#[78]">&gt;&gt;</a>&nbsp;&nbsp;&nbsp;UART_Init
<LI><a href="#[86]">&gt;&gt;</a>&nbsp;&nbsp;&nbsp;UART_ITConfig
<LI><a href="#[6d]">&gt;&gt;</a>&nbsp;&nbsp;&nbsp;S_UartPuts
<LI><a href="#[66]">&gt;&gt;</a>&nbsp;&nbsp;&nbsp;S_UART_Init
<LI><a href="#[89]">&gt;&gt;</a>&nbsp;&nbsp;&nbsp;S_UART_ITConfig
<LI><a href="#[84]">&gt;&gt;</a>&nbsp;&nbsp;&nbsp;PAD_AFConfig
<LI><a href="#[8a]">&gt;&gt;</a>&nbsp;&nbsp;&nbsp;GPIO_SetBits
<LI><a href="#[83]">&gt;&gt;</a>&nbsp;&nbsp;&nbsp;GPIO_Init
<LI><a href="#[25]">&gt;&gt;</a>&nbsp;&nbsp;&nbsp;SystemInit
</UL>
<BR>[Called By]<UL><LI><a href="#[35]">&gt;&gt;</a>&nbsp;&nbsp;&nbsp;__rt_entry_main
</UL>

<P><STRONG><a name="[71]"></a>rta_cmd_transporte</STRONG> (Thumb, 94 bytes, Stack size 16 bytes, expedidor.o(i.rta_cmd_transporte))
<BR><BR>[Stack]<UL><LI>Max Depth = 168 + Unknown Stack Size
<LI>Call Chain = rta_cmd_transporte &rArr; DebugBufferMF &rArr; __2printf &rArr; _printf_char_file &rArr; _printf_char_common &rArr; __printf
</UL>
<BR>[Calls]<UL><LI><a href="#[3c]">&gt;&gt;</a>&nbsp;&nbsp;&nbsp;__2printf
<LI><a href="#[82]">&gt;&gt;</a>&nbsp;&nbsp;&nbsp;error_rx_pto
<LI><a href="#[72]">&gt;&gt;</a>&nbsp;&nbsp;&nbsp;Trama_Validacion_P_N
<LI><a href="#[57]">&gt;&gt;</a>&nbsp;&nbsp;&nbsp;DebugBufferMF
</UL>
<BR>[Called By]<UL><LI><a href="#[6e]">&gt;&gt;</a>&nbsp;&nbsp;&nbsp;SecuenciaExpedidorMF
</UL>

<P><STRONG><a name="[c3]"></a>__aeabi_fadd</STRONG> (Thumb, 0 bytes, Stack size 16 bytes, faddsub.o(x$fpl$fadd), UNUSED)

<P><STRONG><a name="[8b]"></a>_fadd</STRONG> (Thumb, 134 bytes, Stack size 16 bytes, faddsub.o(x$fpl$fadd), UNUSED)
<BR><BR>[Calls]<UL><LI><a href="#[8c]">&gt;&gt;</a>&nbsp;&nbsp;&nbsp;_fsub1
</UL>

<P><STRONG><a name="[7c]"></a>__aeabi_fmul</STRONG> (Thumb, 0 bytes, Stack size 16 bytes, fmul.o(x$fpl$fmul))
<BR><BR>[Stack]<UL><LI>Max Depth = 16<LI>Call Chain = __aeabi_fmul
</UL>
<BR>[Called By]<UL><LI><a href="#[78]">&gt;&gt;</a>&nbsp;&nbsp;&nbsp;UART_Init
</UL>

<P><STRONG><a name="[c4]"></a>_fmul</STRONG> (Thumb, 172 bytes, Stack size 16 bytes, fmul.o(x$fpl$fmul), UNUSED)

<P><STRONG><a name="[7b]"></a>__aeabi_frsub</STRONG> (Thumb, 0 bytes, Stack size 16 bytes, faddsub.o(x$fpl$frsb))
<BR><BR>[Stack]<UL><LI>Max Depth = 16<LI>Call Chain = __aeabi_frsub
</UL>
<BR>[Called By]<UL><LI><a href="#[78]">&gt;&gt;</a>&nbsp;&nbsp;&nbsp;UART_Init
</UL>

<P><STRONG><a name="[8d]"></a>_frsb</STRONG> (Thumb, 24 bytes, Stack size 16 bytes, faddsub.o(x$fpl$frsb), UNUSED)
<BR><BR>[Calls]<UL><LI><a href="#[8c]">&gt;&gt;</a>&nbsp;&nbsp;&nbsp;_fsub1
<LI><a href="#[8e]">&gt;&gt;</a>&nbsp;&nbsp;&nbsp;_fadd1
</UL>

<P><STRONG><a name="[c5]"></a>__aeabi_fsub</STRONG> (Thumb, 0 bytes, Stack size 16 bytes, faddsub.o(x$fpl$fsub), UNUSED)

<P><STRONG><a name="[8f]"></a>_fsub</STRONG> (Thumb, 204 bytes, Stack size 16 bytes, faddsub.o(x$fpl$fsub), UNUSED)
<BR><BR>[Calls]<UL><LI><a href="#[8e]">&gt;&gt;</a>&nbsp;&nbsp;&nbsp;_fadd1
</UL>
<P>
<H3>
Local Symbols
</H3>
<P><STRONG><a name="[87]"></a>NVIC_ClearPendingIRQ</STRONG> (Thumb, 14 bytes, Stack size 0 bytes, main.o(i.NVIC_ClearPendingIRQ))
<BR><BR>[Called By]<UL><LI><a href="#[36]">&gt;&gt;</a>&nbsp;&nbsp;&nbsp;main
</UL>

<P><STRONG><a name="[88]"></a>NVIC_EnableIRQ</STRONG> (Thumb, 14 bytes, Stack size 0 bytes, main.o(i.NVIC_EnableIRQ))
<BR><BR>[Called By]<UL><LI><a href="#[36]">&gt;&gt;</a>&nbsp;&nbsp;&nbsp;main
</UL>

<P><STRONG><a name="[46]"></a>_dadd1</STRONG> (Thumb, 290 bytes, Stack size 20 bytes, daddsub.o(.text), UNUSED)
<BR><BR>[Called By]<UL><LI><a href="#[48]">&gt;&gt;</a>&nbsp;&nbsp;&nbsp;_drsb
<LI><a href="#[47]">&gt;&gt;</a>&nbsp;&nbsp;&nbsp;_dsub
<LI><a href="#[44]">&gt;&gt;</a>&nbsp;&nbsp;&nbsp;_dadd
</UL>

<P><STRONG><a name="[45]"></a>_dsub1</STRONG> (Thumb, 470 bytes, Stack size 40 bytes, daddsub.o(.text), UNUSED)
<BR><BR>[Called By]<UL><LI><a href="#[48]">&gt;&gt;</a>&nbsp;&nbsp;&nbsp;_drsb
<LI><a href="#[47]">&gt;&gt;</a>&nbsp;&nbsp;&nbsp;_dsub
<LI><a href="#[44]">&gt;&gt;</a>&nbsp;&nbsp;&nbsp;_dadd
</UL>

<P><STRONG><a name="[8e]"></a>_fadd1</STRONG> (Thumb, 0 bytes, Stack size unknown bytes, faddsub.o(x$fpl$fadd), UNUSED)
<BR><BR>[Called By]<UL><LI><a href="#[8f]">&gt;&gt;</a>&nbsp;&nbsp;&nbsp;_fsub
<LI><a href="#[8d]">&gt;&gt;</a>&nbsp;&nbsp;&nbsp;_frsb
</UL>

<P><STRONG><a name="[8c]"></a>_fsub1</STRONG> (Thumb, 0 bytes, Stack size unknown bytes, faddsub.o(x$fpl$fsub), UNUSED)
<BR><BR>[Called By]<UL><LI><a href="#[8d]">&gt;&gt;</a>&nbsp;&nbsp;&nbsp;_frsb
<LI><a href="#[8b]">&gt;&gt;</a>&nbsp;&nbsp;&nbsp;_fadd
</UL>

<P><STRONG><a name="[28]"></a>_printf_input_char</STRONG> (Thumb, 10 bytes, Stack size 0 bytes, _printf_char_common.o(.text))
<BR>[Address Reference Count : 1]<UL><LI> _printf_char_common.o(.text)
</UL><P>
<H3>
Undefined Global Symbols
</H3>
<P><STRONG><a name="[54]"></a>_call_atexit_fns</STRONG> (ARM, 0 bytes, Stack size 0 bytes, UNDEFINED)
<BR><BR>[Called By]<UL><LI><a href="#[37]">&gt;&gt;</a>&nbsp;&nbsp;&nbsp;exit
</UL>

<P><STRONG><a name="[4f]"></a>_printf_post_padding</STRONG> (ARM, 0 bytes, Stack size 0 bytes, UNDEFINED)
<BR><BR>[Called By]<UL><LI><a href="#[43]">&gt;&gt;</a>&nbsp;&nbsp;&nbsp;_printf_int_common
</UL>

<P><STRONG><a name="[4e]"></a>_printf_pre_padding</STRONG> (ARM, 0 bytes, Stack size 0 bytes, UNDEFINED)
<BR><BR>[Called By]<UL><LI><a href="#[43]">&gt;&gt;</a>&nbsp;&nbsp;&nbsp;_printf_int_common
</UL>

<P><STRONG><a name="[40]"></a>_printf_truncate_signed</STRONG> (ARM, 0 bytes, Stack size 0 bytes, UNDEFINED)
<BR><BR>[Called By]<UL><LI><a href="#[30]">&gt;&gt;</a>&nbsp;&nbsp;&nbsp;_printf_int_dec
</UL>

<P><STRONG><a name="[41]"></a>_printf_truncate_unsigned</STRONG> (ARM, 0 bytes, Stack size 0 bytes, UNDEFINED)
<BR><BR>[Called By]<UL><LI><a href="#[30]">&gt;&gt;</a>&nbsp;&nbsp;&nbsp;_printf_int_dec
</UL>
<HR></body></html>
