<!doctype html public "-//w3c//dtd html 4.0 transitional//en">
<html><head>
<title>Static Call Graph - [.\Obj\W7500x_WZTOE_Loopback.axf]</title></head>
<body><HR>
<H1>Static Call Graph for image .\Obj\W7500x_WZTOE_Loopback.axf</H1><HR>
<BR><P>#&#060CALLGRAPH&#062# ARM Linker, 5060750: Last Updated: Sat Jun 26 20:42:25 2021
<BR><P>
<H3>Maximum Stack Usage =        216 bytes + Unknown(Cycles, Untraceable Function Pointers)</H3><H3>
Call chain for Maximum Stack Depth:</H3>
__rt_entry_main &rArr; main &rArr; loopback_tcps &rArr; __2printf &rArr; _printf_char_file &rArr; _printf_char_common &rArr; __printf
<P>
<H3>
Mutually Recursive functions
</H3> <LI><a href="#[21]">RTC_Handler</a>&nbsp;&nbsp;&nbsp;&rArr;&nbsp;&nbsp;&nbsp;<a href="#[21]">RTC_Handler</a><BR>
 <LI><a href="#[3d]">_sys_exit</a>&nbsp;&nbsp;&nbsp;&rArr;&nbsp;&nbsp;&nbsp;<a href="#[3d]">_sys_exit</a><BR>
</UL>
<P>
<H3>
Function Pointers
</H3><UL>
 <LI><a href="#[22]">ADC_Handler</a> from w7500x_it.o(.text) referenced from startup_w7500x.o(RESET)
 <LI><a href="#[16]">DMA_Handler</a> from w7500x_it.o(.text) referenced from startup_w7500x.o(RESET)
 <LI><a href="#[17]">DUALTIMER0_Handler</a> from w7500x_it.o(.text) referenced from startup_w7500x.o(RESET)
 <LI><a href="#[18]">DUALTIMER1_Handler</a> from w7500x_it.o(.text) referenced from startup_w7500x.o(RESET)
 <LI><a href="#[24]">EXTI_Handler</a> from w7500x_it.o(.text) referenced from startup_w7500x.o(RESET)
 <LI><a href="#[7]">HardFault_Handler</a> from w7500x_it.o(.text) referenced from startup_w7500x.o(RESET)
 <LI><a href="#[10]">I2C0_Handler</a> from w7500x_it.o(.text) referenced from startup_w7500x.o(RESET)
 <LI><a href="#[11]">I2C1_Handler</a> from w7500x_it.o(.text) referenced from startup_w7500x.o(RESET)
 <LI><a href="#[6]">NMI_Handler</a> from w7500x_it.o(.text) referenced from startup_w7500x.o(RESET)
 <LI><a href="#[12]">PORT0_Handler</a> from w7500x_it.o(.text) referenced from startup_w7500x.o(RESET)
 <LI><a href="#[13]">PORT1_Handler</a> from w7500x_it.o(.text) referenced from startup_w7500x.o(RESET)
 <LI><a href="#[14]">PORT2_Handler</a> from w7500x_it.o(.text) referenced from startup_w7500x.o(RESET)
 <LI><a href="#[15]">PORT3_Handler</a> from w7500x_it.o(.text) referenced from startup_w7500x.o(RESET)
 <LI><a href="#[19]">PWM0_Handler</a> from w7500x_it.o(.text) referenced from startup_w7500x.o(RESET)
 <LI><a href="#[1a]">PWM1_Handler</a> from w7500x_it.o(.text) referenced from startup_w7500x.o(RESET)
 <LI><a href="#[1b]">PWM2_Handler</a> from w7500x_it.o(.text) referenced from startup_w7500x.o(RESET)
 <LI><a href="#[1c]">PWM3_Handler</a> from w7500x_it.o(.text) referenced from startup_w7500x.o(RESET)
 <LI><a href="#[1d]">PWM4_Handler</a> from w7500x_it.o(.text) referenced from startup_w7500x.o(RESET)
 <LI><a href="#[1e]">PWM5_Handler</a> from w7500x_it.o(.text) referenced from startup_w7500x.o(RESET)
 <LI><a href="#[1f]">PWM6_Handler</a> from w7500x_it.o(.text) referenced from startup_w7500x.o(RESET)
 <LI><a href="#[20]">PWM7_Handler</a> from w7500x_it.o(.text) referenced from startup_w7500x.o(RESET)
 <LI><a href="#[9]">PendSV_Handler</a> from w7500x_it.o(.text) referenced from startup_w7500x.o(RESET)
 <LI><a href="#[21]">RTC_Handler</a> from startup_w7500x.o(.text) referenced from startup_w7500x.o(RESET)
 <LI><a href="#[5]">Reset_Handler</a> from startup_w7500x.o(.text) referenced from startup_w7500x.o(RESET)
 <LI><a href="#[b]">SSP0_Handler</a> from w7500x_it.o(.text) referenced from startup_w7500x.o(RESET)
 <LI><a href="#[c]">SSP1_Handler</a> from w7500x_it.o(.text) referenced from startup_w7500x.o(RESET)
 <LI><a href="#[8]">SVC_Handler</a> from w7500x_it.o(.text) referenced from startup_w7500x.o(RESET)
 <LI><a href="#[a]">SysTick_Handler</a> from w7500x_it.o(.text) referenced from startup_w7500x.o(RESET)
 <LI><a href="#[25]">SystemInit</a> from system_w7500x.o(.text) referenced from startup_w7500x.o(.text)
 <LI><a href="#[d]">UART0_Handler</a> from w7500x_it.o(.text) referenced from startup_w7500x.o(RESET)
 <LI><a href="#[e]">UART1_Handler</a> from w7500x_it.o(.text) referenced from startup_w7500x.o(RESET)
 <LI><a href="#[f]">UART2_Handler</a> from w7500x_it.o(.text) referenced from startup_w7500x.o(RESET)
 <LI><a href="#[23]">WZTOE_Handler</a> from w7500x_it.o(.text) referenced from startup_w7500x.o(RESET)
 <LI><a href="#[29]">__main</a> from __main.o(!!!main) referenced from startup_w7500x.o(.text)
 <LI><a href="#[28]">_printf_input_char</a> from _printf_char_common.o(.text) referenced from _printf_char_common.o(.text)
 <LI><a href="#[27]">fputc</a> from retarget.o(.text) referenced from _printf_char_file.o(.text)
</UL>
<P>
<H3>
Global Symbols
</H3>
<P><STRONG><a name="[29]"></a>__main</STRONG> (Thumb, 8 bytes, Stack size 0 bytes, __main.o(!!!main))
<BR><BR>[Calls]<UL><LI><a href="#[2b]">&gt;&gt;</a>&nbsp;&nbsp;&nbsp;__rt_entry
<LI><a href="#[2a]">&gt;&gt;</a>&nbsp;&nbsp;&nbsp;__scatterload
</UL>

<P><STRONG><a name="[2a]"></a>__scatterload</STRONG> (Thumb, 0 bytes, Stack size unknown bytes, __scatter.o(!!!scatter))
<BR><BR>[Called By]<UL><LI><a href="#[29]">&gt;&gt;</a>&nbsp;&nbsp;&nbsp;__main
</UL>

<P><STRONG><a name="[2c]"></a>__scatterload_rt2</STRONG> (Thumb, 52 bytes, Stack size unknown bytes, __scatter.o(!!!scatter), UNUSED)
<BR><BR>[Calls]<UL><LI><a href="#[2b]">&gt;&gt;</a>&nbsp;&nbsp;&nbsp;__rt_entry
</UL>

<P><STRONG><a name="[a3]"></a>__scatterload_rt2_thumb_only</STRONG> (Thumb, 0 bytes, Stack size unknown bytes, __scatter.o(!!!scatter), UNUSED)

<P><STRONG><a name="[a4]"></a>__scatterload_null</STRONG> (Thumb, 0 bytes, Stack size unknown bytes, __scatter.o(!!!scatter), UNUSED)

<P><STRONG><a name="[2d]"></a>__scatterload_copy</STRONG> (Thumb, 26 bytes, Stack size unknown bytes, __scatter_copy.o(!!handler_copy), UNUSED)
<BR><BR>[Calls]<UL><LI><a href="#[2d]">&gt;&gt;</a>&nbsp;&nbsp;&nbsp;__scatterload_copy
</UL>
<BR>[Called By]<UL><LI><a href="#[2d]">&gt;&gt;</a>&nbsp;&nbsp;&nbsp;__scatterload_copy
</UL>

<P><STRONG><a name="[a5]"></a>__scatterload_zeroinit</STRONG> (Thumb, 28 bytes, Stack size unknown bytes, __scatter_zi.o(!!handler_zi), UNUSED)

<P><STRONG><a name="[8c]"></a>_printf_percent</STRONG> (Thumb, 0 bytes, Stack size unknown bytes, _printf_percent.o(.ARM.Collect$$_printf_percent$$00000000))
<BR><BR>[Called By]<UL><LI><a href="#[8a]">&gt;&gt;</a>&nbsp;&nbsp;&nbsp;__printf
</UL>

<P><STRONG><a name="[2e]"></a>_printf_d</STRONG> (Thumb, 0 bytes, Stack size unknown bytes, _printf_d.o(.ARM.Collect$$_printf_percent$$00000009))
<BR><BR>[Stack]<UL><LI>Max Depth = 72 + Unknown Stack Size
<LI>Call Chain = _printf_d &rArr; _printf_int_dec &rArr; _printf_int_common
</UL>
<BR>[Calls]<UL><LI><a href="#[2f]">&gt;&gt;</a>&nbsp;&nbsp;&nbsp;_printf_x
<LI><a href="#[30]">&gt;&gt;</a>&nbsp;&nbsp;&nbsp;_printf_int_dec
</UL>

<P><STRONG><a name="[2f]"></a>_printf_x</STRONG> (Thumb, 0 bytes, Stack size unknown bytes, _printf_x.o(.ARM.Collect$$_printf_percent$$0000000C))
<BR><BR>[Stack]<UL><LI>Max Depth = 56 + Unknown Stack Size
<LI>Call Chain = _printf_x &rArr; _printf_int_hex &rArr; _printf_int_common
</UL>
<BR>[Calls]<UL><LI><a href="#[31]">&gt;&gt;</a>&nbsp;&nbsp;&nbsp;_printf_percent_end
<LI><a href="#[32]">&gt;&gt;</a>&nbsp;&nbsp;&nbsp;_printf_int_hex
</UL>
<BR>[Called By]<UL><LI><a href="#[2e]">&gt;&gt;</a>&nbsp;&nbsp;&nbsp;_printf_d
</UL>

<P><STRONG><a name="[31]"></a>_printf_percent_end</STRONG> (Thumb, 0 bytes, Stack size unknown bytes, _printf_percent_end.o(.ARM.Collect$$_printf_percent$$00000017))
<BR><BR>[Called By]<UL><LI><a href="#[2f]">&gt;&gt;</a>&nbsp;&nbsp;&nbsp;_printf_x
</UL>

<P><STRONG><a name="[36]"></a>__rt_lib_init</STRONG> (Thumb, 0 bytes, Stack size unknown bytes, libinit.o(.ARM.Collect$$libinit$$00000000))
<BR><BR>[Called By]<UL><LI><a href="#[35]">&gt;&gt;</a>&nbsp;&nbsp;&nbsp;__rt_entry_li
</UL>

<P><STRONG><a name="[a6]"></a>__rt_lib_init_alloca_1</STRONG> (Thumb, 0 bytes, Stack size unknown bytes, libinit2.o(.ARM.Collect$$libinit$$0000002E))

<P><STRONG><a name="[a7]"></a>__rt_lib_init_argv_1</STRONG> (Thumb, 0 bytes, Stack size unknown bytes, libinit2.o(.ARM.Collect$$libinit$$0000002C))

<P><STRONG><a name="[a8]"></a>__rt_lib_init_atexit_1</STRONG> (Thumb, 0 bytes, Stack size unknown bytes, libinit2.o(.ARM.Collect$$libinit$$0000001B))

<P><STRONG><a name="[a9]"></a>__rt_lib_init_clock_1</STRONG> (Thumb, 0 bytes, Stack size unknown bytes, libinit2.o(.ARM.Collect$$libinit$$00000021))

<P><STRONG><a name="[aa]"></a>__rt_lib_init_cpp_1</STRONG> (Thumb, 0 bytes, Stack size unknown bytes, libinit2.o(.ARM.Collect$$libinit$$00000032))

<P><STRONG><a name="[ab]"></a>__rt_lib_init_exceptions_1</STRONG> (Thumb, 0 bytes, Stack size unknown bytes, libinit2.o(.ARM.Collect$$libinit$$00000030))

<P><STRONG><a name="[ac]"></a>__rt_lib_init_fp_1</STRONG> (Thumb, 0 bytes, Stack size unknown bytes, libinit2.o(.ARM.Collect$$libinit$$00000002))

<P><STRONG><a name="[ad]"></a>__rt_lib_init_fp_trap_1</STRONG> (Thumb, 0 bytes, Stack size unknown bytes, libinit2.o(.ARM.Collect$$libinit$$0000001F))

<P><STRONG><a name="[ae]"></a>__rt_lib_init_getenv_1</STRONG> (Thumb, 0 bytes, Stack size unknown bytes, libinit2.o(.ARM.Collect$$libinit$$00000023))

<P><STRONG><a name="[af]"></a>__rt_lib_init_heap_1</STRONG> (Thumb, 0 bytes, Stack size unknown bytes, libinit2.o(.ARM.Collect$$libinit$$0000000A))

<P><STRONG><a name="[b0]"></a>__rt_lib_init_lc_collate_1</STRONG> (Thumb, 0 bytes, Stack size unknown bytes, libinit2.o(.ARM.Collect$$libinit$$00000011))

<P><STRONG><a name="[b1]"></a>__rt_lib_init_lc_ctype_1</STRONG> (Thumb, 0 bytes, Stack size unknown bytes, libinit2.o(.ARM.Collect$$libinit$$00000013))

<P><STRONG><a name="[b2]"></a>__rt_lib_init_lc_monetary_1</STRONG> (Thumb, 0 bytes, Stack size unknown bytes, libinit2.o(.ARM.Collect$$libinit$$00000015))

<P><STRONG><a name="[b3]"></a>__rt_lib_init_lc_numeric_1</STRONG> (Thumb, 0 bytes, Stack size unknown bytes, libinit2.o(.ARM.Collect$$libinit$$00000017))

<P><STRONG><a name="[b4]"></a>__rt_lib_init_lc_time_1</STRONG> (Thumb, 0 bytes, Stack size unknown bytes, libinit2.o(.ARM.Collect$$libinit$$00000019))

<P><STRONG><a name="[b5]"></a>__rt_lib_init_preinit_1</STRONG> (Thumb, 0 bytes, Stack size unknown bytes, libinit2.o(.ARM.Collect$$libinit$$00000004))

<P><STRONG><a name="[b6]"></a>__rt_lib_init_rand_1</STRONG> (Thumb, 0 bytes, Stack size unknown bytes, libinit2.o(.ARM.Collect$$libinit$$0000000E))

<P><STRONG><a name="[b7]"></a>__rt_lib_init_return</STRONG> (Thumb, 0 bytes, Stack size unknown bytes, libinit2.o(.ARM.Collect$$libinit$$00000033))

<P><STRONG><a name="[b8]"></a>__rt_lib_init_signal_1</STRONG> (Thumb, 0 bytes, Stack size unknown bytes, libinit2.o(.ARM.Collect$$libinit$$0000001D))

<P><STRONG><a name="[b9]"></a>__rt_lib_init_stdio_1</STRONG> (Thumb, 0 bytes, Stack size unknown bytes, libinit2.o(.ARM.Collect$$libinit$$00000025))

<P><STRONG><a name="[ba]"></a>__rt_lib_init_user_alloc_1</STRONG> (Thumb, 0 bytes, Stack size unknown bytes, libinit2.o(.ARM.Collect$$libinit$$0000000C))

<P><STRONG><a name="[3b]"></a>__rt_lib_shutdown</STRONG> (Thumb, 0 bytes, Stack size unknown bytes, libshutdown.o(.ARM.Collect$$libshutdown$$00000000))
<BR><BR>[Called By]<UL><LI><a href="#[3a]">&gt;&gt;</a>&nbsp;&nbsp;&nbsp;__rt_exit_ls
</UL>

<P><STRONG><a name="[bb]"></a>__rt_lib_shutdown_cpp_1</STRONG> (Thumb, 0 bytes, Stack size unknown bytes, libshutdown2.o(.ARM.Collect$$libshutdown$$00000002))

<P><STRONG><a name="[bc]"></a>__rt_lib_shutdown_fp_trap_1</STRONG> (Thumb, 0 bytes, Stack size unknown bytes, libshutdown2.o(.ARM.Collect$$libshutdown$$00000007))

<P><STRONG><a name="[bd]"></a>__rt_lib_shutdown_heap_1</STRONG> (Thumb, 0 bytes, Stack size unknown bytes, libshutdown2.o(.ARM.Collect$$libshutdown$$0000000F))

<P><STRONG><a name="[be]"></a>__rt_lib_shutdown_return</STRONG> (Thumb, 0 bytes, Stack size unknown bytes, libshutdown2.o(.ARM.Collect$$libshutdown$$00000010))

<P><STRONG><a name="[bf]"></a>__rt_lib_shutdown_signal_1</STRONG> (Thumb, 0 bytes, Stack size unknown bytes, libshutdown2.o(.ARM.Collect$$libshutdown$$0000000A))

<P><STRONG><a name="[c0]"></a>__rt_lib_shutdown_stdio_1</STRONG> (Thumb, 0 bytes, Stack size unknown bytes, libshutdown2.o(.ARM.Collect$$libshutdown$$00000004))

<P><STRONG><a name="[c1]"></a>__rt_lib_shutdown_user_alloc_1</STRONG> (Thumb, 0 bytes, Stack size unknown bytes, libshutdown2.o(.ARM.Collect$$libshutdown$$0000000C))

<P><STRONG><a name="[2b]"></a>__rt_entry</STRONG> (Thumb, 0 bytes, Stack size unknown bytes, __rtentry.o(.ARM.Collect$$rtentry$$00000000))
<BR><BR>[Called By]<UL><LI><a href="#[29]">&gt;&gt;</a>&nbsp;&nbsp;&nbsp;__main
<LI><a href="#[2c]">&gt;&gt;</a>&nbsp;&nbsp;&nbsp;__scatterload_rt2
</UL>

<P><STRONG><a name="[c2]"></a>__rt_entry_presh_1</STRONG> (Thumb, 0 bytes, Stack size unknown bytes, __rtentry2.o(.ARM.Collect$$rtentry$$00000002))

<P><STRONG><a name="[33]"></a>__rt_entry_sh</STRONG> (Thumb, 0 bytes, Stack size unknown bytes, __rtentry4.o(.ARM.Collect$$rtentry$$00000004))
<BR><BR>[Stack]<UL><LI>Max Depth = 8 + Unknown Stack Size
<LI>Call Chain = __rt_entry_sh &rArr; __user_setup_stackheap
</UL>
<BR>[Calls]<UL><LI><a href="#[34]">&gt;&gt;</a>&nbsp;&nbsp;&nbsp;__user_setup_stackheap
</UL>

<P><STRONG><a name="[35]"></a>__rt_entry_li</STRONG> (Thumb, 0 bytes, Stack size unknown bytes, __rtentry2.o(.ARM.Collect$$rtentry$$0000000A))
<BR><BR>[Calls]<UL><LI><a href="#[36]">&gt;&gt;</a>&nbsp;&nbsp;&nbsp;__rt_lib_init
</UL>

<P><STRONG><a name="[c3]"></a>__rt_entry_postsh_1</STRONG> (Thumb, 0 bytes, Stack size unknown bytes, __rtentry2.o(.ARM.Collect$$rtentry$$00000009))

<P><STRONG><a name="[37]"></a>__rt_entry_main</STRONG> (Thumb, 0 bytes, Stack size unknown bytes, __rtentry2.o(.ARM.Collect$$rtentry$$0000000D))
<BR><BR>[Stack]<UL><LI>Max Depth = 216 + Unknown Stack Size
<LI>Call Chain = __rt_entry_main &rArr; main &rArr; loopback_tcps &rArr; __2printf &rArr; _printf_char_file &rArr; _printf_char_common &rArr; __printf
</UL>
<BR>[Calls]<UL><LI><a href="#[38]">&gt;&gt;</a>&nbsp;&nbsp;&nbsp;main
<LI><a href="#[39]">&gt;&gt;</a>&nbsp;&nbsp;&nbsp;exit
</UL>

<P><STRONG><a name="[c4]"></a>__rt_entry_postli_1</STRONG> (Thumb, 0 bytes, Stack size unknown bytes, __rtentry2.o(.ARM.Collect$$rtentry$$0000000C))

<P><STRONG><a name="[9d]"></a>__rt_exit</STRONG> (Thumb, 0 bytes, Stack size unknown bytes, rtexit.o(.ARM.Collect$$rtexit$$00000000))
<BR><BR>[Called By]<UL><LI><a href="#[39]">&gt;&gt;</a>&nbsp;&nbsp;&nbsp;exit
</UL>

<P><STRONG><a name="[3a]"></a>__rt_exit_ls</STRONG> (Thumb, 0 bytes, Stack size unknown bytes, rtexit2.o(.ARM.Collect$$rtexit$$00000003))
<BR><BR>[Calls]<UL><LI><a href="#[3b]">&gt;&gt;</a>&nbsp;&nbsp;&nbsp;__rt_lib_shutdown
</UL>

<P><STRONG><a name="[c5]"></a>__rt_exit_prels_1</STRONG> (Thumb, 0 bytes, Stack size unknown bytes, rtexit2.o(.ARM.Collect$$rtexit$$00000002))

<P><STRONG><a name="[3c]"></a>__rt_exit_exit</STRONG> (Thumb, 0 bytes, Stack size unknown bytes, rtexit2.o(.ARM.Collect$$rtexit$$00000004))
<BR><BR>[Calls]<UL><LI><a href="#[3d]">&gt;&gt;</a>&nbsp;&nbsp;&nbsp;_sys_exit
</UL>

<P><STRONG><a name="[5]"></a>Reset_Handler</STRONG> (Thumb, 8 bytes, Stack size 0 bytes, startup_w7500x.o(.text))
<BR>[Address Reference Count : 1]<UL><LI> startup_w7500x.o(RESET)
</UL>
<P><STRONG><a name="[21]"></a>RTC_Handler</STRONG> (Thumb, 0 bytes, Stack size 0 bytes, startup_w7500x.o(.text))
<BR><BR>[Calls]<UL><LI><a href="#[21]">&gt;&gt;</a>&nbsp;&nbsp;&nbsp;RTC_Handler
</UL>
<BR>[Called By]<UL><LI><a href="#[21]">&gt;&gt;</a>&nbsp;&nbsp;&nbsp;RTC_Handler
</UL>
<BR>[Address Reference Count : 1]<UL><LI> startup_w7500x.o(RESET)
</UL>
<P><STRONG><a name="[9b]"></a>__user_initial_stackheap</STRONG> (Thumb, 10 bytes, Stack size 0 bytes, startup_w7500x.o(.text))
<BR><BR>[Called By]<UL><LI><a href="#[34]">&gt;&gt;</a>&nbsp;&nbsp;&nbsp;__user_setup_stackheap
</UL>

<P><STRONG><a name="[c6]"></a>CRG_DeInit</STRONG> (Thumb, 2 bytes, Stack size 0 bytes, w7500x_crg.o(.text), UNUSED)

<P><STRONG><a name="[c7]"></a>CRG_OSC_PowerDownEnable</STRONG> (Thumb, 12 bytes, Stack size 0 bytes, w7500x_crg.o(.text), UNUSED)

<P><STRONG><a name="[c8]"></a>CRG_PLL_PowerDownEnable</STRONG> (Thumb, 16 bytes, Stack size 0 bytes, w7500x_crg.o(.text), UNUSED)

<P><STRONG><a name="[c9]"></a>CRG_PLL_OutputEnable</STRONG> (Thumb, 12 bytes, Stack size 0 bytes, w7500x_crg.o(.text), UNUSED)

<P><STRONG><a name="[ca]"></a>CRG_PLL_BypassEnable</STRONG> (Thumb, 12 bytes, Stack size 0 bytes, w7500x_crg.o(.text), UNUSED)

<P><STRONG><a name="[5e]"></a>CRG_PLL_InputFrequencySelect</STRONG> (Thumb, 16 bytes, Stack size 0 bytes, w7500x_crg.o(.text))
<BR><BR>[Called By]<UL><LI><a href="#[38]">&gt;&gt;</a>&nbsp;&nbsp;&nbsp;main
</UL>

<P><STRONG><a name="[cb]"></a>CRG_FCLK_SourceSelect</STRONG> (Thumb, 16 bytes, Stack size 0 bytes, w7500x_crg.o(.text), UNUSED)

<P><STRONG><a name="[cc]"></a>CRG_FCLK_SetPrescale</STRONG> (Thumb, 20 bytes, Stack size 0 bytes, w7500x_crg.o(.text), UNUSED)

<P><STRONG><a name="[cd]"></a>CRG_SSPCLK_SourceSelect</STRONG> (Thumb, 22 bytes, Stack size 0 bytes, w7500x_crg.o(.text), UNUSED)

<P><STRONG><a name="[ce]"></a>CRG_SSPCLK_SetPrescale</STRONG> (Thumb, 22 bytes, Stack size 0 bytes, w7500x_crg.o(.text), UNUSED)

<P><STRONG><a name="[cf]"></a>CRG_ADCCLK_SourceSelect</STRONG> (Thumb, 22 bytes, Stack size 0 bytes, w7500x_crg.o(.text), UNUSED)

<P><STRONG><a name="[d0]"></a>CRG_ADCCLK_SetPrescale</STRONG> (Thumb, 22 bytes, Stack size 0 bytes, w7500x_crg.o(.text), UNUSED)

<P><STRONG><a name="[d1]"></a>CRG_TIMERCLK_SourceSelect</STRONG> (Thumb, 26 bytes, Stack size 0 bytes, w7500x_crg.o(.text), UNUSED)

<P><STRONG><a name="[d2]"></a>CRG_TIMERCLK_SetPrescale</STRONG> (Thumb, 42 bytes, Stack size 0 bytes, w7500x_crg.o(.text), UNUSED)

<P><STRONG><a name="[d3]"></a>CRG_PWMCLK_SourceSelect</STRONG> (Thumb, 26 bytes, Stack size 0 bytes, w7500x_crg.o(.text), UNUSED)

<P><STRONG><a name="[d4]"></a>CRG_PWMCLK_SetPrescale</STRONG> (Thumb, 42 bytes, Stack size 0 bytes, w7500x_crg.o(.text), UNUSED)

<P><STRONG><a name="[d5]"></a>CRG_WDOGCLK_HS_SourceSelect</STRONG> (Thumb, 20 bytes, Stack size 0 bytes, w7500x_crg.o(.text), UNUSED)

<P><STRONG><a name="[d6]"></a>CRG_WDOGCLK_HS_SetPrescale</STRONG> (Thumb, 36 bytes, Stack size 0 bytes, w7500x_crg.o(.text), UNUSED)

<P><STRONG><a name="[d7]"></a>CRG_UARTCLK_SourceSelect</STRONG> (Thumb, 20 bytes, Stack size 0 bytes, w7500x_crg.o(.text), UNUSED)

<P><STRONG><a name="[d8]"></a>CRG_UARTCLK_SetPrescale</STRONG> (Thumb, 20 bytes, Stack size 0 bytes, w7500x_crg.o(.text), UNUSED)

<P><STRONG><a name="[d9]"></a>CRG_MII_Enable</STRONG> (Thumb, 38 bytes, Stack size 0 bytes, w7500x_crg.o(.text), UNUSED)

<P><STRONG><a name="[da]"></a>CRG_SetMonitoringClock</STRONG> (Thumb, 6 bytes, Stack size 0 bytes, w7500x_crg.o(.text), UNUSED)

<P><STRONG><a name="[db]"></a>CRG_GetMonitoringClock</STRONG> (Thumb, 8 bytes, Stack size 0 bytes, w7500x_crg.o(.text), UNUSED)

<P><STRONG><a name="[dc]"></a>GPIO_DeInit</STRONG> (Thumb, 98 bytes, Stack size 16 bytes, w7500x_gpio.o(.text), UNUSED)

<P><STRONG><a name="[40]"></a>GPIO_Init</STRONG> (Thumb, 210 bytes, Stack size 20 bytes, w7500x_gpio.o(.text))
<BR><BR>[Stack]<UL><LI>Max Depth = 20<LI>Call Chain = GPIO_Init
</UL>
<BR>[Called By]<UL><LI><a href="#[82]">&gt;&gt;</a>&nbsp;&nbsp;&nbsp;mdio_init
<LI><a href="#[42]">&gt;&gt;</a>&nbsp;&nbsp;&nbsp;GPIO_INT_Configuration
<LI><a href="#[3e]">&gt;&gt;</a>&nbsp;&nbsp;&nbsp;GPIO_Configuration
</UL>

<P><STRONG><a name="[3f]"></a>GPIO_StructInit</STRONG> (Thumb, 14 bytes, Stack size 0 bytes, w7500x_gpio.o(.text))
<BR><BR>[Called By]<UL><LI><a href="#[82]">&gt;&gt;</a>&nbsp;&nbsp;&nbsp;mdio_init
<LI><a href="#[42]">&gt;&gt;</a>&nbsp;&nbsp;&nbsp;GPIO_INT_Configuration
<LI><a href="#[3e]">&gt;&gt;</a>&nbsp;&nbsp;&nbsp;GPIO_Configuration
</UL>

<P><STRONG><a name="[7c]"></a>GPIO_ReadInputDataBit</STRONG> (Thumb, 14 bytes, Stack size 0 bytes, w7500x_gpio.o(.text))
<BR><BR>[Called By]<UL><LI><a href="#[7b]">&gt;&gt;</a>&nbsp;&nbsp;&nbsp;input_MDIO
</UL>

<P><STRONG><a name="[dd]"></a>GPIO_ReadInputData</STRONG> (Thumb, 6 bytes, Stack size 0 bytes, w7500x_gpio.o(.text), UNUSED)

<P><STRONG><a name="[de]"></a>GPIO_ReadOutputDataBit</STRONG> (Thumb, 14 bytes, Stack size 0 bytes, w7500x_gpio.o(.text), UNUSED)

<P><STRONG><a name="[df]"></a>GPIO_ReadOutputData</STRONG> (Thumb, 6 bytes, Stack size 0 bytes, w7500x_gpio.o(.text), UNUSED)

<P><STRONG><a name="[79]"></a>GPIO_SetBits</STRONG> (Thumb, 28 bytes, Stack size 0 bytes, w7500x_gpio.o(.text))
<BR><BR>[Called By]<UL><LI><a href="#[7e]">&gt;&gt;</a>&nbsp;&nbsp;&nbsp;output_MDIO
<LI><a href="#[7d]">&gt;&gt;</a>&nbsp;&nbsp;&nbsp;turnaround_MDIO
<LI><a href="#[7b]">&gt;&gt;</a>&nbsp;&nbsp;&nbsp;input_MDIO
<LI><a href="#[78]">&gt;&gt;</a>&nbsp;&nbsp;&nbsp;idle_MDIO
</UL>

<P><STRONG><a name="[7a]"></a>GPIO_ResetBits</STRONG> (Thumb, 32 bytes, Stack size 8 bytes, w7500x_gpio.o(.text))
<BR><BR>[Stack]<UL><LI>Max Depth = 8<LI>Call Chain = GPIO_ResetBits
</UL>
<BR>[Called By]<UL><LI><a href="#[7e]">&gt;&gt;</a>&nbsp;&nbsp;&nbsp;output_MDIO
<LI><a href="#[7d]">&gt;&gt;</a>&nbsp;&nbsp;&nbsp;turnaround_MDIO
<LI><a href="#[7b]">&gt;&gt;</a>&nbsp;&nbsp;&nbsp;input_MDIO
<LI><a href="#[78]">&gt;&gt;</a>&nbsp;&nbsp;&nbsp;idle_MDIO
</UL>

<P><STRONG><a name="[e0]"></a>GPIO_WriteBit</STRONG> (Thumb, 52 bytes, Stack size 12 bytes, w7500x_gpio.o(.text), UNUSED)

<P><STRONG><a name="[e1]"></a>GPIO_Write</STRONG> (Thumb, 4 bytes, Stack size 0 bytes, w7500x_gpio.o(.text), UNUSED)

<P><STRONG><a name="[e2]"></a>GPIO_ToggleBits</STRONG> (Thumb, 8 bytes, Stack size 0 bytes, w7500x_gpio.o(.text), UNUSED)

<P><STRONG><a name="[e3]"></a>GPIO_INT_Enable_Bits</STRONG> (Thumb, 26 bytes, Stack size 0 bytes, w7500x_gpio.o(.text), UNUSED)

<P><STRONG><a name="[e4]"></a>GPIO_INT_Enable</STRONG> (Thumb, 16 bytes, Stack size 0 bytes, w7500x_gpio.o(.text), UNUSED)

<P><STRONG><a name="[43]"></a>GPIO_INT_Polarity_Bits</STRONG> (Thumb, 20 bytes, Stack size 0 bytes, w7500x_gpio.o(.text), UNUSED)
<BR><BR>[Called By]<UL><LI><a href="#[42]">&gt;&gt;</a>&nbsp;&nbsp;&nbsp;GPIO_INT_Configuration
</UL>

<P><STRONG><a name="[e5]"></a>GPIO_INT_Polarity</STRONG> (Thumb, 14 bytes, Stack size 0 bytes, w7500x_gpio.o(.text), UNUSED)

<P><STRONG><a name="[e6]"></a>GPIO_INT_Clear</STRONG> (Thumb, 6 bytes, Stack size 0 bytes, w7500x_gpio.o(.text), UNUSED)

<P><STRONG><a name="[e7]"></a>GPIO_Read_INTstatus</STRONG> (Thumb, 14 bytes, Stack size 0 bytes, w7500x_gpio.o(.text), UNUSED)

<P><STRONG><a name="[41]"></a>PAD_AFConfig</STRONG> (Thumb, 94 bytes, Stack size 20 bytes, w7500x_gpio.o(.text))
<BR><BR>[Stack]<UL><LI>Max Depth = 20<LI>Call Chain = PAD_AFConfig
</UL>
<BR>[Called By]<UL><LI><a href="#[82]">&gt;&gt;</a>&nbsp;&nbsp;&nbsp;mdio_init
<LI><a href="#[42]">&gt;&gt;</a>&nbsp;&nbsp;&nbsp;GPIO_INT_Configuration
<LI><a href="#[3e]">&gt;&gt;</a>&nbsp;&nbsp;&nbsp;GPIO_Configuration
</UL>

<P><STRONG><a name="[3e]"></a>GPIO_Configuration</STRONG> (Thumb, 76 bytes, Stack size 24 bytes, w7500x_gpio.o(.text), UNUSED)
<BR><BR>[Calls]<UL><LI><a href="#[41]">&gt;&gt;</a>&nbsp;&nbsp;&nbsp;PAD_AFConfig
<LI><a href="#[3f]">&gt;&gt;</a>&nbsp;&nbsp;&nbsp;GPIO_StructInit
<LI><a href="#[40]">&gt;&gt;</a>&nbsp;&nbsp;&nbsp;GPIO_Init
</UL>

<P><STRONG><a name="[42]"></a>GPIO_INT_Configuration</STRONG> (Thumb, 134 bytes, Stack size 24 bytes, w7500x_gpio.o(.text), UNUSED)
<BR><BR>[Calls]<UL><LI><a href="#[41]">&gt;&gt;</a>&nbsp;&nbsp;&nbsp;PAD_AFConfig
<LI><a href="#[43]">&gt;&gt;</a>&nbsp;&nbsp;&nbsp;GPIO_INT_Polarity_Bits
<LI><a href="#[3f]">&gt;&gt;</a>&nbsp;&nbsp;&nbsp;GPIO_StructInit
<LI><a href="#[40]">&gt;&gt;</a>&nbsp;&nbsp;&nbsp;GPIO_Init
<LI><a href="#[44]">&gt;&gt;</a>&nbsp;&nbsp;&nbsp;NVIC_EnableIRQ
</UL>

<P><STRONG><a name="[5f]"></a>UART_StructInit</STRONG> (Thumb, 26 bytes, Stack size 0 bytes, w7500x_uart.o(.text))
<BR><BR>[Called By]<UL><LI><a href="#[38]">&gt;&gt;</a>&nbsp;&nbsp;&nbsp;main
</UL>

<P><STRONG><a name="[e8]"></a>UART_DeInit</STRONG> (Thumb, 2 bytes, Stack size 0 bytes, w7500x_uart.o(.text), UNUSED)

<P><STRONG><a name="[45]"></a>UART_Init</STRONG> (Thumb, 152 bytes, Stack size 24 bytes, w7500x_uart.o(.text))
<BR><BR>[Stack]<UL><LI>Max Depth = 44<LI>Call Chain = UART_Init &rArr; __aeabi_fdiv
</UL>
<BR>[Calls]<UL><LI><a href="#[4b]">&gt;&gt;</a>&nbsp;&nbsp;&nbsp;__ARM_scalbnf
<LI><a href="#[47]">&gt;&gt;</a>&nbsp;&nbsp;&nbsp;__aeabi_ui2f
<LI><a href="#[49]">&gt;&gt;</a>&nbsp;&nbsp;&nbsp;__aeabi_f2uiz
<LI><a href="#[48]">&gt;&gt;</a>&nbsp;&nbsp;&nbsp;__aeabi_fdiv
<LI><a href="#[4a]">&gt;&gt;</a>&nbsp;&nbsp;&nbsp;__aeabi_frsub
<LI><a href="#[4c]">&gt;&gt;</a>&nbsp;&nbsp;&nbsp;__aeabi_f2d
<LI><a href="#[4e]">&gt;&gt;</a>&nbsp;&nbsp;&nbsp;__aeabi_d2uiz
<LI><a href="#[4d]">&gt;&gt;</a>&nbsp;&nbsp;&nbsp;__aeabi_dadd
<LI><a href="#[46]">&gt;&gt;</a>&nbsp;&nbsp;&nbsp;__aeabi_uidivmod
</UL>
<BR>[Called By]<UL><LI><a href="#[38]">&gt;&gt;</a>&nbsp;&nbsp;&nbsp;main
</UL>

<P><STRONG><a name="[e9]"></a>UART_FIFO_Enable</STRONG> (Thumb, 24 bytes, Stack size 8 bytes, w7500x_uart.o(.text), UNUSED)

<P><STRONG><a name="[ea]"></a>UART_FIFO_Disable</STRONG> (Thumb, 10 bytes, Stack size 0 bytes, w7500x_uart.o(.text), UNUSED)

<P><STRONG><a name="[eb]"></a>UART_SendData</STRONG> (Thumb, 4 bytes, Stack size 0 bytes, w7500x_uart.o(.text), UNUSED)

<P><STRONG><a name="[ec]"></a>UART_ReceiveData</STRONG> (Thumb, 6 bytes, Stack size 0 bytes, w7500x_uart.o(.text), UNUSED)

<P><STRONG><a name="[ed]"></a>UART_SendBreak</STRONG> (Thumb, 10 bytes, Stack size 0 bytes, w7500x_uart.o(.text), UNUSED)

<P><STRONG><a name="[ee]"></a>UART_GetRecvStatus</STRONG> (Thumb, 14 bytes, Stack size 0 bytes, w7500x_uart.o(.text), UNUSED)

<P><STRONG><a name="[ef]"></a>UART_ClearRecvStatus</STRONG> (Thumb, 4 bytes, Stack size 0 bytes, w7500x_uart.o(.text), UNUSED)

<P><STRONG><a name="[f0]"></a>UART_GetFlagStatus</STRONG> (Thumb, 14 bytes, Stack size 0 bytes, w7500x_uart.o(.text), UNUSED)

<P><STRONG><a name="[f1]"></a>UART_ClearFlag</STRONG> (Thumb, 2 bytes, Stack size 0 bytes, w7500x_uart.o(.text), UNUSED)

<P><STRONG><a name="[f2]"></a>UART_ITConfig</STRONG> (Thumb, 20 bytes, Stack size 0 bytes, w7500x_uart.o(.text), UNUSED)

<P><STRONG><a name="[f3]"></a>UART_GetITStatus</STRONG> (Thumb, 14 bytes, Stack size 0 bytes, w7500x_uart.o(.text), UNUSED)

<P><STRONG><a name="[f4]"></a>UART_ClearITPendingBit</STRONG> (Thumb, 8 bytes, Stack size 0 bytes, w7500x_uart.o(.text), UNUSED)

<P><STRONG><a name="[f5]"></a>UART_DMA_Config</STRONG> (Thumb, 8 bytes, Stack size 0 bytes, w7500x_uart.o(.text), UNUSED)

<P><STRONG><a name="[f6]"></a>S_UART_DeInit</STRONG> (Thumb, 2 bytes, Stack size 0 bytes, w7500x_uart.o(.text), UNUSED)

<P><STRONG><a name="[4f]"></a>S_UART_SetBaud</STRONG> (Thumb, 36 bytes, Stack size 8 bytes, w7500x_uart.o(.text), UNUSED)
<BR><BR>[Calls]<UL><LI><a href="#[46]">&gt;&gt;</a>&nbsp;&nbsp;&nbsp;__aeabi_uidivmod
<LI><a href="#[50]">&gt;&gt;</a>&nbsp;&nbsp;&nbsp;GetSystemClock
</UL>
<BR>[Called By]<UL><LI><a href="#[51]">&gt;&gt;</a>&nbsp;&nbsp;&nbsp;S_UART_Init
</UL>

<P><STRONG><a name="[51]"></a>S_UART_Init</STRONG> (Thumb, 24 bytes, Stack size 8 bytes, w7500x_uart.o(.text), UNUSED)
<BR><BR>[Calls]<UL><LI><a href="#[4f]">&gt;&gt;</a>&nbsp;&nbsp;&nbsp;S_UART_SetBaud
</UL>

<P><STRONG><a name="[56]"></a>S_UART_SendData</STRONG> (Thumb, 12 bytes, Stack size 0 bytes, w7500x_uart.o(.text), UNUSED)
<BR><BR>[Called By]<UL><LI><a href="#[57]">&gt;&gt;</a>&nbsp;&nbsp;&nbsp;S_UartPuts
<LI><a href="#[55]">&gt;&gt;</a>&nbsp;&nbsp;&nbsp;S_UartPutc
</UL>

<P><STRONG><a name="[f7]"></a>S_UART_ReceiveData</STRONG> (Thumb, 8 bytes, Stack size 0 bytes, w7500x_uart.o(.text), UNUSED)

<P><STRONG><a name="[f8]"></a>S_UART_GetFlagStatus</STRONG> (Thumb, 16 bytes, Stack size 0 bytes, w7500x_uart.o(.text), UNUSED)

<P><STRONG><a name="[f9]"></a>S_UART_SetCTRL</STRONG> (Thumb, 18 bytes, Stack size 0 bytes, w7500x_uart.o(.text), UNUSED)

<P><STRONG><a name="[fa]"></a>S_UART_ITConfig</STRONG> (Thumb, 18 bytes, Stack size 0 bytes, w7500x_uart.o(.text), UNUSED)

<P><STRONG><a name="[fb]"></a>S_UART_GetITStatus</STRONG> (Thumb, 16 bytes, Stack size 0 bytes, w7500x_uart.o(.text), UNUSED)

<P><STRONG><a name="[fc]"></a>S_UART_ClearITPendingBit</STRONG> (Thumb, 10 bytes, Stack size 0 bytes, w7500x_uart.o(.text), UNUSED)

<P><STRONG><a name="[53]"></a>UartPutc</STRONG> (Thumb, 12 bytes, Stack size 0 bytes, w7500x_uart.o(.text))
<BR><BR>[Called By]<UL><LI><a href="#[68]">&gt;&gt;</a>&nbsp;&nbsp;&nbsp;_ttywrch
<LI><a href="#[67]">&gt;&gt;</a>&nbsp;&nbsp;&nbsp;fgetc
<LI><a href="#[27]">&gt;&gt;</a>&nbsp;&nbsp;&nbsp;fputc
<LI><a href="#[52]">&gt;&gt;</a>&nbsp;&nbsp;&nbsp;UartPuts
</UL>

<P><STRONG><a name="[52]"></a>UartPuts</STRONG> (Thumb, 28 bytes, Stack size 12 bytes, w7500x_uart.o(.text), UNUSED)
<BR><BR>[Calls]<UL><LI><a href="#[53]">&gt;&gt;</a>&nbsp;&nbsp;&nbsp;UartPutc
</UL>

<P><STRONG><a name="[54]"></a>UartGetc</STRONG> (Thumb, 12 bytes, Stack size 0 bytes, w7500x_uart.o(.text), UNUSED)
<BR><BR>[Calls]<UL><LI><a href="#[54]">&gt;&gt;</a>&nbsp;&nbsp;&nbsp;UartGetc
</UL>
<BR>[Called By]<UL><LI><a href="#[67]">&gt;&gt;</a>&nbsp;&nbsp;&nbsp;fgetc
<LI><a href="#[54]">&gt;&gt;</a>&nbsp;&nbsp;&nbsp;UartGetc
</UL>

<P><STRONG><a name="[55]"></a>S_UartPutc</STRONG> (Thumb, 12 bytes, Stack size 4 bytes, w7500x_uart.o(.text), UNUSED)
<BR><BR>[Calls]<UL><LI><a href="#[56]">&gt;&gt;</a>&nbsp;&nbsp;&nbsp;S_UART_SendData
</UL>

<P><STRONG><a name="[57]"></a>S_UartPuts</STRONG> (Thumb, 24 bytes, Stack size 8 bytes, w7500x_uart.o(.text), UNUSED)
<BR><BR>[Calls]<UL><LI><a href="#[56]">&gt;&gt;</a>&nbsp;&nbsp;&nbsp;S_UART_SendData
</UL>

<P><STRONG><a name="[fd]"></a>S_UartGetc</STRONG> (Thumb, 14 bytes, Stack size 0 bytes, w7500x_uart.o(.text), UNUSED)

<P><STRONG><a name="[65]"></a>WIZCHIP_READ</STRONG> (Thumb, 4 bytes, Stack size 0 bytes, w7500x_wztoe.o(.text))
<BR><BR>[Called By]<UL><LI><a href="#[84]">&gt;&gt;</a>&nbsp;&nbsp;&nbsp;loopback_udps
<LI><a href="#[83]">&gt;&gt;</a>&nbsp;&nbsp;&nbsp;loopback_tcpc
<LI><a href="#[77]">&gt;&gt;</a>&nbsp;&nbsp;&nbsp;getsockopt
<LI><a href="#[76]">&gt;&gt;</a>&nbsp;&nbsp;&nbsp;setsockopt
<LI><a href="#[74]">&gt;&gt;</a>&nbsp;&nbsp;&nbsp;ctlsocket
<LI><a href="#[72]">&gt;&gt;</a>&nbsp;&nbsp;&nbsp;recvfrom
<LI><a href="#[71]">&gt;&gt;</a>&nbsp;&nbsp;&nbsp;sendto
<LI><a href="#[70]">&gt;&gt;</a>&nbsp;&nbsp;&nbsp;recv
<LI><a href="#[6f]">&gt;&gt;</a>&nbsp;&nbsp;&nbsp;send
<LI><a href="#[6e]">&gt;&gt;</a>&nbsp;&nbsp;&nbsp;disconnect
<LI><a href="#[6d]">&gt;&gt;</a>&nbsp;&nbsp;&nbsp;connect
<LI><a href="#[6c]">&gt;&gt;</a>&nbsp;&nbsp;&nbsp;listen
<LI><a href="#[6b]">&gt;&gt;</a>&nbsp;&nbsp;&nbsp;socket
<LI><a href="#[6a]">&gt;&gt;</a>&nbsp;&nbsp;&nbsp;close
<LI><a href="#[66]">&gt;&gt;</a>&nbsp;&nbsp;&nbsp;loopback_tcps
<LI><a href="#[38]">&gt;&gt;</a>&nbsp;&nbsp;&nbsp;main
</UL>

<P><STRONG><a name="[64]"></a>WIZCHIP_WRITE</STRONG> (Thumb, 4 bytes, Stack size 0 bytes, w7500x_wztoe.o(.text))
<BR><BR>[Called By]<UL><LI><a href="#[83]">&gt;&gt;</a>&nbsp;&nbsp;&nbsp;loopback_tcpc
<LI><a href="#[76]">&gt;&gt;</a>&nbsp;&nbsp;&nbsp;setsockopt
<LI><a href="#[74]">&gt;&gt;</a>&nbsp;&nbsp;&nbsp;ctlsocket
<LI><a href="#[72]">&gt;&gt;</a>&nbsp;&nbsp;&nbsp;recvfrom
<LI><a href="#[71]">&gt;&gt;</a>&nbsp;&nbsp;&nbsp;sendto
<LI><a href="#[70]">&gt;&gt;</a>&nbsp;&nbsp;&nbsp;recv
<LI><a href="#[6f]">&gt;&gt;</a>&nbsp;&nbsp;&nbsp;send
<LI><a href="#[6e]">&gt;&gt;</a>&nbsp;&nbsp;&nbsp;disconnect
<LI><a href="#[6d]">&gt;&gt;</a>&nbsp;&nbsp;&nbsp;connect
<LI><a href="#[6c]">&gt;&gt;</a>&nbsp;&nbsp;&nbsp;listen
<LI><a href="#[6b]">&gt;&gt;</a>&nbsp;&nbsp;&nbsp;socket
<LI><a href="#[6a]">&gt;&gt;</a>&nbsp;&nbsp;&nbsp;close
<LI><a href="#[66]">&gt;&gt;</a>&nbsp;&nbsp;&nbsp;loopback_tcps
<LI><a href="#[38]">&gt;&gt;</a>&nbsp;&nbsp;&nbsp;main
</UL>

<P><STRONG><a name="[5b]"></a>WIZCHIP_READ_BUF</STRONG> (Thumb, 24 bytes, Stack size 12 bytes, w7500x_wztoe.o(.text))
<BR><BR>[Stack]<UL><LI>Max Depth = 12<LI>Call Chain = WIZCHIP_READ_BUF
</UL>
<BR>[Called By]<UL><LI><a href="#[5c]">&gt;&gt;</a>&nbsp;&nbsp;&nbsp;wiz_recv_macraw_data
<LI><a href="#[5a]">&gt;&gt;</a>&nbsp;&nbsp;&nbsp;wiz_recv_data
</UL>

<P><STRONG><a name="[59]"></a>WIZCHIP_WRITE_BUF</STRONG> (Thumb, 24 bytes, Stack size 16 bytes, w7500x_wztoe.o(.text))
<BR><BR>[Stack]<UL><LI>Max Depth = 16<LI>Call Chain = WIZCHIP_WRITE_BUF
</UL>
<BR>[Called By]<UL><LI><a href="#[58]">&gt;&gt;</a>&nbsp;&nbsp;&nbsp;wiz_send_data
</UL>

<P><STRONG><a name="[58]"></a>wiz_send_data</STRONG> (Thumb, 40 bytes, Stack size 16 bytes, w7500x_wztoe.o(.text))
<BR><BR>[Stack]<UL><LI>Max Depth = 32<LI>Call Chain = wiz_send_data &rArr; WIZCHIP_WRITE_BUF
</UL>
<BR>[Calls]<UL><LI><a href="#[59]">&gt;&gt;</a>&nbsp;&nbsp;&nbsp;WIZCHIP_WRITE_BUF
</UL>
<BR>[Called By]<UL><LI><a href="#[71]">&gt;&gt;</a>&nbsp;&nbsp;&nbsp;sendto
<LI><a href="#[6f]">&gt;&gt;</a>&nbsp;&nbsp;&nbsp;send
</UL>

<P><STRONG><a name="[5a]"></a>wiz_recv_data</STRONG> (Thumb, 40 bytes, Stack size 16 bytes, w7500x_wztoe.o(.text))
<BR><BR>[Stack]<UL><LI>Max Depth = 28<LI>Call Chain = wiz_recv_data &rArr; WIZCHIP_READ_BUF
</UL>
<BR>[Calls]<UL><LI><a href="#[5b]">&gt;&gt;</a>&nbsp;&nbsp;&nbsp;WIZCHIP_READ_BUF
</UL>
<BR>[Called By]<UL><LI><a href="#[72]">&gt;&gt;</a>&nbsp;&nbsp;&nbsp;recvfrom
<LI><a href="#[70]">&gt;&gt;</a>&nbsp;&nbsp;&nbsp;recv
</UL>

<P><STRONG><a name="[5c]"></a>wiz_recv_macraw_data</STRONG> (Thumb, 52 bytes, Stack size 16 bytes, w7500x_wztoe.o(.text), UNUSED)
<BR><BR>[Calls]<UL><LI><a href="#[5b]">&gt;&gt;</a>&nbsp;&nbsp;&nbsp;WIZCHIP_READ_BUF
</UL>
<BR>[Called By]<UL><LI><a href="#[72]">&gt;&gt;</a>&nbsp;&nbsp;&nbsp;recvfrom
</UL>

<P><STRONG><a name="[73]"></a>wiz_recv_ignore</STRONG> (Thumb, 32 bytes, Stack size 8 bytes, w7500x_wztoe.o(.text), UNUSED)
<BR><BR>[Called By]<UL><LI><a href="#[72]">&gt;&gt;</a>&nbsp;&nbsp;&nbsp;recvfrom
</UL>

<P><STRONG><a name="[5d]"></a>SystemCoreClockUpdate</STRONG> (Thumb, 56 bytes, Stack size 8 bytes, system_w7500x.o(.text), UNUSED)
<BR><BR>[Calls]<UL><LI><a href="#[46]">&gt;&gt;</a>&nbsp;&nbsp;&nbsp;__aeabi_uidivmod
</UL>

<P><STRONG><a name="[50]"></a>GetSystemClock</STRONG> (Thumb, 6 bytes, Stack size 0 bytes, system_w7500x.o(.text))
<BR><BR>[Called By]<UL><LI><a href="#[38]">&gt;&gt;</a>&nbsp;&nbsp;&nbsp;main
<LI><a href="#[4f]">&gt;&gt;</a>&nbsp;&nbsp;&nbsp;S_UART_SetBaud
</UL>

<P><STRONG><a name="[25]"></a>SystemInit</STRONG> (Thumb, 68 bytes, Stack size 8 bytes, system_w7500x.o(.text))
<BR><BR>[Stack]<UL><LI>Max Depth = 8<LI>Call Chain = SystemInit
</UL>
<BR>[Calls]<UL><LI><a href="#[46]">&gt;&gt;</a>&nbsp;&nbsp;&nbsp;__aeabi_uidivmod
</UL>
<BR>[Called By]<UL><LI><a href="#[38]">&gt;&gt;</a>&nbsp;&nbsp;&nbsp;main
</UL>
<BR>[Address Reference Count : 1]<UL><LI> startup_w7500x.o(.text)
</UL>
<P><STRONG><a name="[62]"></a>delay</STRONG> (Thumb, 16 bytes, Stack size 8 bytes, main.o(.text))
<BR><BR>[Stack]<UL><LI>Max Depth = 8<LI>Call Chain = delay
</UL>
<BR>[Called By]<UL><LI><a href="#[7e]">&gt;&gt;</a>&nbsp;&nbsp;&nbsp;output_MDIO
<LI><a href="#[7d]">&gt;&gt;</a>&nbsp;&nbsp;&nbsp;turnaround_MDIO
<LI><a href="#[7b]">&gt;&gt;</a>&nbsp;&nbsp;&nbsp;input_MDIO
<LI><a href="#[78]">&gt;&gt;</a>&nbsp;&nbsp;&nbsp;idle_MDIO
<LI><a href="#[38]">&gt;&gt;</a>&nbsp;&nbsp;&nbsp;main
</UL>

<P><STRONG><a name="[38]"></a>main</STRONG> (Thumb, 604 bytes, Stack size 24 bytes, main.o(.text))
<BR><BR>[Stack]<UL><LI>Max Depth = 216 + Unknown Stack Size
<LI>Call Chain = main &rArr; loopback_tcps &rArr; __2printf &rArr; _printf_char_file &rArr; _printf_char_common &rArr; __printf
</UL>
<BR>[Calls]<UL><LI><a href="#[46]">&gt;&gt;</a>&nbsp;&nbsp;&nbsp;__aeabi_uidivmod
<LI><a href="#[61]">&gt;&gt;</a>&nbsp;&nbsp;&nbsp;__2printf
<LI><a href="#[66]">&gt;&gt;</a>&nbsp;&nbsp;&nbsp;loopback_tcps
<LI><a href="#[63]">&gt;&gt;</a>&nbsp;&nbsp;&nbsp;link
<LI><a href="#[60]">&gt;&gt;</a>&nbsp;&nbsp;&nbsp;PHY_Init
<LI><a href="#[62]">&gt;&gt;</a>&nbsp;&nbsp;&nbsp;delay
<LI><a href="#[64]">&gt;&gt;</a>&nbsp;&nbsp;&nbsp;WIZCHIP_WRITE
<LI><a href="#[65]">&gt;&gt;</a>&nbsp;&nbsp;&nbsp;WIZCHIP_READ
<LI><a href="#[50]">&gt;&gt;</a>&nbsp;&nbsp;&nbsp;GetSystemClock
<LI><a href="#[45]">&gt;&gt;</a>&nbsp;&nbsp;&nbsp;UART_Init
<LI><a href="#[5f]">&gt;&gt;</a>&nbsp;&nbsp;&nbsp;UART_StructInit
<LI><a href="#[5e]">&gt;&gt;</a>&nbsp;&nbsp;&nbsp;CRG_PLL_InputFrequencySelect
<LI><a href="#[25]">&gt;&gt;</a>&nbsp;&nbsp;&nbsp;SystemInit
</UL>
<BR>[Called By]<UL><LI><a href="#[37]">&gt;&gt;</a>&nbsp;&nbsp;&nbsp;__rt_entry_main
</UL>

<P><STRONG><a name="[69]"></a>TimingDelay_Decrement</STRONG> (Thumb, 16 bytes, Stack size 0 bytes, main.o(.text))
<BR><BR>[Called By]<UL><LI><a href="#[a]">&gt;&gt;</a>&nbsp;&nbsp;&nbsp;SysTick_Handler
</UL>

<P><STRONG><a name="[27]"></a>fputc</STRONG> (Thumb, 12 bytes, Stack size 8 bytes, retarget.o(.text))
<BR><BR>[Stack]<UL><LI>Max Depth = 8<LI>Call Chain = fputc
</UL>
<BR>[Calls]<UL><LI><a href="#[53]">&gt;&gt;</a>&nbsp;&nbsp;&nbsp;UartPutc
</UL>
<BR>[Address Reference Count : 1]<UL><LI> _printf_char_file.o(.text)
</UL>
<P><STRONG><a name="[67]"></a>fgetc</STRONG> (Thumb, 20 bytes, Stack size 8 bytes, retarget.o(.text), UNUSED)
<BR><BR>[Calls]<UL><LI><a href="#[54]">&gt;&gt;</a>&nbsp;&nbsp;&nbsp;UartGetc
<LI><a href="#[53]">&gt;&gt;</a>&nbsp;&nbsp;&nbsp;UartPutc
</UL>

<P><STRONG><a name="[99]"></a>ferror</STRONG> (Thumb, 6 bytes, Stack size 0 bytes, retarget.o(.text))
<BR><BR>[Called By]<UL><LI><a href="#[85]">&gt;&gt;</a>&nbsp;&nbsp;&nbsp;_printf_char_file
</UL>

<P><STRONG><a name="[68]"></a>_ttywrch</STRONG> (Thumb, 12 bytes, Stack size 8 bytes, retarget.o(.text), UNUSED)
<BR><BR>[Calls]<UL><LI><a href="#[53]">&gt;&gt;</a>&nbsp;&nbsp;&nbsp;UartPutc
</UL>

<P><STRONG><a name="[3d]"></a>_sys_exit</STRONG> (Thumb, 2 bytes, Stack size 0 bytes, retarget.o(.text))
<BR><BR>[Calls]<UL><LI><a href="#[3d]">&gt;&gt;</a>&nbsp;&nbsp;&nbsp;_sys_exit
</UL>
<BR>[Called By]<UL><LI><a href="#[3d]">&gt;&gt;</a>&nbsp;&nbsp;&nbsp;_sys_exit
<LI><a href="#[3c]">&gt;&gt;</a>&nbsp;&nbsp;&nbsp;__rt_exit_exit
</UL>

<P><STRONG><a name="[6]"></a>NMI_Handler</STRONG> (Thumb, 2 bytes, Stack size 0 bytes, w7500x_it.o(.text))
<BR>[Address Reference Count : 1]<UL><LI> startup_w7500x.o(RESET)
</UL>
<P><STRONG><a name="[7]"></a>HardFault_Handler</STRONG> (Thumb, 2 bytes, Stack size 0 bytes, w7500x_it.o(.text))
<BR>[Address Reference Count : 1]<UL><LI> startup_w7500x.o(RESET)
</UL>
<P><STRONG><a name="[8]"></a>SVC_Handler</STRONG> (Thumb, 2 bytes, Stack size 0 bytes, w7500x_it.o(.text))
<BR>[Address Reference Count : 1]<UL><LI> startup_w7500x.o(RESET)
</UL>
<P><STRONG><a name="[9]"></a>PendSV_Handler</STRONG> (Thumb, 2 bytes, Stack size 0 bytes, w7500x_it.o(.text))
<BR>[Address Reference Count : 1]<UL><LI> startup_w7500x.o(RESET)
</UL>
<P><STRONG><a name="[a]"></a>SysTick_Handler</STRONG> (Thumb, 8 bytes, Stack size 8 bytes, w7500x_it.o(.text))
<BR><BR>[Stack]<UL><LI>Max Depth = 8<LI>Call Chain = SysTick_Handler
</UL>
<BR>[Calls]<UL><LI><a href="#[69]">&gt;&gt;</a>&nbsp;&nbsp;&nbsp;TimingDelay_Decrement
</UL>
<BR>[Address Reference Count : 1]<UL><LI> startup_w7500x.o(RESET)
</UL>
<P><STRONG><a name="[b]"></a>SSP0_Handler</STRONG> (Thumb, 2 bytes, Stack size 0 bytes, w7500x_it.o(.text))
<BR>[Address Reference Count : 1]<UL><LI> startup_w7500x.o(RESET)
</UL>
<P><STRONG><a name="[c]"></a>SSP1_Handler</STRONG> (Thumb, 2 bytes, Stack size 0 bytes, w7500x_it.o(.text))
<BR>[Address Reference Count : 1]<UL><LI> startup_w7500x.o(RESET)
</UL>
<P><STRONG><a name="[d]"></a>UART0_Handler</STRONG> (Thumb, 2 bytes, Stack size 0 bytes, w7500x_it.o(.text))
<BR>[Address Reference Count : 1]<UL><LI> startup_w7500x.o(RESET)
</UL>
<P><STRONG><a name="[e]"></a>UART1_Handler</STRONG> (Thumb, 2 bytes, Stack size 0 bytes, w7500x_it.o(.text))
<BR>[Address Reference Count : 1]<UL><LI> startup_w7500x.o(RESET)
</UL>
<P><STRONG><a name="[f]"></a>UART2_Handler</STRONG> (Thumb, 2 bytes, Stack size 0 bytes, w7500x_it.o(.text))
<BR>[Address Reference Count : 1]<UL><LI> startup_w7500x.o(RESET)
</UL>
<P><STRONG><a name="[10]"></a>I2C0_Handler</STRONG> (Thumb, 2 bytes, Stack size 0 bytes, w7500x_it.o(.text))
<BR>[Address Reference Count : 1]<UL><LI> startup_w7500x.o(RESET)
</UL>
<P><STRONG><a name="[11]"></a>I2C1_Handler</STRONG> (Thumb, 2 bytes, Stack size 0 bytes, w7500x_it.o(.text))
<BR>[Address Reference Count : 1]<UL><LI> startup_w7500x.o(RESET)
</UL>
<P><STRONG><a name="[12]"></a>PORT0_Handler</STRONG> (Thumb, 2 bytes, Stack size 0 bytes, w7500x_it.o(.text))
<BR>[Address Reference Count : 1]<UL><LI> startup_w7500x.o(RESET)
</UL>
<P><STRONG><a name="[13]"></a>PORT1_Handler</STRONG> (Thumb, 2 bytes, Stack size 0 bytes, w7500x_it.o(.text))
<BR>[Address Reference Count : 1]<UL><LI> startup_w7500x.o(RESET)
</UL>
<P><STRONG><a name="[14]"></a>PORT2_Handler</STRONG> (Thumb, 2 bytes, Stack size 0 bytes, w7500x_it.o(.text))
<BR>[Address Reference Count : 1]<UL><LI> startup_w7500x.o(RESET)
</UL>
<P><STRONG><a name="[15]"></a>PORT3_Handler</STRONG> (Thumb, 2 bytes, Stack size 0 bytes, w7500x_it.o(.text))
<BR>[Address Reference Count : 1]<UL><LI> startup_w7500x.o(RESET)
</UL>
<P><STRONG><a name="[16]"></a>DMA_Handler</STRONG> (Thumb, 2 bytes, Stack size 0 bytes, w7500x_it.o(.text))
<BR>[Address Reference Count : 1]<UL><LI> startup_w7500x.o(RESET)
</UL>
<P><STRONG><a name="[17]"></a>DUALTIMER0_Handler</STRONG> (Thumb, 2 bytes, Stack size 0 bytes, w7500x_it.o(.text))
<BR>[Address Reference Count : 1]<UL><LI> startup_w7500x.o(RESET)
</UL>
<P><STRONG><a name="[18]"></a>DUALTIMER1_Handler</STRONG> (Thumb, 2 bytes, Stack size 0 bytes, w7500x_it.o(.text))
<BR>[Address Reference Count : 1]<UL><LI> startup_w7500x.o(RESET)
</UL>
<P><STRONG><a name="[19]"></a>PWM0_Handler</STRONG> (Thumb, 2 bytes, Stack size 0 bytes, w7500x_it.o(.text))
<BR>[Address Reference Count : 1]<UL><LI> startup_w7500x.o(RESET)
</UL>
<P><STRONG><a name="[1a]"></a>PWM1_Handler</STRONG> (Thumb, 2 bytes, Stack size 0 bytes, w7500x_it.o(.text))
<BR>[Address Reference Count : 1]<UL><LI> startup_w7500x.o(RESET)
</UL>
<P><STRONG><a name="[1b]"></a>PWM2_Handler</STRONG> (Thumb, 2 bytes, Stack size 0 bytes, w7500x_it.o(.text))
<BR>[Address Reference Count : 1]<UL><LI> startup_w7500x.o(RESET)
</UL>
<P><STRONG><a name="[1c]"></a>PWM3_Handler</STRONG> (Thumb, 2 bytes, Stack size 0 bytes, w7500x_it.o(.text))
<BR>[Address Reference Count : 1]<UL><LI> startup_w7500x.o(RESET)
</UL>
<P><STRONG><a name="[1d]"></a>PWM4_Handler</STRONG> (Thumb, 2 bytes, Stack size 0 bytes, w7500x_it.o(.text))
<BR>[Address Reference Count : 1]<UL><LI> startup_w7500x.o(RESET)
</UL>
<P><STRONG><a name="[1e]"></a>PWM5_Handler</STRONG> (Thumb, 2 bytes, Stack size 0 bytes, w7500x_it.o(.text))
<BR>[Address Reference Count : 1]<UL><LI> startup_w7500x.o(RESET)
</UL>
<P><STRONG><a name="[1f]"></a>PWM6_Handler</STRONG> (Thumb, 2 bytes, Stack size 0 bytes, w7500x_it.o(.text))
<BR>[Address Reference Count : 1]<UL><LI> startup_w7500x.o(RESET)
</UL>
<P><STRONG><a name="[20]"></a>PWM7_Handler</STRONG> (Thumb, 2 bytes, Stack size 0 bytes, w7500x_it.o(.text))
<BR>[Address Reference Count : 1]<UL><LI> startup_w7500x.o(RESET)
</UL>
<P><STRONG><a name="[22]"></a>ADC_Handler</STRONG> (Thumb, 2 bytes, Stack size 0 bytes, w7500x_it.o(.text))
<BR>[Address Reference Count : 1]<UL><LI> startup_w7500x.o(RESET)
</UL>
<P><STRONG><a name="[23]"></a>WZTOE_Handler</STRONG> (Thumb, 2 bytes, Stack size 0 bytes, w7500x_it.o(.text))
<BR>[Address Reference Count : 1]<UL><LI> startup_w7500x.o(RESET)
</UL>
<P><STRONG><a name="[24]"></a>EXTI_Handler</STRONG> (Thumb, 2 bytes, Stack size 0 bytes, w7500x_it.o(.text))
<BR>[Address Reference Count : 1]<UL><LI> startup_w7500x.o(RESET)
</UL>
<P><STRONG><a name="[6a]"></a>close</STRONG> (Thumb, 96 bytes, Stack size 16 bytes, socket.o(.text))
<BR><BR>[Stack]<UL><LI>Max Depth = 16<LI>Call Chain = close
</UL>
<BR>[Calls]<UL><LI><a href="#[64]">&gt;&gt;</a>&nbsp;&nbsp;&nbsp;WIZCHIP_WRITE
<LI><a href="#[65]">&gt;&gt;</a>&nbsp;&nbsp;&nbsp;WIZCHIP_READ
</UL>
<BR>[Called By]<UL><LI><a href="#[83]">&gt;&gt;</a>&nbsp;&nbsp;&nbsp;loopback_tcpc
<LI><a href="#[72]">&gt;&gt;</a>&nbsp;&nbsp;&nbsp;recvfrom
<LI><a href="#[70]">&gt;&gt;</a>&nbsp;&nbsp;&nbsp;recv
<LI><a href="#[6f]">&gt;&gt;</a>&nbsp;&nbsp;&nbsp;send
<LI><a href="#[6e]">&gt;&gt;</a>&nbsp;&nbsp;&nbsp;disconnect
<LI><a href="#[6c]">&gt;&gt;</a>&nbsp;&nbsp;&nbsp;listen
<LI><a href="#[6b]">&gt;&gt;</a>&nbsp;&nbsp;&nbsp;socket
<LI><a href="#[66]">&gt;&gt;</a>&nbsp;&nbsp;&nbsp;loopback_tcps
</UL>

<P><STRONG><a name="[6b]"></a>socket</STRONG> (Thumb, 214 bytes, Stack size 24 bytes, socket.o(.text))
<BR><BR>[Stack]<UL><LI>Max Depth = 40<LI>Call Chain = socket &rArr; close
</UL>
<BR>[Calls]<UL><LI><a href="#[6a]">&gt;&gt;</a>&nbsp;&nbsp;&nbsp;close
<LI><a href="#[64]">&gt;&gt;</a>&nbsp;&nbsp;&nbsp;WIZCHIP_WRITE
<LI><a href="#[65]">&gt;&gt;</a>&nbsp;&nbsp;&nbsp;WIZCHIP_READ
</UL>
<BR>[Called By]<UL><LI><a href="#[84]">&gt;&gt;</a>&nbsp;&nbsp;&nbsp;loopback_udps
<LI><a href="#[83]">&gt;&gt;</a>&nbsp;&nbsp;&nbsp;loopback_tcpc
<LI><a href="#[66]">&gt;&gt;</a>&nbsp;&nbsp;&nbsp;loopback_tcps
</UL>

<P><STRONG><a name="[6c]"></a>listen</STRONG> (Thumb, 110 bytes, Stack size 16 bytes, socket.o(.text))
<BR><BR>[Stack]<UL><LI>Max Depth = 32<LI>Call Chain = listen &rArr; close
</UL>
<BR>[Calls]<UL><LI><a href="#[6a]">&gt;&gt;</a>&nbsp;&nbsp;&nbsp;close
<LI><a href="#[64]">&gt;&gt;</a>&nbsp;&nbsp;&nbsp;WIZCHIP_WRITE
<LI><a href="#[65]">&gt;&gt;</a>&nbsp;&nbsp;&nbsp;WIZCHIP_READ
</UL>
<BR>[Called By]<UL><LI><a href="#[66]">&gt;&gt;</a>&nbsp;&nbsp;&nbsp;loopback_tcps
</UL>

<P><STRONG><a name="[6d]"></a>connect</STRONG> (Thumb, 264 bytes, Stack size 32 bytes, socket.o(.text), UNUSED)
<BR><BR>[Calls]<UL><LI><a href="#[64]">&gt;&gt;</a>&nbsp;&nbsp;&nbsp;WIZCHIP_WRITE
<LI><a href="#[65]">&gt;&gt;</a>&nbsp;&nbsp;&nbsp;WIZCHIP_READ
</UL>
<BR>[Called By]<UL><LI><a href="#[83]">&gt;&gt;</a>&nbsp;&nbsp;&nbsp;loopback_tcpc
</UL>

<P><STRONG><a name="[6e]"></a>disconnect</STRONG> (Thumb, 132 bytes, Stack size 16 bytes, socket.o(.text))
<BR><BR>[Stack]<UL><LI>Max Depth = 32<LI>Call Chain = disconnect &rArr; close
</UL>
<BR>[Calls]<UL><LI><a href="#[6a]">&gt;&gt;</a>&nbsp;&nbsp;&nbsp;close
<LI><a href="#[64]">&gt;&gt;</a>&nbsp;&nbsp;&nbsp;WIZCHIP_WRITE
<LI><a href="#[65]">&gt;&gt;</a>&nbsp;&nbsp;&nbsp;WIZCHIP_READ
</UL>
<BR>[Called By]<UL><LI><a href="#[83]">&gt;&gt;</a>&nbsp;&nbsp;&nbsp;loopback_tcpc
<LI><a href="#[66]">&gt;&gt;</a>&nbsp;&nbsp;&nbsp;loopback_tcps
</UL>

<P><STRONG><a name="[6f]"></a>send</STRONG> (Thumb, 288 bytes, Stack size 40 bytes, socket.o(.text))
<BR><BR>[Stack]<UL><LI>Max Depth = 72<LI>Call Chain = send &rArr; wiz_send_data &rArr; WIZCHIP_WRITE_BUF
</UL>
<BR>[Calls]<UL><LI><a href="#[6a]">&gt;&gt;</a>&nbsp;&nbsp;&nbsp;close
<LI><a href="#[58]">&gt;&gt;</a>&nbsp;&nbsp;&nbsp;wiz_send_data
<LI><a href="#[64]">&gt;&gt;</a>&nbsp;&nbsp;&nbsp;WIZCHIP_WRITE
<LI><a href="#[65]">&gt;&gt;</a>&nbsp;&nbsp;&nbsp;WIZCHIP_READ
</UL>
<BR>[Called By]<UL><LI><a href="#[83]">&gt;&gt;</a>&nbsp;&nbsp;&nbsp;loopback_tcpc
<LI><a href="#[66]">&gt;&gt;</a>&nbsp;&nbsp;&nbsp;loopback_tcps
</UL>

<P><STRONG><a name="[70]"></a>recv</STRONG> (Thumb, 206 bytes, Stack size 40 bytes, socket.o(.text))
<BR><BR>[Stack]<UL><LI>Max Depth = 68<LI>Call Chain = recv &rArr; wiz_recv_data &rArr; WIZCHIP_READ_BUF
</UL>
<BR>[Calls]<UL><LI><a href="#[6a]">&gt;&gt;</a>&nbsp;&nbsp;&nbsp;close
<LI><a href="#[5a]">&gt;&gt;</a>&nbsp;&nbsp;&nbsp;wiz_recv_data
<LI><a href="#[64]">&gt;&gt;</a>&nbsp;&nbsp;&nbsp;WIZCHIP_WRITE
<LI><a href="#[65]">&gt;&gt;</a>&nbsp;&nbsp;&nbsp;WIZCHIP_READ
</UL>
<BR>[Called By]<UL><LI><a href="#[83]">&gt;&gt;</a>&nbsp;&nbsp;&nbsp;loopback_tcpc
<LI><a href="#[66]">&gt;&gt;</a>&nbsp;&nbsp;&nbsp;loopback_tcps
</UL>

<P><STRONG><a name="[71]"></a>sendto</STRONG> (Thumb, 356 bytes, Stack size 64 bytes, socket.o(.text), UNUSED)
<BR><BR>[Calls]<UL><LI><a href="#[58]">&gt;&gt;</a>&nbsp;&nbsp;&nbsp;wiz_send_data
<LI><a href="#[64]">&gt;&gt;</a>&nbsp;&nbsp;&nbsp;WIZCHIP_WRITE
<LI><a href="#[65]">&gt;&gt;</a>&nbsp;&nbsp;&nbsp;WIZCHIP_READ
</UL>
<BR>[Called By]<UL><LI><a href="#[84]">&gt;&gt;</a>&nbsp;&nbsp;&nbsp;loopback_udps
</UL>

<P><STRONG><a name="[72]"></a>recvfrom</STRONG> (Thumb, 472 bytes, Stack size 56 bytes, socket.o(.text), UNUSED)
<BR><BR>[Calls]<UL><LI><a href="#[6a]">&gt;&gt;</a>&nbsp;&nbsp;&nbsp;close
<LI><a href="#[73]">&gt;&gt;</a>&nbsp;&nbsp;&nbsp;wiz_recv_ignore
<LI><a href="#[5c]">&gt;&gt;</a>&nbsp;&nbsp;&nbsp;wiz_recv_macraw_data
<LI><a href="#[5a]">&gt;&gt;</a>&nbsp;&nbsp;&nbsp;wiz_recv_data
<LI><a href="#[64]">&gt;&gt;</a>&nbsp;&nbsp;&nbsp;WIZCHIP_WRITE
<LI><a href="#[65]">&gt;&gt;</a>&nbsp;&nbsp;&nbsp;WIZCHIP_READ
</UL>
<BR>[Called By]<UL><LI><a href="#[84]">&gt;&gt;</a>&nbsp;&nbsp;&nbsp;loopback_udps
</UL>

<P><STRONG><a name="[74]"></a>ctlsocket</STRONG> (Thumb, 170 bytes, Stack size 24 bytes, socket.o(.text), UNUSED)
<BR><BR>[Calls]<UL><LI><a href="#[75]">&gt;&gt;</a>&nbsp;&nbsp;&nbsp;__ARM_common_switch8
<LI><a href="#[64]">&gt;&gt;</a>&nbsp;&nbsp;&nbsp;WIZCHIP_WRITE
<LI><a href="#[65]">&gt;&gt;</a>&nbsp;&nbsp;&nbsp;WIZCHIP_READ
</UL>

<P><STRONG><a name="[76]"></a>setsockopt</STRONG> (Thumb, 208 bytes, Stack size 24 bytes, socket.o(.text), UNUSED)
<BR><BR>[Calls]<UL><LI><a href="#[75]">&gt;&gt;</a>&nbsp;&nbsp;&nbsp;__ARM_common_switch8
<LI><a href="#[64]">&gt;&gt;</a>&nbsp;&nbsp;&nbsp;WIZCHIP_WRITE
<LI><a href="#[65]">&gt;&gt;</a>&nbsp;&nbsp;&nbsp;WIZCHIP_READ
</UL>

<P><STRONG><a name="[77]"></a>getsockopt</STRONG> (Thumb, 234 bytes, Stack size 24 bytes, socket.o(.text), UNUSED)
<BR><BR>[Calls]<UL><LI><a href="#[75]">&gt;&gt;</a>&nbsp;&nbsp;&nbsp;__ARM_common_switch8
<LI><a href="#[65]">&gt;&gt;</a>&nbsp;&nbsp;&nbsp;WIZCHIP_READ
</UL>

<P><STRONG><a name="[78]"></a>idle_MDIO</STRONG> (Thumb, 42 bytes, Stack size 16 bytes, w7500x_miim.o(.text))
<BR><BR>[Stack]<UL><LI>Max Depth = 24<LI>Call Chain = idle_MDIO &rArr; delay
</UL>
<BR>[Calls]<UL><LI><a href="#[62]">&gt;&gt;</a>&nbsp;&nbsp;&nbsp;delay
<LI><a href="#[7a]">&gt;&gt;</a>&nbsp;&nbsp;&nbsp;GPIO_ResetBits
<LI><a href="#[79]">&gt;&gt;</a>&nbsp;&nbsp;&nbsp;GPIO_SetBits
</UL>
<BR>[Called By]<UL><LI><a href="#[80]">&gt;&gt;</a>&nbsp;&nbsp;&nbsp;mdio_write
<LI><a href="#[7f]">&gt;&gt;</a>&nbsp;&nbsp;&nbsp;mdio_read
</UL>

<P><STRONG><a name="[7b]"></a>input_MDIO</STRONG> (Thumb, 60 bytes, Stack size 24 bytes, w7500x_miim.o(.text))
<BR><BR>[Stack]<UL><LI>Max Depth = 32<LI>Call Chain = input_MDIO &rArr; delay
</UL>
<BR>[Calls]<UL><LI><a href="#[62]">&gt;&gt;</a>&nbsp;&nbsp;&nbsp;delay
<LI><a href="#[7a]">&gt;&gt;</a>&nbsp;&nbsp;&nbsp;GPIO_ResetBits
<LI><a href="#[79]">&gt;&gt;</a>&nbsp;&nbsp;&nbsp;GPIO_SetBits
<LI><a href="#[7c]">&gt;&gt;</a>&nbsp;&nbsp;&nbsp;GPIO_ReadInputDataBit
</UL>
<BR>[Called By]<UL><LI><a href="#[7f]">&gt;&gt;</a>&nbsp;&nbsp;&nbsp;mdio_read
</UL>

<P><STRONG><a name="[7d]"></a>turnaround_MDIO</STRONG> (Thumb, 50 bytes, Stack size 16 bytes, w7500x_miim.o(.text))
<BR><BR>[Stack]<UL><LI>Max Depth = 24<LI>Call Chain = turnaround_MDIO &rArr; delay
</UL>
<BR>[Calls]<UL><LI><a href="#[62]">&gt;&gt;</a>&nbsp;&nbsp;&nbsp;delay
<LI><a href="#[7a]">&gt;&gt;</a>&nbsp;&nbsp;&nbsp;GPIO_ResetBits
<LI><a href="#[79]">&gt;&gt;</a>&nbsp;&nbsp;&nbsp;GPIO_SetBits
</UL>
<BR>[Called By]<UL><LI><a href="#[7f]">&gt;&gt;</a>&nbsp;&nbsp;&nbsp;mdio_read
</UL>

<P><STRONG><a name="[7e]"></a>output_MDIO</STRONG> (Thumb, 76 bytes, Stack size 32 bytes, w7500x_miim.o(.text))
<BR><BR>[Stack]<UL><LI>Max Depth = 40<LI>Call Chain = output_MDIO &rArr; delay
</UL>
<BR>[Calls]<UL><LI><a href="#[62]">&gt;&gt;</a>&nbsp;&nbsp;&nbsp;delay
<LI><a href="#[7a]">&gt;&gt;</a>&nbsp;&nbsp;&nbsp;GPIO_ResetBits
<LI><a href="#[79]">&gt;&gt;</a>&nbsp;&nbsp;&nbsp;GPIO_SetBits
</UL>
<BR>[Called By]<UL><LI><a href="#[80]">&gt;&gt;</a>&nbsp;&nbsp;&nbsp;mdio_write
<LI><a href="#[7f]">&gt;&gt;</a>&nbsp;&nbsp;&nbsp;mdio_read
</UL>

<P><STRONG><a name="[7f]"></a>mdio_read</STRONG> (Thumb, 84 bytes, Stack size 24 bytes, w7500x_miim.o(.text))
<BR><BR>[Stack]<UL><LI>Max Depth = 160 + Unknown Stack Size
<LI>Call Chain = mdio_read &rArr; __2printf &rArr; _printf_char_file &rArr; _printf_char_common &rArr; __printf
</UL>
<BR>[Calls]<UL><LI><a href="#[61]">&gt;&gt;</a>&nbsp;&nbsp;&nbsp;__2printf
<LI><a href="#[7e]">&gt;&gt;</a>&nbsp;&nbsp;&nbsp;output_MDIO
<LI><a href="#[7d]">&gt;&gt;</a>&nbsp;&nbsp;&nbsp;turnaround_MDIO
<LI><a href="#[7b]">&gt;&gt;</a>&nbsp;&nbsp;&nbsp;input_MDIO
<LI><a href="#[78]">&gt;&gt;</a>&nbsp;&nbsp;&nbsp;idle_MDIO
</UL>
<BR>[Called By]<UL><LI><a href="#[63]">&gt;&gt;</a>&nbsp;&nbsp;&nbsp;link
</UL>

<P><STRONG><a name="[63]"></a>link</STRONG> (Thumb, 18 bytes, Stack size 8 bytes, w7500x_miim.o(.text))
<BR><BR>[Stack]<UL><LI>Max Depth = 168 + Unknown Stack Size
<LI>Call Chain = link &rArr; mdio_read &rArr; __2printf &rArr; _printf_char_file &rArr; _printf_char_common &rArr; __printf
</UL>
<BR>[Calls]<UL><LI><a href="#[7f]">&gt;&gt;</a>&nbsp;&nbsp;&nbsp;mdio_read
</UL>
<BR>[Called By]<UL><LI><a href="#[38]">&gt;&gt;</a>&nbsp;&nbsp;&nbsp;main
</UL>

<P><STRONG><a name="[80]"></a>mdio_write</STRONG> (Thumb, 76 bytes, Stack size 16 bytes, w7500x_miim.o(.text))
<BR><BR>[Stack]<UL><LI>Max Depth = 56<LI>Call Chain = mdio_write &rArr; output_MDIO &rArr; delay
</UL>
<BR>[Calls]<UL><LI><a href="#[7e]">&gt;&gt;</a>&nbsp;&nbsp;&nbsp;output_MDIO
<LI><a href="#[78]">&gt;&gt;</a>&nbsp;&nbsp;&nbsp;idle_MDIO
</UL>
<BR>[Called By]<UL><LI><a href="#[81]">&gt;&gt;</a>&nbsp;&nbsp;&nbsp;set_link
<LI><a href="#[60]">&gt;&gt;</a>&nbsp;&nbsp;&nbsp;PHY_Init
</UL>

<P><STRONG><a name="[81]"></a>set_link</STRONG> (Thumb, 24 bytes, Stack size 0 bytes, w7500x_miim.o(.text), UNUSED)
<BR><BR>[Calls]<UL><LI><a href="#[80]">&gt;&gt;</a>&nbsp;&nbsp;&nbsp;mdio_write
</UL>

<P><STRONG><a name="[82]"></a>mdio_init</STRONG> (Thumb, 54 bytes, Stack size 24 bytes, w7500x_miim.o(.text))
<BR><BR>[Stack]<UL><LI>Max Depth = 44<LI>Call Chain = mdio_init &rArr; PAD_AFConfig
</UL>
<BR>[Calls]<UL><LI><a href="#[41]">&gt;&gt;</a>&nbsp;&nbsp;&nbsp;PAD_AFConfig
<LI><a href="#[3f]">&gt;&gt;</a>&nbsp;&nbsp;&nbsp;GPIO_StructInit
<LI><a href="#[40]">&gt;&gt;</a>&nbsp;&nbsp;&nbsp;GPIO_Init
</UL>
<BR>[Called By]<UL><LI><a href="#[60]">&gt;&gt;</a>&nbsp;&nbsp;&nbsp;PHY_Init
</UL>

<P><STRONG><a name="[60]"></a>PHY_Init</STRONG> (Thumb, 46 bytes, Stack size 16 bytes, w7500x_miim.o(.text))
<BR><BR>[Stack]<UL><LI>Max Depth = 72<LI>Call Chain = PHY_Init &rArr; mdio_write &rArr; output_MDIO &rArr; delay
</UL>
<BR>[Calls]<UL><LI><a href="#[82]">&gt;&gt;</a>&nbsp;&nbsp;&nbsp;mdio_init
<LI><a href="#[80]">&gt;&gt;</a>&nbsp;&nbsp;&nbsp;mdio_write
</UL>
<BR>[Called By]<UL><LI><a href="#[38]">&gt;&gt;</a>&nbsp;&nbsp;&nbsp;main
</UL>

<P><STRONG><a name="[66]"></a>loopback_tcps</STRONG> (Thumb, 298 bytes, Stack size 56 bytes, loopback.o(.text))
<BR><BR>[Stack]<UL><LI>Max Depth = 192 + Unknown Stack Size
<LI>Call Chain = loopback_tcps &rArr; __2printf &rArr; _printf_char_file &rArr; _printf_char_common &rArr; __printf
</UL>
<BR>[Calls]<UL><LI><a href="#[61]">&gt;&gt;</a>&nbsp;&nbsp;&nbsp;__2printf
<LI><a href="#[70]">&gt;&gt;</a>&nbsp;&nbsp;&nbsp;recv
<LI><a href="#[6f]">&gt;&gt;</a>&nbsp;&nbsp;&nbsp;send
<LI><a href="#[6e]">&gt;&gt;</a>&nbsp;&nbsp;&nbsp;disconnect
<LI><a href="#[6c]">&gt;&gt;</a>&nbsp;&nbsp;&nbsp;listen
<LI><a href="#[6b]">&gt;&gt;</a>&nbsp;&nbsp;&nbsp;socket
<LI><a href="#[6a]">&gt;&gt;</a>&nbsp;&nbsp;&nbsp;close
<LI><a href="#[64]">&gt;&gt;</a>&nbsp;&nbsp;&nbsp;WIZCHIP_WRITE
<LI><a href="#[65]">&gt;&gt;</a>&nbsp;&nbsp;&nbsp;WIZCHIP_READ
</UL>
<BR>[Called By]<UL><LI><a href="#[38]">&gt;&gt;</a>&nbsp;&nbsp;&nbsp;main
</UL>

<P><STRONG><a name="[83]"></a>loopback_tcpc</STRONG> (Thumb, 252 bytes, Stack size 48 bytes, loopback.o(.text), UNUSED)
<BR><BR>[Calls]<UL><LI><a href="#[61]">&gt;&gt;</a>&nbsp;&nbsp;&nbsp;__2printf
<LI><a href="#[70]">&gt;&gt;</a>&nbsp;&nbsp;&nbsp;recv
<LI><a href="#[6f]">&gt;&gt;</a>&nbsp;&nbsp;&nbsp;send
<LI><a href="#[6e]">&gt;&gt;</a>&nbsp;&nbsp;&nbsp;disconnect
<LI><a href="#[6d]">&gt;&gt;</a>&nbsp;&nbsp;&nbsp;connect
<LI><a href="#[6b]">&gt;&gt;</a>&nbsp;&nbsp;&nbsp;socket
<LI><a href="#[6a]">&gt;&gt;</a>&nbsp;&nbsp;&nbsp;close
<LI><a href="#[64]">&gt;&gt;</a>&nbsp;&nbsp;&nbsp;WIZCHIP_WRITE
<LI><a href="#[65]">&gt;&gt;</a>&nbsp;&nbsp;&nbsp;WIZCHIP_READ
</UL>

<P><STRONG><a name="[84]"></a>loopback_udps</STRONG> (Thumb, 166 bytes, Stack size 48 bytes, loopback.o(.text), UNUSED)
<BR><BR>[Calls]<UL><LI><a href="#[61]">&gt;&gt;</a>&nbsp;&nbsp;&nbsp;__2printf
<LI><a href="#[72]">&gt;&gt;</a>&nbsp;&nbsp;&nbsp;recvfrom
<LI><a href="#[71]">&gt;&gt;</a>&nbsp;&nbsp;&nbsp;sendto
<LI><a href="#[6b]">&gt;&gt;</a>&nbsp;&nbsp;&nbsp;socket
<LI><a href="#[65]">&gt;&gt;</a>&nbsp;&nbsp;&nbsp;WIZCHIP_READ
</UL>

<P><STRONG><a name="[fe]"></a>__I$use$semihosting</STRONG> (Thumb, 0 bytes, Stack size 0 bytes, use_no_semi.o(.text), UNUSED)

<P><STRONG><a name="[ff]"></a>__use_no_semihosting_swi</STRONG> (Thumb, 2 bytes, Stack size 0 bytes, use_no_semi.o(.text), UNUSED)

<P><STRONG><a name="[61]"></a>__2printf</STRONG> (Thumb, 22 bytes, Stack size 24 bytes, noretval__2printf.o(.text))
<BR><BR>[Stack]<UL><LI>Max Depth = 136 + Unknown Stack Size
<LI>Call Chain = __2printf &rArr; _printf_char_file &rArr; _printf_char_common &rArr; __printf
</UL>
<BR>[Calls]<UL><LI><a href="#[85]">&gt;&gt;</a>&nbsp;&nbsp;&nbsp;_printf_char_file
</UL>
<BR>[Called By]<UL><LI><a href="#[84]">&gt;&gt;</a>&nbsp;&nbsp;&nbsp;loopback_udps
<LI><a href="#[83]">&gt;&gt;</a>&nbsp;&nbsp;&nbsp;loopback_tcpc
<LI><a href="#[7f]">&gt;&gt;</a>&nbsp;&nbsp;&nbsp;mdio_read
<LI><a href="#[66]">&gt;&gt;</a>&nbsp;&nbsp;&nbsp;loopback_tcps
<LI><a href="#[38]">&gt;&gt;</a>&nbsp;&nbsp;&nbsp;main
</UL>

<P><STRONG><a name="[30]"></a>_printf_int_dec</STRONG> (Thumb, 90 bytes, Stack size 32 bytes, _printf_dec.o(.text))
<BR><BR>[Stack]<UL><LI>Max Depth = 72<LI>Call Chain = _printf_int_dec &rArr; _printf_int_common
</UL>
<BR>[Calls]<UL><LI><a href="#[88]">&gt;&gt;</a>&nbsp;&nbsp;&nbsp;__rt_udiv10
<LI><a href="#[89]">&gt;&gt;</a>&nbsp;&nbsp;&nbsp;_printf_int_common
<LI><a href="#[87]">&gt;&gt;</a>&nbsp;&nbsp;&nbsp;_printf_truncate_unsigned (Weak Reference)
<LI><a href="#[86]">&gt;&gt;</a>&nbsp;&nbsp;&nbsp;_printf_truncate_signed (Weak Reference)
</UL>
<BR>[Called By]<UL><LI><a href="#[2e]">&gt;&gt;</a>&nbsp;&nbsp;&nbsp;_printf_d
</UL>

<P><STRONG><a name="[32]"></a>_printf_int_hex</STRONG> (Thumb, 84 bytes, Stack size 16 bytes, _printf_hex_int.o(.text))
<BR><BR>[Stack]<UL><LI>Max Depth = 56<LI>Call Chain = _printf_int_hex &rArr; _printf_int_common
</UL>
<BR>[Calls]<UL><LI><a href="#[89]">&gt;&gt;</a>&nbsp;&nbsp;&nbsp;_printf_int_common
<LI><a href="#[87]">&gt;&gt;</a>&nbsp;&nbsp;&nbsp;_printf_truncate_unsigned (Weak Reference)
</UL>
<BR>[Called By]<UL><LI><a href="#[2f]">&gt;&gt;</a>&nbsp;&nbsp;&nbsp;_printf_x
</UL>

<P><STRONG><a name="[100]"></a>_printf_longlong_hex</STRONG> (Thumb, 0 bytes, Stack size 16 bytes, _printf_hex_int.o(.text), UNUSED)

<P><STRONG><a name="[8a]"></a>__printf</STRONG> (Thumb, 352 bytes, Stack size 32 bytes, __printf_ss_wp.o(.text))
<BR><BR>[Stack]<UL><LI>Max Depth = 32 + Unknown Stack Size
<LI>Call Chain = __printf
</UL>
<BR>[Calls]<UL><LI><a href="#[8c]">&gt;&gt;</a>&nbsp;&nbsp;&nbsp;_printf_percent
<LI><a href="#[8b]">&gt;&gt;</a>&nbsp;&nbsp;&nbsp;_is_digit
</UL>
<BR>[Called By]<UL><LI><a href="#[98]">&gt;&gt;</a>&nbsp;&nbsp;&nbsp;_printf_char_common
</UL>

<P><STRONG><a name="[101]"></a>__aeabi_uidiv</STRONG> (Thumb, 0 bytes, Stack size 0 bytes, aeabi_sdiv.o(.text), UNUSED)

<P><STRONG><a name="[46]"></a>__aeabi_uidivmod</STRONG> (Thumb, 20 bytes, Stack size 0 bytes, aeabi_sdiv.o(.text))
<BR><BR>[Called By]<UL><LI><a href="#[38]">&gt;&gt;</a>&nbsp;&nbsp;&nbsp;main
<LI><a href="#[5d]">&gt;&gt;</a>&nbsp;&nbsp;&nbsp;SystemCoreClockUpdate
<LI><a href="#[4f]">&gt;&gt;</a>&nbsp;&nbsp;&nbsp;S_UART_SetBaud
<LI><a href="#[45]">&gt;&gt;</a>&nbsp;&nbsp;&nbsp;UART_Init
<LI><a href="#[25]">&gt;&gt;</a>&nbsp;&nbsp;&nbsp;SystemInit
</UL>

<P><STRONG><a name="[102]"></a>__aeabi_idiv</STRONG> (Thumb, 0 bytes, Stack size 8 bytes, aeabi_sdiv.o(.text), UNUSED)

<P><STRONG><a name="[103]"></a>__aeabi_idivmod</STRONG> (Thumb, 326 bytes, Stack size 8 bytes, aeabi_sdiv.o(.text), UNUSED)

<P><STRONG><a name="[104]"></a>__use_two_region_memory</STRONG> (Thumb, 2 bytes, Stack size 0 bytes, heapauxi.o(.text), UNUSED)

<P><STRONG><a name="[105]"></a>__rt_heap_escrow$2region</STRONG> (Thumb, 2 bytes, Stack size 0 bytes, heapauxi.o(.text), UNUSED)

<P><STRONG><a name="[106]"></a>__rt_heap_expand$2region</STRONG> (Thumb, 2 bytes, Stack size 0 bytes, heapauxi.o(.text), UNUSED)

<P><STRONG><a name="[4d]"></a>__aeabi_dadd</STRONG> (Thumb, 0 bytes, Stack size 8 bytes, daddsub.o(.text))
<BR><BR>[Stack]<UL><LI>Max Depth = 8<LI>Call Chain = __aeabi_dadd
</UL>
<BR>[Called By]<UL><LI><a href="#[45]">&gt;&gt;</a>&nbsp;&nbsp;&nbsp;UART_Init
</UL>

<P><STRONG><a name="[8d]"></a>_dadd</STRONG> (Thumb, 26 bytes, Stack size 8 bytes, daddsub.o(.text), UNUSED)
<BR><BR>[Calls]<UL><LI><a href="#[8e]">&gt;&gt;</a>&nbsp;&nbsp;&nbsp;_dsub1
<LI><a href="#[8f]">&gt;&gt;</a>&nbsp;&nbsp;&nbsp;_dadd1
</UL>

<P><STRONG><a name="[107]"></a>__aeabi_dsub</STRONG> (Thumb, 0 bytes, Stack size 8 bytes, daddsub.o(.text), UNUSED)

<P><STRONG><a name="[90]"></a>_dsub</STRONG> (Thumb, 22 bytes, Stack size 8 bytes, daddsub.o(.text), UNUSED)
<BR><BR>[Calls]<UL><LI><a href="#[8e]">&gt;&gt;</a>&nbsp;&nbsp;&nbsp;_dsub1
<LI><a href="#[8f]">&gt;&gt;</a>&nbsp;&nbsp;&nbsp;_dadd1
</UL>

<P><STRONG><a name="[108]"></a>__aeabi_drsub</STRONG> (Thumb, 0 bytes, Stack size 16 bytes, daddsub.o(.text), UNUSED)

<P><STRONG><a name="[91]"></a>_drsb</STRONG> (Thumb, 28 bytes, Stack size 16 bytes, daddsub.o(.text), UNUSED)
<BR><BR>[Calls]<UL><LI><a href="#[8e]">&gt;&gt;</a>&nbsp;&nbsp;&nbsp;_dsub1
<LI><a href="#[8f]">&gt;&gt;</a>&nbsp;&nbsp;&nbsp;_dadd1
</UL>

<P><STRONG><a name="[4e]"></a>__aeabi_d2uiz</STRONG> (Thumb, 0 bytes, Stack size 8 bytes, dfixui.o(.text))
<BR><BR>[Stack]<UL><LI>Max Depth = 8<LI>Call Chain = __aeabi_d2uiz
</UL>
<BR>[Called By]<UL><LI><a href="#[45]">&gt;&gt;</a>&nbsp;&nbsp;&nbsp;UART_Init
</UL>

<P><STRONG><a name="[109]"></a>_dfixu</STRONG> (Thumb, 68 bytes, Stack size 8 bytes, dfixui.o(.text), UNUSED)

<P><STRONG><a name="[4c]"></a>__aeabi_f2d</STRONG> (Thumb, 0 bytes, Stack size 0 bytes, f2d.o(.text))
<BR><BR>[Called By]<UL><LI><a href="#[45]">&gt;&gt;</a>&nbsp;&nbsp;&nbsp;UART_Init
</UL>

<P><STRONG><a name="[10a]"></a>_f2d</STRONG> (Thumb, 80 bytes, Stack size 0 bytes, f2d.o(.text), UNUSED)

<P><STRONG><a name="[48]"></a>__aeabi_fdiv</STRONG> (Thumb, 0 bytes, Stack size 20 bytes, fdiv.o(.text))
<BR><BR>[Stack]<UL><LI>Max Depth = 20<LI>Call Chain = __aeabi_fdiv
</UL>
<BR>[Called By]<UL><LI><a href="#[45]">&gt;&gt;</a>&nbsp;&nbsp;&nbsp;UART_Init
</UL>

<P><STRONG><a name="[93]"></a>_fdiv</STRONG> (Thumb, 334 bytes, Stack size 20 bytes, fdiv.o(.text), UNUSED)
<BR><BR>[Called By]<UL><LI><a href="#[92]">&gt;&gt;</a>&nbsp;&nbsp;&nbsp;_frdiv
</UL>

<P><STRONG><a name="[92]"></a>_frdiv</STRONG> (Thumb, 8 bytes, Stack size 0 bytes, fdiv.o(.text), UNUSED)
<BR><BR>[Calls]<UL><LI><a href="#[93]">&gt;&gt;</a>&nbsp;&nbsp;&nbsp;_fdiv
</UL>

<P><STRONG><a name="[49]"></a>__aeabi_f2uiz</STRONG> (Thumb, 0 bytes, Stack size 0 bytes, ffixui.o(.text))
<BR><BR>[Called By]<UL><LI><a href="#[45]">&gt;&gt;</a>&nbsp;&nbsp;&nbsp;UART_Init
</UL>

<P><STRONG><a name="[10b]"></a>_ffixu</STRONG> (Thumb, 48 bytes, Stack size 0 bytes, ffixui.o(.text), UNUSED)

<P><STRONG><a name="[95]"></a>__aeabi_i2f_normalise</STRONG> (Thumb, 72 bytes, Stack size 0 bytes, fflti.o(.text))
<BR><BR>[Called By]<UL><LI><a href="#[47]">&gt;&gt;</a>&nbsp;&nbsp;&nbsp;__aeabi_ui2f
<LI><a href="#[94]">&gt;&gt;</a>&nbsp;&nbsp;&nbsp;__aeabi_i2f
</UL>

<P><STRONG><a name="[94]"></a>__aeabi_i2f</STRONG> (Thumb, 16 bytes, Stack size 0 bytes, fflti.o(.text), UNUSED)
<BR><BR>[Calls]<UL><LI><a href="#[95]">&gt;&gt;</a>&nbsp;&nbsp;&nbsp;__aeabi_i2f_normalise
</UL>

<P><STRONG><a name="[10c]"></a>_fflt</STRONG> (Thumb, 0 bytes, Stack size 0 bytes, fflti.o(.text), UNUSED)

<P><STRONG><a name="[47]"></a>__aeabi_ui2f</STRONG> (Thumb, 6 bytes, Stack size 0 bytes, fflti.o(.text))
<BR><BR>[Calls]<UL><LI><a href="#[95]">&gt;&gt;</a>&nbsp;&nbsp;&nbsp;__aeabi_i2f_normalise
</UL>
<BR>[Called By]<UL><LI><a href="#[45]">&gt;&gt;</a>&nbsp;&nbsp;&nbsp;UART_Init
</UL>

<P><STRONG><a name="[10d]"></a>_ffltu</STRONG> (Thumb, 0 bytes, Stack size 0 bytes, fflti.o(.text), UNUSED)

<P><STRONG><a name="[4b]"></a>__ARM_scalbnf</STRONG> (Thumb, 64 bytes, Stack size 8 bytes, fscalbn.o(.text))
<BR><BR>[Stack]<UL><LI>Max Depth = 8<LI>Call Chain = __ARM_scalbnf
</UL>
<BR>[Called By]<UL><LI><a href="#[45]">&gt;&gt;</a>&nbsp;&nbsp;&nbsp;UART_Init
</UL>

<P><STRONG><a name="[89]"></a>_printf_int_common</STRONG> (Thumb, 176 bytes, Stack size 40 bytes, _printf_intcommon.o(.text))
<BR><BR>[Stack]<UL><LI>Max Depth = 40<LI>Call Chain = _printf_int_common
</UL>
<BR>[Calls]<UL><LI><a href="#[96]">&gt;&gt;</a>&nbsp;&nbsp;&nbsp;_printf_pre_padding (Weak Reference)
<LI><a href="#[97]">&gt;&gt;</a>&nbsp;&nbsp;&nbsp;_printf_post_padding (Weak Reference)
</UL>
<BR>[Called By]<UL><LI><a href="#[32]">&gt;&gt;</a>&nbsp;&nbsp;&nbsp;_printf_int_hex
<LI><a href="#[30]">&gt;&gt;</a>&nbsp;&nbsp;&nbsp;_printf_int_dec
</UL>

<P><STRONG><a name="[85]"></a>_printf_char_file</STRONG> (Thumb, 34 bytes, Stack size 16 bytes, _printf_char_file.o(.text))
<BR><BR>[Stack]<UL><LI>Max Depth = 112 + Unknown Stack Size
<LI>Call Chain = _printf_char_file &rArr; _printf_char_common &rArr; __printf
</UL>
<BR>[Calls]<UL><LI><a href="#[99]">&gt;&gt;</a>&nbsp;&nbsp;&nbsp;ferror
<LI><a href="#[98]">&gt;&gt;</a>&nbsp;&nbsp;&nbsp;_printf_char_common
</UL>
<BR>[Called By]<UL><LI><a href="#[61]">&gt;&gt;</a>&nbsp;&nbsp;&nbsp;__2printf
</UL>

<P><STRONG><a name="[88]"></a>__rt_udiv10</STRONG> (Thumb, 40 bytes, Stack size 0 bytes, rtudiv10.o(.text))
<BR><BR>[Called By]<UL><LI><a href="#[30]">&gt;&gt;</a>&nbsp;&nbsp;&nbsp;_printf_int_dec
</UL>

<P><STRONG><a name="[98]"></a>_printf_char_common</STRONG> (Thumb, 32 bytes, Stack size 64 bytes, _printf_char_common.o(.text))
<BR><BR>[Stack]<UL><LI>Max Depth = 96 + Unknown Stack Size
<LI>Call Chain = _printf_char_common &rArr; __printf
</UL>
<BR>[Calls]<UL><LI><a href="#[8a]">&gt;&gt;</a>&nbsp;&nbsp;&nbsp;__printf
</UL>
<BR>[Called By]<UL><LI><a href="#[85]">&gt;&gt;</a>&nbsp;&nbsp;&nbsp;_printf_char_file
</UL>

<P><STRONG><a name="[34]"></a>__user_setup_stackheap</STRONG> (Thumb, 62 bytes, Stack size 8 bytes, sys_stackheap_outer.o(.text))
<BR><BR>[Stack]<UL><LI>Max Depth = 8<LI>Call Chain = __user_setup_stackheap
</UL>
<BR>[Calls]<UL><LI><a href="#[9b]">&gt;&gt;</a>&nbsp;&nbsp;&nbsp;__user_initial_stackheap
<LI><a href="#[9a]">&gt;&gt;</a>&nbsp;&nbsp;&nbsp;__user_perproc_libspace
</UL>
<BR>[Called By]<UL><LI><a href="#[33]">&gt;&gt;</a>&nbsp;&nbsp;&nbsp;__rt_entry_sh
</UL>

<P><STRONG><a name="[39]"></a>exit</STRONG> (Thumb, 16 bytes, Stack size 8 bytes, exit.o(.text))
<BR><BR>[Stack]<UL><LI>Max Depth = 8 + Unknown Stack Size
<LI>Call Chain = exit
</UL>
<BR>[Calls]<UL><LI><a href="#[9d]">&gt;&gt;</a>&nbsp;&nbsp;&nbsp;__rt_exit
<LI><a href="#[9c]">&gt;&gt;</a>&nbsp;&nbsp;&nbsp;_call_atexit_fns (Weak Reference)
</UL>
<BR>[Called By]<UL><LI><a href="#[37]">&gt;&gt;</a>&nbsp;&nbsp;&nbsp;__rt_entry_main
</UL>

<P><STRONG><a name="[10e]"></a>__user_libspace</STRONG> (Thumb, 8 bytes, Stack size 0 bytes, libspace.o(.text), UNUSED)

<P><STRONG><a name="[9a]"></a>__user_perproc_libspace</STRONG> (Thumb, 0 bytes, Stack size 0 bytes, libspace.o(.text))
<BR><BR>[Called By]<UL><LI><a href="#[34]">&gt;&gt;</a>&nbsp;&nbsp;&nbsp;__user_setup_stackheap
</UL>

<P><STRONG><a name="[10f]"></a>__user_perthread_libspace</STRONG> (Thumb, 0 bytes, Stack size 0 bytes, libspace.o(.text), UNUSED)

<P><STRONG><a name="[75]"></a>__ARM_common_switch8</STRONG> (Thumb, 26 bytes, Stack size 8 bytes, socket.o(i.__ARM_common_switch8), UNUSED)
<BR><BR>[Called By]<UL><LI><a href="#[77]">&gt;&gt;</a>&nbsp;&nbsp;&nbsp;getsockopt
<LI><a href="#[76]">&gt;&gt;</a>&nbsp;&nbsp;&nbsp;setsockopt
<LI><a href="#[74]">&gt;&gt;</a>&nbsp;&nbsp;&nbsp;ctlsocket
</UL>

<P><STRONG><a name="[8b]"></a>_is_digit</STRONG> (Thumb, 14 bytes, Stack size 0 bytes, __printf_wp.o(i._is_digit))
<BR><BR>[Called By]<UL><LI><a href="#[8a]">&gt;&gt;</a>&nbsp;&nbsp;&nbsp;__printf
</UL>

<P><STRONG><a name="[110]"></a>__aeabi_fadd</STRONG> (Thumb, 0 bytes, Stack size 16 bytes, faddsub.o(x$fpl$fadd), UNUSED)

<P><STRONG><a name="[9e]"></a>_fadd</STRONG> (Thumb, 134 bytes, Stack size 16 bytes, faddsub.o(x$fpl$fadd), UNUSED)
<BR><BR>[Calls]<UL><LI><a href="#[9f]">&gt;&gt;</a>&nbsp;&nbsp;&nbsp;_fsub1
</UL>

<P><STRONG><a name="[4a]"></a>__aeabi_frsub</STRONG> (Thumb, 0 bytes, Stack size 16 bytes, faddsub.o(x$fpl$frsb))
<BR><BR>[Stack]<UL><LI>Max Depth = 16<LI>Call Chain = __aeabi_frsub
</UL>
<BR>[Called By]<UL><LI><a href="#[45]">&gt;&gt;</a>&nbsp;&nbsp;&nbsp;UART_Init
</UL>

<P><STRONG><a name="[a0]"></a>_frsb</STRONG> (Thumb, 24 bytes, Stack size 16 bytes, faddsub.o(x$fpl$frsb), UNUSED)
<BR><BR>[Calls]<UL><LI><a href="#[9f]">&gt;&gt;</a>&nbsp;&nbsp;&nbsp;_fsub1
<LI><a href="#[a1]">&gt;&gt;</a>&nbsp;&nbsp;&nbsp;_fadd1
</UL>

<P><STRONG><a name="[111]"></a>__aeabi_fsub</STRONG> (Thumb, 0 bytes, Stack size 16 bytes, faddsub.o(x$fpl$fsub), UNUSED)

<P><STRONG><a name="[a2]"></a>_fsub</STRONG> (Thumb, 204 bytes, Stack size 16 bytes, faddsub.o(x$fpl$fsub), UNUSED)
<BR><BR>[Calls]<UL><LI><a href="#[a1]">&gt;&gt;</a>&nbsp;&nbsp;&nbsp;_fadd1
</UL>
<P>
<H3>
Local Symbols
</H3>
<P><STRONG><a name="[44]"></a>NVIC_EnableIRQ</STRONG> (Thumb, 14 bytes, Stack size 0 bytes, w7500x_gpio.o(.text), UNUSED)
<BR><BR>[Called By]<UL><LI><a href="#[42]">&gt;&gt;</a>&nbsp;&nbsp;&nbsp;GPIO_INT_Configuration
</UL>

<P><STRONG><a name="[8f]"></a>_dadd1</STRONG> (Thumb, 290 bytes, Stack size 20 bytes, daddsub.o(.text), UNUSED)
<BR><BR>[Called By]<UL><LI><a href="#[91]">&gt;&gt;</a>&nbsp;&nbsp;&nbsp;_drsb
<LI><a href="#[90]">&gt;&gt;</a>&nbsp;&nbsp;&nbsp;_dsub
<LI><a href="#[8d]">&gt;&gt;</a>&nbsp;&nbsp;&nbsp;_dadd
</UL>

<P><STRONG><a name="[8e]"></a>_dsub1</STRONG> (Thumb, 470 bytes, Stack size 40 bytes, daddsub.o(.text), UNUSED)
<BR><BR>[Called By]<UL><LI><a href="#[91]">&gt;&gt;</a>&nbsp;&nbsp;&nbsp;_drsb
<LI><a href="#[90]">&gt;&gt;</a>&nbsp;&nbsp;&nbsp;_dsub
<LI><a href="#[8d]">&gt;&gt;</a>&nbsp;&nbsp;&nbsp;_dadd
</UL>

<P><STRONG><a name="[a1]"></a>_fadd1</STRONG> (Thumb, 0 bytes, Stack size unknown bytes, faddsub.o(x$fpl$fadd), UNUSED)
<BR><BR>[Called By]<UL><LI><a href="#[a2]">&gt;&gt;</a>&nbsp;&nbsp;&nbsp;_fsub
<LI><a href="#[a0]">&gt;&gt;</a>&nbsp;&nbsp;&nbsp;_frsb
</UL>

<P><STRONG><a name="[9f]"></a>_fsub1</STRONG> (Thumb, 0 bytes, Stack size unknown bytes, faddsub.o(x$fpl$fsub), UNUSED)
<BR><BR>[Called By]<UL><LI><a href="#[a0]">&gt;&gt;</a>&nbsp;&nbsp;&nbsp;_frsb
<LI><a href="#[9e]">&gt;&gt;</a>&nbsp;&nbsp;&nbsp;_fadd
</UL>

<P><STRONG><a name="[28]"></a>_printf_input_char</STRONG> (Thumb, 10 bytes, Stack size 0 bytes, _printf_char_common.o(.text))
<BR>[Address Reference Count : 1]<UL><LI> _printf_char_common.o(.text)
</UL><P>
<H3>
Undefined Global Symbols
</H3>
<P><STRONG><a name="[9c]"></a>_call_atexit_fns</STRONG> (ARM, 0 bytes, Stack size 0 bytes, UNDEFINED)
<BR><BR>[Called By]<UL><LI><a href="#[39]">&gt;&gt;</a>&nbsp;&nbsp;&nbsp;exit
</UL>

<P><STRONG><a name="[97]"></a>_printf_post_padding</STRONG> (ARM, 0 bytes, Stack size 0 bytes, UNDEFINED)
<BR><BR>[Called By]<UL><LI><a href="#[89]">&gt;&gt;</a>&nbsp;&nbsp;&nbsp;_printf_int_common
</UL>

<P><STRONG><a name="[96]"></a>_printf_pre_padding</STRONG> (ARM, 0 bytes, Stack size 0 bytes, UNDEFINED)
<BR><BR>[Called By]<UL><LI><a href="#[89]">&gt;&gt;</a>&nbsp;&nbsp;&nbsp;_printf_int_common
</UL>

<P><STRONG><a name="[86]"></a>_printf_truncate_signed</STRONG> (ARM, 0 bytes, Stack size 0 bytes, UNDEFINED)
<BR><BR>[Called By]<UL><LI><a href="#[30]">&gt;&gt;</a>&nbsp;&nbsp;&nbsp;_printf_int_dec
</UL>

<P><STRONG><a name="[87]"></a>_printf_truncate_unsigned</STRONG> (ARM, 0 bytes, Stack size 0 bytes, UNDEFINED)
<BR><BR>[Called By]<UL><LI><a href="#[32]">&gt;&gt;</a>&nbsp;&nbsp;&nbsp;_printf_int_hex
<LI><a href="#[30]">&gt;&gt;</a>&nbsp;&nbsp;&nbsp;_printf_int_dec
</UL>
<HR></body></html>
