Component: ARM Compiler 5.06 update 6 (build 750) Tool: armlink [4d35ed]

==============================================================================

Section Cross References

    startup_w7500x.o(STACK) refers (Special) to heapauxi.o(.text) for __use_two_region_memory
    startup_w7500x.o(HEAP) refers (Special) to heapauxi.o(.text) for __use_two_region_memory
    startup_w7500x.o(RESET) refers (Special) to heapauxi.o(.text) for __use_two_region_memory
    startup_w7500x.o(RESET) refers to startup_w7500x.o(STACK) for __initial_sp
    startup_w7500x.o(RESET) refers to startup_w7500x.o(.text) for Reset_Handler
    startup_w7500x.o(RESET) refers to w7500x_it.o(.text) for NMI_Handler
    startup_w7500x.o(.text) refers (Special) to heapauxi.o(.text) for __use_two_region_memory
    startup_w7500x.o(.text) refers to system_w7500x.o(.text) for SystemInit
    startup_w7500x.o(.text) refers to __main.o(!!!main) for __main
    startup_w7500x.o(.text) refers to startup_w7500x.o(HEAP) for Heap_Mem
    startup_w7500x.o(.text) refers to startup_w7500x.o(STACK) for Stack_Mem
    w7500x_uart.o(.text) refers to aeabi_sdiv.o(.text) for __aeabi_uidivmod
    w7500x_uart.o(.text) refers to fflti.o(.text) for __aeabi_ui2f
    w7500x_uart.o(.text) refers to fdiv.o(.text) for __aeabi_fdiv
    w7500x_uart.o(.text) refers to ffixui.o(.text) for __aeabi_f2uiz
    w7500x_uart.o(.text) refers to faddsub.o(x$fpl$frsb) for __aeabi_frsub
    w7500x_uart.o(.text) refers to fscalbn.o(.text) for __ARM_scalbnf
    w7500x_uart.o(.text) refers to f2d.o(.text) for __aeabi_f2d
    w7500x_uart.o(.text) refers to daddsub.o(.text) for __aeabi_dadd
    w7500x_uart.o(.text) refers to dfixui.o(.text) for __aeabi_d2uiz
    w7500x_uart.o(.text) refers to system_w7500x.o(.text) for GetSystemClock
    system_w7500x.o(.text) refers to aeabi_sdiv.o(.text) for __aeabi_uidivmod
    system_w7500x.o(.text) refers to system_w7500x.o(.data) for .data
    main.o(.text) refers to _printf_percent.o(.ARM.Collect$$_printf_percent$$00000000) for _printf_percent
    main.o(.text) refers to _printf_x.o(.ARM.Collect$$_printf_percent$$0000000C) for _printf_x
    main.o(.text) refers to _printf_hex_int.o(.text) for _printf_longlong_hex
    main.o(.text) refers to _printf_d.o(.ARM.Collect$$_printf_percent$$00000009) for _printf_d
    main.o(.text) refers to _printf_dec.o(.text) for _printf_int_dec
    main.o(.text) refers to system_w7500x.o(.text) for SystemInit
    main.o(.text) refers to w7500x_uart.o(.text) for UART_StructInit
    main.o(.text) refers to aeabi_sdiv.o(.text) for __aeabi_uidivmod
    main.o(.text) refers to w7500x_miim.o(.text) for PHY_Init
    main.o(.text) refers to noretval__2printf.o(.text) for __2printf
    main.o(.text) refers to w7500x_wztoe.o(.text) for WIZCHIP_WRITE
    main.o(.text) refers to dhcp.o(.text) for DHCP_init
    main.o(.text) refers to loopback.o(.text) for loopback_tcps
    main.o(.text) refers to socket.o(.text) for close
    main.o(.text) refers to main.o(.data) for .data
    main.o(.text) refers to main.o(.bss) for .bss
    retarget.o(.rev16_text) refers (Special) to use_no_semi.o(.text) for __use_no_semihosting_swi
    retarget.o(.revsh_text) refers (Special) to use_no_semi.o(.text) for __use_no_semihosting_swi
    retarget.o(.text) refers (Special) to use_no_semi.o(.text) for __use_no_semihosting_swi
    retarget.o(.text) refers to w7500x_uart.o(.text) for UartPutc
    retarget.o(.data) refers (Special) to use_no_semi.o(.text) for __use_no_semihosting_swi
    retarget.o(.data) refers (Special) to use_no_semi.o(.text) for __use_no_semihosting_swi
    socket.o(.text) refers to w7500x_wztoe.o(.text) for WIZCHIP_WRITE
    socket.o(.text) refers to socket.o(.data) for .data
    socket.o(.text) refers to socket.o(.bss) for .bss
    socket.o(.text) refers to socket.o(i.__ARM_common_switch8) for __ARM_common_switch8
    wizchip_conf.o(.text) refers to w7500x_wztoe.o(.text) for WIZCHIP_READ
    wizchip_conf.o(.text) refers to socket.o(i.__ARM_common_switch8) for __ARM_common_switch8
    wizchip_conf.o(.text) refers to wizchip_conf.o(.data) for .data
    wizchip_conf.o(.data) refers to wizchip_conf.o(.text) for wizchip_cris_enter
    dhcp.o(.text) refers to w7500x_wztoe.o(.text) for WIZCHIP_WRITE
    dhcp.o(.text) refers to socket.o(.text) for sendto
    dhcp.o(.text) refers to dhcp.o(.data) for .data
    dhcp.o(.text) refers to socket.o(i.__ARM_common_switch8) for __ARM_common_switch8
    dhcp.o(.text) refers to noretval__2printf.o(.text) for __2printf
    dhcp.o(.data) refers to dhcp.o(.text) for default_ip_assign
    w7500x_miim.o(.text) refers to _printf_percent.o(.ARM.Collect$$_printf_percent$$00000000) for _printf_percent
    w7500x_miim.o(.text) refers to _printf_x.o(.ARM.Collect$$_printf_percent$$0000000C) for _printf_x
    w7500x_miim.o(.text) refers to _printf_hex_int.o(.text) for _printf_longlong_hex
    w7500x_miim.o(.text) refers to w7500x_gpio.o(.text) for GPIO_SetBits
[...]
    loopback.o(.text) refers to _printf_d.o(.ARM.Collect$$_printf_percent$$00000009) for _printf_d
    loopback.o(.text) refers to _printf_dec.o(.text) for _printf_int_dec
    loopback.o(.text) refers to w7500x_wztoe.o(.text) for WIZCHIP_READ
    loopback.o(.text) refers to noretval__2printf.o(.text) for __2printf
    loopback.o(.text) refers to socket.o(.text) for recv
    __2printf.o(.text) refers to _printf_char_file.o(.text) for _printf_char_file
    __2printf.o(.text) refers to retarget.o(.data) for __stdout
    noretval__2printf.o(.text) refers to _printf_char_file.o(.text) for _printf_char_file
    noretval__2printf.o(.text) refers to retarget.o(.data) for __stdout
    __printf.o(.text) refers to _printf_percent.o(.ARM.Collect$$_printf_percent$$00000000) for _printf_percent
    _printf_dec.o(.text) refers to rtudiv10.o(.text) for __rt_udiv10
    _printf_dec.o(.text) refers to _printf_intcommon.o(.text) for _printf_int_common
    _printf_hex_ll.o(.text) refers to _printf_intcommon.o(.text) for _printf_int_common
    _printf_hex_ll.o(.text) refers to _printf_hex_ll.o(.constdata) for .constdata
    _printf_hex_int.o(.text) refers to _printf_intcommon.o(.text) for _printf_int_common
    _printf_hex_int.o(.text) refers to _printf_hex_int.o(.constdata) for .constdata
    _printf_hex_int_ll.o(.text) refers to _printf_intcommon.o(.text) for _printf_int_common
    _printf_hex_int_ll.o(.text) refers to _printf_hex_int_ll.o(.constdata) for .constdata
    _printf_hex_ptr.o(.text) refers to _printf_intcommon.o(.text) for _printf_int_common
    _printf_hex_ptr.o(.text) refers to _printf_hex_ptr.o(.constdata) for .constdata
    _printf_hex_int_ptr.o(.text) refers to _printf_intcommon.o(.text) for _printf_int_common
    _printf_hex_int_ptr.o(.text) refers to _printf_hex_int_ptr.o(.constdata) for .constdata
    _printf_hex_ll_ptr.o(.text) refers to _printf_intcommon.o(.text) for _printf_int_common
    _printf_hex_ll_ptr.o(.text) refers to _printf_hex_ll_ptr.o(.constdata) for .constdata
    _printf_hex_int_ll_ptr.o(.text) refers to _printf_intcommon.o(.text) for _printf_int_common
    _printf_hex_int_ll_ptr.o(.text) refers to _printf_hex_int_ll_ptr.o(.constdata) for .constdata
    __printf_flags.o(.text) refers to _printf_percent.o(.ARM.Collect$$_printf_percent$$00000000) for _printf_percent
    __printf_flags.o(.text) refers to __printf_flags.o(.constdata) for .constdata
    __printf_ss.o(.text) refers to _printf_percent.o(.ARM.Collect$$_printf_percent$$00000000) for _printf_percent
    __printf_flags_ss.o(.text) refers to _printf_percent.o(.ARM.Collect$$_printf_percent$$00000000) for _printf_percent
    __printf_flags_ss.o(.text) refers to __printf_flags_ss.o(.constdata) for .constdata
    __printf_wp.o(.text) refers to __printf_wp.o(i._is_digit) for _is_digit
    __printf_wp.o(.text) refers to _printf_percent.o(.ARM.Collect$$_printf_percent$$00000000) for _printf_percent
    __printf_flags_wp.o(.text) refers to __printf_wp.o(i._is_digit) for _is_digit
    __printf_flags_wp.o(.text) refers to _printf_percent.o(.ARM.Collect$$_printf_percent$$00000000) for _printf_percent
    __printf_flags_wp.o(.text) refers to __printf_flags_wp.o(.constdata) for .constdata
    __printf_ss_wp.o(.text) refers to __printf_wp.o(i._is_digit) for _is_digit
    __printf_ss_wp.o(.text) refers to _printf_percent.o(.ARM.Collect$$_printf_percent$$00000000) for _printf_percent
    __printf_flags_ss_wp.o(.text) refers to __printf_wp.o(i._is_digit) for _is_digit
    __printf_flags_ss_wp.o(.text) refers to _printf_percent.o(.ARM.Collect$$_printf_percent$$00000000) for _printf_percent
    __printf_flags_ss_wp.o(.text) refers to __printf_flags_ss_wp.o(.constdata) for .constdata
    _printf_x.o(.ARM.Collect$$_printf_percent$$0000000C) refers (Weak) to _printf_hex_int.o(.text) for _printf_int_hex
    _printf_d.o(.ARM.Collect$$_printf_percent$$00000009) refers (Weak) to _printf_dec.o(.text) for _printf_int_dec
    _printf_percent.o(.ARM.Collect$$_printf_percent$$00000000) refers (Special) to _printf_percent_end.o(.ARM.Collect$$_printf_percent$$00000017) for _printf_percent_end
    __main.o(!!!main) refers to __rtentry.o(.ARM.Collect$$rtentry$$00000000) for __rt_entry
    daddsub.o(.text) refers (Special) to usenofp.o(x$fpl$usenofp) for __I$use$fp
    dfixui.o(.text) refers (Special) to usenofp.o(x$fpl$usenofp) for __I$use$fp
    f2d.o(.text) refers (Special) to usenofp.o(x$fpl$usenofp) for __I$use$fp
    faddsub.o(x$fpl$fadd) refers (Special) to usenofp.o(x$fpl$usenofp) for __I$use$fp
    faddsub.o(x$fpl$fadd) refers to faddsub.o(x$fpl$fsub) for _fsub1
    faddsub.o(x$fpl$frsb) refers (Special) to usenofp.o(x$fpl$usenofp) for __I$use$fp
    faddsub.o(x$fpl$frsb) refers to faddsub.o(x$fpl$fsub) for _fsub1
    faddsub.o(x$fpl$frsb) refers to faddsub.o(x$fpl$fadd) for _fadd1
    faddsub.o(x$fpl$fsub) refers (Special) to usenofp.o(x$fpl$usenofp) for __I$use$fp
    faddsub.o(x$fpl$fsub) refers to faddsub.o(x$fpl$fadd) for _fadd1
    fdiv.o(.text) refers (Special) to usenofp.o(x$fpl$usenofp) for __I$use$fp
    fdiv.o(.text) refers to fdiv.o(.constdata) for .constdata
    fdiv.o(.constdata) refers (Special) to usenofp.o(x$fpl$usenofp) for __I$use$fp
    ffixui.o(.text) refers (Special) to usenofp.o(x$fpl$usenofp) for __I$use$fp
    fflti.o(.text) refers (Special) to usenofp.o(x$fpl$usenofp) for __I$use$fp
    fscalbn.o(.text) refers (Special) to usenofp.o(x$fpl$usenofp) for __I$use$fp
    __rtentry.o(.ARM.Collect$$rtentry$$00000000) refers (Special) to __rtentry2.o(.ARM.Collect$$rtentry$$0000000A) for __rt_entry_li
    __rtentry.o(.ARM.Collect$$rtentry$$00000000) refers (Special) to __rtentry2.o(.ARM.Collect$$rtentry$$0000000D) for __rt_entry_main
    __rtentry.o(.ARM.Collect$$rtentry$$00000000) refers (Special) to __rtentry2.o(.ARM.Collect$$rtentry$$0000000C) for __rt_entry_postli_1
    __rtentry.o(.ARM.Collect$$rtentry$$00000000) refers (Special) to __rtentry2.o(.ARM.Collect$$rtentry$$00000009) for __rt_entry_postsh_1
    __rtentry.o(.ARM.Collect$$rtentry$$00000000) refers (Special) to __rtentry2.o(.ARM.Collect$$rtentry$$00000002) for __rt_entry_presh_1
    __rtentry.o(.ARM.Collect$$rtentry$$00000000) refers (Special) to __rtentry4.o(.ARM.Collect$$rtentry$$00000004) for __rt_entry_sh
    aeabi_idiv0_sigfpe.o(.text) refers to rt_div0.o(.text) for __rt_div0
    _printf_char_file.o(.text) refers to _printf_char_common.o(.text) for _printf_char_common
    _printf_char_file.o(.text) refers to retarget.o(.text) for ferror
    __rtentry2.o(.ARM.Collect$$rtentry$$00000008) refers to boardinit2.o(.text) for _platform_post_stackheap_init
    __rtentry2.o(.ARM.Collect$$rtentry$$0000000A) refers to libinit.o(.ARM.Collect$$libinit$$00000000) for __rt_lib_init
    __rtentry2.o(.ARM.Collect$$rtentry$$0000000B) refers to boardinit3.o(.text) for _platform_post_lib_init
    __rtentry2.o(.ARM.Collect$$rtentry$$0000000D) refers to main.o(.text) for main
    __rtentry2.o(.ARM.Collect$$rtentry$$0000000D) refers to exit.o(.text) for exit
    __rtentry2.o(.ARM.exidx) refers to __rtentry2.o(.ARM.Collect$$rtentry$$00000001) for .ARM.Collect$$rtentry$$00000001
    __rtentry2.o(.ARM.exidx) refers to __rtentry2.o(.ARM.Collect$$rtentry$$00000008) for .ARM.Collect$$rtentry$$00000008
    __rtentry2.o(.ARM.exidx) refers to __rtentry2.o(.ARM.Collect$$rtentry$$0000000A) for .ARM.Collect$$rtentry$$0000000A
    __rtentry2.o(.ARM.exidx) refers to __rtentry2.o(.ARM.Collect$$rtentry$$0000000B) for .ARM.Collect$$rtentry$$0000000B
    __rtentry2.o(.ARM.exidx) refers to __rtentry2.o(.ARM.Collect$$rtentry$$0000000D) for .ARM.Collect$$rtentry$$0000000D
    __rtentry4.o(.ARM.Collect$$rtentry$$00000004) refers to sys_stackheap_outer.o(.text) for __user_setup_stackheap
    __rtentry4.o(.ARM.exidx) refers to __rtentry4.o(.ARM.Collect$$rtentry$$00000004) for .ARM.Collect$$rtentry$$00000004
    rt_div0.o(.text) refers to defsig_fpe_outer.o(.text) for __rt_SIGFPE
    _printf_char_common.o(.text) refers to __printf_ss_wp.o(.text) for __printf
    sys_stackheap_outer.o(.text) refers to libspace.o(.text) for __user_perproc_libspace
    sys_stackheap_outer.o(.text) refers to startup_w7500x.o(.text) for __user_initial_stackheap
    sys_stackheap_outer.o(__vectab_stack_and_reset_area) refers to tempstk.o(.text) for __temporary_stack_top
    sys_stackheap_outer.o(__vectab_stack_and_reset_area) refers to __main.o(!!!main) for __main
    exit.o(.text) refers to rtexit.o(.ARM.Collect$$rtexit$$00000000) for __rt_exit
    defsig_fpe_outer.o(.text) refers to defsig_fpe_inner.o(.text) for __rt_SIGFPE_inner
    defsig_fpe_outer.o(.text) refers to defsig_exit.o(.text) for __sig_exit
    defsig_fpe_formal.o(.text) refers to rt_raise.o(.text) for __rt_raise
    libinit.o(.ARM.Collect$$libinit$$00000000) refers (Special) to libinit2.o(.ARM.Collect$$libinit$$0000002E) for __rt_lib_init_alloca_1
    libinit.o(.ARM.Collect$$libinit$$00000000) refers (Special) to libinit2.o(.ARM.Collect$$libinit$$0000002C) for __rt_lib_init_argv_1
    libinit.o(.ARM.Collect$$libinit$$00000000) refers (Special) to libinit2.o(.ARM.Collect$$libinit$$0000001B) for __rt_lib_init_atexit_1
    libinit.o(.ARM.Collect$$libinit$$00000000) refers (Special) to libinit2.o(.ARM.Collect$$libinit$$00000021) for __rt_lib_init_clock_1
    libinit.o(.ARM.Collect$$libinit$$00000000) refers (Special) to libinit2.o(.ARM.Collect$$libinit$$00000032) for __rt_lib_init_cpp_1
    libinit.o(.ARM.Collect$$libinit$$00000000) refers (Special) to libinit2.o(.ARM.Collect$$libinit$$00000030) for __rt_lib_init_exceptions_1
    libinit.o(.ARM.Collect$$libinit$$00000000) refers (Special) to libinit2.o(.ARM.Collect$$libinit$$00000002) for __rt_lib_init_fp_1
    libinit.o(.ARM.Collect$$libinit$$00000000) refers (Special) to libinit2.o(.ARM.Collect$$libinit$$0000001F) for __rt_lib_init_fp_trap_1
    libinit.o(.ARM.Collect$$libinit$$00000000) refers (Special) to libinit2.o(.ARM.Collect$$libinit$$00000023) for __rt_lib_init_getenv_1
    libinit.o(.ARM.Collect$$libinit$$00000000) refers (Special) to libinit2.o(.ARM.Collect$$libinit$$0000000A) for __rt_lib_init_heap_1
    libinit.o(.ARM.Collect$$libinit$$00000000) refers (Special) to libinit2.o(.ARM.Collect$$libinit$$00000011) for __rt_lib_init_lc_collate_1
    libinit.o(.ARM.Collect$$libinit$$00000000) refers (Special) to libinit2.o(.ARM.Collect$$libinit$$00000013) for __rt_lib_init_lc_ctype_1
    libinit.o(.ARM.Collect$$libinit$$00000000) refers (Special) to libinit2.o(.ARM.Collect$$libinit$$00000015) for __rt_lib_init_lc_monetary_1
    libinit.o(.ARM.Collect$$libinit$$00000000) refers (Special) to libinit2.o(.ARM.Collect$$libinit$$00000017) for __rt_lib_init_lc_numeric_1
    libinit.o(.ARM.Collect$$libinit$$00000000) refers (Special) to libinit2.o(.ARM.Collect$$libinit$$00000019) for __rt_lib_init_lc_time_1
    libinit.o(.ARM.Collect$$libinit$$00000000) refers (Special) to libinit2.o(.ARM.Collect$$libinit$$00000004) for __rt_lib_init_preinit_1
    libinit.o(.ARM.Collect$$libinit$$00000000) refers (Special) to libinit2.o(.ARM.Collect$$libinit$$0000000E) for __rt_lib_init_rand_1
    libinit.o(.ARM.Collect$$libinit$$00000000) refers (Special) to libinit2.o(.ARM.Collect$$libinit$$00000033) for __rt_lib_init_return
    libinit.o(.ARM.Collect$$libinit$$00000000) refers (Special) to libinit2.o(.ARM.Collect$$libinit$$0000001D) for __rt_lib_init_signal_1
    libinit.o(.ARM.Collect$$libinit$$00000000) refers (Special) to libinit2.o(.ARM.Collect$$libinit$$00000025) for __rt_lib_init_stdio_1
    libinit.o(.ARM.Collect$$libinit$$00000000) refers (Special) to libinit2.o(.ARM.Collect$$libinit$$0000000C) for __rt_lib_init_user_alloc_1
    libspace.o(.text) refers to libspace.o(.bss) for __libspace_start
    rtexit.o(.ARM.Collect$$rtexit$$00000000) refers (Special) to rtexit2.o(.ARM.Collect$$rtexit$$00000004) for __rt_exit_exit
    rtexit.o(.ARM.Collect$$rtexit$$00000000) refers (Special) to rtexit2.o(.ARM.Collect$$rtexit$$00000003) for __rt_exit_ls
    rtexit.o(.ARM.Collect$$rtexit$$00000000) refers (Special) to rtexit2.o(.ARM.Collect$$rtexit$$00000002) for __rt_exit_prels_1
    rtexit.o(.ARM.exidx) refers (Special) to rtexit2.o(.ARM.Collect$$rtexit$$00000004) for __rt_exit_exit
    rtexit.o(.ARM.exidx) refers (Special) to rtexit2.o(.ARM.Collect$$rtexit$$00000003) for __rt_exit_ls
    rtexit.o(.ARM.exidx) refers (Special) to rtexit2.o(.ARM.Collect$$rtexit$$00000002) for __rt_exit_prels_1
    rtexit.o(.ARM.exidx) refers to rtexit.o(.ARM.Collect$$rtexit$$00000000) for .ARM.Collect$$rtexit$$00000000
    rt_raise.o(.text) refers to __raise.o(.text) for __raise
    rt_raise.o(.text) refers to retarget.o(.text) for _sys_exit
    defsig_exit.o(.text) refers to retarget.o(.text) for _sys_exit
    defsig_fpe_inner.o(.text) refers to defsig_general.o(.text) for __default_signal_display
    libinit2.o(.ARM.Collect$$libinit$$00000010) refers to libinit2.o(.ARM.Collect$$libinit$$0000000F) for .ARM.Collect$$libinit$$0000000F
    libinit2.o(.ARM.Collect$$libinit$$00000012) refers to libinit2.o(.ARM.Collect$$libinit$$0000000F) for .ARM.Collect$$libinit$$0000000F
    libinit2.o(.ARM.Collect$$libinit$$00000014) refers to libinit2.o(.ARM.Collect$$libinit$$0000000F) for .ARM.Collect$$libinit$$0000000F
    libinit2.o(.ARM.Collect$$libinit$$00000016) refers to libinit2.o(.ARM.Collect$$libinit$$0000000F) for .ARM.Collect$$libinit$$0000000F
    libinit2.o(.ARM.Collect$$libinit$$00000018) refers to libinit2.o(.ARM.Collect$$libinit$$0000000F) for .ARM.Collect$$libinit$$0000000F
    libinit2.o(.ARM.Collect$$libinit$$00000026) refers to argv_veneer.o(.text) for __ARM_argv_veneer
    libinit2.o(.ARM.Collect$$libinit$$00000027) refers to argv_veneer.o(.text) for __ARM_argv_veneer
    rtexit2.o(.ARM.Collect$$rtexit$$00000003) refers to libshutdown.o(.ARM.Collect$$libshutdown$$00000000) for __rt_lib_shutdown
    rtexit2.o(.ARM.Collect$$rtexit$$00000004) refers to retarget.o(.text) for _sys_exit
    rtexit2.o(.ARM.exidx) refers to rtexit2.o(.ARM.Collect$$rtexit$$00000001) for .ARM.Collect$$rtexit$$00000001
    rtexit2.o(.ARM.exidx) refers to rtexit2.o(.ARM.Collect$$rtexit$$00000003) for .ARM.Collect$$rtexit$$00000003
    rtexit2.o(.ARM.exidx) refers to rtexit2.o(.ARM.Collect$$rtexit$$00000004) for .ARM.Collect$$rtexit$$00000004
    __raise.o(.text) refers to defsig.o(CL$$defsig) for __default_signal_handler
    defsig_general.o(.text) refers to retarget.o(.text) for _ttywrch
    defsig.o(CL$$defsig) refers to defsig_fpe_inner.o(.text) for __rt_SIGFPE_inner
    defsig.o(CL$$defsig) refers to defsig_rtmem_inner.o(.text) for __rt_SIGRTMEM_inner
    _get_argv_nomalloc.o(.text) refers (Special) to hrguard.o(.text) for __heap_region$guard
    _get_argv_nomalloc.o(.text) refers to defsig_rtmem_outer.o(.text) for __rt_SIGRTMEM
    _get_argv_nomalloc.o(.text) refers to sys_command.o(.text) for _sys_command_string
    libshutdown.o(.ARM.Collect$$libshutdown$$00000000) refers (Special) to libshutdown2.o(.ARM.Collect$$libshutdown$$00000002) for __rt_lib_shutdown_cpp_1
    libshutdown.o(.ARM.Collect$$libshutdown$$00000000) refers (Special) to libshutdown2.o(.ARM.Collect$$libshutdown$$00000007) for __rt_lib_shutdown_fp_trap_1
    libshutdown.o(.ARM.Collect$$libshutdown$$00000000) refers (Special) to libshutdown2.o(.ARM.Collect$$libshutdown$$0000000F) for __rt_lib_shutdown_heap_1
    libshutdown.o(.ARM.Collect$$libshutdown$$00000000) refers (Special) to libshutdown2.o(.ARM.Collect$$libshutdown$$00000010) for __rt_lib_shutdown_return
    libshutdown.o(.ARM.Collect$$libshutdown$$00000000) refers (Special) to libshutdown2.o(.ARM.Collect$$libshutdown$$0000000A) for __rt_lib_shutdown_signal_1
    libshutdown.o(.ARM.Collect$$libshutdown$$00000000) refers (Special) to libshutdown2.o(.ARM.Collect$$libshutdown$$00000004) for __rt_lib_shutdown_stdio_1
    libshutdown.o(.ARM.Collect$$libshutdown$$00000000) refers (Special) to libshutdown2.o(.ARM.Collect$$libshutdown$$0000000C) for __rt_lib_shutdown_user_alloc_1
    sys_command.o(.text) refers (Special) to use_no_semi.o(.text) for __I$use$semihosting
    sys_command.o(.text) refers (Special) to indicate_semi.o(.text) for __semihosting_library_function
    defsig_abrt_inner.o(.text) refers to defsig_general.o(.text) for __default_signal_display
    defsig_rtred_inner.o(.text) refers to defsig_general.o(.text) for __default_signal_display
    defsig_rtmem_inner.o(.text) refers to defsig_general.o(.text) for __default_signal_display
    defsig_rtmem_outer.o(.text) refers to defsig_rtmem_inner.o(.text) for __rt_SIGRTMEM_inner
    defsig_rtmem_outer.o(.text) refers to defsig_exit.o(.text) for __sig_exit
    defsig_rtmem_formal.o(.text) refers to rt_raise.o(.text) for __rt_raise
    defsig_stak_inner.o(.text) refers to defsig_general.o(.text) for __default_signal_display
    defsig_pvfn_inner.o(.text) refers to defsig_general.o(.text) for __default_signal_display
    defsig_cppl_inner.o(.text) refers to defsig_general.o(.text) for __default_signal_display
    defsig_segv_inner.o(.text) refers to defsig_general.o(.text) for __default_signal_display
    defsig_other.o(.text) refers to defsig_general.o(.text) for __default_signal_display


==============================================================================

Removing Unused input sections from the image.

    Removing w7500x_crg.o(.rev16_text), (4 bytes).
    Removing w7500x_crg.o(.revsh_text), (4 bytes).
    Removing w7500x_crg.o(.text), (488 bytes).
    Removing w7500x_gpio.o(.rev16_text), (4 bytes).
    Removing w7500x_gpio.o(.revsh_text), (4 bytes).
    Removing w7500x_uart.o(.rev16_text), (4 bytes).
    Removing w7500x_uart.o(.revsh_text), (4 bytes).
    Removing w7500x_wztoe.o(.rev16_text), (4 bytes).
    Removing w7500x_wztoe.o(.revsh_text), (4 bytes).
    Removing system_w7500x.o(.rev16_text), (4 bytes).
    Removing system_w7500x.o(.revsh_text), (4 bytes).
    Removing main.o(.rev16_text), (4 bytes).
    Removing main.o(.revsh_text), (4 bytes).
    Removing retarget.o(.rev16_text), (4 bytes).
    Removing retarget.o(.revsh_text), (4 bytes).
    Removing retarget.o(.data), (4 bytes).
    Removing w7500x_it.o(.rev16_text), (4 bytes).
    Removing w7500x_it.o(.revsh_text), (4 bytes).
    Removing socket.o(.rev16_text), (4 bytes).
    Removing socket.o(.revsh_text), (4 bytes).
    Removing wizchip_conf.o(.rev16_text), (4 bytes).
    Removing wizchip_conf.o(.revsh_text), (4 bytes).
    Removing wizchip_conf.o(.text), (1484 bytes).
    Removing wizchip_conf.o(.data), (40 bytes).
    Removing dhcp.o(.rev16_text), (4 bytes).
    Removing dhcp.o(.revsh_text), (4 bytes).
    Removing w7500x_miim.o(.rev16_text), (4 bytes).
    Removing w7500x_miim.o(.revsh_text), (4 bytes).
    Removing loopback.o(.rev16_text), (4 bytes).
    Removing loopback.o(.revsh_text), (4 bytes).

30 unused section(s) (total 2120 bytes) removed from the image.

==============================================================================

Image Symbol Table

    Local Symbols

    Symbol Name                              Value     Ov Type        Size  Object(Section)

    RESET                                    0x00000000   Section      168  startup_w7500x.o(RESET)
    ../clib/angel/boardlib.s                 0x00000000   Number         0  boardinit1.o ABSOLUTE
    ../clib/angel/boardlib.s                 0x00000000   Number         0  boardinit2.o ABSOLUTE
    ../clib/angel/boardlib.s                 0x00000000   Number         0  boardinit3.o ABSOLUTE
    ../clib/angel/boardlib.s                 0x00000000   Number         0  boardshut.o ABSOLUTE
    ../clib/angel/handlers.s                 0x00000000   Number         0  __scatter_copy.o ABSOLUTE
    ../clib/angel/handlers.s                 0x00000000   Number         0  __scatter_zi.o ABSOLUTE
    ../clib/angel/kernel.s                   0x00000000   Number         0  __rtentry4.o ABSOLUTE
    ../clib/angel/kernel.s                   0x00000000   Number         0  rtexit2.o ABSOLUTE
    ../clib/angel/kernel.s                   0x00000000   Number         0  __rtentry.o ABSOLUTE
    ../clib/angel/kernel.s                   0x00000000   Number         0  rtexit.o ABSOLUTE
    ../clib/angel/kernel.s                   0x00000000   Number         0  __rtentry2.o ABSOLUTE
    ../clib/angel/rt.s                       0x00000000   Number         0  aeabi_idiv0_sigfpe.o ABSOLUTE
    ../clib/angel/rt.s                       0x00000000   Number         0  aeabi_idiv0.o ABSOLUTE
    ../clib/angel/rt.s                       0x00000000   Number         0  rt_raise.o ABSOLUTE
    ../clib/angel/rt.s                       0x00000000   Number         0  rt_div0.o ABSOLUTE
    ../clib/angel/scatterp.s                 0x00000000   Number         0  __scatter.o ABSOLUTE
    ../clib/angel/startup.s                  0x00000000   Number         0  __main.o ABSOLUTE
    ../clib/angel/sys.s                      0x00000000   Number         0  indicate_semi.o ABSOLUTE
    ../clib/angel/sys.s                      0x00000000   Number         0  libspace.o ABSOLUTE
    ../clib/angel/sys.s                      0x00000000   Number         0  tempstk.o ABSOLUTE
    ../clib/angel/sys.s                      0x00000000   Number         0  sys_stackheap_outer.o ABSOLUTE
    ../clib/angel/sys.s                      0x00000000   Number         0  use_no_semi.o ABSOLUTE
    ../clib/angel/sysapp.c                   0x00000000   Number         0  sys_command.o ABSOLUTE
    ../clib/armsys.c                         0x00000000   Number         0  no_argv.o ABSOLUTE
    ../clib/armsys.c                         0x00000000   Number         0  argv_veneer.o ABSOLUTE
    ../clib/armsys.c                         0x00000000   Number         0  _get_argv_nomalloc.o ABSOLUTE
    ../clib/division.c                       0x00000000   Number         0  rtudiv10.o ABSOLUTE
    ../clib/division.s                       0x00000000   Number         0  aeabi_sdiv_div0.o ABSOLUTE
    ../clib/division.s                       0x00000000   Number         0  aeabi_sdiv.o ABSOLUTE
    ../clib/heapalloc.c                      0x00000000   Number         0  hrguard.o ABSOLUTE
    ../clib/heapaux.c                        0x00000000   Number         0  heapauxi.o ABSOLUTE
    ../clib/libinit.s                        0x00000000   Number         0  libshutdown.o ABSOLUTE
    ../clib/libinit.s                        0x00000000   Number         0  libshutdown2.o ABSOLUTE
    ../clib/libinit.s                        0x00000000   Number         0  libinit.o ABSOLUTE
    ../clib/libinit.s                        0x00000000   Number         0  libinit2.o ABSOLUTE
    ../clib/misc.s                           0x00000000   Number         0  printf_stubs.o ABSOLUTE
    ../clib/printf.c                         0x00000000   Number         0  _printf_hex_ll.o ABSOLUTE
    ../clib/printf.c                         0x00000000   Number         0  _printf_intcommon.o ABSOLUTE
    ../clib/printf.c                         0x00000000   Number         0  _printf_hex_int.o ABSOLUTE
    ../clib/printf.c                         0x00000000   Number         0  _printf_hex_int_ll.o ABSOLUTE
    ../clib/printf.c                         0x00000000   Number         0  _printf_hex_ptr.o ABSOLUTE
    ../clib/printf.c                         0x00000000   Number         0  _printf_hex_int_ptr.o ABSOLUTE
    ../clib/printf.c                         0x00000000   Number         0  _printf_hex_ll_ptr.o ABSOLUTE
    ../clib/printf.c                         0x00000000   Number         0  _printf_hex_int_ll_ptr.o ABSOLUTE
    ../clib/printf.c                         0x00000000   Number         0  __printf_flags.o ABSOLUTE
    ../clib/printf.c                         0x00000000   Number         0  __printf_ss.o ABSOLUTE
    ../clib/printf.c                         0x00000000   Number         0  __printf_flags_ss.o ABSOLUTE
    ../clib/printf.c                         0x00000000   Number         0  __printf_wp.o ABSOLUTE
    ../clib/printf.c                         0x00000000   Number         0  __printf_flags_wp.o ABSOLUTE
    ../clib/printf.c                         0x00000000   Number         0  __printf_ss_wp.o ABSOLUTE
    ../clib/printf.c                         0x00000000   Number         0  __printf_flags_ss_wp.o ABSOLUTE
    ../clib/printf.c                         0x00000000   Number         0  __printf_nopercent.o ABSOLUTE
    ../clib/printf.c                         0x00000000   Number         0  _printf_char_common.o ABSOLUTE
    ../clib/printf.c                         0x00000000   Number         0  _printf_char_file.o ABSOLUTE
    ../clib/printf.c                         0x00000000   Number         0  __2printf.o ABSOLUTE
    ../clib/printf.c                         0x00000000   Number         0  noretval__2printf.o ABSOLUTE
    ../clib/printf.c                         0x00000000   Number         0  __printf.o ABSOLUTE
    ../clib/printf.c                         0x00000000   Number         0  _printf_dec.o ABSOLUTE
    ../clib/printf_percent.s                 0x00000000   Number         0  _printf_x.o ABSOLUTE
    ../clib/printf_percent.s                 0x00000000   Number         0  _printf_d.o ABSOLUTE
    ../clib/printf_percent.s                 0x00000000   Number         0  _printf_percent.o ABSOLUTE
    ../clib/printf_percent.s                 0x00000000   Number         0  _printf_percent_end.o ABSOLUTE
    ../clib/signal.c                         0x00000000   Number         0  defsig_general.o ABSOLUTE
    ../clib/signal.c                         0x00000000   Number         0  defsig_exit.o ABSOLUTE
    ../clib/signal.c                         0x00000000   Number         0  __raise.o ABSOLUTE
    ../clib/signal.c                         0x00000000   Number         0  defsig_fpe_inner.o ABSOLUTE
    ../clib/signal.c                         0x00000000   Number         0  defsig_rtred_inner.o ABSOLUTE
    ../clib/signal.c                         0x00000000   Number         0  defsig_abrt_inner.o ABSOLUTE
    ../clib/signal.c                         0x00000000   Number         0  defsig_fpe_outer.o ABSOLUTE
    ../clib/signal.c                         0x00000000   Number         0  defsig_rtmem_outer.o ABSOLUTE
    ../clib/signal.c                         0x00000000   Number         0  defsig_rtmem_formal.o ABSOLUTE
    ../clib/signal.c                         0x00000000   Number         0  defsig_stak_inner.o ABSOLUTE
    ../clib/signal.c                         0x00000000   Number         0  defsig_pvfn_inner.o ABSOLUTE
    ../clib/signal.c                         0x00000000   Number         0  defsig_cppl_inner.o ABSOLUTE
    ../clib/signal.c                         0x00000000   Number         0  defsig_segv_inner.o ABSOLUTE
    ../clib/signal.c                         0x00000000   Number         0  defsig_other.o ABSOLUTE
    ../clib/signal.c                         0x00000000   Number         0  defsig_rtmem_inner.o ABSOLUTE
    ../clib/signal.c                         0x00000000   Number         0  defsig_fpe_formal.o ABSOLUTE
    ../clib/signal.s                         0x00000000   Number         0  defsig.o ABSOLUTE
    ../clib/stdlib.c                         0x00000000   Number         0  exit.o ABSOLUTE
    ../fplib/cfplib/daddsub.c                0x00000000   Number         0  daddsub.o ABSOLUTE
    ../fplib/cfplib/f2d.c                    0x00000000   Number         0  f2d.o ABSOLUTE
    ../fplib/cfplib/fdiv.c                   0x00000000   Number         0  fdiv.o ABSOLUTE
    ../fplib/cfplib/ffix.c                   0x00000000   Number         0  dfixui.o ABSOLUTE
    ../fplib/cfplib/ffix.c                   0x00000000   Number         0  ffixui.o ABSOLUTE
    ../fplib/cfplib/fflt.c                   0x00000000   Number         0  fflti.o ABSOLUTE
    ../fplib/cfplib/fpinit.c                 0x00000000   Number         0  fpinit.o ABSOLUTE
    ../fplib/cfplib/scalbn.c                 0x00000000   Number         0  fscalbn.o ABSOLUTE
    ../fplib/faddsub6m.s                     0x00000000   Number         0  faddsub.o ABSOLUTE
    ../fplib/usenofp.s                       0x00000000   Number         0  usenofp.o ABSOLUTE
    ..\..\..\..\..\Libraries\CMSIS\Device\WIZnet\W7500\Source\ARM\startup_W7500x.s 0x00000000   Number         0  startup_w7500x.o ABSOLUTE
    ..\..\..\..\..\Libraries\CMSIS\Device\WIZnet\W7500\Source\system_W7500x.c 0x00000000   Number         0  system_w7500x.o ABSOLUTE
    ..\..\..\..\..\Libraries\W7500x_stdPeriph_Driver\src\W7500x_crg.c 0x00000000   Number         0  w7500x_crg.o ABSOLUTE
    ..\..\..\..\..\Libraries\W7500x_stdPeriph_Driver\src\W7500x_gpio.c 0x00000000   Number         0  w7500x_gpio.o ABSOLUTE
    ..\..\..\..\..\Libraries\W7500x_stdPeriph_Driver\src\W7500x_uart.c 0x00000000   Number         0  w7500x_uart.o ABSOLUTE
    ..\..\..\..\..\Libraries\W7500x_stdPeriph_Driver\src\W7500x_wztoe.c 0x00000000   Number         0  w7500x_wztoe.o ABSOLUTE
    ..\..\..\..\..\ioLibrary\Application\loopback\loopback.c 0x00000000   Number         0  loopback.o ABSOLUTE
    ..\..\..\..\..\ioLibrary\Ethernet\socket.c 0x00000000   Number         0  socket.o ABSOLUTE
    ..\..\..\..\..\ioLibrary\Ethernet\wizchip_conf.c 0x00000000   Number         0  wizchip_conf.o ABSOLUTE
    ..\..\..\..\..\ioLibrary\Internet\DHCP\dhcp.c 0x00000000   Number         0  dhcp.o ABSOLUTE
    ..\..\..\..\..\ioLibrary\MDIO\W7500x_miim.c 0x00000000   Number         0  w7500x_miim.o ABSOLUTE
    ..\W7500x_it.c                           0x00000000   Number         0  w7500x_it.o ABSOLUTE
    ..\\..\\..\\..\\..\\Libraries\\CMSIS\\Device\\WIZnet\\W7500\\Source\\system_W7500x.c 0x00000000   Number         0  system_w7500x.o ABSOLUTE
    ..\\..\\..\\..\\..\\Libraries\\W7500x_stdPeriph_Driver\\src\\W7500x_crg.c 0x00000000   Number         0  w7500x_crg.o ABSOLUTE
    ..\\..\\..\\..\\..\\Libraries\\W7500x_stdPeriph_Driver\\src\\W7500x_gpio.c 0x00000000   Number         0  w7500x_gpio.o ABSOLUTE
    ..\\..\\..\\..\\..\\Libraries\\W7500x_stdPeriph_Driver\\src\\W7500x_uart.c 0x00000000   Number         0  w7500x_uart.o ABSOLUTE
    ..\\..\\..\\..\\..\\Libraries\\W7500x_stdPeriph_Driver\\src\\W7500x_wztoe.c 0x00000000   Number         0  w7500x_wztoe.o ABSOLUTE
    ..\\..\\..\\..\\..\\ioLibrary\\Application\\loopback\\loopback.c 0x00000000   Number         0  loopback.o ABSOLUTE
    ..\\..\\..\\..\\..\\ioLibrary\\Ethernet\\socket.c 0x00000000   Number         0  socket.o ABSOLUTE
    ..\\..\\..\\..\\..\\ioLibrary\\Ethernet\\wizchip_conf.c 0x00000000   Number         0  wizchip_conf.o ABSOLUTE
    ..\\..\\..\\..\\..\\ioLibrary\\Internet\\DHCP\\dhcp.c 0x00000000   Number         0  dhcp.o ABSOLUTE
    ..\\..\\..\\..\\..\\ioLibrary\\MDIO\\W7500x_miim.c 0x00000000   Number         0  w7500x_miim.o ABSOLUTE
    ..\\W7500x_it.c                          0x00000000   Number         0  w7500x_it.o ABSOLUTE
    ..\\main.c                               0x00000000   Number         0  main.o ABSOLUTE
    ..\\retarget.c                           0x00000000   Number         0  retarget.o ABSOLUTE
    ..\main.c                                0x00000000   Number         0  main.o ABSOLUTE
    ..\retarget.c                            0x00000000   Number         0  retarget.o ABSOLUTE
    dc.s                                     0x00000000   Number         0  dc.o ABSOLUTE
    !!!main                                  0x000000a8   Section        8  __main.o(!!!main)
    !!!scatter                               0x000000b0   Section       60  __scatter.o(!!!scatter)
    !!handler_copy                           0x000000ec   Section       26  __scatter_copy.o(!!handler_copy)
    !!handler_zi                             0x00000108   Section       28  __scatter_zi.o(!!handler_zi)
    .ARM.Collect$$_printf_percent$$00000000  0x00000124   Section        2  _printf_percent.o(.ARM.Collect$$_printf_percent$$00000000)
    .ARM.Collect$$_printf_percent$$00000009  0x00000126   Section       10  _printf_d.o(.ARM.Collect$$_printf_percent$$00000009)
    .ARM.Collect$$_printf_percent$$0000000C  0x00000130   Section       10  _printf_x.o(.ARM.Collect$$_printf_percent$$0000000C)
    .ARM.Collect$$_printf_percent$$00000017  0x0000013a   Section        4  _printf_percent_end.o(.ARM.Collect$$_printf_percent$$00000017)
    .ARM.Collect$$libinit$$00000000          0x0000013e   Section        2  libinit.o(.ARM.Collect$$libinit$$00000000)
    .ARM.Collect$$libinit$$00000002          0x00000140   Section        0  libinit2.o(.ARM.Collect$$libinit$$00000002)
    .ARM.Collect$$libinit$$00000004          0x00000140   Section        0  libinit2.o(.ARM.Collect$$libinit$$00000004)
    .ARM.Collect$$libinit$$0000000A          0x00000140   Section        0  libinit2.o(.ARM.Collect$$libinit$$0000000A)
    .ARM.Collect$$libinit$$0000000C          0x00000140   Section        0  libinit2.o(.ARM.Collect$$libinit$$0000000C)
    .ARM.Collect$$libinit$$0000000E          0x00000140   Section        0  libinit2.o(.ARM.Collect$$libinit$$0000000E)
    .ARM.Collect$$libinit$$00000011          0x00000140   Section        0  libinit2.o(.ARM.Collect$$libinit$$00000011)
    .ARM.Collect$$libinit$$00000013          0x00000140   Section        0  libinit2.o(.ARM.Collect$$libinit$$00000013)
    .ARM.Collect$$libinit$$00000015          0x00000140   Section        0  libinit2.o(.ARM.Collect$$libinit$$00000015)
    .ARM.Collect$$libinit$$00000017          0x00000140   Section        0  libinit2.o(.ARM.Collect$$libinit$$00000017)
    .ARM.Collect$$libinit$$00000019          0x00000140   Section        0  libinit2.o(.ARM.Collect$$libinit$$00000019)
    .ARM.Collect$$libinit$$0000001B          0x00000140   Section        0  libinit2.o(.ARM.Collect$$libinit$$0000001B)
    .ARM.Collect$$libinit$$0000001D          0x00000140   Section        0  libinit2.o(.ARM.Collect$$libinit$$0000001D)
    .ARM.Collect$$libinit$$0000001F          0x00000140   Section        0  libinit2.o(.ARM.Collect$$libinit$$0000001F)
    .ARM.Collect$$libinit$$00000021          0x00000140   Section        0  libinit2.o(.ARM.Collect$$libinit$$00000021)
    .ARM.Collect$$libinit$$00000023          0x00000140   Section        0  libinit2.o(.ARM.Collect$$libinit$$00000023)
    .ARM.Collect$$libinit$$00000025          0x00000140   Section        0  libinit2.o(.ARM.Collect$$libinit$$00000025)
    .ARM.Collect$$libinit$$0000002C          0x00000140   Section        0  libinit2.o(.ARM.Collect$$libinit$$0000002C)
    .ARM.Collect$$libinit$$0000002E          0x00000140   Section        0  libinit2.o(.ARM.Collect$$libinit$$0000002E)
    .ARM.Collect$$libinit$$00000030          0x00000140   Section        0  libinit2.o(.ARM.Collect$$libinit$$00000030)
    .ARM.Collect$$libinit$$00000032          0x00000140   Section        0  libinit2.o(.ARM.Collect$$libinit$$00000032)
    .ARM.Collect$$libinit$$00000033          0x00000140   Section        2  libinit2.o(.ARM.Collect$$libinit$$00000033)
    .ARM.Collect$$libshutdown$$00000000      0x00000142   Section        2  libshutdown.o(.ARM.Collect$$libshutdown$$00000000)
    .ARM.Collect$$libshutdown$$00000002      0x00000144   Section        0  libshutdown2.o(.ARM.Collect$$libshutdown$$00000002)
    .ARM.Collect$$libshutdown$$00000004      0x00000144   Section        0  libshutdown2.o(.ARM.Collect$$libshutdown$$00000004)
    .ARM.Collect$$libshutdown$$00000007      0x00000144   Section        0  libshutdown2.o(.ARM.Collect$$libshutdown$$00000007)
    .ARM.Collect$$libshutdown$$0000000A      0x00000144   Section        0  libshutdown2.o(.ARM.Collect$$libshutdown$$0000000A)
    .ARM.Collect$$libshutdown$$0000000C      0x00000144   Section        0  libshutdown2.o(.ARM.Collect$$libshutdown$$0000000C)
    .ARM.Collect$$libshutdown$$0000000F      0x00000144   Section        0  libshutdown2.o(.ARM.Collect$$libshutdown$$0000000F)
    .ARM.Collect$$libshutdown$$00000010      0x00000144   Section        2  libshutdown2.o(.ARM.Collect$$libshutdown$$00000010)
    .ARM.Collect$$rtentry$$00000000          0x00000146   Section        0  __rtentry.o(.ARM.Collect$$rtentry$$00000000)
    .ARM.Collect$$rtentry$$00000002          0x00000146   Section        0  __rtentry2.o(.ARM.Collect$$rtentry$$00000002)
    .ARM.Collect$$rtentry$$00000004          0x00000146   Section        6  __rtentry4.o(.ARM.Collect$$rtentry$$00000004)
    .ARM.Collect$$rtentry$$00000009          0x0000014c   Section        0  __rtentry2.o(.ARM.Collect$$rtentry$$00000009)
    .ARM.Collect$$rtentry$$0000000A          0x0000014c   Section        4  __rtentry2.o(.ARM.Collect$$rtentry$$0000000A)
    .ARM.Collect$$rtentry$$0000000C          0x00000150   Section        0  __rtentry2.o(.ARM.Collect$$rtentry$$0000000C)
    .ARM.Collect$$rtentry$$0000000D          0x00000150   Section        8  __rtentry2.o(.ARM.Collect$$rtentry$$0000000D)
    .ARM.Collect$$rtexit$$00000000           0x00000158   Section        2  rtexit.o(.ARM.Collect$$rtexit$$00000000)
    .ARM.Collect$$rtexit$$00000002           0x0000015a   Section        0  rtexit2.o(.ARM.Collect$$rtexit$$00000002)
    .ARM.Collect$$rtexit$$00000003           0x0000015a   Section        4  rtexit2.o(.ARM.Collect$$rtexit$$00000003)
    .ARM.Collect$$rtexit$$00000004           0x0000015e   Section        6  rtexit2.o(.ARM.Collect$$rtexit$$00000004)
    .text                                    0x00000164   Section       56  startup_w7500x.o(.text)
    .text                                    0x0000019c   Section        0  w7500x_gpio.o(.text)
    NVIC_EnableIRQ                           0x00000513   Thumb Code    14  w7500x_gpio.o(.text)
    .text                                    0x00000530   Section        0  w7500x_uart.o(.text)
    .text                                    0x0000078c   Section        0  w7500x_wztoe.o(.text)
    .text                                    0x00000874   Section        0  system_w7500x.o(.text)
    .text                                    0x0000090c   Section        0  main.o(.text)
    .text                                    0x00000e70   Section        0  retarget.o(.text)
    .text                                    0x00000ea8   Section        0  w7500x_it.o(.text)
    .text                                    0x00000ee0   Section        0  socket.o(.text)
    .text                                    0x000019b8   Section        0  dhcp.o(.text)
    .text                                    0x000025c4   Section        0  w7500x_miim.o(.text)
    .text                                    0x000027e0   Section        0  loopback.o(.text)
    .text                                    0x00002bcc   Section        2  use_no_semi.o(.text)
    .text                                    0x00002bd0   Section        0  noretval__2printf.o(.text)
    .text                                    0x00002bec   Section        0  _printf_dec.o(.text)
    .text                                    0x00002c58   Section        0  _printf_hex_int.o(.text)
    .text                                    0x00002cb0   Section        0  __printf_ss_wp.o(.text)
    .text                                    0x00002e10   Section      346  aeabi_sdiv.o(.text)
    .text                                    0x00002f6a   Section        0  heapauxi.o(.text)
    .text                                    0x00002f70   Section        0  daddsub.o(.text)
    _dadd1                                   0x00002f71   Thumb Code   290  daddsub.o(.text)
    _dsub1                                   0x00003093   Thumb Code   470  daddsub.o(.text)
    .text                                    0x000032c8   Section        0  dfixui.o(.text)
    .text                                    0x00003310   Section        0  f2d.o(.text)
    .text                                    0x00003364   Section        0  fdiv.o(.text)
    .text                                    0x000034c4   Section        0  ffixui.o(.text)
    .text                                    0x000034f4   Section        0  fflti.o(.text)
    .text                                    0x00003554   Section        0  fscalbn.o(.text)
    .text                                    0x00003598   Section        0  _printf_intcommon.o(.text)
    .text                                    0x00003648   Section        0  _printf_char_file.o(.text)
    .text                                    0x00003670   Section        0  rtudiv10.o(.text)
    .text                                    0x00003698   Section        0  _printf_char_common.o(.text)
    _printf_input_char                       0x00003699   Thumb Code    10  _printf_char_common.o(.text)
    .text                                    0x000036c8   Section       62  sys_stackheap_outer.o(.text)
    .text                                    0x00003706   Section        0  exit.o(.text)
    .text                                    0x00003718   Section        8  libspace.o(.text)
    i.__ARM_common_switch8                   0x00003720   Section        0  socket.o(i.__ARM_common_switch8)
    i._is_digit                              0x0000373a   Section        0  __printf_wp.o(i._is_digit)
    x$fpl$fadd                               0x00003748   Section      140  faddsub.o(x$fpl$fadd)
    _fadd1                                   0x00003755   Thumb Code     0  faddsub.o(x$fpl$fadd)
    x$fpl$frsb                               0x000037d4   Section       24  faddsub.o(x$fpl$frsb)
    x$fpl$fsub                               0x000037ec   Section      208  faddsub.o(x$fpl$fsub)
    _fsub1                                   0x000037f9   Thumb Code     0  faddsub.o(x$fpl$fsub)
    .constdata                               0x000038bc   Section       40  _printf_hex_int.o(.constdata)
    x$fpl$usenofp                            0x000038bc   Section        0  usenofp.o(x$fpl$usenofp)
    uc_hextab                                0x000038bc   Data          20  _printf_hex_int.o(.constdata)
    lc_hextab                                0x000038d0   Data          20  _printf_hex_int.o(.constdata)
    .constdata                               0x000038e4   Section       64  fdiv.o(.constdata)
    fdiv_tab                                 0x000038e4   Data          64  fdiv.o(.constdata)
    .conststring                             0x00003924   Section       68  w7500x_miim.o(.conststring)
    .data                                    0x20000000   Section        8  system_w7500x.o(.data)
    .data                                    0x20000008   Section        8  main.o(.data)
    TimingDelay                              0x2000000c   Data           4  main.o(.data)
    .data                                    0x20000010   Section        4  retarget.o(.data)
    .data                                    0x20000014   Section       14  socket.o(.data)
    sock_any_port                            0x20000014   Data           2  socket.o(.data)
    sock_io_mode                             0x20000016   Data           2  socket.o(.data)
    sock_is_sending                          0x20000018   Data           2  socket.o(.data)
    sock_pack_info                           0x2000001a   Data           8  socket.o(.data)
    .data                                    0x20000024   Section       74  dhcp.o(.data)
    .bss                                     0x20000070   Section     2064  main.o(.bss)
    .bss                                     0x20000880   Section       16  socket.o(.bss)
    sock_remained_size                       0x20000880   Data          16  socket.o(.bss)
    .bss                                     0x20000890   Section       96  libspace.o(.bss)
    HEAP                                     0x200008f0   Section     1024  startup_w7500x.o(HEAP)
    Heap_Mem                                 0x200008f0   Data        1024  startup_w7500x.o(HEAP)
    STACK                                    0x20000cf0   Section     1024  startup_w7500x.o(STACK)
    Stack_Mem                                0x20000cf0   Data        1024  startup_w7500x.o(STACK)
    __initial_sp                             0x200010f0   Data           0  startup_w7500x.o(STACK)

    Global Symbols

    Symbol Name                              Value     Ov Type        Size  Object(Section)

    BuildAttributes$$THM_ISAv3M$S$PE$A:L22$X:L11$S22$IEEE1$IW$USESV6$~STKCKD$USESV7$~SHL$OSPACE$ROPI$EBA8$UX$STANDARDLIB$REQ8$PRES8$EABIv2 0x00000000   Number         0  anon$$obj.o ABSOLUTE
    __ARM_use_no_argv                        0x00000000   Number         0  main.o ABSOLUTE
    __Vectors                                0x00000000   Data           4  startup_w7500x.o(RESET)
    _printf_flags                            0x00000000   Number         0  printf_stubs.o ABSOLUTE
    _printf_return_value                     0x00000000   Number         0  printf_stubs.o ABSOLUTE
    _printf_sizespec                         0x00000000   Number         0  printf_stubs.o ABSOLUTE
    _printf_widthprec                        0x00000000   Number         0  printf_stubs.o ABSOLUTE
    __ARM_exceptions_init                     - Undefined Weak Reference
    __alloca_initialize                       - Undefined Weak Reference
    __arm_preinit_                            - Undefined Weak Reference
    __cpp_initialize__aeabi_                  - Undefined Weak Reference
    __cxa_finalize                            - Undefined Weak Reference
    __rt_locale                               - Undefined Weak Reference
    __sigvec_lookup                           - Undefined Weak Reference
    _atexit_init                              - Undefined Weak Reference
    _call_atexit_fns                          - Undefined Weak Reference
    _clock_init                               - Undefined Weak Reference
    _fp_trap_init                             - Undefined Weak Reference
    _fp_trap_shutdown                         - Undefined Weak Reference
    _get_lc_collate                           - Undefined Weak Reference
    _get_lc_ctype                             - Undefined Weak Reference
    _get_lc_monetary                          - Undefined Weak Reference
    _get_lc_numeric                           - Undefined Weak Reference
    _get_lc_time                              - Undefined Weak Reference
    _getenv_init                              - Undefined Weak Reference
    _handle_redirection                       - Undefined Weak Reference
    _init_alloc                               - Undefined Weak Reference
    _init_user_alloc                          - Undefined Weak Reference
    _initio                                   - Undefined Weak Reference
    _printf_post_padding                      - Undefined Weak Reference
    _printf_pre_padding                       - Undefined Weak Reference
    _printf_truncate_signed                   - Undefined Weak Reference
    _printf_truncate_unsigned                 - Undefined Weak Reference
    _rand_init                                - Undefined Weak Reference
    _signal_finish                            - Undefined Weak Reference
    _signal_init                              - Undefined Weak Reference
    _terminate_alloc                          - Undefined Weak Reference
    _terminate_user_alloc                     - Undefined Weak Reference
    _terminateio                              - Undefined Weak Reference
    __Vectors_End                            0x000000a8   Data           0  startup_w7500x.o(RESET)
    __Vectors_Size                           0x000000a8   Number         0  startup_w7500x.o ABSOLUTE
    __main                                   0x000000a9   Thumb Code     8  __main.o(!!!main)
    __scatterload                            0x000000b1   Thumb Code     0  __scatter.o(!!!scatter)
    __scatterload_rt2                        0x000000b1   Thumb Code    52  __scatter.o(!!!scatter)
    __scatterload_rt2_thumb_only             0x000000b1   Thumb Code     0  __scatter.o(!!!scatter)
    __scatterload_null                       0x000000c1   Thumb Code     0  __scatter.o(!!!scatter)
    __scatterload_copy                       0x000000ed   Thumb Code    26  __scatter_copy.o(!!handler_copy)
    __scatterload_zeroinit                   0x00000109   Thumb Code    28  __scatter_zi.o(!!handler_zi)
    _printf_percent                          0x00000125   Thumb Code     0  _printf_percent.o(.ARM.Collect$$_printf_percent$$00000000)
    _printf_d                                0x00000127   Thumb Code     0  _printf_d.o(.ARM.Collect$$_printf_percent$$00000009)
    _printf_x                                0x00000131   Thumb Code     0  _printf_x.o(.ARM.Collect$$_printf_percent$$0000000C)
    _printf_percent_end                      0x0000013b   Thumb Code     0  _printf_percent_end.o(.ARM.Collect$$_printf_percent$$00000017)
    __rt_lib_init                            0x0000013f   Thumb Code     0  libinit.o(.ARM.Collect$$libinit$$00000000)
    __rt_lib_init_alloca_1                   0x00000141   Thumb Code     0  libinit2.o(.ARM.Collect$$libinit$$0000002E)
    __rt_lib_init_argv_1                     0x00000141   Thumb Code     0  libinit2.o(.ARM.Collect$$libinit$$0000002C)
    __rt_lib_init_atexit_1                   0x00000141   Thumb Code     0  libinit2.o(.ARM.Collect$$libinit$$0000001B)
    __rt_lib_init_clock_1                    0x00000141   Thumb Code     0  libinit2.o(.ARM.Collect$$libinit$$00000021)
    __rt_lib_init_cpp_1                      0x00000141   Thumb Code     0  libinit2.o(.ARM.Collect$$libinit$$00000032)
    __rt_lib_init_exceptions_1               0x00000141   Thumb Code     0  libinit2.o(.ARM.Collect$$libinit$$00000030)
    __rt_lib_init_fp_1                       0x00000141   Thumb Code     0  libinit2.o(.ARM.Collect$$libinit$$00000002)
    __rt_lib_init_fp_trap_1                  0x00000141   Thumb Code     0  libinit2.o(.ARM.Collect$$libinit$$0000001F)
    __rt_lib_init_getenv_1                   0x00000141   Thumb Code     0  libinit2.o(.ARM.Collect$$libinit$$00000023)
    __rt_lib_init_heap_1                     0x00000141   Thumb Code     0  libinit2.o(.ARM.Collect$$libinit$$0000000A)
    __rt_lib_init_lc_collate_1               0x00000141   Thumb Code     0  libinit2.o(.ARM.Collect$$libinit$$00000011)
    __rt_lib_init_lc_ctype_1                 0x00000141   Thumb Code     0  libinit2.o(.ARM.Collect$$libinit$$00000013)
    __rt_lib_init_lc_monetary_1              0x00000141   Thumb Code     0  libinit2.o(.ARM.Collect$$libinit$$00000015)
    __rt_lib_init_lc_numeric_1               0x00000141   Thumb Code     0  libinit2.o(.ARM.Collect$$libinit$$00000017)
    __rt_lib_init_lc_time_1                  0x00000141   Thumb Code     0  libinit2.o(.ARM.Collect$$libinit$$00000019)
    __rt_lib_init_preinit_1                  0x00000141   Thumb Code     0  libinit2.o(.ARM.Collect$$libinit$$00000004)
    __rt_lib_init_rand_1                     0x00000141   Thumb Code     0  libinit2.o(.ARM.Collect$$libinit$$0000000E)
    __rt_lib_init_return                     0x00000141   Thumb Code     0  libinit2.o(.ARM.Collect$$libinit$$00000033)
    __rt_lib_init_signal_1                   0x00000141   Thumb Code     0  libinit2.o(.ARM.Collect$$libinit$$0000001D)
    __rt_lib_init_stdio_1                    0x00000141   Thumb Code     0  libinit2.o(.ARM.Collect$$libinit$$00000025)
    __rt_lib_init_user_alloc_1               0x00000141   Thumb Code     0  libinit2.o(.ARM.Collect$$libinit$$0000000C)
    __rt_lib_shutdown                        0x00000143   Thumb Code     0  libshutdown.o(.ARM.Collect$$libshutdown$$00000000)
    __rt_lib_shutdown_cpp_1                  0x00000145   Thumb Code     0  libshutdown2.o(.ARM.Collect$$libshutdown$$00000002)
    __rt_lib_shutdown_fp_trap_1              0x00000145   Thumb Code     0  libshutdown2.o(.ARM.Collect$$libshutdown$$00000007)
    __rt_lib_shutdown_heap_1                 0x00000145   Thumb Code     0  libshutdown2.o(.ARM.Collect$$libshutdown$$0000000F)
    __rt_lib_shutdown_return                 0x00000145   Thumb Code     0  libshutdown2.o(.ARM.Collect$$libshutdown$$00000010)
    __rt_lib_shutdown_signal_1               0x00000145   Thumb Code     0  libshutdown2.o(.ARM.Collect$$libshutdown$$0000000A)
    __rt_lib_shutdown_stdio_1                0x00000145   Thumb Code     0  libshutdown2.o(.ARM.Collect$$libshutdown$$00000004)
    __rt_lib_shutdown_user_alloc_1           0x00000145   Thumb Code     0  libshutdown2.o(.ARM.Collect$$libshutdown$$0000000C)
    __rt_entry                               0x00000147   Thumb Code     0  __rtentry.o(.ARM.Collect$$rtentry$$00000000)
    __rt_entry_presh_1                       0x00000147   Thumb Code     0  __rtentry2.o(.ARM.Collect$$rtentry$$00000002)
    __rt_entry_sh                            0x00000147   Thumb Code     0  __rtentry4.o(.ARM.Collect$$rtentry$$00000004)
    __rt_entry_li                            0x0000014d   Thumb Code     0  __rtentry2.o(.ARM.Collect$$rtentry$$0000000A)
    __rt_entry_postsh_1                      0x0000014d   Thumb Code     0  __rtentry2.o(.ARM.Collect$$rtentry$$00000009)
    __rt_entry_main                          0x00000151   Thumb Code     0  __rtentry2.o(.ARM.Collect$$rtentry$$0000000D)
    __rt_entry_postli_1                      0x00000151   Thumb Code     0  __rtentry2.o(.ARM.Collect$$rtentry$$0000000C)
    __rt_exit                                0x00000159   Thumb Code     0  rtexit.o(.ARM.Collect$$rtexit$$00000000)
    __rt_exit_ls                             0x0000015b   Thumb Code     0  rtexit2.o(.ARM.Collect$$rtexit$$00000003)
    __rt_exit_prels_1                        0x0000015b   Thumb Code     0  rtexit2.o(.ARM.Collect$$rtexit$$00000002)
    __rt_exit_exit                           0x0000015f   Thumb Code     0  rtexit2.o(.ARM.Collect$$rtexit$$00000004)
    Reset_Handler                            0x00000165   Thumb Code     8  startup_w7500x.o(.text)
    I2C0_Handler                             0x00000177   Thumb Code     0  startup_w7500x.o(.text)
    I2C1_Handler                             0x00000177   Thumb Code     0  startup_w7500x.o(.text)
    RTC_Handler                              0x00000177   Thumb Code     0  startup_w7500x.o(.text)
    __user_initial_stackheap                 0x00000179   Thumb Code    10  startup_w7500x.o(.text)
    GPIO_DeInit                              0x0000019d   Thumb Code    98  w7500x_gpio.o(.text)
    GPIO_Init                                0x000001ff   Thumb Code   210  w7500x_gpio.o(.text)
    GPIO_StructInit                          0x000002d1   Thumb Code    14  w7500x_gpio.o(.text)
    GPIO_ReadInputDataBit                    0x000002df   Thumb Code    14  w7500x_gpio.o(.text)
    GPIO_ReadInputData                       0x000002ed   Thumb Code     6  w7500x_gpio.o(.text)
    GPIO_ReadOutputDataBit                   0x000002f3   Thumb Code    14  w7500x_gpio.o(.text)
    GPIO_ReadOutputData                      0x00000301   Thumb Code     6  w7500x_gpio.o(.text)
    GPIO_SetBits                             0x00000307   Thumb Code    28  w7500x_gpio.o(.text)
    GPIO_ResetBits                           0x00000323   Thumb Code    32  w7500x_gpio.o(.text)
    GPIO_WriteBit                            0x00000343   Thumb Code    52  w7500x_gpio.o(.text)
    GPIO_Write                               0x00000377   Thumb Code     4  w7500x_gpio.o(.text)
    GPIO_ToggleBits                          0x0000037b   Thumb Code     8  w7500x_gpio.o(.text)
    GPIO_INT_Enable_Bits                     0x00000383   Thumb Code    26  w7500x_gpio.o(.text)
    GPIO_INT_Enable                          0x0000039d   Thumb Code    16  w7500x_gpio.o(.text)
    GPIO_INT_Polarity_Bits                   0x000003ad   Thumb Code    20  w7500x_gpio.o(.text)
    GPIO_INT_Polarity                        0x000003c1   Thumb Code    14  w7500x_gpio.o(.text)
    GPIO_INT_Clear                           0x000003cf   Thumb Code     6  w7500x_gpio.o(.text)
    GPIO_Read_INTstatus                      0x000003d5   Thumb Code    14  w7500x_gpio.o(.text)
    PAD_AFConfig                             0x000003e3   Thumb Code    94  w7500x_gpio.o(.text)
    GPIO_Configuration                       0x00000441   Thumb Code    76  w7500x_gpio.o(.text)
    GPIO_INT_Configuration                   0x0000048d   Thumb Code   134  w7500x_gpio.o(.text)
    UART_StructInit                          0x00000531   Thumb Code    26  w7500x_uart.o(.text)
    UART_DeInit                              0x0000054b   Thumb Code     2  w7500x_uart.o(.text)
    UART_Init                                0x0000054d   Thumb Code   152  w7500x_uart.o(.text)
    UART_FIFO_Enable                         0x000005e5   Thumb Code    24  w7500x_uart.o(.text)
    UART_FIFO_Disable                        0x000005fd   Thumb Code    10  w7500x_uart.o(.text)
    UART_SendData                            0x00000607   Thumb Code     4  w7500x_uart.o(.text)
    UART_ReceiveData                         0x0000060b   Thumb Code     6  w7500x_uart.o(.text)
    UART_SendBreak                           0x00000611   Thumb Code    10  w7500x_uart.o(.text)
    UART_GetRecvStatus                       0x0000061b   Thumb Code    14  w7500x_uart.o(.text)
    UART_ClearRecvStatus                     0x00000629   Thumb Code     4  w7500x_uart.o(.text)
    UART_GetFlagStatus                       0x0000062d   Thumb Code    14  w7500x_uart.o(.text)
    UART_ClearFlag                           0x0000063b   Thumb Code     2  w7500x_uart.o(.text)
    UART_ITConfig                            0x0000063d   Thumb Code    20  w7500x_uart.o(.text)
    UART_GetITStatus                         0x00000651   Thumb Code    14  w7500x_uart.o(.text)
    UART_ClearITPendingBit                   0x0000065f   Thumb Code     8  w7500x_uart.o(.text)
    UART_DMA_Config                          0x00000667   Thumb Code     8  w7500x_uart.o(.text)
    S_UART_DeInit                            0x0000066f   Thumb Code     2  w7500x_uart.o(.text)
    S_UART_SetBaud                           0x00000671   Thumb Code    36  w7500x_uart.o(.text)
    S_UART_Init                              0x00000695   Thumb Code    24  w7500x_uart.o(.text)
    S_UART_SendData                          0x000006ad   Thumb Code    12  w7500x_uart.o(.text)
    S_UART_ReceiveData                       0x000006b9   Thumb Code     8  w7500x_uart.o(.text)
    S_UART_GetFlagStatus                     0x000006c1   Thumb Code    16  w7500x_uart.o(.text)
    S_UART_SetCTRL                           0x000006d1   Thumb Code    18  w7500x_uart.o(.text)
    S_UART_ITConfig                          0x000006e3   Thumb Code    18  w7500x_uart.o(.text)
    S_UART_GetITStatus                       0x000006f5   Thumb Code    16  w7500x_uart.o(.text)
    S_UART_ClearITPendingBit                 0x00000705   Thumb Code    10  w7500x_uart.o(.text)
    UartPutc                                 0x0000070f   Thumb Code    12  w7500x_uart.o(.text)
    UartPuts                                 0x0000071b   Thumb Code    28  w7500x_uart.o(.text)
    UartGetc                                 0x00000737   Thumb Code    12  w7500x_uart.o(.text)
    S_UartPutc                               0x00000743   Thumb Code    12  w7500x_uart.o(.text)
    S_UartPuts                               0x0000074f   Thumb Code    24  w7500x_uart.o(.text)
    S_UartGetc                               0x00000767   Thumb Code    14  w7500x_uart.o(.text)
    WIZCHIP_READ                             0x0000078d   Thumb Code     4  w7500x_wztoe.o(.text)
    WIZCHIP_WRITE                            0x00000791   Thumb Code     4  w7500x_wztoe.o(.text)
    WIZCHIP_READ_BUF                         0x00000795   Thumb Code    24  w7500x_wztoe.o(.text)
    WIZCHIP_WRITE_BUF                        0x000007ad   Thumb Code    24  w7500x_wztoe.o(.text)
    wiz_send_data                            0x000007c5   Thumb Code    40  w7500x_wztoe.o(.text)
    wiz_recv_data                            0x000007ed   Thumb Code    40  w7500x_wztoe.o(.text)
    wiz_recv_macraw_data                     0x00000815   Thumb Code    52  w7500x_wztoe.o(.text)
    wiz_recv_ignore                          0x00000849   Thumb Code    32  w7500x_wztoe.o(.text)
    SystemCoreClockUpdate                    0x00000875   Thumb Code    56  system_w7500x.o(.text)
    GetSystemClock                           0x000008ad   Thumb Code     6  system_w7500x.o(.text)
    SystemInit                               0x000008b3   Thumb Code    68  system_w7500x.o(.text)
    delay                                    0x0000090d   Thumb Code    16  main.o(.text)
    main                                     0x0000091d   Thumb Code  1342  main.o(.text)
    TimingDelay_Decrement                    0x00000e5b   Thumb Code    16  main.o(.text)
    fputc                                    0x00000e71   Thumb Code    12  retarget.o(.text)
    fgetc                                    0x00000e7d   Thumb Code    20  retarget.o(.text)
    ferror                                   0x00000e91   Thumb Code     6  retarget.o(.text)
    _ttywrch                                 0x00000e97   Thumb Code    12  retarget.o(.text)
    _sys_exit                                0x00000ea3   Thumb Code     2  retarget.o(.text)
    NMI_Handler                              0x00000ea9   Thumb Code     2  w7500x_it.o(.text)
    HardFault_Handler                        0x00000eab   Thumb Code     2  w7500x_it.o(.text)
    SVC_Handler                              0x00000ead   Thumb Code     2  w7500x_it.o(.text)
    PendSV_Handler                           0x00000eaf   Thumb Code     2  w7500x_it.o(.text)
    SysTick_Handler                          0x00000eb1   Thumb Code     2  w7500x_it.o(.text)
    SSP0_Handler                             0x00000eb3   Thumb Code     2  w7500x_it.o(.text)
    SSP1_Handler                             0x00000eb5   Thumb Code     2  w7500x_it.o(.text)
    UART0_Handler                            0x00000eb7   Thumb Code     2  w7500x_it.o(.text)
    UART1_Handler                            0x00000eb9   Thumb Code     2  w7500x_it.o(.text)
    UART2_Handler                            0x00000ebb   Thumb Code     2  w7500x_it.o(.text)
    PORT0_Handler                            0x00000ebd   Thumb Code     2  w7500x_it.o(.text)
    PORT1_Handler                            0x00000ebf   Thumb Code     2  w7500x_it.o(.text)
    PORT2_Handler                            0x00000ec1   Thumb Code     2  w7500x_it.o(.text)
    PORT3_Handler                            0x00000ec3   Thumb Code     2  w7500x_it.o(.text)
    DMA_Handler                              0x00000ec5   Thumb Code     2  w7500x_it.o(.text)
    DUALTIMER0_Handler                       0x00000ec7   Thumb Code     2  w7500x_it.o(.text)
    DUALTIMER1_Handler                       0x00000ec9   Thumb Code     2  w7500x_it.o(.text)
    PWM0_Handler                             0x00000ecb   Thumb Code     2  w7500x_it.o(.text)
    PWM1_Handler                             0x00000ecd   Thumb Code     2  w7500x_it.o(.text)
    PWM2_Handler                             0x00000ecf   Thumb Code     2  w7500x_it.o(.text)
    PWM3_Handler                             0x00000ed1   Thumb Code     2  w7500x_it.o(.text)
    PWM4_Handler                             0x00000ed3   Thumb Code     2  w7500x_it.o(.text)
    PWM5_Handler                             0x00000ed5   Thumb Code     2  w7500x_it.o(.text)
    PWM6_Handler                             0x00000ed7   Thumb Code     2  w7500x_it.o(.text)
    PWM7_Handler                             0x00000ed9   Thumb Code     2  w7500x_it.o(.text)
    ADC_Handler                              0x00000edb   Thumb Code     2  w7500x_it.o(.text)
    WZTOE_Handler                            0x00000edd   Thumb Code     2  w7500x_it.o(.text)
    EXTI_Handler                             0x00000edf   Thumb Code     2  w7500x_it.o(.text)
    close                                    0x00000ee1   Thumb Code    96  socket.o(.text)
    socket                                   0x00000f41   Thumb Code   214  socket.o(.text)
    listen                                   0x00001017   Thumb Code   110  socket.o(.text)
    connect                                  0x00001085   Thumb Code   264  socket.o(.text)
    disconnect                               0x0000118d   Thumb Code   132  socket.o(.text)
    send                                     0x00001211   Thumb Code   288  socket.o(.text)
    recv                                     0x00001331   Thumb Code   206  socket.o(.text)
    sendto                                   0x000013ff   Thumb Code   356  socket.o(.text)
    recvfrom                                 0x00001563   Thumb Code   472  socket.o(.text)
    ctlsocket                                0x0000173b   Thumb Code   170  socket.o(.text)
    setsockopt                               0x000017e5   Thumb Code   208  socket.o(.text)
    getsockopt                               0x000018b5   Thumb Code   234  socket.o(.text)
    default_ip_assign                        0x000019b9   Thumb Code   128  dhcp.o(.text)
    default_ip_update                        0x00001a39   Thumb Code    88  dhcp.o(.text)
    default_ip_conflict                      0x00001a91   Thumb Code    84  dhcp.o(.text)
    reg_dhcp_cbfunc                          0x00001ae5   Thumb Code    38  dhcp.o(.text)
    makeDHCPMSG                              0x00001b0b   Thumb Code   262  dhcp.o(.text)
    send_DHCP_DISCOVER                       0x00001c11   Thumb Code   358  dhcp.o(.text)
    send_DHCP_REQUEST                        0x00001d77   Thumb Code   546  dhcp.o(.text)
    send_DHCP_DECLINE                        0x00001f99   Thumb Code   254  dhcp.o(.text)
    parseDHCPMSG                             0x00002097   Thumb Code   310  dhcp.o(.text)
    reset_DHCP_timeout                       0x000021cd   Thumb Code    14  dhcp.o(.text)
    check_DHCP_timeout                       0x000021db   Thumb Code   102  dhcp.o(.text)
    check_DHCP_leasedIP                      0x00002241   Thumb Code    76  dhcp.o(.text)
    DHCP_run                                 0x0000228d   Thumb Code   290  dhcp.o(.text)
    DHCP_stop                                0x000023af   Thumb Code    16  dhcp.o(.text)
    DHCP_init                                0x000023bf   Thumb Code   338  dhcp.o(.text)
    DHCP_time_handler                        0x00002511   Thumb Code    10  dhcp.o(.text)
    getIPfromDHCP                            0x0000251b   Thumb Code    22  dhcp.o(.text)
    getGWfromDHCP                            0x00002531   Thumb Code    22  dhcp.o(.text)
    getSNfromDHCP                            0x00002547   Thumb Code    22  dhcp.o(.text)
    getDNSfromDHCP                           0x0000255d   Thumb Code    22  dhcp.o(.text)
    getDHCPLeasetime                         0x00002573   Thumb Code     6  dhcp.o(.text)
    idle_MDIO                                0x000025c5   Thumb Code    42  w7500x_miim.o(.text)
    input_MDIO                               0x000025ef   Thumb Code    60  w7500x_miim.o(.text)
    turnaround_MDIO                          0x0000262b   Thumb Code    50  w7500x_miim.o(.text)
    output_MDIO                              0x0000265d   Thumb Code    76  w7500x_miim.o(.text)
    mdio_read                                0x000026a9   Thumb Code    84  w7500x_miim.o(.text)
    link                                     0x000026fd   Thumb Code    18  w7500x_miim.o(.text)
    mdio_write                               0x0000270f   Thumb Code    76  w7500x_miim.o(.text)
    set_link                                 0x0000275b   Thumb Code    24  w7500x_miim.o(.text)
    mdio_init                                0x00002773   Thumb Code    54  w7500x_miim.o(.text)
    PHY_Init                                 0x000027a9   Thumb Code    46  w7500x_miim.o(.text)
    loopback_tcps                            0x000027e1   Thumb Code   298  loopback.o(.text)
    loopback_tcpc                            0x0000290b   Thumb Code   252  loopback.o(.text)
    loopback_udps                            0x00002a07   Thumb Code   166  loopback.o(.text)
    __I$use$semihosting                      0x00002bcd   Thumb Code     0  use_no_semi.o(.text)
    __use_no_semihosting_swi                 0x00002bcd   Thumb Code     2  use_no_semi.o(.text)
    __2printf                                0x00002bd1   Thumb Code    22  noretval__2printf.o(.text)
    _printf_int_dec                          0x00002bed   Thumb Code    90  _printf_dec.o(.text)
    _printf_int_hex                          0x00002c59   Thumb Code    84  _printf_hex_int.o(.text)
    _printf_longlong_hex                     0x00002c59   Thumb Code     0  _printf_hex_int.o(.text)
    __printf                                 0x00002cb1   Thumb Code   352  __printf_ss_wp.o(.text)
    __aeabi_uidiv                            0x00002e11   Thumb Code     0  aeabi_sdiv.o(.text)
    __aeabi_uidivmod                         0x00002e11   Thumb Code    20  aeabi_sdiv.o(.text)
    __aeabi_idiv                             0x00002e25   Thumb Code     0  aeabi_sdiv.o(.text)
    __aeabi_idivmod                          0x00002e25   Thumb Code   326  aeabi_sdiv.o(.text)
    __use_two_region_memory                  0x00002f6b   Thumb Code     2  heapauxi.o(.text)
    __rt_heap_escrow$2region                 0x00002f6d   Thumb Code     2  heapauxi.o(.text)
    __rt_heap_expand$2region                 0x00002f6f   Thumb Code     2  heapauxi.o(.text)
    __aeabi_dadd                             0x00003269   Thumb Code     0  daddsub.o(.text)
    _dadd                                    0x00003269   Thumb Code    26  daddsub.o(.text)
    __aeabi_dsub                             0x00003283   Thumb Code     0  daddsub.o(.text)
    _dsub                                    0x00003283   Thumb Code    22  daddsub.o(.text)
    __aeabi_drsub                            0x00003299   Thumb Code     0  daddsub.o(.text)
    _drsb                                    0x00003299   Thumb Code    28  daddsub.o(.text)
    __aeabi_d2uiz                            0x000032c9   Thumb Code     0  dfixui.o(.text)
    _dfixu                                   0x000032c9   Thumb Code    68  dfixui.o(.text)
    __aeabi_f2d                              0x00003311   Thumb Code     0  f2d.o(.text)
    _f2d                                     0x00003311   Thumb Code    80  f2d.o(.text)
    __aeabi_fdiv                             0x00003365   Thumb Code     0  fdiv.o(.text)
    _fdiv                                    0x00003365   Thumb Code   334  fdiv.o(.text)
    _frdiv                                   0x000034b3   Thumb Code     8  fdiv.o(.text)
    __aeabi_f2uiz                            0x000034c5   Thumb Code     0  ffixui.o(.text)
    _ffixu                                   0x000034c5   Thumb Code    48  ffixui.o(.text)
    __aeabi_i2f_normalise                    0x000034f5   Thumb Code    72  fflti.o(.text)
    __aeabi_i2f                              0x0000353d   Thumb Code    16  fflti.o(.text)
    _fflt                                    0x0000353d   Thumb Code     0  fflti.o(.text)
    __aeabi_ui2f                             0x0000354d   Thumb Code     6  fflti.o(.text)
    _ffltu                                   0x0000354d   Thumb Code     0  fflti.o(.text)
    __ARM_scalbnf                            0x00003555   Thumb Code    64  fscalbn.o(.text)
    _printf_int_common                       0x00003599   Thumb Code   176  _printf_intcommon.o(.text)
    _printf_char_file                        0x00003649   Thumb Code    34  _printf_char_file.o(.text)
    __rt_udiv10                              0x00003671   Thumb Code    40  rtudiv10.o(.text)
    _printf_char_common                      0x000036a3   Thumb Code    32  _printf_char_common.o(.text)
    __user_setup_stackheap                   0x000036c9   Thumb Code    62  sys_stackheap_outer.o(.text)
    exit                                     0x00003707   Thumb Code    16  exit.o(.text)
    __user_libspace                          0x00003719   Thumb Code     8  libspace.o(.text)
    __user_perproc_libspace                  0x00003719   Thumb Code     0  libspace.o(.text)
    __user_perthread_libspace                0x00003719   Thumb Code     0  libspace.o(.text)
    __ARM_common_switch8                     0x00003721   Thumb Code    26  socket.o(i.__ARM_common_switch8)
    _is_digit                                0x0000373b   Thumb Code    14  __printf_wp.o(i._is_digit)
    __aeabi_fadd                             0x00003749   Thumb Code     0  faddsub.o(x$fpl$fadd)
    _fadd                                    0x00003749   Thumb Code   134  faddsub.o(x$fpl$fadd)
    __aeabi_frsub                            0x000037d5   Thumb Code     0  faddsub.o(x$fpl$frsb)
    _frsb                                    0x000037d5   Thumb Code    24  faddsub.o(x$fpl$frsb)
    __aeabi_fsub                             0x000037ed   Thumb Code     0  faddsub.o(x$fpl$fsub)
    _fsub                                    0x000037ed   Thumb Code   204  faddsub.o(x$fpl$fsub)
    __I$use$fp                               0x000038bc   Number         0  usenofp.o(x$fpl$usenofp)
    Region$$Table$$Base                      0x00003968   Number         0  anon$$obj.o(Region$$Table)
    Region$$Table$$Limit                     0x00003988   Number         0  anon$$obj.o(Region$$Table)
    SystemFrequency                          0x20000000   Data           4  system_w7500x.o(.data)
    SystemCoreClock                          0x20000004   Data           4  system_w7500x.o(.data)
    my_dhcp_retry                            0x20000008   Data           4  main.o(.data)
    __stdout                                 0x20000010   Data           4  retarget.o(.data)
    dhcp_state                               0x20000024   Data           1  dhcp.o(.data)
    dhcp_retry_count                         0x20000025   Data           1  dhcp.o(.data)
    DHCP_SOCKET                              0x20000026   Data           1  dhcp.o(.data)
    OLD_allocated_ip                         0x20000027   Data           4  dhcp.o(.data)
    DHCP_allocated_ip                        0x2000002b   Data           4  dhcp.o(.data)
    DHCP_allocated_gw                        0x2000002f   Data           4  dhcp.o(.data)
    DHCP_allocated_sn                        0x20000033   Data           4  dhcp.o(.data)
    DHCP_allocated_dns                       0x20000037   Data           4  dhcp.o(.data)
    dhcp_lease_time                          0x2000003c   Data           4  dhcp.o(.data)
    dhcp_tick_1s                             0x20000040   Data           4  dhcp.o(.data)
    dhcp_tick_next                           0x20000044   Data           4  dhcp.o(.data)
    dhcp_ip_assign                           0x20000048   Data           4  dhcp.o(.data)
    dhcp_ip_update                           0x2000004c   Data           4  dhcp.o(.data)
    dhcp_ip_conflict                         0x20000050   Data           4  dhcp.o(.data)
    DHCP_SIP                                 0x20000054   Data           4  dhcp.o(.data)
    DHCP_XID                                 0x20000058   Data           4  dhcp.o(.data)
    pDHCPMSG                                 0x2000005c   Data           4  dhcp.o(.data)
    DHCP_CHADDR                              0x20000060   Data           6  dhcp.o(.data)
    HOST_NAME                                0x20000066   Data           8  dhcp.o(.data)
    UART_InitStructure                       0x20000070   Data          16  main.o(.bss)
    test_buf                                 0x20000080   Data        2048  main.o(.bss)
    __libspace_start                         0x20000890   Data          96  libspace.o(.bss)
    __temporary_stack_top$libspace           0x200008f0   Data           0  libspace.o(.bss)



==============================================================================

Memory Map of the image

  Image Entry point : 0x000000a9

  Load Region LR_IROM1 (Base: 0x00000000, Size: 0x000039f8, Max: 0x00020000, ABSOLUTE)

    Execution Region ER_IROM1 (Exec base: 0x00000000, Load base: 0x00000000, Size: 0x00003988, Max: 0x00020000, ABSOLUTE)

    Exec Addr    Load Addr    Size         Type   Attr      Idx    E Section Name        Object

    0x00000000   0x00000000   0x000000a8   Data   RO            3    RESET               startup_w7500x.o
    0x000000a8   0x000000a8   0x00000008   Code   RO          449  * !!!main             c_p.l(__main.o)
    0x000000b0   0x000000b0   0x0000003c   Code   RO          645    !!!scatter          c_p.l(__scatter.o)
    0x000000ec   0x000000ec   0x0000001a   Code   RO          647    !!handler_copy      c_p.l(__scatter_copy.o)
    0x00000106   0x00000106   0x00000002   PAD
    0x00000108   0x00000108   0x0000001c   Code   RO          649    !!handler_zi        c_p.l(__scatter_zi.o)
    0x00000124   0x00000124   0x00000002   Code   RO          442    .ARM.Collect$$_printf_percent$$00000000  c_p.l(_printf_percent.o)
    0x00000126   0x00000126   0x0000000a   Code   RO          441    .ARM.Collect$$_printf_percent$$00000009  c_p.l(_printf_d.o)
    0x00000130   0x00000130   0x0000000a   Code   RO          440    .ARM.Collect$$_printf_percent$$0000000C  c_p.l(_printf_x.o)
    0x0000013a   0x0000013a   0x00000004   Code   RO          481    .ARM.Collect$$_printf_percent$$00000017  c_p.l(_printf_percent_end.o)
    0x0000013e   0x0000013e   0x00000002   Code   RO          520    .ARM.Collect$$libinit$$00000000  c_p.l(libinit.o)
    0x00000140   0x00000140   0x00000000   Code   RO          534    .ARM.Collect$$libinit$$00000002  c_p.l(libinit2.o)
    0x00000140   0x00000140   0x00000000   Code   RO          536    .ARM.Collect$$libinit$$00000004  c_p.l(libinit2.o)
    0x00000140   0x00000140   0x00000000   Code   RO          539    .ARM.Collect$$libinit$$0000000A  c_p.l(libinit2.o)
    0x00000140   0x00000140   0x00000000   Code   RO          541    .ARM.Collect$$libinit$$0000000C  c_p.l(libinit2.o)
    0x00000140   0x00000140   0x00000000   Code   RO          543    .ARM.Collect$$libinit$$0000000E  c_p.l(libinit2.o)
    0x00000140   0x00000140   0x00000000   Code   RO          546    .ARM.Collect$$libinit$$00000011  c_p.l(libinit2.o)
    0x00000140   0x00000140   0x00000000   Code   RO          548    .ARM.Collect$$libinit$$00000013  c_p.l(libinit2.o)
    0x00000140   0x00000140   0x00000000   Code   RO          550    .ARM.Collect$$libinit$$00000015  c_p.l(libinit2.o)
    0x00000140   0x00000140   0x00000000   Code   RO          552    .ARM.Collect$$libinit$$00000017  c_p.l(libinit2.o)
    0x00000140   0x00000140   0x00000000   Code   RO          554    .ARM.Collect$$libinit$$00000019  c_p.l(libinit2.o)
    0x00000140   0x00000140   0x00000000   Code   RO          556    .ARM.Collect$$libinit$$0000001B  c_p.l(libinit2.o)
    0x00000140   0x00000140   0x00000000   Code   RO          558    .ARM.Collect$$libinit$$0000001D  c_p.l(libinit2.o)
    0x00000140   0x00000140   0x00000000   Code   RO          560    .ARM.Collect$$libinit$$0000001F  c_p.l(libinit2.o)
    0x00000140   0x00000140   0x00000000   Code   RO          562    .ARM.Collect$$libinit$$00000021  c_p.l(libinit2.o)
    0x00000140   0x00000140   0x00000000   Code   RO          564    .ARM.Collect$$libinit$$00000023  c_p.l(libinit2.o)
    0x00000140   0x00000140   0x00000000   Code   RO          566    .ARM.Collect$$libinit$$00000025  c_p.l(libinit2.o)
    0x00000140   0x00000140   0x00000000   Code   RO          570    .ARM.Collect$$libinit$$0000002C  c_p.l(libinit2.o)
    0x00000140   0x00000140   0x00000000   Code   RO          572    .ARM.Collect$$libinit$$0000002E  c_p.l(libinit2.o)
    0x00000140   0x00000140   0x00000000   Code   RO          574    .ARM.Collect$$libinit$$00000030  c_p.l(libinit2.o)
    0x00000140   0x00000140   0x00000000   Code   RO          576    .ARM.Collect$$libinit$$00000032  c_p.l(libinit2.o)
    0x00000140   0x00000140   0x00000002   Code   RO          577    .ARM.Collect$$libinit$$00000033  c_p.l(libinit2.o)
    0x00000142   0x00000142   0x00000002   Code   RO          601    .ARM.Collect$$libshutdown$$00000000  c_p.l(libshutdown.o)
    0x00000144   0x00000144   0x00000000   Code   RO          627    .ARM.Collect$$libshutdown$$00000002  c_p.l(libshutdown2.o)
    0x00000144   0x00000144   0x00000000   Code   RO          629    .ARM.Collect$$libshutdown$$00000004  c_p.l(libshutdown2.o)
    0x00000144   0x00000144   0x00000000   Code   RO          632    .ARM.Collect$$libshutdown$$00000007  c_p.l(libshutdown2.o)
    0x00000144   0x00000144   0x00000000   Code   RO          635    .ARM.Collect$$libshutdown$$0000000A  c_p.l(libshutdown2.o)
    0x00000144   0x00000144   0x00000000   Code   RO          637    .ARM.Collect$$libshutdown$$0000000C  c_p.l(libshutdown2.o)
    0x00000144   0x00000144   0x00000000   Code   RO          640    .ARM.Collect$$libshutdown$$0000000F  c_p.l(libshutdown2.o)
    0x00000144   0x00000144   0x00000002   Code   RO          641    .ARM.Collect$$libshutdown$$00000010  c_p.l(libshutdown2.o)
    0x00000146   0x00000146   0x00000000   Code   RO          472    .ARM.Collect$$rtentry$$00000000  c_p.l(__rtentry.o)
    0x00000146   0x00000146   0x00000000   Code   RO          486    .ARM.Collect$$rtentry$$00000002  c_p.l(__rtentry2.o)
    0x00000146   0x00000146   0x00000006   Code   RO          498    .ARM.Collect$$rtentry$$00000004  c_p.l(__rtentry4.o)
    0x0000014c   0x0000014c   0x00000000   Code   RO          488    .ARM.Collect$$rtentry$$00000009  c_p.l(__rtentry2.o)
    0x0000014c   0x0000014c   0x00000004   Code   RO          489    .ARM.Collect$$rtentry$$0000000A  c_p.l(__rtentry2.o)
    0x00000150   0x00000150   0x00000000   Code   RO          491    .ARM.Collect$$rtentry$$0000000C  c_p.l(__rtentry2.o)
    0x00000150   0x00000150   0x00000008   Code   RO          492    .ARM.Collect$$rtentry$$0000000D  c_p.l(__rtentry2.o)
    0x00000158   0x00000158   0x00000002   Code   RO          525    .ARM.Collect$$rtexit$$00000000  c_p.l(rtexit.o)
    0x0000015a   0x0000015a   0x00000000   Code   RO          579    .ARM.Collect$$rtexit$$00000002  c_p.l(rtexit2.o)
    0x0000015a   0x0000015a   0x00000004   Code   RO          580    .ARM.Collect$$rtexit$$00000003  c_p.l(rtexit2.o)
    0x0000015e   0x0000015e   0x00000006   Code   RO          581    .ARM.Collect$$rtexit$$00000004  c_p.l(rtexit2.o)
    0x00000164   0x00000164   0x00000038   Code   RO            4    .text               startup_w7500x.o
    0x0000019c   0x0000019c   0x00000394   Code   RO           55    .text               w7500x_gpio.o
    0x00000530   0x00000530   0x0000025c   Code   RO           82    .text               w7500x_uart.o
    0x0000078c   0x0000078c   0x000000e8   Code   RO          106    .text               w7500x_wztoe.o
    0x00000874   0x00000874   0x00000098   Code   RO          134    .text               system_w7500x.o
    0x0000090c   0x0000090c   0x00000564   Code   RO          160    .text               main.o
    0x00000e70   0x00000e70   0x00000038   Code   RO          204    .text               retarget.o
    0x00000ea8   0x00000ea8   0x00000038   Code   RO          241    .text               w7500x_it.o
    0x00000ee0   0x00000ee0   0x00000ad8   Code   RO          264    .text               socket.o
    0x000019b8   0x000019b8   0x00000c0c   Code   RO          323    .text               dhcp.o
    0x000025c4   0x000025c4   0x0000021c   Code   RO          347    .text               w7500x_miim.o
    0x000027e0   0x000027e0   0x000003ec   Code   RO          369    .text               loopback.o
    0x00002bcc   0x00002bcc   0x00000002   Code   RO          389    .text               c_p.l(use_no_semi.o)
    0x00002bce   0x00002bce   0x00000002   PAD
    0x00002bd0   0x00002bd0   0x0000001c   Code   RO          393    .text               c_p.l(noretval__2printf.o)
    0x00002bec   0x00002bec   0x0000006c   Code   RO          397    .text               c_p.l(_printf_dec.o)
    0x00002c58   0x00002c58   0x00000058   Code   RO          402    .text               c_p.l(_printf_hex_int.o)
    0x00002cb0   0x00002cb0   0x00000160   Code   RO          435    .text               c_p.l(__printf_ss_wp.o)
    0x00002e10   0x00002e10   0x0000015a   Code   RO          443    .text               c_p.l(aeabi_sdiv.o)
    0x00002f6a   0x00002f6a   0x00000006   Code   RO          447    .text               c_p.l(heapauxi.o)
    0x00002f70   0x00002f70   0x00000358   Code   RO          451    .text               fz_ps.l(daddsub.o)
    0x000032c8   0x000032c8   0x00000048   Code   RO          453    .text               fz_ps.l(dfixui.o)
    0x00003310   0x00003310   0x00000054   Code   RO          455    .text               fz_ps.l(f2d.o)
    0x00003364   0x00003364   0x00000160   Code   RO          463    .text               fz_ps.l(fdiv.o)
    0x000034c4   0x000034c4   0x00000030   Code   RO          466    .text               fz_ps.l(ffixui.o)
    0x000034f4   0x000034f4   0x0000005e   Code   RO          468    .text               fz_ps.l(fflti.o)
    0x00003552   0x00003552   0x00000002   PAD
    0x00003554   0x00003554   0x00000044   Code   RO          470    .text               fz_ps.l(fscalbn.o)
    0x00003598   0x00003598   0x000000b0   Code   RO          477    .text               c_p.l(_printf_intcommon.o)
    0x00003648   0x00003648   0x00000028   Code   RO          479    .text               c_p.l(_printf_char_file.o)
    0x00003670   0x00003670   0x00000028   Code   RO          482    .text               c_p.l(rtudiv10.o)
    0x00003698   0x00003698   0x00000030   Code   RO          502    .text               c_p.l(_printf_char_common.o)
    0x000036c8   0x000036c8   0x0000003e   Code   RO          504    .text               c_p.l(sys_stackheap_outer.o)
    0x00003706   0x00003706   0x00000010   Code   RO          509    .text               c_p.l(exit.o)
    0x00003716   0x00003716   0x00000002   PAD
    0x00003718   0x00003718   0x00000008   Code   RO          521    .text               c_p.l(libspace.o)
    0x00003720   0x00003720   0x0000001a   Code   RO          282    i.__ARM_common_switch8  socket.o
    0x0000373a   0x0000373a   0x0000000e   Code   RO          430    i._is_digit         c_p.l(__printf_wp.o)
    0x00003748   0x00003748   0x0000008c   Code   RO          457    x$fpl$fadd          fz_ps.l(faddsub.o)
    0x000037d4   0x000037d4   0x00000018   Code   RO          458    x$fpl$frsb          fz_ps.l(faddsub.o)
    0x000037ec   0x000037ec   0x000000d0   Code   RO          459    x$fpl$fsub          fz_ps.l(faddsub.o)
    0x000038bc   0x000038bc   0x00000000   Code   RO          484    x$fpl$usenofp       fz_ps.l(usenofp.o)
    0x000038bc   0x000038bc   0x00000028   Data   RO          403    .constdata          c_p.l(_printf_hex_int.o)
    0x000038e4   0x000038e4   0x00000040   Data   RO          464    .constdata          fz_ps.l(fdiv.o)
    0x00003924   0x00003924   0x00000044   Data   RO          348    .conststring        w7500x_miim.o
    0x00003968   0x00003968   0x00000020   Data   RO          643    Region$$Table       anon$$obj.o


    Execution Region RW_IRAM1 (Exec base: 0x20000000, Load base: 0x00003988, Size: 0x000010f0, Max: 0x00004000, ABSOLUTE)

    Exec Addr    Load Addr    Size         Type   Attr      Idx    E Section Name        Object

    0x20000000   0x00003988   0x00000008   Data   RW          135    .data               system_w7500x.o
    0x20000008   0x00003990   0x00000008   Data   RW          162    .data               main.o
    0x20000010   0x00003998   0x00000004   Data   RW          205    .data               retarget.o
    0x20000014   0x0000399c   0x0000000e   Data   RW          266    .data               socket.o
    0x20000022   0x000039aa   0x00000002   PAD
    0x20000024   0x000039ac   0x0000004a   Data   RW          324    .data               dhcp.o
    0x2000006e   0x000039f6   0x00000002   PAD
    0x20000070        -       0x00000810   Zero   RW          161    .bss                main.o
    0x20000880        -       0x00000010   Zero   RW          265    .bss                socket.o
    0x20000890        -       0x00000060   Zero   RW          522    .bss                c_p.l(libspace.o)
    0x200008f0        -       0x00000400   Zero   RW            2    HEAP                startup_w7500x.o
    0x20000cf0        -       0x00000400   Zero   RW            1    STACK               startup_w7500x.o


==============================================================================

Image component sizes


      Code (inc. data)   RO Data    RW Data    ZI Data      Debug   Object Name

      3084        116          0         74          0       9871   dhcp.o
      1004        288          0          0          0       2912   loopback.o
      1380        326          0          8       2064      11329   main.o
        56          4          0          4          0       3022   retarget.o
      2802        104          0         14         16       9039   socket.o
        56         26        168          0       2048        832   startup_w7500x.o
       152         22          0          8          0       1500   system_w7500x.o
         0          0          0          0          0      22208   w7500x_crg.o
       916         16          0          0          0      15407   w7500x_gpio.o
        56          0          0          0          0       2900   w7500x_it.o
       540         10         68          0          0       3175   w7500x_miim.o
       604         24          0          0          0      14291   w7500x_uart.o
       232         12          0          0          0       3191   w7500x_wztoe.o

    ----------------------------------------------------------------------
     10882        948        268        112       4128      99677   Object Totals
         0          0         32          0          0          0   (incl. Generated)
         0          0          0          4          0          0   (incl. Padding)

    ----------------------------------------------------------------------

      Code (inc. data)   RO Data    RW Data    ZI Data      Debug   Library Member Name

         8          0          0          0          0         68   __main.o
       352          0          0          0          0         76   __printf_ss_wp.o
        14          0          0          0          0         60   __printf_wp.o
         0          0          0          0          0          0   __rtentry.o
        12          0          0          0          0          0   __rtentry2.o
         6          0          0          0          0          0   __rtentry4.o
        60          8          0          0          0          0   __scatter.o
        26          0          0          0          0          0   __scatter_copy.o
        28          0          0          0          0          0   __scatter_zi.o
        48          6          0          0          0         88   _printf_char_common.o
        40          6          0          0          0         72   _printf_char_file.o
        10          0          0          0          0          0   _printf_d.o
       108         18          0          0          0         76   _printf_dec.o
        88          4         40          0          0         72   _printf_hex_int.o
       176          0          0          0          0         84   _printf_intcommon.o
         2          0          0          0          0          0   _printf_percent.o
         4          0          0          0          0          0   _printf_percent_end.o
        10          0          0          0          0          0   _printf_x.o
       346          0          0          0          0         92   aeabi_sdiv.o
        16          0          0          0          0         68   exit.o
         6          0          0          0          0        136   heapauxi.o
         2          0          0          0          0          0   libinit.o
         2          0          0          0          0          0   libinit2.o
         2          0          0          0          0          0   libshutdown.o
         2          0          0          0          0          0   libshutdown2.o
         8          4          0          0         96         68   libspace.o
        28          6          0          0          0         84   noretval__2printf.o
         2          0          0          0          0          0   rtexit.o
        10          0          0          0          0          0   rtexit2.o
        40          0          0          0          0         60   rtudiv10.o
        62          0          0          0          0         80   sys_stackheap_outer.o
         2          0          0          0          0         68   use_no_semi.o
       856         20          0          0          0        208   daddsub.o
        72          4          0          0          0         68   dfixui.o
        84          4          0          0          0         60   f2d.o
       372          8          0          0          0        240   faddsub.o
       352         10         64          0          0         92   fdiv.o
        48          0          0          0          0         60   ffixui.o
        94          0          0          0          0         92   fflti.o
        68          4          0          0          0         68   fscalbn.o
         0          0          0          0          0          0   usenofp.o

    ----------------------------------------------------------------------
      3474        102        104          0         96       2140   Library Totals
         8          0          0          0          0          0   (incl. Padding)

    ----------------------------------------------------------------------

      Code (inc. data)   RO Data    RW Data    ZI Data      Debug   Library Name

      1520         52         40          0         96       1252   c_p.l
      1946         50         64          0          0        888   fz_ps.l

    ----------------------------------------------------------------------
      3474        102        104          0         96       2140   Library Totals

    ----------------------------------------------------------------------

==============================================================================


      Code (inc. data)   RO Data    RW Data    ZI Data      Debug   

     14356       1050        372        112       4224      99713   Grand Totals
     14356       1050        372        112       4224      99713   ELF Image Totals
     14356       1050        372        112          0          0   ROM Totals

==============================================================================

    Total RO  Size (Code + RO Data)                14728 (  14.38kB)
    Total RW  Size (RW Data + ZI Data)              4336 (   4.23kB)
    Total ROM Size (Code + RO Data + RW Data)      14840 (  14.49kB)

==============================================================================

