Component: ARM Compiler 5.06 update 6 (build 750) Tool: armlink [4d35ed]

==============================================================================

Section Cross References

    startup_w7500x.o(STACK) refers (Special) to heapauxi.o(.text) for __use_two_region_memory
    startup_w7500x.o(HEAP) refers (Special) to heapauxi.o(.text) for __use_two_region_memory
    startup_w7500x.o(RESET) refers (Special) to heapauxi.o(.text) for __use_two_region_memory
    startup_w7500x.o(RESET) refers to startup_w7500x.o(STACK) for __initial_sp
    startup_w7500x.o(RESET) refers to startup_w7500x.o(.text) for Reset_Handler
    startup_w7500x.o(RESET) refers to w7500x_it.o(i.NMI_Handler) for NMI_Handler
    startup_w7500x.o(RESET) refers to w7500x_it.o(i.HardFault_Handler) for HardFault_Handler
    startup_w7500x.o(RESET) refers to w7500x_it.o(i.SVC_Handler) for SVC_Handler
    startup_w7500x.o(RESET) refers to w7500x_it.o(i.PendSV_Handler) for PendSV_Handler
    startup_w7500x.o(RESET) refers to w7500x_it.o(i.SysTick_Handler) for SysTick_Handler
    startup_w7500x.o(RESET) refers to w7500x_it.o(i.SSP0_Handler) for SSP0_Handler
    startup_w7500x.o(RESET) refers to w7500x_it.o(i.SSP1_Handler) for SSP1_Handler
    startup_w7500x.o(RESET) refers to w7500x_it.o(i.UART0_Handler) for UART0_Handler
    startup_w7500x.o(RESET) refers to w7500x_it.o(i.UART1_Handler) for UART1_Handler
    startup_w7500x.o(RESET) refers to w7500x_it.o(i.UART2_Handler) for UART2_Handler
    startup_w7500x.o(RESET) refers to w7500x_it.o(i.PORT0_Handler) for PORT0_Handler
    startup_w7500x.o(RESET) refers to w7500x_it.o(i.PORT1_Handler) for PORT1_Handler
    startup_w7500x.o(RESET) refers to w7500x_it.o(i.PORT2_Handler) for PORT2_Handler
    startup_w7500x.o(RESET) refers to w7500x_it.o(i.PORT3_Handler) for PORT3_Handler
    startup_w7500x.o(RESET) refers to w7500x_it.o(i.DMA_Handler) for DMA_Handler
    startup_w7500x.o(RESET) refers to w7500x_it.o(i.DUALTIMER0_Handler) for DUALTIMER0_Handler
    startup_w7500x.o(RESET) refers to w7500x_it.o(i.DUALTIMER1_Handler) for DUALTIMER1_Handler
    startup_w7500x.o(RESET) refers to w7500x_it.o(i.PWM0_Handler) for PWM0_Handler
    startup_w7500x.o(RESET) refers to w7500x_it.o(i.PWM1_Handler) for PWM1_Handler
    startup_w7500x.o(RESET) refers to w7500x_it.o(i.PWM2_Handler) for PWM2_Handler
    startup_w7500x.o(RESET) refers to w7500x_it.o(i.PWM3_Handler) for PWM3_Handler
    startup_w7500x.o(RESET) refers to w7500x_it.o(i.PWM4_Handler) for PWM4_Handler
    startup_w7500x.o(RESET) refers to w7500x_it.o(i.PWM5_Handler) for PWM5_Handler
    startup_w7500x.o(RESET) refers to w7500x_it.o(i.PWM6_Handler) for PWM6_Handler
    startup_w7500x.o(RESET) refers to w7500x_it.o(i.PWM7_Handler) for PWM7_Handler
    startup_w7500x.o(RESET) refers to w7500x_it.o(i.ADC_Handler) for ADC_Handler
    startup_w7500x.o(RESET) refers to w7500x_it.o(i.WZTOE_Handler) for WZTOE_Handler
    startup_w7500x.o(RESET) refers to w7500x_it.o(i.EXTI_Handler) for EXTI_Handler
    startup_w7500x.o(.text) refers (Special) to heapauxi.o(.text) for __use_two_region_memory
    startup_w7500x.o(.text) refers to system_w7500x.o(i.SystemInit) for SystemInit
    startup_w7500x.o(.text) refers to __main.o(!!!main) for __main
    startup_w7500x.o(.text) refers to startup_w7500x.o(HEAP) for Heap_Mem
    startup_w7500x.o(.text) refers to startup_w7500x.o(STACK) for Stack_Mem
    system_w7500x.o(i.GetSystemClock) refers to system_w7500x.o(.data) for SystemFrequency
    system_w7500x.o(i.SystemCoreClockUpdate) refers to aeabi_sdiv.o(.text) for __aeabi_uidivmod
    system_w7500x.o(i.SystemCoreClockUpdate) refers to system_w7500x.o(.data) for SystemCoreClock
    system_w7500x.o(i.SystemInit) refers to aeabi_sdiv.o(.text) for __aeabi_uidivmod
    system_w7500x.o(i.SystemInit) refers to system_w7500x.o(.data) for SystemFrequency
    w7500x_gpio.o(i.GPIO_Configuration) refers to w7500x_gpio.o(i.GPIO_StructInit) for GPIO_StructInit
    w7500x_gpio.o(i.GPIO_Configuration) refers to w7500x_gpio.o(i.GPIO_Init) for GPIO_Init
    w7500x_gpio.o(i.GPIO_Configuration) refers to w7500x_gpio.o(i.PAD_AFConfig) for PAD_AFConfig
    w7500x_gpio.o(i.GPIO_INT_Configuration) refers to w7500x_gpio.o(i.GPIO_StructInit) for GPIO_StructInit
    w7500x_gpio.o(i.GPIO_INT_Configuration) refers to w7500x_gpio.o(i.GPIO_Init) for GPIO_Init
    w7500x_gpio.o(i.GPIO_INT_Configuration) refers to w7500x_gpio.o(i.GPIO_INT_Polarity_Bits) for GPIO_INT_Polarity_Bits
    w7500x_gpio.o(i.GPIO_INT_Configuration) refers to w7500x_gpio.o(i.PAD_AFConfig) for PAD_AFConfig
    w7500x_gpio.o(i.GPIO_INT_Configuration) refers to w7500x_gpio.o(i.NVIC_EnableIRQ) for NVIC_EnableIRQ
    w7500x_uart.o(i.S_UART_Init) refers to w7500x_uart.o(i.S_UART_SetBaud) for S_UART_SetBaud
    w7500x_uart.o(i.S_UART_SetBaud) refers to system_w7500x.o(i.GetSystemClock) for GetSystemClock
    w7500x_uart.o(i.S_UART_SetBaud) refers to aeabi_sdiv.o(.text) for __aeabi_uidivmod
[...]
    ../clib/angel/rt.s                       0x00000000   Number         0  aeabi_idiv0.o ABSOLUTE
    ../clib/angel/rt.s                       0x00000000   Number         0  rt_div0.o ABSOLUTE
    ../clib/angel/rt.s                       0x00000000   Number         0  aeabi_idiv0_sigfpe.o ABSOLUTE
    ../clib/angel/rt.s                       0x00000000   Number         0  rt_raise.o ABSOLUTE
    ../clib/angel/scatterp.s                 0x00000000   Number         0  __scatter.o ABSOLUTE
    ../clib/angel/startup.s                  0x00000000   Number         0  __main.o ABSOLUTE
    ../clib/angel/sys.s                      0x00000000   Number         0  libspace.o ABSOLUTE
    ../clib/angel/sys.s                      0x00000000   Number         0  use_no_semi.o ABSOLUTE
    ../clib/angel/sys.s                      0x00000000   Number         0  sys_stackheap_outer.o ABSOLUTE
    ../clib/angel/sys.s                      0x00000000   Number         0  tempstk.o ABSOLUTE
    ../clib/angel/sys.s                      0x00000000   Number         0  indicate_semi.o ABSOLUTE
    ../clib/angel/sysapp.c                   0x00000000   Number         0  sys_command.o ABSOLUTE
    ../clib/armsys.c                         0x00000000   Number         0  _get_argv_nomalloc.o ABSOLUTE
    ../clib/armsys.c                         0x00000000   Number         0  argv_veneer.o ABSOLUTE
    ../clib/armsys.c                         0x00000000   Number         0  no_argv.o ABSOLUTE
    ../clib/division.c                       0x00000000   Number         0  rtudiv10.o ABSOLUTE
    ../clib/division.s                       0x00000000   Number         0  aeabi_sdiv_div0.o ABSOLUTE
    ../clib/division.s                       0x00000000   Number         0  aeabi_sdiv.o ABSOLUTE
    ../clib/heapalloc.c                      0x00000000   Number         0  hrguard.o ABSOLUTE
    ../clib/heapaux.c                        0x00000000   Number         0  heapauxi.o ABSOLUTE
    ../clib/libinit.s                        0x00000000   Number         0  libinit.o ABSOLUTE
    ../clib/libinit.s                        0x00000000   Number         0  libshutdown2.o ABSOLUTE
    ../clib/libinit.s                        0x00000000   Number         0  libinit2.o ABSOLUTE
    ../clib/libinit.s                        0x00000000   Number         0  libshutdown.o ABSOLUTE
    ../clib/printf.c                         0x00000000   Number         0  __printf_nopercent.o ABSOLUTE
    ../clib/printf.c                         0x00000000   Number         0  noretval__2printf.o ABSOLUTE
    ../clib/printf.c                         0x00000000   Number         0  _printf_dec.o ABSOLUTE
    ../clib/printf.c                         0x00000000   Number         0  __printf_ss.o ABSOLUTE
    ../clib/printf.c                         0x00000000   Number         0  __printf_flags_ss.o ABSOLUTE
    ../clib/printf.c                         0x00000000   Number         0  __printf_wp.o ABSOLUTE
    ../clib/printf.c                         0x00000000   Number         0  __2printf.o ABSOLUTE
    ../clib/printf.c                         0x00000000   Number         0  _printf_char_common.o ABSOLUTE
    ../clib/printf.c                         0x00000000   Number         0  __printf_flags_wp.o ABSOLUTE
    ../clib/printf.c                         0x00000000   Number         0  __printf_ss_wp.o ABSOLUTE
    ../clib/printf.c                         0x00000000   Number         0  __printf_flags_ss_wp.o ABSOLUTE
    ../clib/printf.c                         0x00000000   Number         0  __printf_flags.o ABSOLUTE
    ../clib/printf.c                         0x00000000   Number         0  _printf_intcommon.o ABSOLUTE
    ../clib/printf.c                         0x00000000   Number         0  _printf_char.o ABSOLUTE
    ../clib/printf.c                         0x00000000   Number         0  _printf_char_file.o ABSOLUTE
    ../clib/printf.c                         0x00000000   Number         0  __printf.o ABSOLUTE
    ../clib/printf.c                         0x00000000   Number         0  _printf_str.o ABSOLUTE
    ../clib/printf_percent.s                 0x00000000   Number         0  _printf_s.o ABSOLUTE
    ../clib/printf_percent.s                 0x00000000   Number         0  _printf_percent_end.o ABSOLUTE
    ../clib/printf_percent.s                 0x00000000   Number         0  _printf_percent.o ABSOLUTE
    ../clib/printf_percent.s                 0x00000000   Number         0  _printf_d.o ABSOLUTE
    ../clib/printf_percent.s                 0x00000000   Number         0  _printf_u.o ABSOLUTE
    ../clib/signal.c                         0x00000000   Number         0  defsig_other.o ABSOLUTE
    ../clib/signal.c                         0x00000000   Number         0  defsig_stak_inner.o ABSOLUTE
    ../clib/signal.c                         0x00000000   Number         0  defsig_fpe_outer.o ABSOLUTE
    ../clib/signal.c                         0x00000000   Number         0  __raise.o ABSOLUTE
    ../clib/signal.c                         0x00000000   Number         0  defsig_general.o ABSOLUTE
    ../clib/signal.c                         0x00000000   Number         0  defsig_pvfn_inner.o ABSOLUTE
    ../clib/signal.c                         0x00000000   Number         0  defsig_fpe_formal.o ABSOLUTE
    ../clib/signal.c                         0x00000000   Number         0  defsig_exit.o ABSOLUTE
    ../clib/signal.c                         0x00000000   Number         0  defsig_rtmem_formal.o ABSOLUTE
    ../clib/signal.c                         0x00000000   Number         0  defsig_segv_inner.o ABSOLUTE
    ../clib/signal.c                         0x00000000   Number         0  defsig_cppl_inner.o ABSOLUTE
    ../clib/signal.c                         0x00000000   Number         0  defsig_rtmem_inner.o ABSOLUTE
    ../clib/signal.c                         0x00000000   Number         0  defsig_fpe_inner.o ABSOLUTE
    ../clib/signal.c                         0x00000000   Number         0  defsig_abrt_inner.o ABSOLUTE
    ../clib/signal.c                         0x00000000   Number         0  defsig_rtred_inner.o ABSOLUTE
    ../clib/signal.c                         0x00000000   Number         0  defsig_rtmem_outer.o ABSOLUTE
    ../clib/signal.s                         0x00000000   Number         0  defsig.o ABSOLUTE
    ../clib/stdlib.c                         0x00000000   Number         0  exit.o ABSOLUTE
    ../fplib/cfplib/daddsub.c                0x00000000   Number         0  daddsub.o ABSOLUTE
    ../fplib/cfplib/f2d.c                    0x00000000   Number         0  f2d.o ABSOLUTE
    ../fplib/cfplib/fdiv.c                   0x00000000   Number         0  fdiv.o ABSOLUTE
    ../fplib/cfplib/ffix.c                   0x00000000   Number         0  dfixui.o ABSOLUTE
    ../fplib/cfplib/ffix.c                   0x00000000   Number         0  ffixui.o ABSOLUTE
    ../fplib/cfplib/fflt.c                   0x00000000   Number         0  fflti.o ABSOLUTE
    ../fplib/cfplib/fpinit.c                 0x00000000   Number         0  fpinit.o ABSOLUTE
    ../fplib/faddsub6m.s                     0x00000000   Number         0  faddsub.o ABSOLUTE
    ../fplib/fmul6m.s                        0x00000000   Number         0  fmul.o ABSOLUTE
    ../fplib/usenofp.s                       0x00000000   Number         0  usenofp.o ABSOLUTE
    UART_CERO.c                              0x00000000   Number         0  uart_cero.o ABSOLUTE
    UART_CERO.c                              0x00000000   Number         0  uart_cero.o ABSOLUTE
    W7500x_it.c                              0x00000000   Number         0  w7500x_it.o ABSOLUTE
    W7500x_it.c                              0x00000000   Number         0  w7500x_it.o ABSOLUTE
    clock.c                                  0x00000000   Number         0  clock.o ABSOLUTE
    clock.c                                  0x00000000   Number         0  clock.o ABSOLUTE
    dc.s                                     0x00000000   Number         0  dc.o ABSOLUTE
    debuger.c                                0x00000000   Number         0  debuger.o ABSOLUTE
    debuger.c                                0x00000000   Number         0  debuger.o ABSOLUTE
    eeprom.c                                 0x00000000   Number         0  eeprom.o ABSOLUTE
    eeprom.c                                 0x00000000   Number         0  eeprom.o ABSOLUTE
    expedidor.c                              0x00000000   Number         0  expedidor.o ABSOLUTE
    expedidor.c                              0x00000000   Number         0  expedidor.o ABSOLUTE
    lintech.c                                0x00000000   Number         0  lintech.o ABSOLUTE
    lintech.c                                0x00000000   Number         0  lintech.o ABSOLUTE
    main.c                                   0x00000000   Number         0  main.o ABSOLUTE
    main.c                                   0x00000000   Number         0  main.o ABSOLUTE
    retarget.c                               0x00000000   Number         0  retarget.o ABSOLUTE
    retarget.c                               0x00000000   Number         0  retarget.o ABSOLUTE
    wiegand.c                                0x00000000   Number         0  wiegand.o ABSOLUTE
    wiegand.c                                0x00000000   Number         0  wiegand.o ABSOLUTE
    workspace\Libraries\CMSIS\Device\WIZnet\W7500\Source\ARM\startup_W7500x.s 0x00000000   Number         0  startup_w7500x.o ABSOLUTE
    workspace\Libraries\CMSIS\Device\WIZnet\W7500\Source\system_W7500x.c 0x00000000   Number         0  system_w7500x.o ABSOLUTE
    workspace\Libraries\W7500x_stdPeriph_Driver\src\W7500x_dualtimer.c 0x00000000   Number         0  w7500x_dualtimer.o ABSOLUTE
    workspace\Libraries\W7500x_stdPeriph_Driver\src\W7500x_exti.c 0x00000000   Number         0  w7500x_exti.o ABSOLUTE
    workspace\Libraries\W7500x_stdPeriph_Driver\src\W7500x_gpio.c 0x00000000   Number         0  w7500x_gpio.o ABSOLUTE
    workspace\Libraries\W7500x_stdPeriph_Driver\src\W7500x_uart.c 0x00000000   Number         0  w7500x_uart.o ABSOLUTE
    workspace\\Libraries\\CMSIS\\Device\\WIZnet\\W7500\\Source\\system_W7500x.c 0x00000000   Number         0  system_w7500x.o ABSOLUTE
    workspace\\Libraries\\W7500x_stdPeriph_Driver\\src\\W7500x_dualtimer.c 0x00000000   Number         0  w7500x_dualtimer.o ABSOLUTE
    workspace\\Libraries\\W7500x_stdPeriph_Driver\\src\\W7500x_exti.c 0x00000000   Number         0  w7500x_exti.o ABSOLUTE
    workspace\\Libraries\\W7500x_stdPeriph_Driver\\src\\W7500x_gpio.c 0x00000000   Number         0  w7500x_gpio.o ABSOLUTE
    workspace\\Libraries\\W7500x_stdPeriph_Driver\\src\\W7500x_uart.c 0x00000000   Number         0  w7500x_uart.o ABSOLUTE
    !!!main                                  0x000000a8   Section        8  __main.o(!!!main)
    !!!scatter                               0x000000b0   Section       60  __scatter.o(!!!scatter)
    !!handler_copy                           0x000000ec   Section       26  __scatter_copy.o(!!handler_copy)
    !!handler_zi                             0x00000108   Section       28  __scatter_zi.o(!!handler_zi)
    .ARM.Collect$$_printf_percent$$00000000  0x00000124   Section        2  _printf_percent.o(.ARM.Collect$$_printf_percent$$00000000)
    .ARM.Collect$$_printf_percent$$00000009  0x00000126   Section       10  _printf_d.o(.ARM.Collect$$_printf_percent$$00000009)
    .ARM.Collect$$_printf_percent$$0000000A  0x00000130   Section       10  _printf_u.o(.ARM.Collect$$_printf_percent$$0000000A)
    .ARM.Collect$$_printf_percent$$00000014  0x0000013a   Section       10  _printf_s.o(.ARM.Collect$$_printf_percent$$00000014)
    .ARM.Collect$$_printf_percent$$00000017  0x00000144   Section        4  _printf_percent_end.o(.ARM.Collect$$_printf_percent$$00000017)
    .ARM.Collect$$libinit$$00000000          0x00000148   Section        2  libinit.o(.ARM.Collect$$libinit$$00000000)
    .ARM.Collect$$libinit$$00000002          0x0000014a   Section        0  libinit2.o(.ARM.Collect$$libinit$$00000002)
    .ARM.Collect$$libinit$$00000004          0x0000014a   Section        0  libinit2.o(.ARM.Collect$$libinit$$00000004)
    .ARM.Collect$$libinit$$0000000A          0x0000014a   Section        0  libinit2.o(.ARM.Collect$$libinit$$0000000A)
    .ARM.Collect$$libinit$$0000000C          0x0000014a   Section        0  libinit2.o(.ARM.Collect$$libinit$$0000000C)
    .ARM.Collect$$libinit$$0000000E          0x0000014a   Section        0  libinit2.o(.ARM.Collect$$libinit$$0000000E)
    .ARM.Collect$$libinit$$00000011          0x0000014a   Section        0  libinit2.o(.ARM.Collect$$libinit$$00000011)
    .ARM.Collect$$libinit$$00000013          0x0000014a   Section        0  libinit2.o(.ARM.Collect$$libinit$$00000013)
    .ARM.Collect$$libinit$$00000015          0x0000014a   Section        0  libinit2.o(.ARM.Collect$$libinit$$00000015)
    .ARM.Collect$$libinit$$00000017          0x0000014a   Section        0  libinit2.o(.ARM.Collect$$libinit$$00000017)
    .ARM.Collect$$libinit$$00000019          0x0000014a   Section        0  libinit2.o(.ARM.Collect$$libinit$$00000019)
    .ARM.Collect$$libinit$$0000001B          0x0000014a   Section        0  libinit2.o(.ARM.Collect$$libinit$$0000001B)
    .ARM.Collect$$libinit$$0000001D          0x0000014a   Section        0  libinit2.o(.ARM.Collect$$libinit$$0000001D)
    .ARM.Collect$$libinit$$0000001F          0x0000014a   Section        0  libinit2.o(.ARM.Collect$$libinit$$0000001F)
    .ARM.Collect$$libinit$$00000021          0x0000014a   Section        0  libinit2.o(.ARM.Collect$$libinit$$00000021)
    .ARM.Collect$$libinit$$00000023          0x0000014a   Section        0  libinit2.o(.ARM.Collect$$libinit$$00000023)
    .ARM.Collect$$libinit$$00000025          0x0000014a   Section        0  libinit2.o(.ARM.Collect$$libinit$$00000025)
    .ARM.Collect$$libinit$$0000002C          0x0000014a   Section        0  libinit2.o(.ARM.Collect$$libinit$$0000002C)
    .ARM.Collect$$libinit$$0000002E          0x0000014a   Section        0  libinit2.o(.ARM.Collect$$libinit$$0000002E)
    .ARM.Collect$$libinit$$00000030          0x0000014a   Section        0  libinit2.o(.ARM.Collect$$libinit$$00000030)
    .ARM.Collect$$libinit$$00000032          0x0000014a   Section        0  libinit2.o(.ARM.Collect$$libinit$$00000032)
    .ARM.Collect$$libinit$$00000033          0x0000014a   Section        2  libinit2.o(.ARM.Collect$$libinit$$00000033)
    .ARM.Collect$$libshutdown$$00000000      0x0000014c   Section        2  libshutdown.o(.ARM.Collect$$libshutdown$$00000000)
    .ARM.Collect$$libshutdown$$00000002      0x0000014e   Section        0  libshutdown2.o(.ARM.Collect$$libshutdown$$00000002)
    .ARM.Collect$$libshutdown$$00000004      0x0000014e   Section        0  libshutdown2.o(.ARM.Collect$$libshutdown$$00000004)
    .ARM.Collect$$libshutdown$$00000007      0x0000014e   Section        0  libshutdown2.o(.ARM.Collect$$libshutdown$$00000007)
    .ARM.Collect$$libshutdown$$0000000A      0x0000014e   Section        0  libshutdown2.o(.ARM.Collect$$libshutdown$$0000000A)
    .ARM.Collect$$libshutdown$$0000000C      0x0000014e   Section        0  libshutdown2.o(.ARM.Collect$$libshutdown$$0000000C)
    .ARM.Collect$$libshutdown$$0000000F      0x0000014e   Section        0  libshutdown2.o(.ARM.Collect$$libshutdown$$0000000F)
    .ARM.Collect$$libshutdown$$00000010      0x0000014e   Section        2  libshutdown2.o(.ARM.Collect$$libshutdown$$00000010)
    .ARM.Collect$$rtentry$$00000000          0x00000150   Section        0  __rtentry.o(.ARM.Collect$$rtentry$$00000000)
    .ARM.Collect$$rtentry$$00000002          0x00000150   Section        0  __rtentry2.o(.ARM.Collect$$rtentry$$00000002)
    .ARM.Collect$$rtentry$$00000004          0x00000150   Section        6  __rtentry4.o(.ARM.Collect$$rtentry$$00000004)
    .ARM.Collect$$rtentry$$00000009          0x00000156   Section        0  __rtentry2.o(.ARM.Collect$$rtentry$$00000009)
    .ARM.Collect$$rtentry$$0000000A          0x00000156   Section        4  __rtentry2.o(.ARM.Collect$$rtentry$$0000000A)
    .ARM.Collect$$rtentry$$0000000C          0x0000015a   Section        0  __rtentry2.o(.ARM.Collect$$rtentry$$0000000C)
    .ARM.Collect$$rtentry$$0000000D          0x0000015a   Section        8  __rtentry2.o(.ARM.Collect$$rtentry$$0000000D)
    .ARM.Collect$$rtexit$$00000000           0x00000162   Section        2  rtexit.o(.ARM.Collect$$rtexit$$00000000)
    .ARM.Collect$$rtexit$$00000002           0x00000164   Section        0  rtexit2.o(.ARM.Collect$$rtexit$$00000002)
    .ARM.Collect$$rtexit$$00000003           0x00000164   Section        4  rtexit2.o(.ARM.Collect$$rtexit$$00000003)
    .ARM.Collect$$rtexit$$00000004           0x00000168   Section        6  rtexit2.o(.ARM.Collect$$rtexit$$00000004)
    .text                                    0x00000170   Section       56  startup_w7500x.o(.text)
    .text                                    0x000001a8   Section        2  use_no_semi.o(.text)
    .text                                    0x000001ac   Section        0  noretval__2printf.o(.text)
    .text                                    0x000001c8   Section        0  __printf.o(.text)
    .text                                    0x00000234   Section        0  _printf_str.o(.text)
    .text                                    0x00000288   Section        0  _printf_dec.o(.text)
    .text                                    0x000002f4   Section      346  aeabi_sdiv.o(.text)
    .text                                    0x0000044e   Section        0  heapauxi.o(.text)
    .text                                    0x00000454   Section        0  daddsub.o(.text)
    _dadd1                                   0x00000455   Thumb Code   290  daddsub.o(.text)
    _dsub1                                   0x00000577   Thumb Code   470  daddsub.o(.text)
    .text                                    0x000007ac   Section        0  dfixui.o(.text)
    .text                                    0x000007f4   Section        0  f2d.o(.text)
    .text                                    0x00000848   Section        0  fdiv.o(.text)
    .text                                    0x000009a8   Section        0  ffixui.o(.text)
    .text                                    0x000009d8   Section        0  fflti.o(.text)
    .text                                    0x00000a36   Section        0  _printf_intcommon.o(.text)
    .text                                    0x00000ae6   Section        0  _printf_char.o(.text)
    .text                                    0x00000b14   Section        0  _printf_char_file.o(.text)
    .text                                    0x00000b3c   Section        0  rtudiv10.o(.text)
    .text                                    0x00000b64   Section        0  _printf_char_common.o(.text)
    _printf_input_char                       0x00000b65   Thumb Code    10  _printf_char_common.o(.text)
    .text                                    0x00000b94   Section       62  sys_stackheap_outer.o(.text)
    .text                                    0x00000bd2   Section        0  exit.o(.text)
    .text                                    0x00000be4   Section        8  libspace.o(.text)
    i.ADC_Handler                            0x00000bec   Section        0  w7500x_it.o(i.ADC_Handler)
    i.Aut_Card_check_Status                  0x00000bf0   Section        0  lintech.o(i.Aut_Card_check_Status)
    i.Check_Status                           0x00000c78   Section        0  lintech.o(i.Check_Status)
    i.Config_I2C                             0x00000d24   Section        0  main.o(i.Config_I2C)
    i.Config_Uart_X                          0x00000d94   Section        0  main.o(i.Config_Uart_X)
    i.Config_Wiegand                         0x00000e04   Section        0  main.o(i.Config_Wiegand)
    i.DMA_Handler                            0x00000e90   Section        0  w7500x_it.o(i.DMA_Handler)
    i.DUALTIMER0_Handler                     0x00000e94   Section        0  w7500x_it.o(i.DUALTIMER0_Handler)
    i.DUALTIMER1_Handler                     0x00000ec4   Section        0  w7500x_it.o(i.DUALTIMER1_Handler)
    i.DUALTIMER_GetIntStatus                 0x00000ec6   Section        0  w7500x_dualtimer.o(i.DUALTIMER_GetIntStatus)
    i.DUALTIMER_IntClear                     0x00000ece   Section        0  w7500x_dualtimer.o(i.DUALTIMER_IntClear)
    i.DebugBufferMF                          0x00000ed4   Section        0  debuger.o(i.DebugBufferMF)
    i.Debug_chr_UART2                        0x00000f54   Section        0  debuger.o(i.Debug_chr_UART2)
    i.Dwload_EEprom                          0x00000f9c   Section        0  lintech.o(i.Dwload_EEprom)
    i.EXTI_Handler                           0x00001050   Section        0  w7500x_it.o(i.EXTI_Handler)
    i.EXTI_Init                              0x000010a0   Section        0  w7500x_exti.o(i.EXTI_Init)
    i.EXTI_Polarity_Set                      0x00001120   Section        0  w7500x_exti.o(i.EXTI_Polarity_Set)
    i.EscribirCadenaSoft_buffer              0x00001194   Section        0  uart_cero.o(i.EscribirCadenaSoft_buffer)
    i.GPIO_Init                              0x000011b8   Section        0  w7500x_gpio.o(i.GPIO_Init)
    i.GPIO_ReadInputDataBit                  0x000012cc   Section        0  w7500x_gpio.o(i.GPIO_ReadInputDataBit)
    i.GPIO_ReadOutputDataBit                 0x000012e0   Section        0  w7500x_gpio.o(i.GPIO_ReadOutputDataBit)
    i.GPIO_ResetBits                         0x000012f4   Section        0  w7500x_gpio.o(i.GPIO_ResetBits)
    i.GPIO_SetBits                           0x00001314   Section        0  w7500x_gpio.o(i.GPIO_SetBits)
    i.GetSystemClock                         0x00001330   Section        0  system_w7500x.o(i.GetSystemClock)
    i.HardFault_Handler                      0x0000133c   Section        0  w7500x_it.o(i.HardFault_Handler)
    i.I2C_Init                               0x00001340   Section        0  eeprom.o(i.I2C_Init)
    i.I2C_Read                               0x000013c0   Section        0  eeprom.o(i.I2C_Read)
    i.I2C_ReadBitSDA                         0x000014e8   Section        0  eeprom.o(i.I2C_ReadBitSDA)
    i.I2C_ReadByte                           0x00001504   Section        0  eeprom.o(i.I2C_ReadByte)
    i.I2C_SDA_MODE                           0x00001550   Section        0  eeprom.o(i.I2C_SDA_MODE)
    i.I2C_SendACK                            0x00001570   Section        0  eeprom.o(i.I2C_SendACK)
    i.I2C_SendNACK                           0x00001586   Section        0  eeprom.o(i.I2C_SendNACK)
    i.I2C_Start                              0x0000159c   Section        0  eeprom.o(i.I2C_Start)
    i.I2C_Stop                               0x000015c0   Section        0  eeprom.o(i.I2C_Stop)
    i.I2C_Write                              0x000015ec   Section        0  eeprom.o(i.I2C_Write)
    i.I2C_WriteBitSCL                        0x000016b4   Section        0  eeprom.o(i.I2C_WriteBitSCL)
    i.I2C_WriteBitSDA                        0x000016e0   Section        0  eeprom.o(i.I2C_WriteBitSDA)
    i.I2C_WriteByte                          0x0000170c   Section        0  eeprom.o(i.I2C_WriteByte)
    i.ID_Car_Proximidad                      0x00001764   Section        0  wiegand.o(i.ID_Car_Proximidad)
    i.IO_int_out                             0x00001784   Section        0  main.o(i.IO_int_out)
    i.Inicializa                             0x000017e4   Section        0  lintech.o(i.Inicializa)
    i.LoadVerify_EEprom                      0x00001910   Section        0  lintech.o(i.LoadVerify_EEprom)
    i.Load_Secuencia_Expedidor               0x000019ac   Section        0  expedidor.o(i.Load_Secuencia_Expedidor)
    i.Mov_Card                               0x000019bc   Section        0  lintech.o(i.Mov_Card)
    i.NMI_Handler                            0x00001ae8   Section        0  w7500x_it.o(i.NMI_Handler)
    i.NVIC_ClearPendingIRQ                   0x00001aec   Section        0  main.o(i.NVIC_ClearPendingIRQ)
    NVIC_ClearPendingIRQ                     0x00001aed   Thumb Code    14  main.o(i.NVIC_ClearPendingIRQ)
    i.NVIC_ClearPendingIRQ                   0x00001b00   Section        0  w7500x_it.o(i.NVIC_ClearPendingIRQ)
    NVIC_ClearPendingIRQ                     0x00001b01   Thumb Code    14  w7500x_it.o(i.NVIC_ClearPendingIRQ)
    i.NVIC_Configuration                     0x00001b14   Section        0  main.o(i.NVIC_Configuration)
    i.NVIC_EnableIRQ                         0x00001b40   Section        0  main.o(i.NVIC_EnableIRQ)
    NVIC_EnableIRQ                           0x00001b41   Thumb Code    14  main.o(i.NVIC_EnableIRQ)
    i.PAD_AFConfig                           0x00001b54   Section        0  w7500x_gpio.o(i.PAD_AFConfig)
    i.PORT0_Handler                          0x00001c20   Section        0  w7500x_it.o(i.PORT0_Handler)
    i.PORT1_Handler                          0x00001c22   Section        0  w7500x_it.o(i.PORT1_Handler)
    i.PORT2_Handler                          0x00001c24   Section        0  w7500x_it.o(i.PORT2_Handler)
    i.PORT3_Handler                          0x00001c26   Section        0  w7500x_it.o(i.PORT3_Handler)
    i.PWM0_Handler                           0x00001c28   Section        0  w7500x_it.o(i.PWM0_Handler)
    i.PWM1_Handler                           0x00001c2a   Section        0  w7500x_it.o(i.PWM1_Handler)
    i.PWM2_Handler                           0x00001c2c   Section        0  w7500x_it.o(i.PWM2_Handler)
    i.PWM3_Handler                           0x00001c2e   Section        0  w7500x_it.o(i.PWM3_Handler)
    i.PWM4_Handler                           0x00001c30   Section        0  w7500x_it.o(i.PWM4_Handler)
    i.PWM5_Handler                           0x00001c32   Section        0  w7500x_it.o(i.PWM5_Handler)
    i.PWM6_Handler                           0x00001c34   Section        0  w7500x_it.o(i.PWM6_Handler)
    i.PWM7_Handler                           0x00001c36   Section        0  w7500x_it.o(i.PWM7_Handler)
    i.PendSV_Handler                         0x00001c38   Section        0  w7500x_it.o(i.PendSV_Handler)
    i.Power_off                              0x00001c3c   Section        0  lintech.o(i.Power_off)
    i.RD_MF                                  0x00001cbc   Section        0  lintech.o(i.RD_MF)
    i.Responde_Estado_Sensores_Transporte    0x00001d84   Section        0  expedidor.o(i.Responde_Estado_Sensores_Transporte)
    i.Responde_Lectura_Tarjeta_Sector1_Bloque1 0x00001e68   Section        0  expedidor.o(i.Responde_Lectura_Tarjeta_Sector1_Bloque1)
    i.Responde_Tipo_Tarjeta                  0x00002080   Section        0  expedidor.o(i.Responde_Tipo_Tarjeta)
    i.SSP0_Handler                           0x0000214c   Section        0  w7500x_it.o(i.SSP0_Handler)
    i.SSP1_Handler                           0x0000214e   Section        0  w7500x_it.o(i.SSP1_Handler)
    i.SVC_Handler                            0x00002150   Section        0  w7500x_it.o(i.SVC_Handler)
    i.S_UART_ClearITPendingBit               0x00002154   Section        0  w7500x_uart.o(i.S_UART_ClearITPendingBit)
    i.S_UART_ITConfig                        0x00002164   Section        0  w7500x_uart.o(i.S_UART_ITConfig)
    i.S_UART_Init                            0x00002184   Section        0  w7500x_uart.o(i.S_UART_Init)
    i.S_UART_ReceiveData                     0x000021a8   Section        0  w7500x_uart.o(i.S_UART_ReceiveData)
    i.S_UART_SendData                        0x000021b4   Section        0  w7500x_uart.o(i.S_UART_SendData)
    i.S_UART_SetBaud                         0x000021cc   Section        0  w7500x_uart.o(i.S_UART_SetBaud)
    i.S_UartGetc                             0x00002210   Section        0  w7500x_uart.o(i.S_UartGetc)
    i.S_UartPutc                             0x0000222c   Section        0  w7500x_uart.o(i.S_UartPutc)
    i.S_UartPuts                             0x0000223a   Section        0  w7500x_uart.o(i.S_UartPuts)
    i.SecuenciaExpedidorMF                   0x00002254   Section        0  expedidor.o(i.SecuenciaExpedidorMF)
    i.Set_Data_Write_date_time               0x000023bc   Section        0  clock.o(i.Set_Data_Write_date_time)
    i.SysTick_Handler                        0x000024c0   Section        0  w7500x_it.o(i.SysTick_Handler)
    i.SystemInit                             0x000024c4   Section        0  system_w7500x.o(i.SystemInit)
    i.Trama_Validacion_P_N                   0x00002538   Section        0  expedidor.o(i.Trama_Validacion_P_N)
    i.UART0_Handler                          0x000025b4   Section        0  w7500x_it.o(i.UART0_Handler)
    i.UART1_Handler                          0x00002604   Section        0  w7500x_it.o(i.UART1_Handler)
    i.UART2_Handler                          0x0000268c   Section        0  w7500x_it.o(i.UART2_Handler)
    i.UART_ClearITPendingBit                 0x000026dc   Section        0  w7500x_uart.o(i.UART_ClearITPendingBit)
    i.UART_GetITStatus                       0x000026e4   Section        0  w7500x_uart.o(i.UART_GetITStatus)
    i.UART_ITConfig                          0x000026f8   Section        0  w7500x_uart.o(i.UART_ITConfig)
    i.UART_Init                              0x0000270c   Section        0  w7500x_uart.o(i.UART_Init)
    i.UART_ReceiveData                       0x000027e4   Section        0  w7500x_uart.o(i.UART_ReceiveData)
    i.UART_SendData                          0x000027ec   Section        0  w7500x_uart.o(i.UART_SendData)
    i.UART_StructInit                        0x000027f0   Section        0  w7500x_uart.o(i.UART_StructInit)
    i.UartPutc                               0x0000280c   Section        0  w7500x_uart.o(i.UartPutc)
    i.UartPuts                               0x0000282a   Section        0  w7500x_uart.o(i.UartPuts)
    i.WZTOE_Handler                          0x00002848   Section        0  w7500x_it.o(i.WZTOE_Handler)
    i.__ARM_common_switch8                   0x0000284a   Section        0  expedidor.o(i.__ARM_common_switch8)
    i._sys_exit                              0x00002866   Section        0  retarget.o(i._sys_exit)
    i.ajusta_code                            0x0000286c   Section        0  wiegand.o(i.ajusta_code)
    i.bcd                                    0x0000289c   Section        0  clock.o(i.bcd)
    i.bits_wiegand_hex                       0x000028c4   Section        0  wiegand.o(i.bits_wiegand_hex)
    i.com_isr                                0x00002938   Section        0  uart_cero.o(i.com_isr)
    i.delay_ms                               0x00002a88   Section        0  main.o(i.delay_ms)
    i.error_rx_pto                           0x00002aac   Section        0  expedidor.o(i.error_rx_pto)
    i.ferror                                 0x00002bc0   Section        0  retarget.o(i.ferror)
    i.fputc                                  0x00002bc8   Section        0  retarget.o(i.fputc)
    i.limpia_data                            0x00002bd8   Section        0  wiegand.o(i.limpia_data)
    i.main                                   0x00002c04   Section        0  main.o(i.main)
    i.mostrar_wiegand                        0x00002dbc   Section        0  main.o(i.mostrar_wiegand)
    i.rta_cmd_transporte                     0x00002e10   Section        0  expedidor.o(i.rta_cmd_transporte)
    i.timer0_int                             0x00002eac   Section        0  main.o(i.timer0_int)
    x$fpl$fadd                               0x00002ebc   Section      140  faddsub.o(x$fpl$fadd)
    _fadd1                                   0x00002ec9   Thumb Code     0  faddsub.o(x$fpl$fadd)
    x$fpl$fmul                               0x00002f48   Section      176  fmul.o(x$fpl$fmul)
    x$fpl$frsb                               0x00002ff8   Section       24  faddsub.o(x$fpl$frsb)
    x$fpl$fsub                               0x00003010   Section      208  faddsub.o(x$fpl$fsub)
    _fsub1                                   0x0000301d   Thumb Code     0  faddsub.o(x$fpl$fsub)
    .constdata                               0x000030e0   Section       64  fdiv.o(.constdata)
    x$fpl$usenofp                            0x000030e0   Section        0  usenofp.o(x$fpl$usenofp)
    fdiv_tab                                 0x000030e0   Data          64  fdiv.o(.constdata)
    .data                                    0x20000000   Section        8  system_w7500x.o(.data)
    .data                                    0x20000008   Section       30  main.o(.data)
    Estado_Comunicacion_Secuencia_MF         0x20000025   Data           1  main.o(.data)
    .data                                    0x20000028   Section        8  retarget.o(.data)
    .data                                    0x20000030   Section       24  w7500x_it.o(.data)
    .data                                    0x20000048   Section       16  eeprom.o(.data)
    .data                                    0x20000058   Section        2  uart_cero.o(.data)
    num_datos                                0x20000059   Data           1  uart_cero.o(.data)
    .data                                    0x2000005c   Section        9  expedidor.o(.data)
    cnt_espera_ask_on                        0x20000060   Data           4  expedidor.o(.data)
    falla                                    0x20000064   Data           1  expedidor.o(.data)
    .bss                                     0x20000068   Section      180  main.o(.bss)
    .bss                                     0x2000011c   Section       50  uart_cero.o(.bss)
    .bss                                     0x20000150   Section       96  libspace.o(.bss)
    HEAP                                     0x200001b0   Section     1024  startup_w7500x.o(HEAP)
    Heap_Mem                                 0x200001b0   Data        1024  startup_w7500x.o(HEAP)
    STACK                                    0x200005b0   Section     1024  startup_w7500x.o(STACK)
    Stack_Mem                                0x200005b0   Data        1024  startup_w7500x.o(STACK)
    __initial_sp                             0x200009b0   Data           0  startup_w7500x.o(STACK)

    Global Symbols

    Symbol Name                              Value     Ov Type        Size  Object(Section)

    BuildAttributes$$THM_ISAv3M$S$PE$A:L22$X:L11$S22$IEEE1$IW$USESV6$~STKCKD$USESV7$~SHL$OSPACE$ROPI$EBA8$UX$STANDARDLIB$REQ8$PRES8$EABIv2 0x00000000   Number         0  anon$$obj.o ABSOLUTE
    __ARM_use_no_argv                        0x00000000   Number         0  main.o ABSOLUTE
    __Vectors                                0x00000000   Data           4  startup_w7500x.o(RESET)
    __ARM_exceptions_init                     - Undefined Weak Reference
    __alloca_initialize                       - Undefined Weak Reference
    __arm_preinit_                            - Undefined Weak Reference
    __cpp_initialize__aeabi_                  - Undefined Weak Reference
    __cxa_finalize                            - Undefined Weak Reference
    __rt_locale                               - Undefined Weak Reference
    __sigvec_lookup                           - Undefined Weak Reference
    _atexit_init                              - Undefined Weak Reference
    _call_atexit_fns                          - Undefined Weak Reference
    _clock_init                               - Undefined Weak Reference
    _fp_trap_init                             - Undefined Weak Reference
    _fp_trap_shutdown                         - Undefined Weak Reference
    _get_lc_collate                           - Undefined Weak Reference
    _get_lc_ctype                             - Undefined Weak Reference
    _get_lc_monetary                          - Undefined Weak Reference
    _get_lc_numeric                           - Undefined Weak Reference
    _get_lc_time                              - Undefined Weak Reference
    _getenv_init                              - Undefined Weak Reference
    _handle_redirection                       - Undefined Weak Reference
    _init_alloc                               - Undefined Weak Reference
    _init_user_alloc                          - Undefined Weak Reference
    _initio                                   - Undefined Weak Reference
    _printf_mbtowc                            - Undefined Weak Reference
    _printf_post_padding                      - Undefined Weak Reference
    _printf_pre_padding                       - Undefined Weak Reference
    _printf_truncate_signed                   - Undefined Weak Reference
    _printf_truncate_unsigned                 - Undefined Weak Reference
    _rand_init                                - Undefined Weak Reference
    _signal_finish                            - Undefined Weak Reference
    _signal_init                              - Undefined Weak Reference
    _terminate_alloc                          - Undefined Weak Reference
    _terminate_user_alloc                     - Undefined Weak Reference
    _terminateio                              - Undefined Weak Reference
    __Vectors_End                            0x000000a8   Data           0  startup_w7500x.o(RESET)
    __Vectors_Size                           0x000000a8   Number         0  startup_w7500x.o ABSOLUTE
    __main                                   0x000000a9   Thumb Code     8  __main.o(!!!main)
    __scatterload                            0x000000b1   Thumb Code     0  __scatter.o(!!!scatter)
    __scatterload_rt2                        0x000000b1   Thumb Code    52  __scatter.o(!!!scatter)
    __scatterload_rt2_thumb_only             0x000000b1   Thumb Code     0  __scatter.o(!!!scatter)
    __scatterload_null                       0x000000c1   Thumb Code     0  __scatter.o(!!!scatter)
    __scatterload_copy                       0x000000ed   Thumb Code    26  __scatter_copy.o(!!handler_copy)
    __scatterload_zeroinit                   0x00000109   Thumb Code    28  __scatter_zi.o(!!handler_zi)
    _printf_percent                          0x00000125   Thumb Code     0  _printf_percent.o(.ARM.Collect$$_printf_percent$$00000000)
    _printf_d                                0x00000127   Thumb Code     0  _printf_d.o(.ARM.Collect$$_printf_percent$$00000009)
    _printf_u                                0x00000131   Thumb Code     0  _printf_u.o(.ARM.Collect$$_printf_percent$$0000000A)
    _printf_s                                0x0000013b   Thumb Code     0  _printf_s.o(.ARM.Collect$$_printf_percent$$00000014)
    _printf_percent_end                      0x00000145   Thumb Code     0  _printf_percent_end.o(.ARM.Collect$$_printf_percent$$00000017)
    __rt_lib_init                            0x00000149   Thumb Code     0  libinit.o(.ARM.Collect$$libinit$$00000000)
    __rt_lib_init_alloca_1                   0x0000014b   Thumb Code     0  libinit2.o(.ARM.Collect$$libinit$$0000002E)
    __rt_lib_init_argv_1                     0x0000014b   Thumb Code     0  libinit2.o(.ARM.Collect$$libinit$$0000002C)
    __rt_lib_init_atexit_1                   0x0000014b   Thumb Code     0  libinit2.o(.ARM.Collect$$libinit$$0000001B)
    __rt_lib_init_clock_1                    0x0000014b   Thumb Code     0  libinit2.o(.ARM.Collect$$libinit$$00000021)
    __rt_lib_init_cpp_1                      0x0000014b   Thumb Code     0  libinit2.o(.ARM.Collect$$libinit$$00000032)
    __rt_lib_init_exceptions_1               0x0000014b   Thumb Code     0  libinit2.o(.ARM.Collect$$libinit$$00000030)
    __rt_lib_init_fp_1                       0x0000014b   Thumb Code     0  libinit2.o(.ARM.Collect$$libinit$$00000002)
    __rt_lib_init_fp_trap_1                  0x0000014b   Thumb Code     0  libinit2.o(.ARM.Collect$$libinit$$0000001F)
    __rt_lib_init_getenv_1                   0x0000014b   Thumb Code     0  libinit2.o(.ARM.Collect$$libinit$$00000023)
    __rt_lib_init_heap_1                     0x0000014b   Thumb Code     0  libinit2.o(.ARM.Collect$$libinit$$0000000A)
    __rt_lib_init_lc_collate_1               0x0000014b   Thumb Code     0  libinit2.o(.ARM.Collect$$libinit$$00000011)
    __rt_lib_init_lc_ctype_1                 0x0000014b   Thumb Code     0  libinit2.o(.ARM.Collect$$libinit$$00000013)
    __rt_lib_init_lc_monetary_1              0x0000014b   Thumb Code     0  libinit2.o(.ARM.Collect$$libinit$$00000015)
    __rt_lib_init_lc_numeric_1               0x0000014b   Thumb Code     0  libinit2.o(.ARM.Collect$$libinit$$00000017)
    __rt_lib_init_lc_time_1                  0x0000014b   Thumb Code     0  libinit2.o(.ARM.Collect$$libinit$$00000019)
    __rt_lib_init_preinit_1                  0x0000014b   Thumb Code     0  libinit2.o(.ARM.Collect$$libinit$$00000004)
    __rt_lib_init_rand_1                     0x0000014b   Thumb Code     0  libinit2.o(.ARM.Collect$$libinit$$0000000E)
    __rt_lib_init_return                     0x0000014b   Thumb Code     0  libinit2.o(.ARM.Collect$$libinit$$00000033)
    __rt_lib_init_signal_1                   0x0000014b   Thumb Code     0  libinit2.o(.ARM.Collect$$libinit$$0000001D)
    __rt_lib_init_stdio_1                    0x0000014b   Thumb Code     0  libinit2.o(.ARM.Collect$$libinit$$00000025)
    __rt_lib_init_user_alloc_1               0x0000014b   Thumb Code     0  libinit2.o(.ARM.Collect$$libinit$$0000000C)
    __rt_lib_shutdown                        0x0000014d   Thumb Code     0  libshutdown.o(.ARM.Collect$$libshutdown$$00000000)
    __rt_lib_shutdown_cpp_1                  0x0000014f   Thumb Code     0  libshutdown2.o(.ARM.Collect$$libshutdown$$00000002)
    __rt_lib_shutdown_fp_trap_1              0x0000014f   Thumb Code     0  libshutdown2.o(.ARM.Collect$$libshutdown$$00000007)
    __rt_lib_shutdown_heap_1                 0x0000014f   Thumb Code     0  libshutdown2.o(.ARM.Collect$$libshutdown$$0000000F)
    __rt_lib_shutdown_return                 0x0000014f   Thumb Code     0  libshutdown2.o(.ARM.Collect$$libshutdown$$00000010)
    __rt_lib_shutdown_signal_1               0x0000014f   Thumb Code     0  libshutdown2.o(.ARM.Collect$$libshutdown$$0000000A)
    __rt_lib_shutdown_stdio_1                0x0000014f   Thumb Code     0  libshutdown2.o(.ARM.Collect$$libshutdown$$00000004)
    __rt_lib_shutdown_user_alloc_1           0x0000014f   Thumb Code     0  libshutdown2.o(.ARM.Collect$$libshutdown$$0000000C)
    __rt_entry                               0x00000151   Thumb Code     0  __rtentry.o(.ARM.Collect$$rtentry$$00000000)
    __rt_entry_presh_1                       0x00000151   Thumb Code     0  __rtentry2.o(.ARM.Collect$$rtentry$$00000002)
    __rt_entry_sh                            0x00000151   Thumb Code     0  __rtentry4.o(.ARM.Collect$$rtentry$$00000004)
    __rt_entry_li                            0x00000157   Thumb Code     0  __rtentry2.o(.ARM.Collect$$rtentry$$0000000A)
    __rt_entry_postsh_1                      0x00000157   Thumb Code     0  __rtentry2.o(.ARM.Collect$$rtentry$$00000009)
    __rt_entry_main                          0x0000015b   Thumb Code     0  __rtentry2.o(.ARM.Collect$$rtentry$$0000000D)
    __rt_entry_postli_1                      0x0000015b   Thumb Code     0  __rtentry2.o(.ARM.Collect$$rtentry$$0000000C)
    __rt_exit                                0x00000163   Thumb Code     0  rtexit.o(.ARM.Collect$$rtexit$$00000000)
    __rt_exit_ls                             0x00000165   Thumb Code     0  rtexit2.o(.ARM.Collect$$rtexit$$00000003)
    __rt_exit_prels_1                        0x00000165   Thumb Code     0  rtexit2.o(.ARM.Collect$$rtexit$$00000002)
    __rt_exit_exit                           0x00000169   Thumb Code     0  rtexit2.o(.ARM.Collect$$rtexit$$00000004)
    Reset_Handler                            0x00000171   Thumb Code     8  startup_w7500x.o(.text)
    I2C0_Handler                             0x00000183   Thumb Code     0  startup_w7500x.o(.text)
    I2C1_Handler                             0x00000183   Thumb Code     0  startup_w7500x.o(.text)
    RTC_Handler                              0x00000183   Thumb Code     0  startup_w7500x.o(.text)
    __user_initial_stackheap                 0x00000185   Thumb Code    10  startup_w7500x.o(.text)
    __I$use$semihosting                      0x000001a9   Thumb Code     0  use_no_semi.o(.text)
    __use_no_semihosting_swi                 0x000001a9   Thumb Code     2  use_no_semi.o(.text)
    __2printf                                0x000001ad   Thumb Code    22  noretval__2printf.o(.text)
    __printf                                 0x000001c9   Thumb Code   108  __printf.o(.text)
    _printf_str                              0x00000235   Thumb Code    82  _printf_str.o(.text)
    _printf_int_dec                          0x00000289   Thumb Code    90  _printf_dec.o(.text)
    __aeabi_uidiv                            0x000002f5   Thumb Code     0  aeabi_sdiv.o(.text)
    __aeabi_uidivmod                         0x000002f5   Thumb Code    20  aeabi_sdiv.o(.text)
    __aeabi_idiv                             0x00000309   Thumb Code     0  aeabi_sdiv.o(.text)
    __aeabi_idivmod                          0x00000309   Thumb Code   326  aeabi_sdiv.o(.text)
    __use_two_region_memory                  0x0000044f   Thumb Code     2  heapauxi.o(.text)
    __rt_heap_escrow$2region                 0x00000451   Thumb Code     2  heapauxi.o(.text)
    __rt_heap_expand$2region                 0x00000453   Thumb Code     2  heapauxi.o(.text)
    __aeabi_dadd                             0x0000074d   Thumb Code     0  daddsub.o(.text)
    _dadd                                    0x0000074d   Thumb Code    26  daddsub.o(.text)
    __aeabi_dsub                             0x00000767   Thumb Code     0  daddsub.o(.text)
    _dsub                                    0x00000767   Thumb Code    22  daddsub.o(.text)
    __aeabi_drsub                            0x0000077d   Thumb Code     0  daddsub.o(.text)
    _drsb                                    0x0000077d   Thumb Code    28  daddsub.o(.text)
    __aeabi_d2uiz                            0x000007ad   Thumb Code     0  dfixui.o(.text)
    _dfixu                                   0x000007ad   Thumb Code    68  dfixui.o(.text)
    __aeabi_f2d                              0x000007f5   Thumb Code     0  f2d.o(.text)
    _f2d                                     0x000007f5   Thumb Code    80  f2d.o(.text)
    __aeabi_fdiv                             0x00000849   Thumb Code     0  fdiv.o(.text)
    _fdiv                                    0x00000849   Thumb Code   334  fdiv.o(.text)
    _frdiv                                   0x00000997   Thumb Code     8  fdiv.o(.text)
    __aeabi_f2uiz                            0x000009a9   Thumb Code     0  ffixui.o(.text)
    _ffixu                                   0x000009a9   Thumb Code    48  ffixui.o(.text)
    __aeabi_i2f_normalise                    0x000009d9   Thumb Code    72  fflti.o(.text)
    __aeabi_i2f                              0x00000a21   Thumb Code    16  fflti.o(.text)
    _fflt                                    0x00000a21   Thumb Code     0  fflti.o(.text)
    __aeabi_ui2f                             0x00000a31   Thumb Code     6  fflti.o(.text)
    _ffltu                                   0x00000a31   Thumb Code     0  fflti.o(.text)
    _printf_int_common                       0x00000a37   Thumb Code   176  _printf_intcommon.o(.text)
    _printf_cs_common                        0x00000ae7   Thumb Code    22  _printf_char.o(.text)
    _printf_char                             0x00000afd   Thumb Code    16  _printf_char.o(.text)
    _printf_string                           0x00000b0d   Thumb Code     8  _printf_char.o(.text)
    _printf_char_file                        0x00000b15   Thumb Code    34  _printf_char_file.o(.text)
    __rt_udiv10                              0x00000b3d   Thumb Code    40  rtudiv10.o(.text)
    _printf_char_common                      0x00000b6f   Thumb Code    32  _printf_char_common.o(.text)
    __user_setup_stackheap                   0x00000b95   Thumb Code    62  sys_stackheap_outer.o(.text)
    exit                                     0x00000bd3   Thumb Code    16  exit.o(.text)
    __user_libspace                          0x00000be5   Thumb Code     8  libspace.o(.text)
    __user_perproc_libspace                  0x00000be5   Thumb Code     0  libspace.o(.text)
    __user_perthread_libspace                0x00000be5   Thumb Code     0  libspace.o(.text)
    ADC_Handler                              0x00000bed   Thumb Code     2  w7500x_it.o(i.ADC_Handler)
    Aut_Card_check_Status                    0x00000bf1   Thumb Code   100  lintech.o(i.Aut_Card_check_Status)
    Check_Status                             0x00000c79   Thumb Code   106  lintech.o(i.Check_Status)
    Config_I2C                               0x00000d25   Thumb Code    76  main.o(i.Config_I2C)
    Config_Uart_X                            0x00000d95   Thumb Code    98  main.o(i.Config_Uart_X)
    Config_Wiegand                           0x00000e05   Thumb Code    82  main.o(i.Config_Wiegand)
    DMA_Handler                              0x00000e91   Thumb Code     2  w7500x_it.o(i.DMA_Handler)
    DUALTIMER0_Handler                       0x00000e95   Thumb Code    44  w7500x_it.o(i.DUALTIMER0_Handler)
    DUALTIMER1_Handler                       0x00000ec5   Thumb Code     2  w7500x_it.o(i.DUALTIMER1_Handler)
    DUALTIMER_GetIntStatus                   0x00000ec7   Thumb Code     8  w7500x_dualtimer.o(i.DUALTIMER_GetIntStatus)
    DUALTIMER_IntClear                       0x00000ecf   Thumb Code     6  w7500x_dualtimer.o(i.DUALTIMER_IntClear)
    DebugBufferMF                            0x00000ed5   Thumb Code    58  debuger.o(i.DebugBufferMF)
    Debug_chr_UART2                          0x00000f55   Thumb Code    70  debuger.o(i.Debug_chr_UART2)
    Dwload_EEprom                            0x00000f9d   Thumb Code   148  lintech.o(i.Dwload_EEprom)
    EXTI_Handler                             0x00001051   Thumb Code    62  w7500x_it.o(i.EXTI_Handler)
    EXTI_Init                                0x000010a1   Thumb Code   122  w7500x_exti.o(i.EXTI_Init)
    EXTI_Polarity_Set                        0x00001121   Thumb Code   112  w7500x_exti.o(i.EXTI_Polarity_Set)
    EscribirCadenaSoft_buffer                0x00001195   Thumb Code    30  uart_cero.o(i.EscribirCadenaSoft_buffer)
    GPIO_Init                                0x000011b9   Thumb Code   272  w7500x_gpio.o(i.GPIO_Init)
    GPIO_ReadInputDataBit                    0x000012cd   Thumb Code    20  w7500x_gpio.o(i.GPIO_ReadInputDataBit)
    GPIO_ReadOutputDataBit                   0x000012e1   Thumb Code    20  w7500x_gpio.o(i.GPIO_ReadOutputDataBit)
    GPIO_ResetBits                           0x000012f5   Thumb Code    32  w7500x_gpio.o(i.GPIO_ResetBits)
    GPIO_SetBits                             0x00001315   Thumb Code    26  w7500x_gpio.o(i.GPIO_SetBits)
    GetSystemClock                           0x00001331   Thumb Code     6  system_w7500x.o(i.GetSystemClock)
    HardFault_Handler                        0x0000133d   Thumb Code     2  w7500x_it.o(i.HardFault_Handler)
    I2C_Init                                 0x00001341   Thumb Code   116  eeprom.o(i.I2C_Init)
    I2C_Read                                 0x000013c1   Thumb Code   136  eeprom.o(i.I2C_Read)
    I2C_ReadBitSDA                           0x000014e9   Thumb Code    24  eeprom.o(i.I2C_ReadBitSDA)
    I2C_ReadByte                             0x00001505   Thumb Code    74  eeprom.o(i.I2C_ReadByte)
    I2C_SDA_MODE                             0x00001551   Thumb Code    28  eeprom.o(i.I2C_SDA_MODE)
    I2C_SendACK                              0x00001571   Thumb Code    22  eeprom.o(i.I2C_SendACK)
    I2C_SendNACK                             0x00001587   Thumb Code    22  eeprom.o(i.I2C_SendNACK)
    I2C_Start                                0x0000159d   Thumb Code    36  eeprom.o(i.I2C_Start)
    I2C_Stop                                 0x000015c1   Thumb Code    42  eeprom.o(i.I2C_Stop)
    I2C_Write                                0x000015ed   Thumb Code   126  eeprom.o(i.I2C_Write)
    I2C_WriteBitSCL                          0x000016b5   Thumb Code    40  eeprom.o(i.I2C_WriteBitSCL)
    I2C_WriteBitSDA                          0x000016e1   Thumb Code    40  eeprom.o(i.I2C_WriteBitSDA)
    I2C_WriteByte                            0x0000170d   Thumb Code    88  eeprom.o(i.I2C_WriteByte)
    ID_Car_Proximidad                        0x00001765   Thumb Code    28  wiegand.o(i.ID_Car_Proximidad)
    IO_int_out                               0x00001785   Thumb Code    92  main.o(i.IO_int_out)
    Inicializa                               0x000017e5   Thumb Code   144  lintech.o(i.Inicializa)
    LoadVerify_EEprom                        0x00001911   Thumb Code   116  lintech.o(i.LoadVerify_EEprom)
    Load_Secuencia_Expedidor                 0x000019ad   Thumb Code    14  expedidor.o(i.Load_Secuencia_Expedidor)
    Mov_Card                                 0x000019bd   Thumb Code   172  lintech.o(i.Mov_Card)
    NMI_Handler                              0x00001ae9   Thumb Code     2  w7500x_it.o(i.NMI_Handler)
    NVIC_Configuration                       0x00001b15   Thumb Code    22  main.o(i.NVIC_Configuration)
    PAD_AFConfig                             0x00001b55   Thumb Code   198  w7500x_gpio.o(i.PAD_AFConfig)
    PORT0_Handler                            0x00001c21   Thumb Code     2  w7500x_it.o(i.PORT0_Handler)
    PORT1_Handler                            0x00001c23   Thumb Code     2  w7500x_it.o(i.PORT1_Handler)
    PORT2_Handler                            0x00001c25   Thumb Code     2  w7500x_it.o(i.PORT2_Handler)
    PORT3_Handler                            0x00001c27   Thumb Code     2  w7500x_it.o(i.PORT3_Handler)
    PWM0_Handler                             0x00001c29   Thumb Code     2  w7500x_it.o(i.PWM0_Handler)
    PWM1_Handler                             0x00001c2b   Thumb Code     2  w7500x_it.o(i.PWM1_Handler)
    PWM2_Handler                             0x00001c2d   Thumb Code     2  w7500x_it.o(i.PWM2_Handler)
    PWM3_Handler                             0x00001c2f   Thumb Code     2  w7500x_it.o(i.PWM3_Handler)
    PWM4_Handler                             0x00001c31   Thumb Code     2  w7500x_it.o(i.PWM4_Handler)
    PWM5_Handler                             0x00001c33   Thumb Code     2  w7500x_it.o(i.PWM5_Handler)
    PWM6_Handler                             0x00001c35   Thumb Code     2  w7500x_it.o(i.PWM6_Handler)
    PWM7_Handler                             0x00001c37   Thumb Code     2  w7500x_it.o(i.PWM7_Handler)
    PendSV_Handler                           0x00001c39   Thumb Code     2  w7500x_it.o(i.PendSV_Handler)
    Power_off                                0x00001c3d   Thumb Code   100  lintech.o(i.Power_off)
    RD_MF                                    0x00001cbd   Thumb Code   148  lintech.o(i.RD_MF)
    Responde_Estado_Sensores_Transporte      0x00001d85   Thumb Code   102  expedidor.o(i.Responde_Estado_Sensores_Transporte)
    Responde_Lectura_Tarjeta_Sector1_Bloque1 0x00001e69   Thumb Code   316  expedidor.o(i.Responde_Lectura_Tarjeta_Sector1_Bloque1)
    Responde_Tipo_Tarjeta                    0x00002081   Thumb Code    88  expedidor.o(i.Responde_Tipo_Tarjeta)
    SSP0_Handler                             0x0000214d   Thumb Code     2  w7500x_it.o(i.SSP0_Handler)
    SSP1_Handler                             0x0000214f   Thumb Code     2  w7500x_it.o(i.SSP1_Handler)
    SVC_Handler                              0x00002151   Thumb Code     2  w7500x_it.o(i.SVC_Handler)
    S_UART_ClearITPendingBit                 0x00002155   Thumb Code    12  w7500x_uart.o(i.S_UART_ClearITPendingBit)
    S_UART_ITConfig                          0x00002165   Thumb Code    28  w7500x_uart.o(i.S_UART_ITConfig)
    S_UART_Init                              0x00002185   Thumb Code    32  w7500x_uart.o(i.S_UART_Init)
    S_UART_ReceiveData                       0x000021a9   Thumb Code     8  w7500x_uart.o(i.S_UART_ReceiveData)
    S_UART_SendData                          0x000021b5   Thumb Code    20  w7500x_uart.o(i.S_UART_SendData)
    S_UART_SetBaud                           0x000021cd   Thumb Code    54  w7500x_uart.o(i.S_UART_SetBaud)
    S_UartGetc                               0x00002211   Thumb Code    24  w7500x_uart.o(i.S_UartGetc)
    S_UartPutc                               0x0000222d   Thumb Code    14  w7500x_uart.o(i.S_UartPutc)
    S_UartPuts                               0x0000223b   Thumb Code    26  w7500x_uart.o(i.S_UartPuts)
    SecuenciaExpedidorMF                     0x00002255   Thumb Code   356  expedidor.o(i.SecuenciaExpedidorMF)
    Set_Data_Write_date_time                 0x000023bd   Thumb Code   216  clock.o(i.Set_Data_Write_date_time)
    SysTick_Handler                          0x000024c1   Thumb Code     2  w7500x_it.o(i.SysTick_Handler)
    SystemInit                               0x000024c5   Thumb Code    94  system_w7500x.o(i.SystemInit)
    Trama_Validacion_P_N                     0x00002539   Thumb Code    82  expedidor.o(i.Trama_Validacion_P_N)
    UART0_Handler                            0x000025b5   Thumb Code    70  w7500x_it.o(i.UART0_Handler)
    UART1_Handler                            0x00002605   Thumb Code   116  w7500x_it.o(i.UART1_Handler)
    UART2_Handler                            0x0000268d   Thumb Code    68  w7500x_it.o(i.UART2_Handler)
    UART_ClearITPendingBit                   0x000026dd   Thumb Code     8  w7500x_uart.o(i.UART_ClearITPendingBit)
    UART_GetITStatus                         0x000026e5   Thumb Code    20  w7500x_uart.o(i.UART_GetITStatus)
    UART_ITConfig                            0x000026f9   Thumb Code    20  w7500x_uart.o(i.UART_ITConfig)
    UART_Init                                0x0000270d   Thumb Code   198  w7500x_uart.o(i.UART_Init)
    UART_ReceiveData                         0x000027e5   Thumb Code     8  w7500x_uart.o(i.UART_ReceiveData)
    UART_SendData                            0x000027ed   Thumb Code     4  w7500x_uart.o(i.UART_SendData)
    UART_StructInit                          0x000027f1   Thumb Code    28  w7500x_uart.o(i.UART_StructInit)
    UartPutc                                 0x0000280d   Thumb Code    30  w7500x_uart.o(i.UartPutc)
    UartPuts                                 0x0000282b   Thumb Code    30  w7500x_uart.o(i.UartPuts)
    WZTOE_Handler                            0x00002849   Thumb Code     2  w7500x_it.o(i.WZTOE_Handler)
    __ARM_common_switch8                     0x0000284b   Thumb Code    28  expedidor.o(i.__ARM_common_switch8)
    _sys_exit                                0x00002867   Thumb Code     4  retarget.o(i._sys_exit)
    ajusta_code                              0x0000286d   Thumb Code    44  wiegand.o(i.ajusta_code)
    bcd                                      0x0000289d   Thumb Code    38  clock.o(i.bcd)
    bits_wiegand_hex                         0x000028c5   Thumb Code    82  wiegand.o(i.bits_wiegand_hex)
    com_isr                                  0x00002939   Thumb Code   306  uart_cero.o(i.com_isr)
    delay_ms                                 0x00002a89   Thumb Code    30  main.o(i.delay_ms)
    error_rx_pto                             0x00002aad   Thumb Code   200  expedidor.o(i.error_rx_pto)
    ferror                                   0x00002bc1   Thumb Code     8  retarget.o(i.ferror)
    fputc                                    0x00002bc9   Thumb Code    14  retarget.o(i.fputc)
    limpia_data                              0x00002bd9   Thumb Code    38  wiegand.o(i.limpia_data)
    main                                     0x00002c05   Thumb Code   338  main.o(i.main)
    mostrar_wiegand                          0x00002dbd   Thumb Code    48  main.o(i.mostrar_wiegand)
    rta_cmd_transporte                       0x00002e11   Thumb Code    94  expedidor.o(i.rta_cmd_transporte)
    timer0_int                               0x00002ead   Thumb Code    12  main.o(i.timer0_int)
    __aeabi_fadd                             0x00002ebd   Thumb Code     0  faddsub.o(x$fpl$fadd)
    _fadd                                    0x00002ebd   Thumb Code   134  faddsub.o(x$fpl$fadd)
    __aeabi_fmul                             0x00002f49   Thumb Code     0  fmul.o(x$fpl$fmul)
    _fmul                                    0x00002f49   Thumb Code   172  fmul.o(x$fpl$fmul)
    __aeabi_frsub                            0x00002ff9   Thumb Code     0  faddsub.o(x$fpl$frsb)
    _frsb                                    0x00002ff9   Thumb Code    24  faddsub.o(x$fpl$frsb)
    __aeabi_fsub                             0x00003011   Thumb Code     0  faddsub.o(x$fpl$fsub)
    _fsub                                    0x00003011   Thumb Code   204  faddsub.o(x$fpl$fsub)
    __I$use$fp                               0x000030e0   Number         0  usenofp.o(x$fpl$usenofp)
    Region$$Table$$Base                      0x00003120   Number         0  anon$$obj.o(Region$$Table)
    Region$$Table$$Limit                     0x00003140   Number         0  anon$$obj.o(Region$$Table)
    SystemFrequency                          0x20000000   Data           4  system_w7500x.o(.data)
    SystemCoreClock                          0x20000004   Data           4  system_w7500x.o(.data)
    GPIO_InitDef                             0x20000008   Data           8  main.o(.data)
    clk                                      0x20000010   Data           7  main.o(.data)
    EXTI_InitDef                             0x20000018   Data           8  main.o(.data)
    g_cEstadoComSoft                         0x20000020   Data           1  main.o(.data)
    buffer_ready                             0x20000021   Data           1  main.o(.data)
    ValTimeOutCom                            0x20000022   Data           1  main.o(.data)
    buffer_ready1                            0x20000023   Data           1  main.o(.data)
    buffer_ready2                            0x20000024   Data           1  main.o(.data)
    __stdout                                 0x20000028   Data           4  retarget.o(.data)
    __stdin                                  0x2000002c   Data           4  retarget.o(.data)
    uart0_tx_cnt                             0x20000030   Data           4  w7500x_it.o(.data)
    uart0_rx_cnt                             0x20000034   Data           4  w7500x_it.o(.data)
    uart1_tx_cnt                             0x20000038   Data           4  w7500x_it.o(.data)
    uart1_rx_cnt                             0x2000003c   Data           4  w7500x_it.o(.data)
    uart2_tx_cnt                             0x20000040   Data           4  w7500x_it.o(.data)
    uart2_rx_cnt                             0x20000044   Data           4  w7500x_it.o(.data)
    scl_port_num                             0x20000048   Data           4  eeprom.o(.data)
    scl_pin_index                            0x2000004c   Data           4  eeprom.o(.data)
    sda_port_num                             0x20000050   Data           4  eeprom.o(.data)
    sda_pin_index                            0x20000054   Data           4  eeprom.o(.data)
    aSk                                      0x20000058   Data           1  uart_cero.o(.data)
    cnt__ask_off                             0x2000005c   Data           1  expedidor.o(.data)
    UART_InitStructure                       0x20000068   Data          16  main.o(.bss)
    conf                                     0x20000078   Data          16  main.o(.bss)
    Dualtimer_InitStructure                  0x20000088   Data          20  main.o(.bss)
    wg                                       0x2000009c   Data          44  main.o(.bss)
    sq                                       0x200000c8   Data          24  main.o(.bss)
    RxBuffer1                                0x200000e0   Data          30  main.o(.bss)
    RxBuffer2                                0x200000fe   Data          30  main.o(.bss)
    Buffer_Rta_Lintech                       0x2000011c   Data          50  uart_cero.o(.bss)
    __libspace_start                         0x20000150   Data          96  libspace.o(.bss)
    __temporary_stack_top$libspace           0x200001b0   Data           0  libspace.o(.bss)



==============================================================================

Memory Map of the image

  Image Entry point : 0x000000a9

  Load Region LR_IROM1 (Base: 0x00000000, Size: 0x000031a8, Max: 0x00020000, ABSOLUTE)

    Execution Region ER_IROM1 (Exec base: 0x00000000, Load base: 0x00000000, Size: 0x00003140, Max: 0x00020000, ABSOLUTE)

    Exec Addr    Load Addr    Size         Type   Attr      Idx    E Section Name        Object

    0x00000000   0x00000000   0x000000a8   Data   RO            3    RESET               startup_w7500x.o
    0x000000a8   0x000000a8   0x00000008   Code   RO         1504  * !!!main             c_p.l(__main.o)
    0x000000b0   0x000000b0   0x0000003c   Code   RO         1702    !!!scatter          c_p.l(__scatter.o)
    0x000000ec   0x000000ec   0x0000001a   Code   RO         1704    !!handler_copy      c_p.l(__scatter_copy.o)
    0x00000106   0x00000106   0x00000002   PAD
    0x00000108   0x00000108   0x0000001c   Code   RO         1706    !!handler_zi        c_p.l(__scatter_zi.o)
    0x00000124   0x00000124   0x00000002   Code   RO         1497    .ARM.Collect$$_printf_percent$$00000000  c_p.l(_printf_percent.o)
    0x00000126   0x00000126   0x0000000a   Code   RO         1495    .ARM.Collect$$_printf_percent$$00000009  c_p.l(_printf_d.o)
    0x00000130   0x00000130   0x0000000a   Code   RO         1496    .ARM.Collect$$_printf_percent$$0000000A  c_p.l(_printf_u.o)
    0x0000013a   0x0000013a   0x0000000a   Code   RO         1494    .ARM.Collect$$_printf_percent$$00000014  c_p.l(_printf_s.o)
    0x00000144   0x00000144   0x00000004   Code   RO         1538    .ARM.Collect$$_printf_percent$$00000017  c_p.l(_printf_percent_end.o)
    0x00000148   0x00000148   0x00000002   Code   RO         1577    .ARM.Collect$$libinit$$00000000  c_p.l(libinit.o)
    0x0000014a   0x0000014a   0x00000000   Code   RO         1591    .ARM.Collect$$libinit$$00000002  c_p.l(libinit2.o)
    0x0000014a   0x0000014a   0x00000000   Code   RO         1593    .ARM.Collect$$libinit$$00000004  c_p.l(libinit2.o)
    0x0000014a   0x0000014a   0x00000000   Code   RO         1596    .ARM.Collect$$libinit$$0000000A  c_p.l(libinit2.o)
    0x0000014a   0x0000014a   0x00000000   Code   RO         1598    .ARM.Collect$$libinit$$0000000C  c_p.l(libinit2.o)
    0x0000014a   0x0000014a   0x00000000   Code   RO         1600    .ARM.Collect$$libinit$$0000000E  c_p.l(libinit2.o)
    0x0000014a   0x0000014a   0x00000000   Code   RO         1603    .ARM.Collect$$libinit$$00000011  c_p.l(libinit2.o)
    0x0000014a   0x0000014a   0x00000000   Code   RO         1605    .ARM.Collect$$libinit$$00000013  c_p.l(libinit2.o)
    0x0000014a   0x0000014a   0x00000000   Code   RO         1607    .ARM.Collect$$libinit$$00000015  c_p.l(libinit2.o)
    0x0000014a   0x0000014a   0x00000000   Code   RO         1609    .ARM.Collect$$libinit$$00000017  c_p.l(libinit2.o)
    0x0000014a   0x0000014a   0x00000000   Code   RO         1611    .ARM.Collect$$libinit$$00000019  c_p.l(libinit2.o)
    0x0000014a   0x0000014a   0x00000000   Code   RO         1613    .ARM.Collect$$libinit$$0000001B  c_p.l(libinit2.o)
    0x0000014a   0x0000014a   0x00000000   Code   RO         1615    .ARM.Collect$$libinit$$0000001D  c_p.l(libinit2.o)
    0x0000014a   0x0000014a   0x00000000   Code   RO         1617    .ARM.Collect$$libinit$$0000001F  c_p.l(libinit2.o)
    0x0000014a   0x0000014a   0x00000000   Code   RO         1619    .ARM.Collect$$libinit$$00000021  c_p.l(libinit2.o)
    0x0000014a   0x0000014a   0x00000000   Code   RO         1621    .ARM.Collect$$libinit$$00000023  c_p.l(libinit2.o)
    0x0000014a   0x0000014a   0x00000000   Code   RO         1623    .ARM.Collect$$libinit$$00000025  c_p.l(libinit2.o)
    0x0000014a   0x0000014a   0x00000000   Code   RO         1627    .ARM.Collect$$libinit$$0000002C  c_p.l(libinit2.o)
    0x0000014a   0x0000014a   0x00000000   Code   RO         1629    .ARM.Collect$$libinit$$0000002E  c_p.l(libinit2.o)
    0x0000014a   0x0000014a   0x00000000   Code   RO         1631    .ARM.Collect$$libinit$$00000030  c_p.l(libinit2.o)
    0x0000014a   0x0000014a   0x00000000   Code   RO         1633    .ARM.Collect$$libinit$$00000032  c_p.l(libinit2.o)
    0x0000014a   0x0000014a   0x00000002   Code   RO         1634    .ARM.Collect$$libinit$$00000033  c_p.l(libinit2.o)
    0x0000014c   0x0000014c   0x00000002   Code   RO         1658    .ARM.Collect$$libshutdown$$00000000  c_p.l(libshutdown.o)
    0x0000014e   0x0000014e   0x00000000   Code   RO         1684    .ARM.Collect$$libshutdown$$00000002  c_p.l(libshutdown2.o)
    0x0000014e   0x0000014e   0x00000000   Code   RO         1686    .ARM.Collect$$libshutdown$$00000004  c_p.l(libshutdown2.o)
    0x0000014e   0x0000014e   0x00000000   Code   RO         1689    .ARM.Collect$$libshutdown$$00000007  c_p.l(libshutdown2.o)
    0x0000014e   0x0000014e   0x00000000   Code   RO         1692    .ARM.Collect$$libshutdown$$0000000A  c_p.l(libshutdown2.o)
    0x0000014e   0x0000014e   0x00000000   Code   RO         1694    .ARM.Collect$$libshutdown$$0000000C  c_p.l(libshutdown2.o)
    0x0000014e   0x0000014e   0x00000000   Code   RO         1697    .ARM.Collect$$libshutdown$$0000000F  c_p.l(libshutdown2.o)
    0x0000014e   0x0000014e   0x00000002   Code   RO         1698    .ARM.Collect$$libshutdown$$00000010  c_p.l(libshutdown2.o)
    0x00000150   0x00000150   0x00000000   Code   RO         1527    .ARM.Collect$$rtentry$$00000000  c_p.l(__rtentry.o)
    0x00000150   0x00000150   0x00000000   Code   RO         1543    .ARM.Collect$$rtentry$$00000002  c_p.l(__rtentry2.o)
    0x00000150   0x00000150   0x00000006   Code   RO         1555    .ARM.Collect$$rtentry$$00000004  c_p.l(__rtentry4.o)
    0x00000156   0x00000156   0x00000000   Code   RO         1545    .ARM.Collect$$rtentry$$00000009  c_p.l(__rtentry2.o)
    0x00000156   0x00000156   0x00000004   Code   RO         1546    .ARM.Collect$$rtentry$$0000000A  c_p.l(__rtentry2.o)
    0x0000015a   0x0000015a   0x00000000   Code   RO         1548    .ARM.Collect$$rtentry$$0000000C  c_p.l(__rtentry2.o)
    0x0000015a   0x0000015a   0x00000008   Code   RO         1549    .ARM.Collect$$rtentry$$0000000D  c_p.l(__rtentry2.o)
    0x00000162   0x00000162   0x00000002   Code   RO         1582    .ARM.Collect$$rtexit$$00000000  c_p.l(rtexit.o)
    0x00000164   0x00000164   0x00000000   Code   RO         1636    .ARM.Collect$$rtexit$$00000002  c_p.l(rtexit2.o)
    0x00000164   0x00000164   0x00000004   Code   RO         1637    .ARM.Collect$$rtexit$$00000003  c_p.l(rtexit2.o)
    0x00000168   0x00000168   0x00000006   Code   RO         1638    .ARM.Collect$$rtexit$$00000004  c_p.l(rtexit2.o)
    0x0000016e   0x0000016e   0x00000002   PAD
    0x00000170   0x00000170   0x00000038   Code   RO            4    .text               startup_w7500x.o
    0x000001a8   0x000001a8   0x00000002   Code   RO         1462    .text               c_p.l(use_no_semi.o)
    0x000001aa   0x000001aa   0x00000002   PAD
    0x000001ac   0x000001ac   0x0000001c   Code   RO         1466    .text               c_p.l(noretval__2printf.o)
    0x000001c8   0x000001c8   0x0000006c   Code   RO         1468    .text               c_p.l(__printf.o)
    0x00000234   0x00000234   0x00000052   Code   RO         1470    .text               c_p.l(_printf_str.o)
    0x00000286   0x00000286   0x00000002   PAD
    0x00000288   0x00000288   0x0000006c   Code   RO         1472    .text               c_p.l(_printf_dec.o)
    0x000002f4   0x000002f4   0x0000015a   Code   RO         1498    .text               c_p.l(aeabi_sdiv.o)
    0x0000044e   0x0000044e   0x00000006   Code   RO         1502    .text               c_p.l(heapauxi.o)
    0x00000454   0x00000454   0x00000358   Code   RO         1506    .text               fz_ps.l(daddsub.o)
    0x000007ac   0x000007ac   0x00000048   Code   RO         1508    .text               fz_ps.l(dfixui.o)
    0x000007f4   0x000007f4   0x00000054   Code   RO         1510    .text               fz_ps.l(f2d.o)
    0x00000848   0x00000848   0x00000160   Code   RO         1518    .text               fz_ps.l(fdiv.o)
    0x000009a8   0x000009a8   0x00000030   Code   RO         1521    .text               fz_ps.l(ffixui.o)
    0x000009d8   0x000009d8   0x0000005e   Code   RO         1523    .text               fz_ps.l(fflti.o)
    0x00000a36   0x00000a36   0x000000b0   Code   RO         1532    .text               c_p.l(_printf_intcommon.o)
    0x00000ae6   0x00000ae6   0x0000002e   Code   RO         1534    .text               c_p.l(_printf_char.o)
    0x00000b14   0x00000b14   0x00000028   Code   RO         1536    .text               c_p.l(_printf_char_file.o)
    0x00000b3c   0x00000b3c   0x00000028   Code   RO         1539    .text               c_p.l(rtudiv10.o)
    0x00000b64   0x00000b64   0x00000030   Code   RO         1559    .text               c_p.l(_printf_char_common.o)
    0x00000b94   0x00000b94   0x0000003e   Code   RO         1561    .text               c_p.l(sys_stackheap_outer.o)
    0x00000bd2   0x00000bd2   0x00000010   Code   RO         1566    .text               c_p.l(exit.o)
    0x00000be2   0x00000be2   0x00000002   PAD
    0x00000be4   0x00000be4   0x00000008   Code   RO         1578    .text               c_p.l(libspace.o)
    0x00000bec   0x00000bec   0x00000002   Code   RO          803    i.ADC_Handler       w7500x_it.o
    0x00000bee   0x00000bee   0x00000002   PAD
    0x00000bf0   0x00000bf0   0x00000088   Code   RO         1116    i.Aut_Card_check_Status  lintech.o
    0x00000c78   0x00000c78   0x000000ac   Code   RO         1118    i.Check_Status      lintech.o
    0x00000d24   0x00000d24   0x00000070   Code   RO          614    i.Config_I2C        main.o
    0x00000d94   0x00000d94   0x00000070   Code   RO          615    i.Config_Uart_X     main.o
    0x00000e04   0x00000e04   0x0000008c   Code   RO          616    i.Config_Wiegand    main.o
    0x00000e90   0x00000e90   0x00000002   Code   RO          804    i.DMA_Handler       w7500x_it.o
    0x00000e92   0x00000e92   0x00000002   PAD
    0x00000e94   0x00000e94   0x00000030   Code   RO          805    i.DUALTIMER0_Handler  w7500x_it.o
    0x00000ec4   0x00000ec4   0x00000002   Code   RO          806    i.DUALTIMER1_Handler  w7500x_it.o
    0x00000ec6   0x00000ec6   0x00000008   Code   RO          434    i.DUALTIMER_GetIntStatus  w7500x_dualtimer.o
    0x00000ece   0x00000ece   0x00000006   Code   RO          442    i.DUALTIMER_IntClear  w7500x_dualtimer.o
    0x00000ed4   0x00000ed4   0x00000080   Code   RO         1259    i.DebugBufferMF     debuger.o
    0x00000f54   0x00000f54   0x00000046   Code   RO         1261    i.Debug_chr_UART2   debuger.o
    0x00000f9a   0x00000f9a   0x00000002   PAD
    0x00000f9c   0x00000f9c   0x000000b4   Code   RO         1120    i.Dwload_EEprom     lintech.o
    0x00001050   0x00001050   0x00000050   Code   RO          807    i.EXTI_Handler      w7500x_it.o
    0x000010a0   0x000010a0   0x00000080   Code   RO          562    i.EXTI_Init         w7500x_exti.o
    0x00001120   0x00001120   0x00000074   Code   RO          563    i.EXTI_Polarity_Set  w7500x_exti.o
    0x00001194   0x00001194   0x00000024   Code   RO         1301    i.EscribirCadenaSoft_buffer  uart_cero.o
    0x000011b8   0x000011b8   0x00000114   Code   RO           74    i.GPIO_Init         w7500x_gpio.o
    0x000012cc   0x000012cc   0x00000014   Code   RO           76    i.GPIO_ReadInputDataBit  w7500x_gpio.o
    0x000012e0   0x000012e0   0x00000014   Code   RO           78    i.GPIO_ReadOutputDataBit  w7500x_gpio.o
    0x000012f4   0x000012f4   0x00000020   Code   RO           80    i.GPIO_ResetBits    w7500x_gpio.o
    0x00001314   0x00001314   0x0000001a   Code   RO           81    i.GPIO_SetBits      w7500x_gpio.o
    0x0000132e   0x0000132e   0x00000002   PAD
    0x00001330   0x00001330   0x0000000c   Code   RO           12    i.GetSystemClock    system_w7500x.o
    0x0000133c   0x0000133c   0x00000002   Code   RO          808    i.HardFault_Handler  w7500x_it.o
    0x0000133e   0x0000133e   0x00000002   PAD
    0x00001340   0x00001340   0x00000080   Code   RO         1004    i.I2C_Init          eeprom.o
    0x000013c0   0x000013c0   0x00000128   Code   RO         1005    i.I2C_Read          eeprom.o
    0x000014e8   0x000014e8   0x0000001c   Code   RO         1006    i.I2C_ReadBitSDA    eeprom.o
    0x00001504   0x00001504   0x0000004a   Code   RO         1007    i.I2C_ReadByte      eeprom.o
    0x0000154e   0x0000154e   0x00000002   PAD
    0x00001550   0x00001550   0x00000020   Code   RO         1009    i.I2C_SDA_MODE      eeprom.o
    0x00001570   0x00001570   0x00000016   Code   RO         1010    i.I2C_SendACK       eeprom.o
    0x00001586   0x00001586   0x00000016   Code   RO         1011    i.I2C_SendNACK      eeprom.o
    0x0000159c   0x0000159c   0x00000024   Code   RO         1012    i.I2C_Start         eeprom.o
    0x000015c0   0x000015c0   0x0000002a   Code   RO         1013    i.I2C_Stop          eeprom.o
    0x000015ea   0x000015ea   0x00000002   PAD
    0x000015ec   0x000015ec   0x000000c8   Code   RO         1014    i.I2C_Write         eeprom.o
    0x000016b4   0x000016b4   0x0000002c   Code   RO         1015    i.I2C_WriteBitSCL   eeprom.o
    0x000016e0   0x000016e0   0x0000002c   Code   RO         1016    i.I2C_WriteBitSDA   eeprom.o
    0x0000170c   0x0000170c   0x00000058   Code   RO         1017    i.I2C_WriteByte     eeprom.o
    0x00001764   0x00001764   0x00000020   Code   RO         1409    i.ID_Car_Proximidad  wiegand.o
    0x00001784   0x00001784   0x00000060   Code   RO          618    i.IO_int_out        main.o
    0x000017e4   0x000017e4   0x0000012c   Code   RO         1122    i.Inicializa        lintech.o
    0x00001910   0x00001910   0x0000009c   Code   RO         1123    i.LoadVerify_EEprom  lintech.o
    0x000019ac   0x000019ac   0x0000000e   Code   RO         1332    i.Load_Secuencia_Expedidor  expedidor.o
    0x000019ba   0x000019ba   0x00000002   PAD
    0x000019bc   0x000019bc   0x0000012c   Code   RO         1124    i.Mov_Card          lintech.o
    0x00001ae8   0x00001ae8   0x00000002   Code   RO          809    i.NMI_Handler       w7500x_it.o
    0x00001aea   0x00001aea   0x00000002   PAD
    0x00001aec   0x00001aec   0x00000014   Code   RO          619    i.NVIC_ClearPendingIRQ  main.o
    0x00001b00   0x00001b00   0x00000014   Code   RO          810    i.NVIC_ClearPendingIRQ  w7500x_it.o
    0x00001b14   0x00001b14   0x0000002c   Code   RO          620    i.NVIC_Configuration  main.o
    0x00001b40   0x00001b40   0x00000014   Code   RO          621    i.NVIC_EnableIRQ    main.o
    0x00001b54   0x00001b54   0x000000cc   Code   RO           87    i.PAD_AFConfig      w7500x_gpio.o
    0x00001c20   0x00001c20   0x00000002   Code   RO          811    i.PORT0_Handler     w7500x_it.o
    0x00001c22   0x00001c22   0x00000002   Code   RO          812    i.PORT1_Handler     w7500x_it.o
    0x00001c24   0x00001c24   0x00000002   Code   RO          813    i.PORT2_Handler     w7500x_it.o
    0x00001c26   0x00001c26   0x00000002   Code   RO          814    i.PORT3_Handler     w7500x_it.o
    0x00001c28   0x00001c28   0x00000002   Code   RO          815    i.PWM0_Handler      w7500x_it.o
    0x00001c2a   0x00001c2a   0x00000002   Code   RO          816    i.PWM1_Handler      w7500x_it.o
    0x00001c2c   0x00001c2c   0x00000002   Code   RO          817    i.PWM2_Handler      w7500x_it.o
    0x00001c2e   0x00001c2e   0x00000002   Code   RO          818    i.PWM3_Handler      w7500x_it.o
    0x00001c30   0x00001c30   0x00000002   Code   RO          819    i.PWM4_Handler      w7500x_it.o
    0x00001c32   0x00001c32   0x00000002   Code   RO          820    i.PWM5_Handler      w7500x_it.o
    0x00001c34   0x00001c34   0x00000002   Code   RO          821    i.PWM6_Handler      w7500x_it.o
    0x00001c36   0x00001c36   0x00000002   Code   RO          822    i.PWM7_Handler      w7500x_it.o
    0x00001c38   0x00001c38   0x00000002   Code   RO          823    i.PendSV_Handler    w7500x_it.o
    0x00001c3a   0x00001c3a   0x00000002   PAD
    0x00001c3c   0x00001c3c   0x00000080   Code   RO         1125    i.Power_off         lintech.o
    0x00001cbc   0x00001cbc   0x000000c8   Code   RO         1126    i.RD_MF             lintech.o
    0x00001d84   0x00001d84   0x000000e4   Code   RO         1333    i.Responde_Estado_Sensores_Transporte  expedidor.o
    0x00001e68   0x00001e68   0x00000218   Code   RO         1334    i.Responde_Lectura_Tarjeta_Sector1_Bloque1  expedidor.o
    0x00002080   0x00002080   0x000000cc   Code   RO         1335    i.Responde_Tipo_Tarjeta  expedidor.o
    0x0000214c   0x0000214c   0x00000002   Code   RO          824    i.SSP0_Handler      w7500x_it.o
    0x0000214e   0x0000214e   0x00000002   Code   RO          825    i.SSP1_Handler      w7500x_it.o
    0x00002150   0x00002150   0x00000002   Code   RO          826    i.SVC_Handler       w7500x_it.o
    0x00002152   0x00002152   0x00000002   PAD
    0x00002154   0x00002154   0x00000010   Code   RO          221    i.S_UART_ClearITPendingBit  w7500x_uart.o
    0x00002164   0x00002164   0x00000020   Code   RO          225    i.S_UART_ITConfig   w7500x_uart.o
    0x00002184   0x00002184   0x00000024   Code   RO          226    i.S_UART_Init       w7500x_uart.o
    0x000021a8   0x000021a8   0x0000000c   Code   RO          227    i.S_UART_ReceiveData  w7500x_uart.o
    0x000021b4   0x000021b4   0x00000018   Code   RO          228    i.S_UART_SendData   w7500x_uart.o
    0x000021cc   0x000021cc   0x00000044   Code   RO          229    i.S_UART_SetBaud    w7500x_uart.o
    0x00002210   0x00002210   0x0000001c   Code   RO          231    i.S_UartGetc        w7500x_uart.o
    0x0000222c   0x0000222c   0x0000000e   Code   RO          232    i.S_UartPutc        w7500x_uart.o
    0x0000223a   0x0000223a   0x0000001a   Code   RO          233    i.S_UartPuts        w7500x_uart.o
    0x00002254   0x00002254   0x00000168   Code   RO         1336    i.SecuenciaExpedidorMF  expedidor.o
    0x000023bc   0x000023bc   0x00000104   Code   RO         1218    i.Set_Data_Write_date_time  clock.o
    0x000024c0   0x000024c0   0x00000002   Code   RO          827    i.SysTick_Handler   w7500x_it.o
    0x000024c2   0x000024c2   0x00000002   PAD
    0x000024c4   0x000024c4   0x00000074   Code   RO           14    i.SystemInit        system_w7500x.o
    0x00002538   0x00002538   0x0000007c   Code   RO         1337    i.Trama_Validacion_P_N  expedidor.o
    0x000025b4   0x000025b4   0x00000050   Code   RO          828    i.UART0_Handler     w7500x_it.o
    0x00002604   0x00002604   0x00000088   Code   RO          829    i.UART1_Handler     w7500x_it.o
    0x0000268c   0x0000268c   0x00000050   Code   RO          830    i.UART2_Handler     w7500x_it.o
    0x000026dc   0x000026dc   0x00000008   Code   RO          235    i.UART_ClearITPendingBit  w7500x_uart.o
    0x000026e4   0x000026e4   0x00000014   Code   RO          242    i.UART_GetITStatus  w7500x_uart.o
    0x000026f8   0x000026f8   0x00000014   Code   RO          244    i.UART_ITConfig     w7500x_uart.o
    0x0000270c   0x0000270c   0x000000d8   Code   RO          245    i.UART_Init         w7500x_uart.o
    0x000027e4   0x000027e4   0x00000008   Code   RO          246    i.UART_ReceiveData  w7500x_uart.o
    0x000027ec   0x000027ec   0x00000004   Code   RO          248    i.UART_SendData     w7500x_uart.o
    0x000027f0   0x000027f0   0x0000001c   Code   RO          249    i.UART_StructInit   w7500x_uart.o
    0x0000280c   0x0000280c   0x0000001e   Code   RO          251    i.UartPutc          w7500x_uart.o
    0x0000282a   0x0000282a   0x0000001e   Code   RO          252    i.UartPuts          w7500x_uart.o
    0x00002848   0x00002848   0x00000002   Code   RO          831    i.WZTOE_Handler     w7500x_it.o
    0x0000284a   0x0000284a   0x0000001c   Code   RO         1392    i.__ARM_common_switch8  expedidor.o
    0x00002866   0x00002866   0x00000004   Code   RO          743    i._sys_exit         retarget.o
    0x0000286a   0x0000286a   0x00000002   PAD
    0x0000286c   0x0000286c   0x00000030   Code   RO         1410    i.ajusta_code       wiegand.o
    0x0000289c   0x0000289c   0x00000026   Code   RO         1219    i.bcd               clock.o
    0x000028c2   0x000028c2   0x00000002   PAD
    0x000028c4   0x000028c4   0x00000074   Code   RO         1411    i.bits_wiegand_hex  wiegand.o
    0x00002938   0x00002938   0x00000150   Code   RO         1302    i.com_isr           uart_cero.o
    0x00002a88   0x00002a88   0x00000024   Code   RO          622    i.delay_ms          main.o
    0x00002aac   0x00002aac   0x00000114   Code   RO         1338    i.error_rx_pto      expedidor.o
    0x00002bc0   0x00002bc0   0x00000008   Code   RO          745    i.ferror            retarget.o
    0x00002bc8   0x00002bc8   0x0000000e   Code   RO          747    i.fputc             retarget.o
    0x00002bd6   0x00002bd6   0x00000002   PAD
    0x00002bd8   0x00002bd8   0x0000002c   Code   RO         1412    i.limpia_data       wiegand.o
    0x00002c04   0x00002c04   0x000001b8   Code   RO          624    i.main              main.o
    0x00002dbc   0x00002dbc   0x00000054   Code   RO          625    i.mostrar_wiegand   main.o
    0x00002e10   0x00002e10   0x0000009c   Code   RO         1339    i.rta_cmd_transporte  expedidor.o
    0x00002eac   0x00002eac   0x00000010   Code   RO          626    i.timer0_int        main.o
    0x00002ebc   0x00002ebc   0x0000008c   Code   RO         1512    x$fpl$fadd          fz_ps.l(faddsub.o)
    0x00002f48   0x00002f48   0x000000b0   Code   RO         1525    x$fpl$fmul          fz_ps.l(fmul.o)
    0x00002ff8   0x00002ff8   0x00000018   Code   RO         1513    x$fpl$frsb          fz_ps.l(faddsub.o)
    0x00003010   0x00003010   0x000000d0   Code   RO         1514    x$fpl$fsub          fz_ps.l(faddsub.o)
    0x000030e0   0x000030e0   0x00000000   Code   RO         1541    x$fpl$usenofp       fz_ps.l(usenofp.o)
    0x000030e0   0x000030e0   0x00000040   Data   RO         1519    .constdata          fz_ps.l(fdiv.o)
    0x00003120   0x00003120   0x00000020   Data   RO         1700    Region$$Table       anon$$obj.o


    Execution Region RW_IRAM1 (Exec base: 0x20000000, Load base: 0x00003140, Size: 0x000009b0, Max: 0x00004000, ABSOLUTE)

    Exec Addr    Load Addr    Size         Type   Attr      Idx    E Section Name        Object

    0x20000000   0x00003140   0x00000008   Data   RW           15    .data               system_w7500x.o
    0x20000008   0x00003148   0x0000001e   Data   RW          628    .data               main.o
    0x20000026   0x00003166   0x00000002   PAD
    0x20000028   0x00003168   0x00000008   Data   RW          748    .data               retarget.o
    0x20000030   0x00003170   0x00000018   Data   RW          832    .data               w7500x_it.o
    0x20000048   0x00003188   0x00000010   Data   RW         1019    .data               eeprom.o
    0x20000058   0x00003198   0x00000002   Data   RW         1304    .data               uart_cero.o
    0x2000005a   0x0000319a   0x00000002   PAD
    0x2000005c   0x0000319c   0x00000009   Data   RW         1340    .data               expedidor.o
    0x20000065   0x000031a5   0x00000003   PAD
    0x20000068        -       0x000000b4   Zero   RW          627    .bss                main.o
    0x2000011c        -       0x00000032   Zero   RW         1303    .bss                uart_cero.o
    0x2000014e   0x000031a5   0x00000002   PAD
    0x20000150        -       0x00000060   Zero   RW         1579    .bss                c_p.l(libspace.o)
    0x200001b0        -       0x00000400   Zero   RW            2    HEAP                startup_w7500x.o
    0x200005b0        -       0x00000400   Zero   RW            1    STACK               startup_w7500x.o


==============================================================================

Image component sizes


      Code (inc. data)   RO Data    RW Data    ZI Data      Debug   Object Name

       298         44          0          0          0       1541   clock.o
       198         70          0          0          0       1586   debuger.o
      1056        262          0         16          0       7760   eeprom.o
      1926        660          0          9          0       6485   expedidor.o
      1572        538          0          0          0       5175   lintech.o
      1120        294          0         30        180      17451   main.o
        26          0          0          8          0       3407   retarget.o
        56         26        168          0       2048        792   startup_w7500x.o
       128         28          0          8          0      23632   system_w7500x.o
       372         36          0          2         50       2014   uart_cero.o
        14          0          0          0          0       2714   w7500x_dualtimer.o
       244         10          0          0          0       3076   w7500x_exti.o
       578         10          0          0          0       7244   w7500x_gpio.o
       490         70          0         24          0      17818   w7500x_it.o
       620         56          0          0          0      18153   w7500x_uart.o
       240         48          0          0          0       2496   wiegand.o

    ----------------------------------------------------------------------
      8968       2152        200        104       2280     121344   Object Totals
         0          0         32          0          0          0   (incl. Generated)
        30          0          0          7          2          0   (incl. Padding)

    ----------------------------------------------------------------------

      Code (inc. data)   RO Data    RW Data    ZI Data      Debug   Library Member Name

         8          0          0          0          0         68   __main.o
       108          0          0          0          0         76   __printf.o
         0          0          0          0          0          0   __rtentry.o
        12          0          0          0          0          0   __rtentry2.o
         6          0          0          0          0          0   __rtentry4.o
        60          8          0          0          0          0   __scatter.o
        26          0          0          0          0          0   __scatter_copy.o
        28          0          0          0          0          0   __scatter_zi.o
        46          0          0          0          0        100   _printf_char.o
        48          6          0          0          0         88   _printf_char_common.o
        40          6          0          0          0         72   _printf_char_file.o
        10          0          0          0          0          0   _printf_d.o
       108         18          0          0          0         76   _printf_dec.o
       176          0          0          0          0         84   _printf_intcommon.o
         2          0          0          0          0          0   _printf_percent.o
         4          0          0          0          0          0   _printf_percent_end.o
        10          0          0          0          0          0   _printf_s.o
        82          0          0          0          0         72   _printf_str.o
        10          0          0          0          0          0   _printf_u.o
       346          0          0          0          0         92   aeabi_sdiv.o
        16          0          0          0          0         68   exit.o
         6          0          0          0          0        136   heapauxi.o
         2          0          0          0          0          0   libinit.o
         2          0          0          0          0          0   libinit2.o
         2          0          0          0          0          0   libshutdown.o
         2          0          0          0          0          0   libshutdown2.o
         8          4          0          0         96         68   libspace.o
        28          6          0          0          0         84   noretval__2printf.o
         2          0          0          0          0          0   rtexit.o
        10          0          0          0          0          0   rtexit2.o
        40          0          0          0          0         60   rtudiv10.o
        62          0          0          0          0         80   sys_stackheap_outer.o
         2          0          0          0          0         68   use_no_semi.o
       856         20          0          0          0        208   daddsub.o
        72          4          0          0          0         68   dfixui.o
        84          4          0          0          0         60   f2d.o
       372          8          0          0          0        240   faddsub.o
       352         10         64          0          0         92   fdiv.o
        48          0          0          0          0         60   ffixui.o
        94          0          0          0          0         92   fflti.o
       176          4          0          0          0         80   fmul.o
         0          0          0          0          0          0   usenofp.o

    ----------------------------------------------------------------------
      3376         98         64          0         96       2192   Library Totals
        10          0          0          0          0          0   (incl. Padding)

    ----------------------------------------------------------------------

      Code (inc. data)   RO Data    RW Data    ZI Data      Debug   Library Name

      1312         48          0          0         96       1292   c_p.l
      2054         50         64          0          0        900   fz_ps.l

    ----------------------------------------------------------------------
      3376         98         64          0         96       2192   Library Totals

    ----------------------------------------------------------------------

==============================================================================


      Code (inc. data)   RO Data    RW Data    ZI Data      Debug   

     12344       2250        264        104       2376     117772   Grand Totals
     12344       2250        264        104       2376     117772   ELF Image Totals
     12344       2250        264        104          0          0   ROM Totals

==============================================================================

    Total RO  Size (Code + RO Data)                12608 (  12.31kB)
    Total RW  Size (RW Data + ZI Data)              2480 (   2.42kB)
    Total ROM Size (Code + RO Data + RW Data)      12712 (  12.41kB)

==============================================================================

