Component: ARM Compiler 5.05 update 2 (build 169) Tool: armlink [4d0f33]

==============================================================================

Section Cross References

    startup_w7500x.o(STACK) refers (Special) to heapauxi.o(.text) for __use_two_region_memory
    startup_w7500x.o(HEAP) refers (Special) to heapauxi.o(.text) for __use_two_region_memory
    startup_w7500x.o(RESET) refers (Special) to heapauxi.o(.text) for __use_two_region_memory
    startup_w7500x.o(RESET) refers to startup_w7500x.o(STACK) for __initial_sp
    startup_w7500x.o(RESET) refers to startup_w7500x.o(.text) for Reset_Handler
    startup_w7500x.o(RESET) refers to w7500x_it.o(i.NMI_Handler) for NMI_Handler
    startup_w7500x.o(RESET) refers to w7500x_it.o(i.HardFault_Handler) for HardFault_Handler
    startup_w7500x.o(RESET) refers to w7500x_it.o(i.SVC_Handler) for SVC_Handler
    startup_w7500x.o(RESET) refers to w7500x_it.o(i.PendSV_Handler) for PendSV_Handler
    startup_w7500x.o(RESET) refers to w7500x_it.o(i.SysTick_Handler) for SysTick_Handler
    startup_w7500x.o(RESET) refers to w7500x_it.o(i.SSP0_Handler) for SSP0_Handler
    startup_w7500x.o(RESET) refers to w7500x_it.o(i.SSP1_Handler) for SSP1_Handler
    startup_w7500x.o(RESET) refers to w7500x_it.o(i.UART0_Handler) for UART0_Handler
    startup_w7500x.o(RESET) refers to w7500x_it.o(i.UART1_Handler) for UART1_Handler
    startup_w7500x.o(RESET) refers to w7500x_it.o(i.UART2_Handler) for UART2_Handler
    startup_w7500x.o(RESET) refers to w7500x_it.o(i.PORT0_Handler) for PORT0_Handler
    startup_w7500x.o(RESET) refers to w7500x_it.o(i.PORT1_Handler) for PORT1_Handler
    startup_w7500x.o(RESET) refers to w7500x_it.o(i.PORT2_Handler) for PORT2_Handler
    startup_w7500x.o(RESET) refers to w7500x_it.o(i.PORT3_Handler) for PORT3_Handler
    startup_w7500x.o(RESET) refers to w7500x_it.o(i.DMA_Handler) for DMA_Handler
    startup_w7500x.o(RESET) refers to w7500x_it.o(i.DUALTIMER0_Handler) for DUALTIMER0_Handler
    startup_w7500x.o(RESET) refers to w7500x_it.o(i.DUALTIMER1_Handler) for DUALTIMER1_Handler
    startup_w7500x.o(RESET) refers to w7500x_it.o(i.PWM0_Handler) for PWM0_Handler
    startup_w7500x.o(RESET) refers to w7500x_it.o(i.PWM1_Handler) for PWM1_Handler
    startup_w7500x.o(RESET) refers to w7500x_it.o(i.PWM2_Handler) for PWM2_Handler
    startup_w7500x.o(RESET) refers to w7500x_it.o(i.PWM3_Handler) for PWM3_Handler
    startup_w7500x.o(RESET) refers to w7500x_it.o(i.PWM4_Handler) for PWM4_Handler
    startup_w7500x.o(RESET) refers to w7500x_it.o(i.PWM5_Handler) for PWM5_Handler
    startup_w7500x.o(RESET) refers to w7500x_it.o(i.PWM6_Handler) for PWM6_Handler
    startup_w7500x.o(RESET) refers to w7500x_it.o(i.PWM7_Handler) for PWM7_Handler
    startup_w7500x.o(RESET) refers to w7500x_it.o(i.ADC_Handler) for ADC_Handler
    startup_w7500x.o(RESET) refers to w7500x_it.o(i.WZTOE_Handler) for WZTOE_Handler
    startup_w7500x.o(RESET) refers to w7500x_it.o(i.EXTI_Handler) for EXTI_Handler
    startup_w7500x.o(.text) refers (Special) to heapauxi.o(.text) for __use_two_region_memory
    startup_w7500x.o(.text) refers to system_w7500x.o(i.SystemInit) for SystemInit
    startup_w7500x.o(.text) refers to __main.o(!!!main) for __main
    startup_w7500x.o(.text) refers to startup_w7500x.o(HEAP) for Heap_Mem
    startup_w7500x.o(.text) refers to startup_w7500x.o(STACK) for Stack_Mem
    system_w7500x.o(i.GetSystemClock) refers to system_w7500x.o(.data) for SystemFrequency
    system_w7500x.o(i.SystemCoreClockUpdate) refers to aeabi_sdiv.o(.text) for __aeabi_uidivmod
    system_w7500x.o(i.SystemCoreClockUpdate) refers to system_w7500x.o(.data) for SystemCoreClock
    system_w7500x.o(i.SystemInit) refers to aeabi_sdiv.o(.text) for __aeabi_uidivmod
    system_w7500x.o(i.SystemInit) refers to system_w7500x.o(.data) for SystemFrequency
    w7500x_gpio.o(i.GPIO_Configuration) refers to w7500x_gpio.o(i.GPIO_StructInit) for GPIO_StructInit
    w7500x_gpio.o(i.GPIO_Configuration) refers to w7500x_gpio.o(i.GPIO_Init) for GPIO_Init
    w7500x_gpio.o(i.GPIO_Configuration) refers to w7500x_gpio.o(i.PAD_AFConfig) for PAD_AFConfig
    w7500x_gpio.o(i.GPIO_INT_Configuration) refers to w7500x_gpio.o(i.GPIO_StructInit) for GPIO_StructInit
    w7500x_gpio.o(i.GPIO_INT_Configuration) refers to w7500x_gpio.o(i.GPIO_Init) for GPIO_Init
    w7500x_gpio.o(i.GPIO_INT_Configuration) refers to w7500x_gpio.o(i.GPIO_INT_Polarity_Bits) for GPIO_INT_Polarity_Bits
    w7500x_gpio.o(i.GPIO_INT_Configuration) refers to w7500x_gpio.o(i.PAD_AFConfig) for PAD_AFConfig
    w7500x_gpio.o(i.GPIO_INT_Configuration) refers to w7500x_gpio.o(i.NVIC_EnableIRQ) for NVIC_EnableIRQ
    w7500x_uart.o(i.S_UART_Init) refers to w7500x_uart.o(i.S_UART_SetBaud) for S_UART_SetBaud
    w7500x_uart.o(i.S_UART_SetBaud) refers to system_w7500x.o(i.GetSystemClock) for GetSystemClock
    w7500x_uart.o(i.S_UART_SetBaud) refers to aeabi_sdiv.o(.text) for __aeabi_uidivmod
[...]
    w7500x_uart.o(i.UART_Init) refers to fmul.o(x$fpl$fmul) for __aeabi_fmul
    w7500x_uart.o(i.UART_Init) refers to f2d.o(.text) for __aeabi_f2d
    w7500x_uart.o(i.UART_Init) refers to daddsub.o(.text) for __aeabi_dadd
    w7500x_uart.o(i.UART_Init) refers to dfixui.o(.text) for __aeabi_d2uiz
    w7500x_uart.o(i.UartPutc) refers to w7500x_uart.o(i.UART_SendData) for UART_SendData
    w7500x_uart.o(i.UartPuts) refers to w7500x_uart.o(i.UartPutc) for UartPutc
    main.o(i.led_on) refers to main.o(i.delay_ms) for delay_ms
    main.o(i.led_on) refers to w7500x_gpio.o(i.GPIO_ResetBits) for GPIO_ResetBits
    main.o(i.led_on) refers to w7500x_gpio.o(i.GPIO_SetBits) for GPIO_SetBits
    main.o(i.main) refers to system_w7500x.o(i.SystemInit) for SystemInit
    main.o(i.main) refers to w7500x_gpio.o(i.GPIO_Init) for GPIO_Init
    main.o(i.main) refers to w7500x_gpio.o(i.PAD_AFConfig) for PAD_AFConfig
    main.o(i.main) refers to w7500x_uart.o(i.UART_StructInit) for UART_StructInit
    main.o(i.main) refers to w7500x_uart.o(i.UART_Init) for UART_Init
    main.o(i.main) refers to w7500x_uart.o(i.UART_ITConfig) for UART_ITConfig
    main.o(i.main) refers to main.o(i.NVIC_ClearPendingIRQ) for NVIC_ClearPendingIRQ
    main.o(i.main) refers to main.o(i.NVIC_EnableIRQ) for NVIC_EnableIRQ
    main.o(i.main) refers to w7500x_gpio.o(i.GPIO_SetBits) for GPIO_SetBits
    main.o(i.main) refers to eeprom.o(i.I2C_Init) for I2C_Init
    main.o(i.main) refers to eeprom.o(i.I2C_Write) for I2C_Write
    main.o(i.main) refers to eeprom.o(i.I2C_Read) for I2C_Read
    main.o(i.main) refers to w7500x_uart.o(i.UartPuts) for UartPuts
    main.o(i.main) refers to w7500x_uart.o(i.S_UartPuts) for S_UartPuts
    main.o(i.main) refers to main.o(.data) for GPIO_InitDef
    main.o(i.main) refers to main.o(.bss) for conf
    main.o(i.main) refers to w7500x_it.o(.data) for uart0_rx_cnt
    retarget.o(.rev16_text) refers (Special) to use_no_semi.o(.text) for __use_no_semihosting_swi
    retarget.o(.revsh_text) refers (Special) to use_no_semi.o(.text) for __use_no_semihosting_swi
    retarget.o(i._sys_exit) refers (Special) to use_no_semi.o(.text) for __use_no_semihosting_swi
    retarget.o(i._ttywrch) refers (Special) to use_no_semi.o(.text) for __use_no_semihosting_swi
    retarget.o(i._ttywrch) refers to w7500x_uart.o(i.UartPutc) for UartPutc
    retarget.o(i.ferror) refers (Special) to use_no_semi.o(.text) for __use_no_semihosting_swi
    retarget.o(i.fgetc) refers (Special) to use_no_semi.o(.text) for __use_no_semihosting_swi
    retarget.o(i.fgetc) refers to w7500x_uart.o(i.UartGetc) for UartGetc
    retarget.o(i.fgetc) refers to w7500x_uart.o(i.UartPutc) for UartPutc
    retarget.o(i.fputc) refers (Special) to use_no_semi.o(.text) for __use_no_semihosting_swi
    retarget.o(i.fputc) refers to w7500x_uart.o(i.UartPutc) for UartPutc
    retarget.o(.data) refers (Special) to use_no_semi.o(.text) for __use_no_semihosting_swi
    w7500x_it.o(i.UART0_Handler) refers to w7500x_uart.o(i.UART_GetITStatus) for UART_GetITStatus
    w7500x_it.o(i.UART0_Handler) refers to w7500x_uart.o(i.UART_ClearITPendingBit) for UART_ClearITPendingBit
    w7500x_it.o(i.UART0_Handler) refers to w7500x_uart.o(i.UART_ReceiveData) for UART_ReceiveData
    w7500x_it.o(i.UART0_Handler) refers to main.o(.bss) for RxBuffer
    w7500x_it.o(i.UART0_Handler) refers to w7500x_it.o(.data) for uart0_rx_cnt
    w7500x_it.o(i.UART0_Handler) refers to main.o(.data) for buffer_ready
    w7500x_it.o(i.UART1_Handler) refers to w7500x_uart.o(i.UART_GetITStatus) for UART_GetITStatus
    w7500x_it.o(i.UART1_Handler) refers to w7500x_uart.o(i.UART_ClearITPendingBit) for UART_ClearITPendingBit
    w7500x_it.o(i.UART1_Handler) refers to w7500x_uart.o(i.UART_ReceiveData) for UART_ReceiveData
    w7500x_it.o(i.UART1_Handler) refers to main.o(.bss) for RxBuffer1
    w7500x_it.o(i.UART1_Handler) refers to w7500x_it.o(.data) for uart1_rx_cnt
    w7500x_it.o(i.UART1_Handler) refers to main.o(.data) for buffer_ready1
    w7500x_it.o(i.UART2_Handler) refers to w7500x_uart.o(i.S_UART_ClearITPendingBit) for S_UART_ClearITPendingBit
    w7500x_it.o(i.UART2_Handler) refers to w7500x_uart.o(i.S_UartGetc) for S_UartGetc
    w7500x_it.o(i.UART2_Handler) refers to main.o(.bss) for RxBuffer2
    w7500x_it.o(i.UART2_Handler) refers to w7500x_it.o(.data) for uart2_rx_cnt
    w7500x_it.o(i.UART2_Handler) refers to main.o(.data) for buffer_ready2
    eeprom.o(i.I2C_Init) refers to w7500x_gpio.o(i.GPIO_Init) for GPIO_Init
    eeprom.o(i.I2C_Init) refers to w7500x_gpio.o(i.PAD_AFConfig) for PAD_AFConfig
    eeprom.o(i.I2C_Init) refers to w7500x_gpio.o(i.GPIO_SetBits) for GPIO_SetBits
    eeprom.o(i.I2C_Init) refers to w7500x_gpio.o(i.GPIO_ResetBits) for GPIO_ResetBits
    eeprom.o(i.I2C_Init) refers to eeprom.o(.data) for scl_pin_index
    eeprom.o(i.I2C_Init) refers to main.o(.data) for GPIO_InitDef
    eeprom.o(i.I2C_Read) refers to eeprom.o(i.I2C_Start) for I2C_Start
    eeprom.o(i.I2C_Read) refers to eeprom.o(i.I2C_WriteByte) for I2C_WriteByte
    eeprom.o(i.I2C_Read) refers to noretval__2printf.o(.text) for __2printf
    eeprom.o(i.I2C_Read) refers to eeprom.o(i.I2C_ReadByte) for I2C_ReadByte
    eeprom.o(i.I2C_Read) refers to eeprom.o(i.I2C_Stop) for I2C_Stop
    eeprom.o(i.I2C_ReadBitSDA) refers to eeprom.o(.data) for sda_pin_index
    eeprom.o(i.I2C_ReadByte) refers to eeprom.o(i.I2C_SDA_MODE) for I2C_SDA_MODE
    eeprom.o(i.I2C_ReadByte) refers to eeprom.o(i.I2C_WriteBitSCL) for I2C_WriteBitSCL
    eeprom.o(i.I2C_ReadByte) refers to eeprom.o(i.I2C_ReadBitSDA) for I2C_ReadBitSDA
    eeprom.o(i.I2C_ReadByte) refers to eeprom.o(i.I2C_SendNACK) for I2C_SendNACK
    eeprom.o(i.I2C_ReadByte) refers to eeprom.o(i.I2C_SendACK) for I2C_SendACK
    eeprom.o(i.I2C_ReadRepeated) refers to eeprom.o(i.I2C_Start) for I2C_Start
    eeprom.o(i.I2C_ReadRepeated) refers to eeprom.o(i.I2C_WriteByte) for I2C_WriteByte
    eeprom.o(i.I2C_ReadRepeated) refers to noretval__2printf.o(.text) for __2printf
    eeprom.o(i.I2C_ReadRepeated) refers to eeprom.o(i.I2C_ReadByte) for I2C_ReadByte
    eeprom.o(i.I2C_ReadRepeated) refers to eeprom.o(i.I2C_SendACK) for I2C_SendACK
    eeprom.o(i.I2C_SDA_MODE) refers to eeprom.o(.data) for sda_pin_index
    eeprom.o(i.I2C_SendACK) refers to eeprom.o(i.I2C_WriteBitSDA) for I2C_WriteBitSDA
    eeprom.o(i.I2C_SendACK) refers to eeprom.o(i.I2C_WriteBitSCL) for I2C_WriteBitSCL
    eeprom.o(i.I2C_SendNACK) refers to eeprom.o(i.I2C_WriteBitSDA) for I2C_WriteBitSDA
    eeprom.o(i.I2C_SendNACK) refers to eeprom.o(i.I2C_WriteBitSCL) for I2C_WriteBitSCL
    eeprom.o(i.I2C_Start) refers to eeprom.o(i.I2C_SDA_MODE) for I2C_SDA_MODE
    eeprom.o(i.I2C_Start) refers to eeprom.o(i.I2C_WriteBitSCL) for I2C_WriteBitSCL
    eeprom.o(i.I2C_Start) refers to eeprom.o(i.I2C_WriteBitSDA) for I2C_WriteBitSDA
    eeprom.o(i.I2C_Stop) refers to eeprom.o(i.I2C_SDA_MODE) for I2C_SDA_MODE
    eeprom.o(i.I2C_Stop) refers to eeprom.o(i.I2C_WriteBitSCL) for I2C_WriteBitSCL
    eeprom.o(i.I2C_Stop) refers to eeprom.o(i.I2C_WriteBitSDA) for I2C_WriteBitSDA
    eeprom.o(i.I2C_Write) refers to eeprom.o(i.I2C_Start) for I2C_Start
    eeprom.o(i.I2C_Write) refers to eeprom.o(i.I2C_WriteByte) for I2C_WriteByte
    eeprom.o(i.I2C_Write) refers to noretval__2printf.o(.text) for __2printf
    eeprom.o(i.I2C_Write) refers to eeprom.o(i.I2C_Stop) for I2C_Stop
    eeprom.o(i.I2C_WriteBitSCL) refers to w7500x_gpio.o(i.GPIO_SetBits) for GPIO_SetBits
    eeprom.o(i.I2C_WriteBitSCL) refers to w7500x_gpio.o(i.GPIO_ResetBits) for GPIO_ResetBits
    eeprom.o(i.I2C_WriteBitSCL) refers to eeprom.o(.data) for scl_pin_index
    eeprom.o(i.I2C_WriteBitSDA) refers to w7500x_gpio.o(i.GPIO_SetBits) for GPIO_SetBits
    eeprom.o(i.I2C_WriteBitSDA) refers to w7500x_gpio.o(i.GPIO_ResetBits) for GPIO_ResetBits
    eeprom.o(i.I2C_WriteBitSDA) refers to eeprom.o(.data) for sda_pin_index
    eeprom.o(i.I2C_WriteByte) refers to eeprom.o(i.I2C_SDA_MODE) for I2C_SDA_MODE
    eeprom.o(i.I2C_WriteByte) refers to eeprom.o(i.I2C_WriteBitSDA) for I2C_WriteBitSDA
    eeprom.o(i.I2C_WriteByte) refers to eeprom.o(i.I2C_WriteBitSCL) for I2C_WriteBitSCL
    eeprom.o(i.I2C_WriteByte) refers to eeprom.o(i.I2C_ReadBitSDA) for I2C_ReadBitSDA
    eeprom.o(i.I2C_WriteRepeated) refers to eeprom.o(i.I2C_Start) for I2C_Start
    eeprom.o(i.I2C_WriteRepeated) refers to eeprom.o(i.I2C_WriteByte) for I2C_WriteByte
    eeprom.o(i.I2C_WriteRepeated) refers to noretval__2printf.o(.text) for __2printf
    __2printf.o(.text) refers to _printf_char_file.o(.text) for _printf_char_file
    __2printf.o(.text) refers to retarget.o(.data) for __stdout
    noretval__2printf.o(.text) refers to _printf_char_file.o(.text) for _printf_char_file
    noretval__2printf.o(.text) refers to retarget.o(.data) for __stdout
    __main.o(!!!main) refers to __rtentry.o(.ARM.Collect$$rtentry$$00000000) for __rt_entry
    daddsub.o(.text) refers (Special) to usenofp.o(x$fpl$usenofp) for __I$use$fp
    dfixui.o(.text) refers (Special) to usenofp.o(x$fpl$usenofp) for __I$use$fp
    f2d.o(.text) refers (Special) to usenofp.o(x$fpl$usenofp) for __I$use$fp
    faddsub.o(x$fpl$fadd) refers (Special) to usenofp.o(x$fpl$usenofp) for __I$use$fp
    faddsub.o(x$fpl$fadd) refers to faddsub.o(x$fpl$fsub) for _fsub1
    faddsub.o(x$fpl$frsb) refers (Special) to usenofp.o(x$fpl$usenofp) for __I$use$fp
    faddsub.o(x$fpl$frsb) refers to faddsub.o(x$fpl$fsub) for _fsub1
    faddsub.o(x$fpl$frsb) refers to faddsub.o(x$fpl$fadd) for _fadd1
    faddsub.o(x$fpl$fsub) refers (Special) to usenofp.o(x$fpl$usenofp) for __I$use$fp
    faddsub.o(x$fpl$fsub) refers to faddsub.o(x$fpl$fadd) for _fadd1
    fdiv.o(.text) refers (Special) to usenofp.o(x$fpl$usenofp) for __I$use$fp
    fdiv.o(.text) refers to fdiv.o(.constdata) for .constdata
    fdiv.o(.constdata) refers (Special) to usenofp.o(x$fpl$usenofp) for __I$use$fp
    ffixui.o(.text) refers (Special) to usenofp.o(x$fpl$usenofp) for __I$use$fp
    fflti.o(.text) refers (Special) to usenofp.o(x$fpl$usenofp) for __I$use$fp
    fmul.o(x$fpl$fmul) refers (Special) to usenofp.o(x$fpl$usenofp) for __I$use$fp
    __rtentry.o(.ARM.Collect$$rtentry$$00000000) refers (Special) to __rtentry2.o(.ARM.Collect$$rtentry$$0000000A) for __rt_entry_li
    __rtentry.o(.ARM.Collect$$rtentry$$00000000) refers (Special) to __rtentry2.o(.ARM.Collect$$rtentry$$0000000D) for __rt_entry_main
    __rtentry.o(.ARM.Collect$$rtentry$$00000000) refers (Special) to __rtentry2.o(.ARM.Collect$$rtentry$$0000000C) for __rt_entry_postli_1
    __rtentry.o(.ARM.Collect$$rtentry$$00000000) refers (Special) to __rtentry2.o(.ARM.Collect$$rtentry$$00000009) for __rt_entry_postsh_1
    __rtentry.o(.ARM.Collect$$rtentry$$00000000) refers (Special) to __rtentry2.o(.ARM.Collect$$rtentry$$00000002) for __rt_entry_presh_1
    __rtentry.o(.ARM.Collect$$rtentry$$00000000) refers (Special) to __rtentry4.o(.ARM.Collect$$rtentry$$00000004) for __rt_entry_sh
    aeabi_idiv0_sigfpe.o(.text) refers to rt_div0.o(.text) for __rt_div0
    _printf_char_file.o(.text) refers to _printf_char_common.o(.text) for _printf_char_common
    _printf_char_file.o(.text) refers to retarget.o(i.ferror) for ferror
    _printf_char_file.o(.text) refers to retarget.o(i.fputc) for fputc
    __rtentry2.o(.ARM.Collect$$rtentry$$00000008) refers to boardinit2.o(.text) for _platform_post_stackheap_init
    __rtentry2.o(.ARM.Collect$$rtentry$$0000000A) refers to libinit.o(.ARM.Collect$$libinit$$00000000) for __rt_lib_init
    __rtentry2.o(.ARM.Collect$$rtentry$$0000000B) refers to boardinit3.o(.text) for _platform_post_lib_init
    __rtentry2.o(.ARM.Collect$$rtentry$$0000000D) refers to main.o(i.main) for main
    __rtentry2.o(.ARM.Collect$$rtentry$$0000000D) refers to exit.o(.text) for exit
    __rtentry2.o(.ARM.exidx) refers to __rtentry2.o(.ARM.Collect$$rtentry$$00000001) for .ARM.Collect$$rtentry$$00000001
    __rtentry2.o(.ARM.exidx) refers to __rtentry2.o(.ARM.Collect$$rtentry$$00000008) for .ARM.Collect$$rtentry$$00000008
    __rtentry2.o(.ARM.exidx) refers to __rtentry2.o(.ARM.Collect$$rtentry$$0000000A) for .ARM.Collect$$rtentry$$0000000A
    __rtentry2.o(.ARM.exidx) refers to __rtentry2.o(.ARM.Collect$$rtentry$$0000000B) for .ARM.Collect$$rtentry$$0000000B
    __rtentry2.o(.ARM.exidx) refers to __rtentry2.o(.ARM.Collect$$rtentry$$0000000D) for .ARM.Collect$$rtentry$$0000000D
    __rtentry4.o(.ARM.Collect$$rtentry$$00000004) refers to sys_stackheap_outer.o(.text) for __user_setup_stackheap
    __rtentry4.o(.ARM.exidx) refers to __rtentry4.o(.ARM.Collect$$rtentry$$00000004) for .ARM.Collect$$rtentry$$00000004
    rt_div0.o(.text) refers to defsig_fpe_outer.o(.text) for __rt_SIGFPE
    _printf_char_common.o(.text) refers to __printf_nopercent.o(.text) for __printf
    sys_stackheap_outer.o(.text) refers to libspace.o(.text) for __user_perproc_libspace
    sys_stackheap_outer.o(.text) refers to startup_w7500x.o(.text) for __user_initial_stackheap
    sys_stackheap_outer.o(__vectab_stack_and_reset_area) refers to tempstk.o(.text) for __temporary_stack_top
    sys_stackheap_outer.o(__vectab_stack_and_reset_area) refers to __main.o(!!!main) for __main
    exit.o(.text) refers to rtexit.o(.ARM.Collect$$rtexit$$00000000) for __rt_exit
    defsig_fpe_outer.o(.text) refers to defsig_fpe_inner.o(.text) for __rt_SIGFPE_inner
    defsig_fpe_outer.o(.text) refers to defsig_exit.o(.text) for __sig_exit
    defsig_fpe_formal.o(.text) refers to rt_raise.o(.text) for __rt_raise
    libinit.o(.ARM.Collect$$libinit$$00000000) refers (Special) to libinit2.o(.ARM.Collect$$libinit$$0000002E) for __rt_lib_init_alloca_1
    libinit.o(.ARM.Collect$$libinit$$00000000) refers (Special) to libinit2.o(.ARM.Collect$$libinit$$0000002C) for __rt_lib_init_argv_1
    libinit.o(.ARM.Collect$$libinit$$00000000) refers (Special) to libinit2.o(.ARM.Collect$$libinit$$0000001B) for __rt_lib_init_atexit_1
    libinit.o(.ARM.Collect$$libinit$$00000000) refers (Special) to libinit2.o(.ARM.Collect$$libinit$$00000021) for __rt_lib_init_clock_1
    libinit.o(.ARM.Collect$$libinit$$00000000) refers (Special) to libinit2.o(.ARM.Collect$$libinit$$00000032) for __rt_lib_init_cpp_1
    libinit.o(.ARM.Collect$$libinit$$00000000) refers (Special) to libinit2.o(.ARM.Collect$$libinit$$00000030) for __rt_lib_init_exceptions_1
    libinit.o(.ARM.Collect$$libinit$$00000000) refers (Special) to libinit2.o(.ARM.Collect$$libinit$$00000002) for __rt_lib_init_fp_1
    libinit.o(.ARM.Collect$$libinit$$00000000) refers (Special) to libinit2.o(.ARM.Collect$$libinit$$0000001F) for __rt_lib_init_fp_trap_1
    libinit.o(.ARM.Collect$$libinit$$00000000) refers (Special) to libinit2.o(.ARM.Collect$$libinit$$00000023) for __rt_lib_init_getenv_1
    libinit.o(.ARM.Collect$$libinit$$00000000) refers (Special) to libinit2.o(.ARM.Collect$$libinit$$0000000A) for __rt_lib_init_heap_1
    libinit.o(.ARM.Collect$$libinit$$00000000) refers (Special) to libinit2.o(.ARM.Collect$$libinit$$00000011) for __rt_lib_init_lc_collate_1
    libinit.o(.ARM.Collect$$libinit$$00000000) refers (Special) to libinit2.o(.ARM.Collect$$libinit$$00000013) for __rt_lib_init_lc_ctype_1
    libinit.o(.ARM.Collect$$libinit$$00000000) refers (Special) to libinit2.o(.ARM.Collect$$libinit$$00000015) for __rt_lib_init_lc_monetary_1
    libinit.o(.ARM.Collect$$libinit$$00000000) refers (Special) to libinit2.o(.ARM.Collect$$libinit$$00000017) for __rt_lib_init_lc_numeric_1
    libinit.o(.ARM.Collect$$libinit$$00000000) refers (Special) to libinit2.o(.ARM.Collect$$libinit$$00000019) for __rt_lib_init_lc_time_1
    libinit.o(.ARM.Collect$$libinit$$00000000) refers (Special) to libinit2.o(.ARM.Collect$$libinit$$00000004) for __rt_lib_init_preinit_1
    libinit.o(.ARM.Collect$$libinit$$00000000) refers (Special) to libinit2.o(.ARM.Collect$$libinit$$0000000E) for __rt_lib_init_rand_1
    libinit.o(.ARM.Collect$$libinit$$00000000) refers (Special) to libinit2.o(.ARM.Collect$$libinit$$00000033) for __rt_lib_init_return
    libinit.o(.ARM.Collect$$libinit$$00000000) refers (Special) to libinit2.o(.ARM.Collect$$libinit$$0000001D) for __rt_lib_init_signal_1
    libinit.o(.ARM.Collect$$libinit$$00000000) refers (Special) to libinit2.o(.ARM.Collect$$libinit$$00000025) for __rt_lib_init_stdio_1
    libinit.o(.ARM.Collect$$libinit$$00000000) refers (Special) to libinit2.o(.ARM.Collect$$libinit$$0000000C) for __rt_lib_init_user_alloc_1
    libspace.o(.text) refers to libspace.o(.bss) for __libspace_start
    rtexit.o(.ARM.Collect$$rtexit$$00000000) refers (Special) to rtexit2.o(.ARM.Collect$$rtexit$$00000004) for __rt_exit_exit
    rtexit.o(.ARM.Collect$$rtexit$$00000000) refers (Special) to rtexit2.o(.ARM.Collect$$rtexit$$00000003) for __rt_exit_ls
    rtexit.o(.ARM.Collect$$rtexit$$00000000) refers (Special) to rtexit2.o(.ARM.Collect$$rtexit$$00000002) for __rt_exit_prels_1
    rtexit.o(.ARM.exidx) refers (Special) to rtexit2.o(.ARM.Collect$$rtexit$$00000004) for __rt_exit_exit
    rtexit.o(.ARM.exidx) refers (Special) to rtexit2.o(.ARM.Collect$$rtexit$$00000003) for __rt_exit_ls
    rtexit.o(.ARM.exidx) refers (Special) to rtexit2.o(.ARM.Collect$$rtexit$$00000002) for __rt_exit_prels_1
    rtexit.o(.ARM.exidx) refers to rtexit.o(.ARM.Collect$$rtexit$$00000000) for .ARM.Collect$$rtexit$$00000000
    rt_raise.o(.text) refers to __raise.o(.text) for __raise
    rt_raise.o(.text) refers to retarget.o(i._sys_exit) for _sys_exit
    defsig_exit.o(.text) refers to retarget.o(i._sys_exit) for _sys_exit
    defsig_fpe_inner.o(.text) refers to defsig_general.o(.text) for __default_signal_display
    libinit2.o(.ARM.Collect$$libinit$$00000010) refers to libinit2.o(.ARM.Collect$$libinit$$0000000F) for .ARM.Collect$$libinit$$0000000F
    libinit2.o(.ARM.Collect$$libinit$$00000012) refers to libinit2.o(.ARM.Collect$$libinit$$0000000F) for .ARM.Collect$$libinit$$0000000F
    libinit2.o(.ARM.Collect$$libinit$$00000014) refers to libinit2.o(.ARM.Collect$$libinit$$0000000F) for .ARM.Collect$$libinit$$0000000F
    libinit2.o(.ARM.Collect$$libinit$$00000016) refers to libinit2.o(.ARM.Collect$$libinit$$0000000F) for .ARM.Collect$$libinit$$0000000F
    libinit2.o(.ARM.Collect$$libinit$$00000018) refers to libinit2.o(.ARM.Collect$$libinit$$0000000F) for .ARM.Collect$$libinit$$0000000F
    libinit2.o(.ARM.Collect$$libinit$$00000026) refers to argv_veneer.o(.text) for __ARM_argv_veneer
    libinit2.o(.ARM.Collect$$libinit$$00000027) refers to argv_veneer.o(.text) for __ARM_argv_veneer
    rtexit2.o(.ARM.Collect$$rtexit$$00000003) refers to libshutdown.o(.ARM.Collect$$libshutdown$$00000000) for __rt_lib_shutdown
    rtexit2.o(.ARM.Collect$$rtexit$$00000004) refers to retarget.o(i._sys_exit) for _sys_exit
    rtexit2.o(.ARM.exidx) refers to rtexit2.o(.ARM.Collect$$rtexit$$00000001) for .ARM.Collect$$rtexit$$00000001
    rtexit2.o(.ARM.exidx) refers to rtexit2.o(.ARM.Collect$$rtexit$$00000003) for .ARM.Collect$$rtexit$$00000003
    rtexit2.o(.ARM.exidx) refers to rtexit2.o(.ARM.Collect$$rtexit$$00000004) for .ARM.Collect$$rtexit$$00000004
    __raise.o(.text) refers to defsig.o(CL$$defsig) for __default_signal_handler
    defsig_general.o(.text) refers to retarget.o(i._ttywrch) for _ttywrch
    defsig.o(CL$$defsig) refers to defsig_fpe_inner.o(.text) for __rt_SIGFPE_inner
    defsig.o(CL$$defsig) refers to defsig_rtmem_inner.o(.text) for __rt_SIGRTMEM_inner
    _get_argv_nomalloc.o(.text) refers (Special) to hrguard.o(.text) for __heap_region$guard
    _get_argv_nomalloc.o(.text) refers to defsig_rtmem_outer.o(.text) for __rt_SIGRTMEM
    _get_argv_nomalloc.o(.text) refers to sys_command.o(.text) for _sys_command_string
    libshutdown.o(.ARM.Collect$$libshutdown$$00000000) refers (Special) to libshutdown2.o(.ARM.Collect$$libshutdown$$00000006) for __rt_lib_shutdown_fp_trap_1
    libshutdown.o(.ARM.Collect$$libshutdown$$00000000) refers (Special) to libshutdown2.o(.ARM.Collect$$libshutdown$$0000000E) for __rt_lib_shutdown_heap_1
    libshutdown.o(.ARM.Collect$$libshutdown$$00000000) refers (Special) to libshutdown2.o(.ARM.Collect$$libshutdown$$0000000F) for __rt_lib_shutdown_return
    libshutdown.o(.ARM.Collect$$libshutdown$$00000000) refers (Special) to libshutdown2.o(.ARM.Collect$$libshutdown$$00000009) for __rt_lib_shutdown_signal_1
    libshutdown.o(.ARM.Collect$$libshutdown$$00000000) refers (Special) to libshutdown2.o(.ARM.Collect$$libshutdown$$00000003) for __rt_lib_shutdown_stdio_1
    libshutdown.o(.ARM.Collect$$libshutdown$$00000000) refers (Special) to libshutdown2.o(.ARM.Collect$$libshutdown$$0000000B) for __rt_lib_shutdown_user_alloc_1
    sys_command.o(.text) refers (Special) to use_no_semi.o(.text) for __I$use$semihosting
    sys_command.o(.text) refers (Special) to indicate_semi.o(.text) for __semihosting_library_function
    defsig_abrt_inner.o(.text) refers to defsig_general.o(.text) for __default_signal_display
    defsig_rtred_inner.o(.text) refers to defsig_general.o(.text) for __default_signal_display
    defsig_rtmem_inner.o(.text) refers to defsig_general.o(.text) for __default_signal_display
    defsig_rtmem_outer.o(.text) refers to defsig_rtmem_inner.o(.text) for __rt_SIGRTMEM_inner
    defsig_rtmem_outer.o(.text) refers to defsig_exit.o(.text) for __sig_exit
    defsig_rtmem_formal.o(.text) refers to rt_raise.o(.text) for __rt_raise
    defsig_stak_inner.o(.text) refers to defsig_general.o(.text) for __default_signal_display
    defsig_pvfn_inner.o(.text) refers to defsig_general.o(.text) for __default_signal_display
    defsig_cppl_inner.o(.text) refers to defsig_general.o(.text) for __default_signal_display
    defsig_segv_inner.o(.text) refers to defsig_general.o(.text) for __default_signal_display
    defsig_other.o(.text) refers to defsig_general.o(.text) for __default_signal_display


==============================================================================

Removing Unused input sections from the image.

    Removing system_w7500x.o(.rev16_text), (4 bytes).
    Removing system_w7500x.o(.revsh_text), (4 bytes).
    Removing system_w7500x.o(i.GetSystemClock), (12 bytes).
    Removing system_w7500x.o(i.SystemCoreClockUpdate), (92 bytes).
    Removing w7500x_gpio.o(.rev16_text), (4 bytes).
    Removing w7500x_gpio.o(.revsh_text), (4 bytes).
    Removing w7500x_gpio.o(i.GPIO_Configuration), (112 bytes).
    Removing w7500x_gpio.o(i.GPIO_DeInit), (120 bytes).
    Removing w7500x_gpio.o(i.GPIO_INT_Clear), (12 bytes).
    Removing w7500x_gpio.o(i.GPIO_INT_Configuration), (154 bytes).
    Removing w7500x_gpio.o(i.GPIO_INT_Enable), (24 bytes).
    Removing w7500x_gpio.o(i.GPIO_INT_Enable_Bits), (26 bytes).
    Removing w7500x_gpio.o(i.GPIO_INT_Polarity), (20 bytes).
    Removing w7500x_gpio.o(i.GPIO_INT_Polarity_Bits), (20 bytes).
    Removing w7500x_gpio.o(i.GPIO_ReadInputData), (8 bytes).
    Removing w7500x_gpio.o(i.GPIO_ReadInputDataBit), (20 bytes).
    Removing w7500x_gpio.o(i.GPIO_ReadOutputData), (8 bytes).
    Removing w7500x_gpio.o(i.GPIO_ReadOutputDataBit), (20 bytes).
    Removing w7500x_gpio.o(i.GPIO_Read_INTstatus), (20 bytes).
    Removing w7500x_gpio.o(i.GPIO_StructInit), (20 bytes).
    Removing w7500x_gpio.o(i.GPIO_ToggleBits), (8 bytes).
    Removing w7500x_gpio.o(i.GPIO_Write), (4 bytes).
    Removing w7500x_gpio.o(i.GPIO_WriteBit), (94 bytes).
    Removing w7500x_gpio.o(i.NVIC_EnableIRQ), (20 bytes).
    Removing w7500x_uart.o(.rev16_text), (4 bytes).
    Removing w7500x_uart.o(.revsh_text), (4 bytes).
    Removing w7500x_uart.o(i.S_UART_DeInit), (2 bytes).
    Removing w7500x_uart.o(i.S_UART_GetFlagStatus), (28 bytes).
    Removing w7500x_uart.o(i.S_UART_GetITStatus), (28 bytes).
    Removing w7500x_uart.o(i.S_UART_ITConfig), (32 bytes).
    Removing w7500x_uart.o(i.S_UART_Init), (36 bytes).
    Removing w7500x_uart.o(i.S_UART_SetBaud), (68 bytes).
    Removing w7500x_uart.o(i.S_UART_SetCTRL), (32 bytes).
    Removing w7500x_uart.o(i.S_UartPutc), (14 bytes).
    Removing w7500x_uart.o(i.UART_ClearFlag), (2 bytes).
    Removing w7500x_uart.o(i.UART_ClearRecvStatus), (4 bytes).
    Removing w7500x_uart.o(i.UART_DMA_Config), (8 bytes).
    Removing w7500x_uart.o(i.UART_DeInit), (2 bytes).
    Removing w7500x_uart.o(i.UART_FIFO_Disable), (10 bytes).
    Removing w7500x_uart.o(i.UART_FIFO_Enable), (24 bytes).
    Removing w7500x_uart.o(i.UART_GetFlagStatus), (20 bytes).
    Removing w7500x_uart.o(i.UART_GetRecvStatus), (20 bytes).
    Removing w7500x_uart.o(i.UART_SendBreak), (10 bytes).
    Removing w7500x_uart.o(i.UartGetc), (20 bytes).
    Removing main.o(.rev16_text), (4 bytes).
    Removing main.o(.revsh_text), (4 bytes).
    Removing main.o(i.delay_ms), (36 bytes).
    Removing main.o(i.led_on), (68 bytes).
    Removing retarget.o(.rev16_text), (4 bytes).
    Removing retarget.o(.revsh_text), (4 bytes).
    Removing retarget.o(i._ttywrch), (20 bytes).
    Removing retarget.o(i.fgetc), (28 bytes).
    Removing w7500x_it.o(.rev16_text), (4 bytes).
    Removing w7500x_it.o(.revsh_text), (4 bytes).
    Removing eeprom.o(.rev16_text), (4 bytes).
    Removing eeprom.o(.revsh_text), (4 bytes).
    Removing eeprom.o(i.I2C_ReadRepeated), (112 bytes).
    Removing eeprom.o(i.I2C_WriteRepeated), (100 bytes).

58 unused section(s) (total 1594 bytes) removed from the image.

==============================================================================

Image Symbol Table

    Local Symbols

    Symbol Name                              Value     Ov Type        Size  Object(Section)

    RESET                                    0x00000000   Section      168  startup_w7500x.o(RESET)
    ../clib/angel/boardlib.s                 0x00000000   Number         0  boardinit3.o ABSOLUTE
    ../clib/angel/boardlib.s                 0x00000000   Number         0  boardinit2.o ABSOLUTE
    ../clib/angel/boardlib.s                 0x00000000   Number         0  boardinit1.o ABSOLUTE
    ../clib/angel/boardlib.s                 0x00000000   Number         0  boardshut.o ABSOLUTE
    ../clib/angel/handlers.s                 0x00000000   Number         0  __scatter_zi.o ABSOLUTE
    ../clib/angel/handlers.s                 0x00000000   Number         0  __scatter_copy.o ABSOLUTE
    ../clib/angel/kernel.s                   0x00000000   Number         0  rtexit.o ABSOLUTE
    ../clib/angel/kernel.s                   0x00000000   Number         0  __rtentry.o ABSOLUTE
    ../clib/angel/kernel.s                   0x00000000   Number         0  __rtentry4.o ABSOLUTE
    ../clib/angel/kernel.s                   0x00000000   Number         0  __rtentry2.o ABSOLUTE
    ../clib/angel/kernel.s                   0x00000000   Number         0  rtexit2.o ABSOLUTE
    ../clib/angel/rt.s                       0x00000000   Number         0  aeabi_idiv0_sigfpe.o ABSOLUTE
    ../clib/angel/rt.s                       0x00000000   Number         0  aeabi_idiv0.o ABSOLUTE
    ../clib/angel/rt.s                       0x00000000   Number         0  rt_div0.o ABSOLUTE
    ../clib/angel/rt.s                       0x00000000   Number         0  rt_raise.o ABSOLUTE
    ../clib/angel/scatterp.s                 0x00000000   Number         0  __scatter.o ABSOLUTE
    ../clib/angel/startup.s                  0x00000000   Number         0  __main.o ABSOLUTE
    ../clib/angel/sys.s                      0x00000000   Number         0  use_no_semi.o ABSOLUTE
    ../clib/angel/sys.s                      0x00000000   Number         0  tempstk.o ABSOLUTE
    ../clib/angel/sys.s                      0x00000000   Number         0  libspace.o ABSOLUTE
    ../clib/angel/sys.s                      0x00000000   Number         0  indicate_semi.o ABSOLUTE
    ../clib/angel/sys.s                      0x00000000   Number         0  sys_stackheap_outer.o ABSOLUTE
    ../clib/angel/sysapp.c                   0x00000000   Number         0  sys_command.o ABSOLUTE
    ../clib/armsys.c                         0x00000000   Number         0  argv_veneer.o ABSOLUTE
    ../clib/armsys.c                         0x00000000   Number         0  _get_argv_nomalloc.o ABSOLUTE
    ../clib/armsys.c                         0x00000000   Number         0  no_argv.o ABSOLUTE
    ../clib/division.s                       0x00000000   Number         0  aeabi_sdiv.o ABSOLUTE
    ../clib/division.s                       0x00000000   Number         0  aeabi_sdiv_div0.o ABSOLUTE
    ../clib/heapalloc.c                      0x00000000   Number         0  hrguard.o ABSOLUTE
    ../clib/heapaux.c                        0x00000000   Number         0  heapauxi.o ABSOLUTE
    ../clib/libinit.s                        0x00000000   Number         0  libinit.o ABSOLUTE
    ../clib/libinit.s                        0x00000000   Number         0  libshutdown.o ABSOLUTE
    ../clib/libinit.s                        0x00000000   Number         0  libinit2.o ABSOLUTE
    ../clib/libinit.s                        0x00000000   Number         0  libshutdown2.o ABSOLUTE
    ../clib/printf.c                         0x00000000   Number         0  __printf_nopercent.o ABSOLUTE
    ../clib/printf.c                         0x00000000   Number         0  __2printf.o ABSOLUTE
    ../clib/printf.c                         0x00000000   Number         0  _printf_char_common.o ABSOLUTE
    ../clib/printf.c                         0x00000000   Number         0  noretval__2printf.o ABSOLUTE
    ../clib/printf.c                         0x00000000   Number         0  _printf_char_file.o ABSOLUTE
    ../clib/signal.c                         0x00000000   Number         0  defsig_abrt_inner.o ABSOLUTE
    ../clib/signal.c                         0x00000000   Number         0  defsig_rtred_inner.o ABSOLUTE
    ../clib/signal.c                         0x00000000   Number         0  defsig_fpe_formal.o ABSOLUTE
    ../clib/signal.c                         0x00000000   Number         0  __raise.o ABSOLUTE
    ../clib/signal.c                         0x00000000   Number         0  defsig_fpe_outer.o ABSOLUTE
    ../clib/signal.c                         0x00000000   Number         0  defsig_exit.o ABSOLUTE
    ../clib/signal.c                         0x00000000   Number         0  defsig_fpe_inner.o ABSOLUTE
    ../clib/signal.c                         0x00000000   Number         0  defsig_pvfn_inner.o ABSOLUTE
    ../clib/signal.c                         0x00000000   Number         0  defsig_stak_inner.o ABSOLUTE
    ../clib/signal.c                         0x00000000   Number         0  defsig_rtmem_formal.o ABSOLUTE
    ../clib/signal.c                         0x00000000   Number         0  defsig_rtmem_inner.o ABSOLUTE
    ../clib/signal.c                         0x00000000   Number         0  defsig_segv_inner.o ABSOLUTE
    ../clib/signal.c                         0x00000000   Number         0  defsig_other.o ABSOLUTE
    ../clib/signal.c                         0x00000000   Number         0  defsig_cppl_inner.o ABSOLUTE
    ../clib/signal.c                         0x00000000   Number         0  defsig_rtmem_outer.o ABSOLUTE
    ../clib/signal.c                         0x00000000   Number         0  defsig_general.o ABSOLUTE
    ../clib/signal.s                         0x00000000   Number         0  defsig.o ABSOLUTE
    ../clib/stdlib.c                         0x00000000   Number         0  exit.o ABSOLUTE
    ../fplib/cfplib/daddsub.c                0x00000000   Number         0  daddsub.o ABSOLUTE
    ../fplib/cfplib/f2d.c                    0x00000000   Number         0  f2d.o ABSOLUTE
    ../fplib/cfplib/fdiv.c                   0x00000000   Number         0  fdiv.o ABSOLUTE
    ../fplib/cfplib/ffix.c                   0x00000000   Number         0  ffixui.o ABSOLUTE
    ../fplib/cfplib/ffix.c                   0x00000000   Number         0  dfixui.o ABSOLUTE
    ../fplib/cfplib/fflt.c                   0x00000000   Number         0  fflti.o ABSOLUTE
    ../fplib/cfplib/fpinit.c                 0x00000000   Number         0  fpinit.o ABSOLUTE
    ../fplib/faddsub6m.s                     0x00000000   Number         0  faddsub.o ABSOLUTE
    ../fplib/fmul6m.s                        0x00000000   Number         0  fmul.o ABSOLUTE
    ../fplib/usenofp.s                       0x00000000   Number         0  usenofp.o ABSOLUTE
    ..\\workspace\\Libraries\\CMSIS\\Device\\WIZnet\\W7500\\Source\\system_W7500x.c 0x00000000   Number         0  system_w7500x.o ABSOLUTE
    ..\\workspace\\Libraries\\W7500x_stdPeriph_Driver\\src\\W7500x_gpio.c 0x00000000   Number         0  w7500x_gpio.o ABSOLUTE
    ..\\workspace\\Libraries\\W7500x_stdPeriph_Driver\\src\\W7500x_uart.c 0x00000000   Number         0  w7500x_uart.o ABSOLUTE
    ..\workspace\Libraries\CMSIS\Device\WIZnet\W7500\Source\ARM\startup_W7500x.s 0x00000000   Number         0  startup_w7500x.o ABSOLUTE
    ..\workspace\Libraries\CMSIS\Device\WIZnet\W7500\Source\system_W7500x.c 0x00000000   Number         0  system_w7500x.o ABSOLUTE
    ..\workspace\Libraries\W7500x_stdPeriph_Driver\src\W7500x_gpio.c 0x00000000   Number         0  w7500x_gpio.o ABSOLUTE
    ..\workspace\Libraries\W7500x_stdPeriph_Driver\src\W7500x_uart.c 0x00000000   Number         0  w7500x_uart.o ABSOLUTE
    W7500x_it.c                              0x00000000   Number         0  w7500x_it.o ABSOLUTE
    W7500x_it.c                              0x00000000   Number         0  w7500x_it.o ABSOLUTE
    dc.s                                     0x00000000   Number         0  dc.o ABSOLUTE
    eeprom.c                                 0x00000000   Number         0  eeprom.o ABSOLUTE
    eeprom.c                                 0x00000000   Number         0  eeprom.o ABSOLUTE
    main.c                                   0x00000000   Number         0  main.o ABSOLUTE
    main.c                                   0x00000000   Number         0  main.o ABSOLUTE
    retarget.c                               0x00000000   Number         0  retarget.o ABSOLUTE
    retarget.c                               0x00000000   Number         0  retarget.o ABSOLUTE
    !!!main                                  0x000000a8   Section        8  __main.o(!!!main)
    !!!scatter                               0x000000b0   Section       60  __scatter.o(!!!scatter)
    !!handler_copy                           0x000000ec   Section       26  __scatter_copy.o(!!handler_copy)
    !!handler_zi                             0x00000108   Section       28  __scatter_zi.o(!!handler_zi)
    .ARM.Collect$$libinit$$00000000          0x00000124   Section        2  libinit.o(.ARM.Collect$$libinit$$00000000)
    .ARM.Collect$$libinit$$00000002          0x00000126   Section        0  libinit2.o(.ARM.Collect$$libinit$$00000002)
    .ARM.Collect$$libinit$$00000004          0x00000126   Section        0  libinit2.o(.ARM.Collect$$libinit$$00000004)
    .ARM.Collect$$libinit$$0000000A          0x00000126   Section        0  libinit2.o(.ARM.Collect$$libinit$$0000000A)
    .ARM.Collect$$libinit$$0000000C          0x00000126   Section        0  libinit2.o(.ARM.Collect$$libinit$$0000000C)
    .ARM.Collect$$libinit$$0000000E          0x00000126   Section        0  libinit2.o(.ARM.Collect$$libinit$$0000000E)
    .ARM.Collect$$libinit$$00000011          0x00000126   Section        0  libinit2.o(.ARM.Collect$$libinit$$00000011)
    .ARM.Collect$$libinit$$00000013          0x00000126   Section        0  libinit2.o(.ARM.Collect$$libinit$$00000013)
    .ARM.Collect$$libinit$$00000015          0x00000126   Section        0  libinit2.o(.ARM.Collect$$libinit$$00000015)
    .ARM.Collect$$libinit$$00000017          0x00000126   Section        0  libinit2.o(.ARM.Collect$$libinit$$00000017)
    .ARM.Collect$$libinit$$00000019          0x00000126   Section        0  libinit2.o(.ARM.Collect$$libinit$$00000019)
    .ARM.Collect$$libinit$$0000001B          0x00000126   Section        0  libinit2.o(.ARM.Collect$$libinit$$0000001B)
    .ARM.Collect$$libinit$$0000001D          0x00000126   Section        0  libinit2.o(.ARM.Collect$$libinit$$0000001D)
    .ARM.Collect$$libinit$$0000001F          0x00000126   Section        0  libinit2.o(.ARM.Collect$$libinit$$0000001F)
    .ARM.Collect$$libinit$$00000021          0x00000126   Section        0  libinit2.o(.ARM.Collect$$libinit$$00000021)
    .ARM.Collect$$libinit$$00000023          0x00000126   Section        0  libinit2.o(.ARM.Collect$$libinit$$00000023)
    .ARM.Collect$$libinit$$00000025          0x00000126   Section        0  libinit2.o(.ARM.Collect$$libinit$$00000025)
    .ARM.Collect$$libinit$$0000002C          0x00000126   Section        0  libinit2.o(.ARM.Collect$$libinit$$0000002C)
    .ARM.Collect$$libinit$$0000002E          0x00000126   Section        0  libinit2.o(.ARM.Collect$$libinit$$0000002E)
    .ARM.Collect$$libinit$$00000030          0x00000126   Section        0  libinit2.o(.ARM.Collect$$libinit$$00000030)
    .ARM.Collect$$libinit$$00000032          0x00000126   Section        0  libinit2.o(.ARM.Collect$$libinit$$00000032)
    .ARM.Collect$$libinit$$00000033          0x00000126   Section        2  libinit2.o(.ARM.Collect$$libinit$$00000033)
    .ARM.Collect$$libshutdown$$00000000      0x00000128   Section        2  libshutdown.o(.ARM.Collect$$libshutdown$$00000000)
    .ARM.Collect$$libshutdown$$00000003      0x0000012a   Section        0  libshutdown2.o(.ARM.Collect$$libshutdown$$00000003)
    .ARM.Collect$$libshutdown$$00000006      0x0000012a   Section        0  libshutdown2.o(.ARM.Collect$$libshutdown$$00000006)
    .ARM.Collect$$libshutdown$$00000009      0x0000012a   Section        0  libshutdown2.o(.ARM.Collect$$libshutdown$$00000009)
    .ARM.Collect$$libshutdown$$0000000B      0x0000012a   Section        0  libshutdown2.o(.ARM.Collect$$libshutdown$$0000000B)
    .ARM.Collect$$libshutdown$$0000000E      0x0000012a   Section        0  libshutdown2.o(.ARM.Collect$$libshutdown$$0000000E)
    .ARM.Collect$$libshutdown$$0000000F      0x0000012a   Section        2  libshutdown2.o(.ARM.Collect$$libshutdown$$0000000F)
    .ARM.Collect$$rtentry$$00000000          0x0000012c   Section        0  __rtentry.o(.ARM.Collect$$rtentry$$00000000)
    .ARM.Collect$$rtentry$$00000002          0x0000012c   Section        0  __rtentry2.o(.ARM.Collect$$rtentry$$00000002)
    .ARM.Collect$$rtentry$$00000004          0x0000012c   Section        6  __rtentry4.o(.ARM.Collect$$rtentry$$00000004)
    .ARM.Collect$$rtentry$$00000009          0x00000132   Section        0  __rtentry2.o(.ARM.Collect$$rtentry$$00000009)
    .ARM.Collect$$rtentry$$0000000A          0x00000132   Section        4  __rtentry2.o(.ARM.Collect$$rtentry$$0000000A)
    .ARM.Collect$$rtentry$$0000000C          0x00000136   Section        0  __rtentry2.o(.ARM.Collect$$rtentry$$0000000C)
    .ARM.Collect$$rtentry$$0000000D          0x00000136   Section        8  __rtentry2.o(.ARM.Collect$$rtentry$$0000000D)
    .ARM.Collect$$rtexit$$00000000           0x0000013e   Section        2  rtexit.o(.ARM.Collect$$rtexit$$00000000)
    .ARM.Collect$$rtexit$$00000002           0x00000140   Section        0  rtexit2.o(.ARM.Collect$$rtexit$$00000002)
    .ARM.Collect$$rtexit$$00000003           0x00000140   Section        4  rtexit2.o(.ARM.Collect$$rtexit$$00000003)
    .ARM.Collect$$rtexit$$00000004           0x00000144   Section        6  rtexit2.o(.ARM.Collect$$rtexit$$00000004)
    .text                                    0x0000014c   Section       56  startup_w7500x.o(.text)
    .text                                    0x00000184   Section        2  use_no_semi.o(.text)
    .text                                    0x00000188   Section        0  noretval__2printf.o(.text)
    .text                                    0x000001a4   Section      346  aeabi_sdiv.o(.text)
    .text                                    0x000002fe   Section        0  heapauxi.o(.text)
    .text                                    0x00000304   Section        0  daddsub.o(.text)
    _dadd1                                   0x00000305   Thumb Code   290  daddsub.o(.text)
    _dsub1                                   0x00000427   Thumb Code   470  daddsub.o(.text)
    .text                                    0x0000065c   Section        0  dfixui.o(.text)
    .text                                    0x000006a4   Section        0  f2d.o(.text)
    .text                                    0x000006f8   Section        0  fdiv.o(.text)
    .text                                    0x00000858   Section        0  ffixui.o(.text)
    .text                                    0x00000888   Section        0  fflti.o(.text)
    .text                                    0x000008e8   Section        0  _printf_char_file.o(.text)
    .text                                    0x00000910   Section        0  _printf_char_common.o(.text)
    _printf_input_char                       0x00000911   Thumb Code    10  _printf_char_common.o(.text)
    .text                                    0x00000940   Section       62  sys_stackheap_outer.o(.text)
    .text                                    0x0000097e   Section        0  __printf_nopercent.o(.text)
    .text                                    0x000009a2   Section        0  exit.o(.text)
    .text                                    0x000009b0   Section        8  libspace.o(.text)
    i.ADC_Handler                            0x000009b8   Section        0  w7500x_it.o(i.ADC_Handler)
    i.DMA_Handler                            0x000009ba   Section        0  w7500x_it.o(i.DMA_Handler)
    i.DUALTIMER0_Handler                     0x000009bc   Section        0  w7500x_it.o(i.DUALTIMER0_Handler)
    i.DUALTIMER1_Handler                     0x000009be   Section        0  w7500x_it.o(i.DUALTIMER1_Handler)
    i.EXTI_Handler                           0x000009c0   Section        0  w7500x_it.o(i.EXTI_Handler)
    i.GPIO_Init                              0x000009c4   Section        0  w7500x_gpio.o(i.GPIO_Init)
    i.GPIO_ResetBits                         0x00000ad8   Section        0  w7500x_gpio.o(i.GPIO_ResetBits)
    i.GPIO_SetBits                           0x00000af8   Section        0  w7500x_gpio.o(i.GPIO_SetBits)
    i.HardFault_Handler                      0x00000b12   Section        0  w7500x_it.o(i.HardFault_Handler)
    i.I2C_Init                               0x00000b14   Section        0  eeprom.o(i.I2C_Init)
    i.I2C_Read                               0x00000b94   Section        0  eeprom.o(i.I2C_Read)
    i.I2C_ReadBitSDA                         0x00000c04   Section        0  eeprom.o(i.I2C_ReadBitSDA)
    i.I2C_ReadByte                           0x00000c20   Section        0  eeprom.o(i.I2C_ReadByte)
    i.I2C_SDA_MODE                           0x00000c6c   Section        0  eeprom.o(i.I2C_SDA_MODE)
    i.I2C_SendACK                            0x00000c8c   Section        0  eeprom.o(i.I2C_SendACK)
    i.I2C_SendNACK                           0x00000ca2   Section        0  eeprom.o(i.I2C_SendNACK)
    i.I2C_Start                              0x00000cb8   Section        0  eeprom.o(i.I2C_Start)
    i.I2C_Stop                               0x00000cda   Section        0  eeprom.o(i.I2C_Stop)
    i.I2C_Write                              0x00000d04   Section        0  eeprom.o(i.I2C_Write)
    i.I2C_WriteBitSCL                        0x00000d6c   Section        0  eeprom.o(i.I2C_WriteBitSCL)
    i.I2C_WriteBitSDA                        0x00000d98   Section        0  eeprom.o(i.I2C_WriteBitSDA)
    i.I2C_WriteByte                          0x00000dc4   Section        0  eeprom.o(i.I2C_WriteByte)
    i.NMI_Handler                            0x00000e1c   Section        0  w7500x_it.o(i.NMI_Handler)
    i.NVIC_ClearPendingIRQ                   0x00000e20   Section        0  main.o(i.NVIC_ClearPendingIRQ)
    NVIC_ClearPendingIRQ                     0x00000e21   Thumb Code    14  main.o(i.NVIC_ClearPendingIRQ)
    i.NVIC_EnableIRQ                         0x00000e34   Section        0  main.o(i.NVIC_EnableIRQ)
    NVIC_EnableIRQ                           0x00000e35   Thumb Code    14  main.o(i.NVIC_EnableIRQ)
    i.PAD_AFConfig                           0x00000e48   Section        0  w7500x_gpio.o(i.PAD_AFConfig)
    i.PORT0_Handler                          0x00000f14   Section        0  w7500x_it.o(i.PORT0_Handler)
    i.PORT1_Handler                          0x00000f16   Section        0  w7500x_it.o(i.PORT1_Handler)
    i.PORT2_Handler                          0x00000f18   Section        0  w7500x_it.o(i.PORT2_Handler)
    i.PORT3_Handler                          0x00000f1a   Section        0  w7500x_it.o(i.PORT3_Handler)
    i.PWM0_Handler                           0x00000f1c   Section        0  w7500x_it.o(i.PWM0_Handler)
    i.PWM1_Handler                           0x00000f1e   Section        0  w7500x_it.o(i.PWM1_Handler)
    i.PWM2_Handler                           0x00000f20   Section        0  w7500x_it.o(i.PWM2_Handler)
    i.PWM3_Handler                           0x00000f22   Section        0  w7500x_it.o(i.PWM3_Handler)
    i.PWM4_Handler                           0x00000f24   Section        0  w7500x_it.o(i.PWM4_Handler)
    i.PWM5_Handler                           0x00000f26   Section        0  w7500x_it.o(i.PWM5_Handler)
    i.PWM6_Handler                           0x00000f28   Section        0  w7500x_it.o(i.PWM6_Handler)
    i.PWM7_Handler                           0x00000f2a   Section        0  w7500x_it.o(i.PWM7_Handler)
    i.PendSV_Handler                         0x00000f2c   Section        0  w7500x_it.o(i.PendSV_Handler)
    i.SSP0_Handler                           0x00000f2e   Section        0  w7500x_it.o(i.SSP0_Handler)
    i.SSP1_Handler                           0x00000f30   Section        0  w7500x_it.o(i.SSP1_Handler)
    i.SVC_Handler                            0x00000f32   Section        0  w7500x_it.o(i.SVC_Handler)
    i.S_UART_ClearITPendingBit               0x00000f34   Section        0  w7500x_uart.o(i.S_UART_ClearITPendingBit)
    i.S_UART_ReceiveData                     0x00000f44   Section        0  w7500x_uart.o(i.S_UART_ReceiveData)
    i.S_UART_SendData                        0x00000f50   Section        0  w7500x_uart.o(i.S_UART_SendData)
    i.S_UartGetc                             0x00000f68   Section        0  w7500x_uart.o(i.S_UartGetc)
    i.S_UartPuts                             0x00000f84   Section        0  w7500x_uart.o(i.S_UartPuts)
    i.SysTick_Handler                        0x00000f9e   Section        0  w7500x_it.o(i.SysTick_Handler)
    i.SystemInit                             0x00000fa0   Section        0  system_w7500x.o(i.SystemInit)
    i.UART0_Handler                          0x00001014   Section        0  w7500x_it.o(i.UART0_Handler)
    i.UART1_Handler                          0x0000109c   Section        0  w7500x_it.o(i.UART1_Handler)
    i.UART2_Handler                          0x00001124   Section        0  w7500x_it.o(i.UART2_Handler)
    i.UART_ClearITPendingBit                 0x00001174   Section        0  w7500x_uart.o(i.UART_ClearITPendingBit)
    i.UART_GetITStatus                       0x0000117c   Section        0  w7500x_uart.o(i.UART_GetITStatus)
    i.UART_ITConfig                          0x00001190   Section        0  w7500x_uart.o(i.UART_ITConfig)
    i.UART_Init                              0x000011a4   Section        0  w7500x_uart.o(i.UART_Init)
    i.UART_ReceiveData                       0x0000127c   Section        0  w7500x_uart.o(i.UART_ReceiveData)
    i.UART_SendData                          0x00001284   Section        0  w7500x_uart.o(i.UART_SendData)
    i.UART_StructInit                        0x00001288   Section        0  w7500x_uart.o(i.UART_StructInit)
    i.UartPutc                               0x000012a4   Section        0  w7500x_uart.o(i.UartPutc)
    i.UartPuts                               0x000012c2   Section        0  w7500x_uart.o(i.UartPuts)
    i.WZTOE_Handler                          0x000012e0   Section        0  w7500x_it.o(i.WZTOE_Handler)
    i._sys_exit                              0x000012e2   Section        0  retarget.o(i._sys_exit)
    i.ferror                                 0x000012e6   Section        0  retarget.o(i.ferror)
    i.fputc                                  0x000012f0   Section        0  retarget.o(i.fputc)
    i.main                                   0x00001304   Section        0  main.o(i.main)
    x$fpl$fadd                               0x0000144c   Section      140  faddsub.o(x$fpl$fadd)
    _fadd1                                   0x00001459   Thumb Code     0  faddsub.o(x$fpl$fadd)
    x$fpl$fmul                               0x000014d8   Section      176  fmul.o(x$fpl$fmul)
    x$fpl$frsb                               0x00001588   Section       24  faddsub.o(x$fpl$frsb)
    x$fpl$fsub                               0x000015a0   Section      208  faddsub.o(x$fpl$fsub)
    _fsub1                                   0x000015ad   Thumb Code     0  faddsub.o(x$fpl$fsub)
    .constdata                               0x00001670   Section       64  fdiv.o(.constdata)
    x$fpl$usenofp                            0x00001670   Section        0  usenofp.o(x$fpl$usenofp)
    fdiv_tab                                 0x00001670   Data          64  fdiv.o(.constdata)
    .data                                    0x20000000   Section        8  system_w7500x.o(.data)
    .data                                    0x20000008   Section       11  main.o(.data)
    .data                                    0x20000014   Section        8  retarget.o(.data)
    .data                                    0x2000001c   Section       24  w7500x_it.o(.data)
    .data                                    0x20000034   Section       16  eeprom.o(.data)
    .bss                                     0x20000044   Section      122  main.o(.bss)
    .bss                                     0x200000c0   Section       96  libspace.o(.bss)
    HEAP                                     0x20000120   Section     1024  startup_w7500x.o(HEAP)
    Heap_Mem                                 0x20000120   Data        1024  startup_w7500x.o(HEAP)
    STACK                                    0x20000520   Section     1024  startup_w7500x.o(STACK)
    Stack_Mem                                0x20000520   Data        1024  startup_w7500x.o(STACK)
    __initial_sp                             0x20000920   Data           0  startup_w7500x.o(STACK)

    Global Symbols

    Symbol Name                              Value     Ov Type        Size  Object(Section)

    BuildAttributes$$THM_ISAv3M$S$PE$A:L22$X:L11$S22$IEEE1$IW$USESV6$~STKCKD$USESV7$~SHL$OSPACE$ROPI$EBA8$UX$STANDARDLIB$REQ8$PRES8$EABIv2 0x00000000   Number         0  anon$$obj.o ABSOLUTE
    __ARM_use_no_argv                        0x00000000   Number         0  main.o ABSOLUTE
    __Vectors                                0x00000000   Data           4  startup_w7500x.o(RESET)
    __ARM_exceptions_init                     - Undefined Weak Reference
    __alloca_initialize                       - Undefined Weak Reference
    __arm_preinit_                            - Undefined Weak Reference
    __cpp_initialize__aeabi_                  - Undefined Weak Reference
    __cxa_finalize                            - Undefined Weak Reference
    __rt_locale                               - Undefined Weak Reference
    __sigvec_lookup                           - Undefined Weak Reference
    _atexit_init                              - Undefined Weak Reference
    _call_atexit_fns                          - Undefined Weak Reference
    _clock_init                               - Undefined Weak Reference
    _fp_trap_init                             - Undefined Weak Reference
    _fp_trap_shutdown                         - Undefined Weak Reference
    _get_lc_collate                           - Undefined Weak Reference
    _get_lc_ctype                             - Undefined Weak Reference
    _get_lc_monetary                          - Undefined Weak Reference
    _get_lc_numeric                           - Undefined Weak Reference
    _get_lc_time                              - Undefined Weak Reference
    _getenv_init                              - Undefined Weak Reference
    _handle_redirection                       - Undefined Weak Reference
    _init_alloc                               - Undefined Weak Reference
    _init_user_alloc                          - Undefined Weak Reference
    _initio                                   - Undefined Weak Reference
    _rand_init                                - Undefined Weak Reference
    _signal_finish                            - Undefined Weak Reference
    _signal_init                              - Undefined Weak Reference
    _terminate_alloc                          - Undefined Weak Reference
    _terminate_user_alloc                     - Undefined Weak Reference
    _terminateio                              - Undefined Weak Reference
    __Vectors_End                            0x000000a8   Data           0  startup_w7500x.o(RESET)
    __Vectors_Size                           0x000000a8   Number         0  startup_w7500x.o ABSOLUTE
    __main                                   0x000000a9   Thumb Code     8  __main.o(!!!main)
    __scatterload                            0x000000b1   Thumb Code     0  __scatter.o(!!!scatter)
    __scatterload_rt2                        0x000000b1   Thumb Code    52  __scatter.o(!!!scatter)
    __scatterload_rt2_thumb_only             0x000000b1   Thumb Code     0  __scatter.o(!!!scatter)
    __scatterload_null                       0x000000c1   Thumb Code     0  __scatter.o(!!!scatter)
    __scatterload_copy                       0x000000ed   Thumb Code    26  __scatter_copy.o(!!handler_copy)
    __scatterload_zeroinit                   0x00000109   Thumb Code    28  __scatter_zi.o(!!handler_zi)
    __rt_lib_init                            0x00000125   Thumb Code     0  libinit.o(.ARM.Collect$$libinit$$00000000)
    __rt_lib_init_alloca_1                   0x00000127   Thumb Code     0  libinit2.o(.ARM.Collect$$libinit$$0000002E)
    __rt_lib_init_argv_1                     0x00000127   Thumb Code     0  libinit2.o(.ARM.Collect$$libinit$$0000002C)
    __rt_lib_init_atexit_1                   0x00000127   Thumb Code     0  libinit2.o(.ARM.Collect$$libinit$$0000001B)
    __rt_lib_init_clock_1                    0x00000127   Thumb Code     0  libinit2.o(.ARM.Collect$$libinit$$00000021)
    __rt_lib_init_cpp_1                      0x00000127   Thumb Code     0  libinit2.o(.ARM.Collect$$libinit$$00000032)
    __rt_lib_init_exceptions_1               0x00000127   Thumb Code     0  libinit2.o(.ARM.Collect$$libinit$$00000030)
    __rt_lib_init_fp_1                       0x00000127   Thumb Code     0  libinit2.o(.ARM.Collect$$libinit$$00000002)
    __rt_lib_init_fp_trap_1                  0x00000127   Thumb Code     0  libinit2.o(.ARM.Collect$$libinit$$0000001F)
    __rt_lib_init_getenv_1                   0x00000127   Thumb Code     0  libinit2.o(.ARM.Collect$$libinit$$00000023)
    __rt_lib_init_heap_1                     0x00000127   Thumb Code     0  libinit2.o(.ARM.Collect$$libinit$$0000000A)
    __rt_lib_init_lc_collate_1               0x00000127   Thumb Code     0  libinit2.o(.ARM.Collect$$libinit$$00000011)
    __rt_lib_init_lc_ctype_1                 0x00000127   Thumb Code     0  libinit2.o(.ARM.Collect$$libinit$$00000013)
    __rt_lib_init_lc_monetary_1              0x00000127   Thumb Code     0  libinit2.o(.ARM.Collect$$libinit$$00000015)
    __rt_lib_init_lc_numeric_1               0x00000127   Thumb Code     0  libinit2.o(.ARM.Collect$$libinit$$00000017)
    __rt_lib_init_lc_time_1                  0x00000127   Thumb Code     0  libinit2.o(.ARM.Collect$$libinit$$00000019)
    __rt_lib_init_preinit_1                  0x00000127   Thumb Code     0  libinit2.o(.ARM.Collect$$libinit$$00000004)
    __rt_lib_init_rand_1                     0x00000127   Thumb Code     0  libinit2.o(.ARM.Collect$$libinit$$0000000E)
    __rt_lib_init_return                     0x00000127   Thumb Code     0  libinit2.o(.ARM.Collect$$libinit$$00000033)
    __rt_lib_init_signal_1                   0x00000127   Thumb Code     0  libinit2.o(.ARM.Collect$$libinit$$0000001D)
    __rt_lib_init_stdio_1                    0x00000127   Thumb Code     0  libinit2.o(.ARM.Collect$$libinit$$00000025)
    __rt_lib_init_user_alloc_1               0x00000127   Thumb Code     0  libinit2.o(.ARM.Collect$$libinit$$0000000C)
    __rt_lib_shutdown                        0x00000129   Thumb Code     0  libshutdown.o(.ARM.Collect$$libshutdown$$00000000)
    __rt_lib_shutdown_fp_trap_1              0x0000012b   Thumb Code     0  libshutdown2.o(.ARM.Collect$$libshutdown$$00000006)
    __rt_lib_shutdown_heap_1                 0x0000012b   Thumb Code     0  libshutdown2.o(.ARM.Collect$$libshutdown$$0000000E)
    __rt_lib_shutdown_return                 0x0000012b   Thumb Code     0  libshutdown2.o(.ARM.Collect$$libshutdown$$0000000F)
    __rt_lib_shutdown_signal_1               0x0000012b   Thumb Code     0  libshutdown2.o(.ARM.Collect$$libshutdown$$00000009)
    __rt_lib_shutdown_stdio_1                0x0000012b   Thumb Code     0  libshutdown2.o(.ARM.Collect$$libshutdown$$00000003)
    __rt_lib_shutdown_user_alloc_1           0x0000012b   Thumb Code     0  libshutdown2.o(.ARM.Collect$$libshutdown$$0000000B)
    __rt_entry                               0x0000012d   Thumb Code     0  __rtentry.o(.ARM.Collect$$rtentry$$00000000)
    __rt_entry_presh_1                       0x0000012d   Thumb Code     0  __rtentry2.o(.ARM.Collect$$rtentry$$00000002)
    __rt_entry_sh                            0x0000012d   Thumb Code     0  __rtentry4.o(.ARM.Collect$$rtentry$$00000004)
    __rt_entry_li                            0x00000133   Thumb Code     0  __rtentry2.o(.ARM.Collect$$rtentry$$0000000A)
    __rt_entry_postsh_1                      0x00000133   Thumb Code     0  __rtentry2.o(.ARM.Collect$$rtentry$$00000009)
    __rt_entry_main                          0x00000137   Thumb Code     0  __rtentry2.o(.ARM.Collect$$rtentry$$0000000D)
    __rt_entry_postli_1                      0x00000137   Thumb Code     0  __rtentry2.o(.ARM.Collect$$rtentry$$0000000C)
    __rt_exit                                0x0000013f   Thumb Code     0  rtexit.o(.ARM.Collect$$rtexit$$00000000)
    __rt_exit_ls                             0x00000141   Thumb Code     0  rtexit2.o(.ARM.Collect$$rtexit$$00000003)
    __rt_exit_prels_1                        0x00000141   Thumb Code     0  rtexit2.o(.ARM.Collect$$rtexit$$00000002)
    __rt_exit_exit                           0x00000145   Thumb Code     0  rtexit2.o(.ARM.Collect$$rtexit$$00000004)
    Reset_Handler                            0x0000014d   Thumb Code     8  startup_w7500x.o(.text)
    I2C0_Handler                             0x0000015f   Thumb Code     0  startup_w7500x.o(.text)
    I2C1_Handler                             0x0000015f   Thumb Code     0  startup_w7500x.o(.text)
    RTC_Handler                              0x0000015f   Thumb Code     0  startup_w7500x.o(.text)
    __user_initial_stackheap                 0x00000161   Thumb Code    10  startup_w7500x.o(.text)
    __I$use$semihosting                      0x00000185   Thumb Code     0  use_no_semi.o(.text)
    __use_no_semihosting_swi                 0x00000185   Thumb Code     2  use_no_semi.o(.text)
    __2printf                                0x00000189   Thumb Code    22  noretval__2printf.o(.text)
    __aeabi_uidiv                            0x000001a5   Thumb Code     0  aeabi_sdiv.o(.text)
    __aeabi_uidivmod                         0x000001a5   Thumb Code    20  aeabi_sdiv.o(.text)
    __aeabi_idiv                             0x000001b9   Thumb Code     0  aeabi_sdiv.o(.text)
    __aeabi_idivmod                          0x000001b9   Thumb Code   326  aeabi_sdiv.o(.text)
    __use_two_region_memory                  0x000002ff   Thumb Code     2  heapauxi.o(.text)
    __rt_heap_escrow$2region                 0x00000301   Thumb Code     2  heapauxi.o(.text)
    __rt_heap_expand$2region                 0x00000303   Thumb Code     2  heapauxi.o(.text)
    __aeabi_dadd                             0x000005fd   Thumb Code     0  daddsub.o(.text)
    _dadd                                    0x000005fd   Thumb Code    26  daddsub.o(.text)
    __aeabi_dsub                             0x00000617   Thumb Code     0  daddsub.o(.text)
    _dsub                                    0x00000617   Thumb Code    22  daddsub.o(.text)
    __aeabi_drsub                            0x0000062d   Thumb Code     0  daddsub.o(.text)
    _drsb                                    0x0000062d   Thumb Code    28  daddsub.o(.text)
    __aeabi_d2uiz                            0x0000065d   Thumb Code     0  dfixui.o(.text)
    _dfixu                                   0x0000065d   Thumb Code    68  dfixui.o(.text)
    __aeabi_f2d                              0x000006a5   Thumb Code     0  f2d.o(.text)
    _f2d                                     0x000006a5   Thumb Code    80  f2d.o(.text)
    __aeabi_fdiv                             0x000006f9   Thumb Code     0  fdiv.o(.text)
    _fdiv                                    0x000006f9   Thumb Code   334  fdiv.o(.text)
    _frdiv                                   0x00000847   Thumb Code     8  fdiv.o(.text)
    __aeabi_f2uiz                            0x00000859   Thumb Code     0  ffixui.o(.text)
    _ffixu                                   0x00000859   Thumb Code    48  ffixui.o(.text)
    __aeabi_i2f_normalise                    0x00000889   Thumb Code    72  fflti.o(.text)
    __aeabi_i2f                              0x000008d1   Thumb Code    16  fflti.o(.text)
    _fflt                                    0x000008d1   Thumb Code     0  fflti.o(.text)
    __aeabi_ui2f                             0x000008e1   Thumb Code     6  fflti.o(.text)
    _ffltu                                   0x000008e1   Thumb Code     0  fflti.o(.text)
    _printf_char_file                        0x000008e9   Thumb Code    34  _printf_char_file.o(.text)
    _printf_char_common                      0x0000091b   Thumb Code    32  _printf_char_common.o(.text)
    __user_setup_stackheap                   0x00000941   Thumb Code    62  sys_stackheap_outer.o(.text)
    __printf                                 0x0000097f   Thumb Code    36  __printf_nopercent.o(.text)
    exit                                     0x000009a3   Thumb Code    12  exit.o(.text)
    __user_libspace                          0x000009b1   Thumb Code     8  libspace.o(.text)
    __user_perproc_libspace                  0x000009b1   Thumb Code     0  libspace.o(.text)
    __user_perthread_libspace                0x000009b1   Thumb Code     0  libspace.o(.text)
    ADC_Handler                              0x000009b9   Thumb Code     2  w7500x_it.o(i.ADC_Handler)
    DMA_Handler                              0x000009bb   Thumb Code     2  w7500x_it.o(i.DMA_Handler)
    DUALTIMER0_Handler                       0x000009bd   Thumb Code     2  w7500x_it.o(i.DUALTIMER0_Handler)
    DUALTIMER1_Handler                       0x000009bf   Thumb Code     2  w7500x_it.o(i.DUALTIMER1_Handler)
    EXTI_Handler                             0x000009c1   Thumb Code     2  w7500x_it.o(i.EXTI_Handler)
    GPIO_Init                                0x000009c5   Thumb Code   272  w7500x_gpio.o(i.GPIO_Init)
    GPIO_ResetBits                           0x00000ad9   Thumb Code    32  w7500x_gpio.o(i.GPIO_ResetBits)
    GPIO_SetBits                             0x00000af9   Thumb Code    26  w7500x_gpio.o(i.GPIO_SetBits)
    HardFault_Handler                        0x00000b13   Thumb Code     2  w7500x_it.o(i.HardFault_Handler)
    I2C_Init                                 0x00000b15   Thumb Code   116  eeprom.o(i.I2C_Init)
    I2C_Read                                 0x00000b95   Thumb Code    76  eeprom.o(i.I2C_Read)
    I2C_ReadBitSDA                           0x00000c05   Thumb Code    24  eeprom.o(i.I2C_ReadBitSDA)
    I2C_ReadByte                             0x00000c21   Thumb Code    74  eeprom.o(i.I2C_ReadByte)
    I2C_SDA_MODE                             0x00000c6d   Thumb Code    28  eeprom.o(i.I2C_SDA_MODE)
    I2C_SendACK                              0x00000c8d   Thumb Code    22  eeprom.o(i.I2C_SendACK)
    I2C_SendNACK                             0x00000ca3   Thumb Code    22  eeprom.o(i.I2C_SendNACK)
    I2C_Start                                0x00000cb9   Thumb Code    34  eeprom.o(i.I2C_Start)
    I2C_Stop                                 0x00000cdb   Thumb Code    40  eeprom.o(i.I2C_Stop)
    I2C_Write                                0x00000d05   Thumb Code    68  eeprom.o(i.I2C_Write)
    I2C_WriteBitSCL                          0x00000d6d   Thumb Code    40  eeprom.o(i.I2C_WriteBitSCL)
    I2C_WriteBitSDA                          0x00000d99   Thumb Code    40  eeprom.o(i.I2C_WriteBitSDA)
    I2C_WriteByte                            0x00000dc5   Thumb Code    88  eeprom.o(i.I2C_WriteByte)
    NMI_Handler                              0x00000e1d   Thumb Code     2  w7500x_it.o(i.NMI_Handler)
    PAD_AFConfig                             0x00000e49   Thumb Code   198  w7500x_gpio.o(i.PAD_AFConfig)
    PORT0_Handler                            0x00000f15   Thumb Code     2  w7500x_it.o(i.PORT0_Handler)
    PORT1_Handler                            0x00000f17   Thumb Code     2  w7500x_it.o(i.PORT1_Handler)
    PORT2_Handler                            0x00000f19   Thumb Code     2  w7500x_it.o(i.PORT2_Handler)
    PORT3_Handler                            0x00000f1b   Thumb Code     2  w7500x_it.o(i.PORT3_Handler)
    PWM0_Handler                             0x00000f1d   Thumb Code     2  w7500x_it.o(i.PWM0_Handler)
    PWM1_Handler                             0x00000f1f   Thumb Code     2  w7500x_it.o(i.PWM1_Handler)
    PWM2_Handler                             0x00000f21   Thumb Code     2  w7500x_it.o(i.PWM2_Handler)
    PWM3_Handler                             0x00000f23   Thumb Code     2  w7500x_it.o(i.PWM3_Handler)
    PWM4_Handler                             0x00000f25   Thumb Code     2  w7500x_it.o(i.PWM4_Handler)
    PWM5_Handler                             0x00000f27   Thumb Code     2  w7500x_it.o(i.PWM5_Handler)
    PWM6_Handler                             0x00000f29   Thumb Code     2  w7500x_it.o(i.PWM6_Handler)
    PWM7_Handler                             0x00000f2b   Thumb Code     2  w7500x_it.o(i.PWM7_Handler)
    PendSV_Handler                           0x00000f2d   Thumb Code     2  w7500x_it.o(i.PendSV_Handler)
    SSP0_Handler                             0x00000f2f   Thumb Code     2  w7500x_it.o(i.SSP0_Handler)
    SSP1_Handler                             0x00000f31   Thumb Code     2  w7500x_it.o(i.SSP1_Handler)
    SVC_Handler                              0x00000f33   Thumb Code     2  w7500x_it.o(i.SVC_Handler)
    S_UART_ClearITPendingBit                 0x00000f35   Thumb Code    12  w7500x_uart.o(i.S_UART_ClearITPendingBit)
    S_UART_ReceiveData                       0x00000f45   Thumb Code     8  w7500x_uart.o(i.S_UART_ReceiveData)
    S_UART_SendData                          0x00000f51   Thumb Code    20  w7500x_uart.o(i.S_UART_SendData)
    S_UartGetc                               0x00000f69   Thumb Code    24  w7500x_uart.o(i.S_UartGetc)
    S_UartPuts                               0x00000f85   Thumb Code    26  w7500x_uart.o(i.S_UartPuts)
    SysTick_Handler                          0x00000f9f   Thumb Code     2  w7500x_it.o(i.SysTick_Handler)
    SystemInit                               0x00000fa1   Thumb Code    94  system_w7500x.o(i.SystemInit)
    UART0_Handler                            0x00001015   Thumb Code   116  w7500x_it.o(i.UART0_Handler)
    UART1_Handler                            0x0000109d   Thumb Code   116  w7500x_it.o(i.UART1_Handler)
    UART2_Handler                            0x00001125   Thumb Code    68  w7500x_it.o(i.UART2_Handler)
    UART_ClearITPendingBit                   0x00001175   Thumb Code     8  w7500x_uart.o(i.UART_ClearITPendingBit)
    UART_GetITStatus                         0x0000117d   Thumb Code    20  w7500x_uart.o(i.UART_GetITStatus)
    UART_ITConfig                            0x00001191   Thumb Code    20  w7500x_uart.o(i.UART_ITConfig)
    UART_Init                                0x000011a5   Thumb Code   198  w7500x_uart.o(i.UART_Init)
    UART_ReceiveData                         0x0000127d   Thumb Code     8  w7500x_uart.o(i.UART_ReceiveData)
    UART_SendData                            0x00001285   Thumb Code     4  w7500x_uart.o(i.UART_SendData)
    UART_StructInit                          0x00001289   Thumb Code    28  w7500x_uart.o(i.UART_StructInit)
    UartPutc                                 0x000012a5   Thumb Code    30  w7500x_uart.o(i.UartPutc)
    UartPuts                                 0x000012c3   Thumb Code    30  w7500x_uart.o(i.UartPuts)
    WZTOE_Handler                            0x000012e1   Thumb Code     2  w7500x_it.o(i.WZTOE_Handler)
    _sys_exit                                0x000012e3   Thumb Code     4  retarget.o(i._sys_exit)
    ferror                                   0x000012e7   Thumb Code     8  retarget.o(i.ferror)
    fputc                                    0x000012f1   Thumb Code    16  retarget.o(i.fputc)
    main                                     0x00001305   Thumb Code   268  main.o(i.main)
    __aeabi_fadd                             0x0000144d   Thumb Code     0  faddsub.o(x$fpl$fadd)
    _fadd                                    0x0000144d   Thumb Code   134  faddsub.o(x$fpl$fadd)
    __aeabi_fmul                             0x000014d9   Thumb Code     0  fmul.o(x$fpl$fmul)
    _fmul                                    0x000014d9   Thumb Code   172  fmul.o(x$fpl$fmul)
    __aeabi_frsub                            0x00001589   Thumb Code     0  faddsub.o(x$fpl$frsb)
    _frsb                                    0x00001589   Thumb Code    24  faddsub.o(x$fpl$frsb)
    __aeabi_fsub                             0x000015a1   Thumb Code     0  faddsub.o(x$fpl$fsub)
    _fsub                                    0x000015a1   Thumb Code   204  faddsub.o(x$fpl$fsub)
    __I$use$fp                               0x00001670   Number         0  usenofp.o(x$fpl$usenofp)
    Region$$Table$$Base                      0x000016b0   Number         0  anon$$obj.o(Region$$Table)
    Region$$Table$$Limit                     0x000016d0   Number         0  anon$$obj.o(Region$$Table)
    SystemFrequency                          0x20000000   Data           4  system_w7500x.o(.data)
    SystemCoreClock                          0x20000004   Data           4  system_w7500x.o(.data)
    GPIO_InitDef                             0x20000008   Data           8  main.o(.data)
    buffer_ready                             0x20000010   Data           1  main.o(.data)
    buffer_ready1                            0x20000011   Data           1  main.o(.data)
    buffer_ready2                            0x20000012   Data           1  main.o(.data)
    __stdout                                 0x20000014   Data           4  retarget.o(.data)
    __stdin                                  0x20000018   Data           4  retarget.o(.data)
    uart0_tx_cnt                             0x2000001c   Data           4  w7500x_it.o(.data)
    uart0_rx_cnt                             0x20000020   Data           4  w7500x_it.o(.data)
    uart1_tx_cnt                             0x20000024   Data           4  w7500x_it.o(.data)
    uart1_rx_cnt                             0x20000028   Data           4  w7500x_it.o(.data)
    uart2_tx_cnt                             0x2000002c   Data           4  w7500x_it.o(.data)
    uart2_rx_cnt                             0x20000030   Data           4  w7500x_it.o(.data)
    scl_port_num                             0x20000034   Data           4  eeprom.o(.data)
    scl_pin_index                            0x20000038   Data           4  eeprom.o(.data)
    sda_port_num                             0x2000003c   Data           4  eeprom.o(.data)
    sda_pin_index                            0x20000040   Data           4  eeprom.o(.data)
    UART_InitStructure                       0x20000044   Data          16  main.o(.bss)
    conf                                     0x20000054   Data          16  main.o(.bss)
    RxBuffer                                 0x20000064   Data          30  main.o(.bss)
    RxBuffer1                                0x20000082   Data          30  main.o(.bss)
    RxBuffer2                                0x200000a0   Data          30  main.o(.bss)
    __libspace_start                         0x200000c0   Data          96  libspace.o(.bss)
    __temporary_stack_top$libspace           0x20000120   Data           0  libspace.o(.bss)



==============================================================================

Memory Map of the image

  Image Entry point : 0x000000a9

  Load Region LR_IROM1 (Base: 0x00000000, Size: 0x00001714, Max: 0x00020000, ABSOLUTE)

    Execution Region ER_IROM1 (Exec base: 0x00000000, Load base: 0x00000000, Size: 0x000016d0, Max: 0x00020000, ABSOLUTE)

    Exec Addr    Load Addr    Size         Type   Attr      Idx    E Section Name        Object

    0x00000000   0x00000000   0x000000a8   Data   RO            3    RESET               startup_w7500x.o
    0x000000a8   0x000000a8   0x00000008   Code   RO          863  * !!!main             c_p.l(__main.o)
    0x000000b0   0x000000b0   0x0000003c   Code   RO         1053    !!!scatter          c_p.l(__scatter.o)
    0x000000ec   0x000000ec   0x0000001a   Code   RO         1055    !!handler_copy      c_p.l(__scatter_copy.o)
    0x00000106   0x00000106   0x00000002   PAD
    0x00000108   0x00000108   0x0000001c   Code   RO         1057    !!handler_zi        c_p.l(__scatter_zi.o)
    0x00000124   0x00000124   0x00000002   Code   RO          929    .ARM.Collect$$libinit$$00000000  c_p.l(libinit.o)
    0x00000126   0x00000126   0x00000000   Code   RO          943    .ARM.Collect$$libinit$$00000002  c_p.l(libinit2.o)
    0x00000126   0x00000126   0x00000000   Code   RO          945    .ARM.Collect$$libinit$$00000004  c_p.l(libinit2.o)
    0x00000126   0x00000126   0x00000000   Code   RO          948    .ARM.Collect$$libinit$$0000000A  c_p.l(libinit2.o)
    0x00000126   0x00000126   0x00000000   Code   RO          950    .ARM.Collect$$libinit$$0000000C  c_p.l(libinit2.o)
    0x00000126   0x00000126   0x00000000   Code   RO          952    .ARM.Collect$$libinit$$0000000E  c_p.l(libinit2.o)
    0x00000126   0x00000126   0x00000000   Code   RO          955    .ARM.Collect$$libinit$$00000011  c_p.l(libinit2.o)
    0x00000126   0x00000126   0x00000000   Code   RO          957    .ARM.Collect$$libinit$$00000013  c_p.l(libinit2.o)
    0x00000126   0x00000126   0x00000000   Code   RO          959    .ARM.Collect$$libinit$$00000015  c_p.l(libinit2.o)
    0x00000126   0x00000126   0x00000000   Code   RO          961    .ARM.Collect$$libinit$$00000017  c_p.l(libinit2.o)
    0x00000126   0x00000126   0x00000000   Code   RO          963    .ARM.Collect$$libinit$$00000019  c_p.l(libinit2.o)
    0x00000126   0x00000126   0x00000000   Code   RO          965    .ARM.Collect$$libinit$$0000001B  c_p.l(libinit2.o)
    0x00000126   0x00000126   0x00000000   Code   RO          967    .ARM.Collect$$libinit$$0000001D  c_p.l(libinit2.o)
    0x00000126   0x00000126   0x00000000   Code   RO          969    .ARM.Collect$$libinit$$0000001F  c_p.l(libinit2.o)
    0x00000126   0x00000126   0x00000000   Code   RO          971    .ARM.Collect$$libinit$$00000021  c_p.l(libinit2.o)
    0x00000126   0x00000126   0x00000000   Code   RO          973    .ARM.Collect$$libinit$$00000023  c_p.l(libinit2.o)
    0x00000126   0x00000126   0x00000000   Code   RO          975    .ARM.Collect$$libinit$$00000025  c_p.l(libinit2.o)
    0x00000126   0x00000126   0x00000000   Code   RO          979    .ARM.Collect$$libinit$$0000002C  c_p.l(libinit2.o)
    0x00000126   0x00000126   0x00000000   Code   RO          981    .ARM.Collect$$libinit$$0000002E  c_p.l(libinit2.o)
    0x00000126   0x00000126   0x00000000   Code   RO          983    .ARM.Collect$$libinit$$00000030  c_p.l(libinit2.o)
    0x00000126   0x00000126   0x00000000   Code   RO          985    .ARM.Collect$$libinit$$00000032  c_p.l(libinit2.o)
    0x00000126   0x00000126   0x00000002   Code   RO          986    .ARM.Collect$$libinit$$00000033  c_p.l(libinit2.o)
    0x00000128   0x00000128   0x00000002   Code   RO         1010    .ARM.Collect$$libshutdown$$00000000  c_p.l(libshutdown.o)
    0x0000012a   0x0000012a   0x00000000   Code   RO         1037    .ARM.Collect$$libshutdown$$00000003  c_p.l(libshutdown2.o)
    0x0000012a   0x0000012a   0x00000000   Code   RO         1040    .ARM.Collect$$libshutdown$$00000006  c_p.l(libshutdown2.o)
    0x0000012a   0x0000012a   0x00000000   Code   RO         1043    .ARM.Collect$$libshutdown$$00000009  c_p.l(libshutdown2.o)
    0x0000012a   0x0000012a   0x00000000   Code   RO         1045    .ARM.Collect$$libshutdown$$0000000B  c_p.l(libshutdown2.o)
    0x0000012a   0x0000012a   0x00000000   Code   RO         1048    .ARM.Collect$$libshutdown$$0000000E  c_p.l(libshutdown2.o)
    0x0000012a   0x0000012a   0x00000002   Code   RO         1049    .ARM.Collect$$libshutdown$$0000000F  c_p.l(libshutdown2.o)
    0x0000012c   0x0000012c   0x00000000   Code   RO          886    .ARM.Collect$$rtentry$$00000000  c_p.l(__rtentry.o)
    0x0000012c   0x0000012c   0x00000000   Code   RO          895    .ARM.Collect$$rtentry$$00000002  c_p.l(__rtentry2.o)
    0x0000012c   0x0000012c   0x00000006   Code   RO          907    .ARM.Collect$$rtentry$$00000004  c_p.l(__rtentry4.o)
    0x00000132   0x00000132   0x00000000   Code   RO          897    .ARM.Collect$$rtentry$$00000009  c_p.l(__rtentry2.o)
    0x00000132   0x00000132   0x00000004   Code   RO          898    .ARM.Collect$$rtentry$$0000000A  c_p.l(__rtentry2.o)
    0x00000136   0x00000136   0x00000000   Code   RO          900    .ARM.Collect$$rtentry$$0000000C  c_p.l(__rtentry2.o)
    0x00000136   0x00000136   0x00000008   Code   RO          901    .ARM.Collect$$rtentry$$0000000D  c_p.l(__rtentry2.o)
    0x0000013e   0x0000013e   0x00000002   Code   RO          934    .ARM.Collect$$rtexit$$00000000  c_p.l(rtexit.o)
    0x00000140   0x00000140   0x00000000   Code   RO          988    .ARM.Collect$$rtexit$$00000002  c_p.l(rtexit2.o)
    0x00000140   0x00000140   0x00000004   Code   RO          989    .ARM.Collect$$rtexit$$00000003  c_p.l(rtexit2.o)
    0x00000144   0x00000144   0x00000006   Code   RO          990    .ARM.Collect$$rtexit$$00000004  c_p.l(rtexit2.o)
    0x0000014a   0x0000014a   0x00000002   PAD
    0x0000014c   0x0000014c   0x00000038   Code   RO            4    .text               startup_w7500x.o
    0x00000184   0x00000184   0x00000002   Code   RO          851    .text               c_p.l(use_no_semi.o)
    0x00000186   0x00000186   0x00000002   PAD
    0x00000188   0x00000188   0x0000001c   Code   RO          855    .text               c_p.l(noretval__2printf.o)
    0x000001a4   0x000001a4   0x0000015a   Code   RO          857    .text               c_p.l(aeabi_sdiv.o)
    0x000002fe   0x000002fe   0x00000006   Code   RO          861    .text               c_p.l(heapauxi.o)
    0x00000304   0x00000304   0x00000358   Code   RO          865    .text               fz_ps.l(daddsub.o)
    0x0000065c   0x0000065c   0x00000048   Code   RO          867    .text               fz_ps.l(dfixui.o)
    0x000006a4   0x000006a4   0x00000054   Code   RO          869    .text               fz_ps.l(f2d.o)
    0x000006f8   0x000006f8   0x00000160   Code   RO          877    .text               fz_ps.l(fdiv.o)
    0x00000858   0x00000858   0x00000030   Code   RO          880    .text               fz_ps.l(ffixui.o)
    0x00000888   0x00000888   0x0000005e   Code   RO          882    .text               fz_ps.l(fflti.o)
    0x000008e6   0x000008e6   0x00000002   PAD
    0x000008e8   0x000008e8   0x00000028   Code   RO          891    .text               c_p.l(_printf_char_file.o)
    0x00000910   0x00000910   0x00000030   Code   RO          911    .text               c_p.l(_printf_char_common.o)
    0x00000940   0x00000940   0x0000003e   Code   RO          913    .text               c_p.l(sys_stackheap_outer.o)
    0x0000097e   0x0000097e   0x00000024   Code   RO          916    .text               c_p.l(__printf_nopercent.o)
    0x000009a2   0x000009a2   0x0000000c   Code   RO          918    .text               c_p.l(exit.o)
    0x000009ae   0x000009ae   0x00000002   PAD
    0x000009b0   0x000009b0   0x00000008   Code   RO          930    .text               c_p.l(libspace.o)
    0x000009b8   0x000009b8   0x00000002   Code   RO          550    i.ADC_Handler       w7500x_it.o
    0x000009ba   0x000009ba   0x00000002   Code   RO          551    i.DMA_Handler       w7500x_it.o
    0x000009bc   0x000009bc   0x00000002   Code   RO          552    i.DUALTIMER0_Handler  w7500x_it.o
    0x000009be   0x000009be   0x00000002   Code   RO          553    i.DUALTIMER1_Handler  w7500x_it.o
    0x000009c0   0x000009c0   0x00000002   Code   RO          554    i.EXTI_Handler      w7500x_it.o
    0x000009c2   0x000009c2   0x00000002   PAD
    0x000009c4   0x000009c4   0x00000114   Code   RO           74    i.GPIO_Init         w7500x_gpio.o
    0x00000ad8   0x00000ad8   0x00000020   Code   RO           80    i.GPIO_ResetBits    w7500x_gpio.o
    0x00000af8   0x00000af8   0x0000001a   Code   RO           81    i.GPIO_SetBits      w7500x_gpio.o
    0x00000b12   0x00000b12   0x00000002   Code   RO          555    i.HardFault_Handler  w7500x_it.o
    0x00000b14   0x00000b14   0x00000080   Code   RO          739    i.I2C_Init          eeprom.o
    0x00000b94   0x00000b94   0x00000070   Code   RO          740    i.I2C_Read          eeprom.o
    0x00000c04   0x00000c04   0x0000001c   Code   RO          741    i.I2C_ReadBitSDA    eeprom.o
    0x00000c20   0x00000c20   0x0000004a   Code   RO          742    i.I2C_ReadByte      eeprom.o
    0x00000c6a   0x00000c6a   0x00000002   PAD
    0x00000c6c   0x00000c6c   0x00000020   Code   RO          744    i.I2C_SDA_MODE      eeprom.o
    0x00000c8c   0x00000c8c   0x00000016   Code   RO          745    i.I2C_SendACK       eeprom.o
    0x00000ca2   0x00000ca2   0x00000016   Code   RO          746    i.I2C_SendNACK      eeprom.o
    0x00000cb8   0x00000cb8   0x00000022   Code   RO          747    i.I2C_Start         eeprom.o
    0x00000cda   0x00000cda   0x00000028   Code   RO          748    i.I2C_Stop          eeprom.o
    0x00000d02   0x00000d02   0x00000002   PAD
    0x00000d04   0x00000d04   0x00000068   Code   RO          749    i.I2C_Write         eeprom.o
    0x00000d6c   0x00000d6c   0x0000002c   Code   RO          750    i.I2C_WriteBitSCL   eeprom.o
    0x00000d98   0x00000d98   0x0000002c   Code   RO          751    i.I2C_WriteBitSDA   eeprom.o
    0x00000dc4   0x00000dc4   0x00000058   Code   RO          752    i.I2C_WriteByte     eeprom.o
    0x00000e1c   0x00000e1c   0x00000002   Code   RO          556    i.NMI_Handler       w7500x_it.o
    0x00000e1e   0x00000e1e   0x00000002   PAD
    0x00000e20   0x00000e20   0x00000014   Code   RO          430    i.NVIC_ClearPendingIRQ  main.o
    0x00000e34   0x00000e34   0x00000014   Code   RO          431    i.NVIC_EnableIRQ    main.o
    0x00000e48   0x00000e48   0x000000cc   Code   RO           87    i.PAD_AFConfig      w7500x_gpio.o
    0x00000f14   0x00000f14   0x00000002   Code   RO          557    i.PORT0_Handler     w7500x_it.o
    0x00000f16   0x00000f16   0x00000002   Code   RO          558    i.PORT1_Handler     w7500x_it.o
    0x00000f18   0x00000f18   0x00000002   Code   RO          559    i.PORT2_Handler     w7500x_it.o
    0x00000f1a   0x00000f1a   0x00000002   Code   RO          560    i.PORT3_Handler     w7500x_it.o
    0x00000f1c   0x00000f1c   0x00000002   Code   RO          561    i.PWM0_Handler      w7500x_it.o
    0x00000f1e   0x00000f1e   0x00000002   Code   RO          562    i.PWM1_Handler      w7500x_it.o
    0x00000f20   0x00000f20   0x00000002   Code   RO          563    i.PWM2_Handler      w7500x_it.o
    0x00000f22   0x00000f22   0x00000002   Code   RO          564    i.PWM3_Handler      w7500x_it.o
    0x00000f24   0x00000f24   0x00000002   Code   RO          565    i.PWM4_Handler      w7500x_it.o
    0x00000f26   0x00000f26   0x00000002   Code   RO          566    i.PWM5_Handler      w7500x_it.o
    0x00000f28   0x00000f28   0x00000002   Code   RO          567    i.PWM6_Handler      w7500x_it.o
    0x00000f2a   0x00000f2a   0x00000002   Code   RO          568    i.PWM7_Handler      w7500x_it.o
    0x00000f2c   0x00000f2c   0x00000002   Code   RO          569    i.PendSV_Handler    w7500x_it.o
    0x00000f2e   0x00000f2e   0x00000002   Code   RO          570    i.SSP0_Handler      w7500x_it.o
    0x00000f30   0x00000f30   0x00000002   Code   RO          571    i.SSP1_Handler      w7500x_it.o
    0x00000f32   0x00000f32   0x00000002   Code   RO          572    i.SVC_Handler       w7500x_it.o
    0x00000f34   0x00000f34   0x00000010   Code   RO          221    i.S_UART_ClearITPendingBit  w7500x_uart.o
    0x00000f44   0x00000f44   0x0000000c   Code   RO          227    i.S_UART_ReceiveData  w7500x_uart.o
    0x00000f50   0x00000f50   0x00000018   Code   RO          228    i.S_UART_SendData   w7500x_uart.o
    0x00000f68   0x00000f68   0x0000001c   Code   RO          231    i.S_UartGetc        w7500x_uart.o
    0x00000f84   0x00000f84   0x0000001a   Code   RO          233    i.S_UartPuts        w7500x_uart.o
    0x00000f9e   0x00000f9e   0x00000002   Code   RO          573    i.SysTick_Handler   w7500x_it.o
    0x00000fa0   0x00000fa0   0x00000074   Code   RO           14    i.SystemInit        system_w7500x.o
    0x00001014   0x00001014   0x00000088   Code   RO          574    i.UART0_Handler     w7500x_it.o
    0x0000109c   0x0000109c   0x00000088   Code   RO          575    i.UART1_Handler     w7500x_it.o
    0x00001124   0x00001124   0x00000050   Code   RO          576    i.UART2_Handler     w7500x_it.o
    0x00001174   0x00001174   0x00000008   Code   RO          235    i.UART_ClearITPendingBit  w7500x_uart.o
    0x0000117c   0x0000117c   0x00000014   Code   RO          242    i.UART_GetITStatus  w7500x_uart.o
    0x00001190   0x00001190   0x00000014   Code   RO          244    i.UART_ITConfig     w7500x_uart.o
    0x000011a4   0x000011a4   0x000000d8   Code   RO          245    i.UART_Init         w7500x_uart.o
    0x0000127c   0x0000127c   0x00000008   Code   RO          246    i.UART_ReceiveData  w7500x_uart.o
    0x00001284   0x00001284   0x00000004   Code   RO          248    i.UART_SendData     w7500x_uart.o
    0x00001288   0x00001288   0x0000001c   Code   RO          249    i.UART_StructInit   w7500x_uart.o
    0x000012a4   0x000012a4   0x0000001e   Code   RO          251    i.UartPutc          w7500x_uart.o
    0x000012c2   0x000012c2   0x0000001e   Code   RO          252    i.UartPuts          w7500x_uart.o
    0x000012e0   0x000012e0   0x00000002   Code   RO          577    i.WZTOE_Handler     w7500x_it.o
    0x000012e2   0x000012e2   0x00000004   Code   RO          490    i._sys_exit         retarget.o
    0x000012e6   0x000012e6   0x00000008   Code   RO          492    i.ferror            retarget.o
    0x000012ee   0x000012ee   0x00000002   PAD
    0x000012f0   0x000012f0   0x00000014   Code   RO          494    i.fputc             retarget.o
    0x00001304   0x00001304   0x00000148   Code   RO          434    i.main              main.o
    0x0000144c   0x0000144c   0x0000008c   Code   RO          871    x$fpl$fadd          fz_ps.l(faddsub.o)
    0x000014d8   0x000014d8   0x000000b0   Code   RO          884    x$fpl$fmul          fz_ps.l(fmul.o)
    0x00001588   0x00001588   0x00000018   Code   RO          872    x$fpl$frsb          fz_ps.l(faddsub.o)
    0x000015a0   0x000015a0   0x000000d0   Code   RO          873    x$fpl$fsub          fz_ps.l(faddsub.o)
    0x00001670   0x00001670   0x00000000   Code   RO          893    x$fpl$usenofp       fz_ps.l(usenofp.o)
    0x00001670   0x00001670   0x00000040   Data   RO          878    .constdata          fz_ps.l(fdiv.o)
    0x000016b0   0x000016b0   0x00000020   Data   RO         1051    Region$$Table       anon$$obj.o


    Execution Region RW_IRAM1 (Exec base: 0x20000000, Load base: 0x000016d0, Size: 0x00000920, Max: 0x00004000, ABSOLUTE)

    Exec Addr    Load Addr    Size         Type   Attr      Idx    E Section Name        Object

    0x20000000   0x000016d0   0x00000008   Data   RW           15    .data               system_w7500x.o
    0x20000008   0x000016d8   0x0000000b   Data   RW          436    .data               main.o
    0x20000013   0x000016e3   0x00000001   PAD
    0x20000014   0x000016e4   0x00000008   Data   RW          495    .data               retarget.o
    0x2000001c   0x000016ec   0x00000018   Data   RW          578    .data               w7500x_it.o
    0x20000034   0x00001704   0x00000010   Data   RW          754    .data               eeprom.o
    0x20000044        -       0x0000007a   Zero   RW          435    .bss                main.o
    0x200000be   0x00001714   0x00000002   PAD
    0x200000c0        -       0x00000060   Zero   RW          931    .bss                c_p.l(libspace.o)
    0x20000120        -       0x00000400   Zero   RW            2    HEAP                startup_w7500x.o
    0x20000520        -       0x00000400   Zero   RW            1    STACK               startup_w7500x.o


==============================================================================

Image component sizes


      Code (inc. data)   RO Data    RW Data    ZI Data      Debug   Object Name

       772        100          0         16          0       6876   eeprom.o
       368         72          0         11        122       8825   main.o
        32          4          0          8          0       3243   retarget.o
        56         26        168          0       2048        772   startup_w7500x.o
       116         22          0          8          0      23019   system_w7500x.o
       538         10          0          0          0       5759   w7500x_gpio.o
       402         52          0         24          0      10758   w7500x_it.o
       470         34          0          0          0      15255   w7500x_uart.o

    ----------------------------------------------------------------------
      2764        320        200         68       2172      74507   Object Totals
         0          0         32          0          0          0   (incl. Generated)
        10          0          0          1          2          0   (incl. Padding)

    ----------------------------------------------------------------------

      Code (inc. data)   RO Data    RW Data    ZI Data      Debug   Library Member Name

         8          0          0          0          0         68   __main.o
        36          0          0          0          0         76   __printf_nopercent.o
         0          0          0          0          0          0   __rtentry.o
        12          0          0          0          0          0   __rtentry2.o
         6          0          0          0          0          0   __rtentry4.o
        60          8          0          0          0          0   __scatter.o
        26          0          0          0          0          0   __scatter_copy.o
        28          0          0          0          0          0   __scatter_zi.o
        48          6          0          0          0         88   _printf_char_common.o
        40          6          0          0          0         72   _printf_char_file.o
       346          0          0          0          0         92   aeabi_sdiv.o
        12          0          0          0          0         64   exit.o
         6          0          0          0          0        136   heapauxi.o
         2          0          0          0          0          0   libinit.o
         2          0          0          0          0          0   libinit2.o
         2          0          0          0          0          0   libshutdown.o
         2          0          0          0          0          0   libshutdown2.o
         8          4          0          0         96         68   libspace.o
        28          6          0          0          0         84   noretval__2printf.o
         2          0          0          0          0          0   rtexit.o
        10          0          0          0          0          0   rtexit2.o
        62          0          0          0          0         80   sys_stackheap_outer.o
         2          0          0          0          0         68   use_no_semi.o
       856         20          0          0          0        208   daddsub.o
        72          4          0          0          0         68   dfixui.o
        84          4          0          0          0         60   f2d.o
       372          8          0          0          0        240   faddsub.o
       352         10         64          0          0         92   fdiv.o
        48          0          0          0          0         60   ffixui.o
        94          0          0          0          0         92   fflti.o
       176          4          0          0          0         80   fmul.o
         0          0          0          0          0          0   usenofp.o

    ----------------------------------------------------------------------
      2812         80         64          0         96       1796   Library Totals
        10          0          0          0          0          0   (incl. Padding)

    ----------------------------------------------------------------------

      Code (inc. data)   RO Data    RW Data    ZI Data      Debug   Library Name

       748         30          0          0         96        896   c_p.l
      2054         50         64          0          0        900   fz_ps.l

    ----------------------------------------------------------------------
      2812         80         64          0         96       1796   Library Totals

    ----------------------------------------------------------------------

==============================================================================


      Code (inc. data)   RO Data    RW Data    ZI Data      Debug   

      5576        400        264         68       2268      72827   Grand Totals
      5576        400        264         68       2268      72827   ELF Image Totals
      5576        400        264         68          0          0   ROM Totals

==============================================================================

    Total RO  Size (Code + RO Data)                 5840 (   5.70kB)
    Total RW  Size (RW Data + ZI Data)              2336 (   2.28kB)
    Total ROM Size (Code + RO Data + RW Data)       5908 (   5.77kB)

==============================================================================

